19.5579 	INFO 	Loaded monitor calibration from ['2025_08_11 19:48']
19.5800 	WARNING 	User requested fullscreen with size [1024  768], but screen is actually [1920, 1080]. Using actual size
19.8746 	INFO 	Using renderer 'AMD Radeon(TM) Graphics' for graphics
19.8746 	INFO 	OpenGL version supported by driver is 4..
19.9434 	EXP 	Created window1 = Window(allowGUI=False, allowStencil=False, autoLog=True, backendConf=UNKNOWN, backgroundFit=<method-wrapper '__getattribute__' of attributeSetter object at 0x0000026B3D33D1E0>, backgroundImage=<method-wrapper '__getattribute__' of attributeSetter object at 0x0000026B3D33D180>, bitsMode=UNKNOWN, blendMode='avg', bpc=(8, 8, 8), color=array([0, 0, 0]), colorSpace='rgb', depthBits=8, fullscr=True, gamma=None, gammaErrorPolicy='raise', infoMsg=UNKNOWN, lms=UNKNOWN, monitor=<psychopy.monitors.calibTools.Monitor object at 0x0000026B3D3EEA40>, multiSample=False, name='window1', numSamples=2, pos=[np.float64(0.0), np.float64(0.0)], screen=0, size=array([1920, 1080]), stencilBits=0, stereo=False, title='PsychoPy', units='height', useFBO=True, useRetina=False, viewOri=0.0, viewPos=None, viewScale=None, waitBlanking=True, winType='pyglet')
19.9436 	EXP 	window1: backgroundImage = ''
19.9436 	EXP 	window1: backgroundFit = 'none'
20.7746 	EXP 	window1: Attempting to measure frame rate of screen (0) ...
20.7747 	EXP 	window1: recordFrameIntervals = False
21.0166 	EXP 	window1: recordFrameIntervals = True
21.1993 	EXP 	Screen (0) actual frame rate measured at 60.17Hz
21.1994 	EXP 	window1: recordFrameIntervals = False
21.2778 	INFO 	keyboard.Keyboard is using ptb backend.
21.2782 	INFO 	keyboard.Keyboard is using ptb backend.
21.2782 	EXP 	flankers_task_final: status = STARTED
21.2849 	EXP 	Created fixation = ShapeStim(__class__=<class 'psychopy.visual.shape.ShapeStim'>, anchor=('center', 'center'), autoDraw=False, autoLog=True, closeShape=True, color=method-wrapper(...), colorSpace='rgb', contrast=None, depth=0.0, draggable=False, fillColor=array([1, 1, 1]), fillColorSpace='rgb', fillRGB=array([1, 1, 1]), interpolate=True, lineColor=array([1., 1., 1.]), lineColorSpace='rgb', lineRGB=array([1, 1, 1]), lineWidth=1.0, name='fixation', opacity=1, ori=0.0, pos=array([0., 0.]), size=array([0.05, 0.05]), units='height', vertices=ndarray(...), win=Window(...), windingRule=None)
21.3197 	EXP 	Created stimulus = TextStim(__class__=<class 'psychopy.visual.text.TextStim'>, alignHoriz=method-wrapper(...), alignText='center', alignVert=method-wrapper(...), anchorHoriz='center', anchorVert='center', antialias=True, autoDraw=False, autoLog=True, bold=False, color=array([1., 1., 1.]), colorSpace='rgb', contrast=1.0, depth=-1.0, draggable=False, flipHoriz=False, flipVert=False, font='Consolas', fontFiles=[], height=0.2, italic=False, languageStyle='LTR', name='stimulus', opacity=1, ori=0.0, pos=array([0., 0.]), rgb=UNKNOWN, text='', units='height', win=Window(...), wrapWidth=1)
0.0177 	EXP 	Imported conditions.csv as conditions, 4 conditions, 5 params
0.0192 	EXP 	New trial (rep=0, index=0): <Trial 0 (0 in rep 0) data={'trialno': np.int64(2), 'Condition': 'C', 'Stimulus': '>>>>>', 'Target': '> ', 'Correct_resp': 'right', 'thisN': 0, 'thisTrialN': 0, 'thisRepN': 0}>
0.0919 	INFO 	Keyboard events cleared
0.0917 	EXP 	stimulus: height = np.float64(0.2)
0.0917 	EXP 	stimulus: height = np.float64(0.2)
0.0917 	EXP 	stimulus: height = np.float64(0.2)
0.0917 	EXP 	stimulus: text = '>>>>>'
0.0917 	EXP 	fixation: autoDraw = True
0.5118 	EXP 	stimulus: autoDraw = True
0.5975 	EXP 	fixation: autoDraw = False
2.4371 	EXP 	Device response: <KeyPress from None: t=2.4269145000000094, value=right, duration=None>
2.4375 	EXP 	New trial (rep=0, index=1): <Trial 1 (1 in rep 0) data={'trialno': np.int64(1), 'Condition': 'C', 'Stimulus': '<<<<<', 'Target': '<', 'Correct_resp': 'left', 'thisN': 1, 'thisTrialN': 1, 'thisRepN': 0}>
2.4464 	DATA 	Keypress: right
2.4540 	INFO 	Keyboard events cleared
2.4539 	EXP 	fixation: autoDraw = False
2.4539 	EXP 	stimulus: autoDraw = False
2.4539 	EXP 	stimulus: height = np.float64(0.2)
2.4539 	EXP 	stimulus: height = np.float64(0.2)
2.4539 	EXP 	stimulus: height = np.float64(0.2)
2.4539 	EXP 	stimulus: text = '<<<<<'
2.4539 	EXP 	fixation: autoDraw = True
2.5132 	EXP 	Device response: <KeyPress from None: t=2.4269145000000094, value=right, duration=0.07778989999999908>
2.9458 	EXP 	stimulus: autoDraw = True
2.9627 	EXP 	fixation: autoDraw = False
4.1963 	EXP 	Device response: <KeyPress from None: t=4.1879485000000045, value=left, duration=None>
4.1966 	EXP 	New trial (rep=0, index=2): <Trial 2 (2 in rep 0) data={'trialno': np.int64(4), 'Condition': 'I', 'Stimulus': '<<><<', 'Target': '> ', 'Correct_resp': 'right', 'thisN': 2, 'thisTrialN': 2, 'thisRepN': 0}>
4.2003 	DATA 	Keypress: left
4.2127 	INFO 	Keyboard events cleared
4.2125 	EXP 	fixation: autoDraw = False
4.2125 	EXP 	stimulus: autoDraw = False
4.2125 	EXP 	stimulus: height = np.float64(0.2)
4.2125 	EXP 	stimulus: height = np.float64(0.2)
4.2125 	EXP 	stimulus: height = np.float64(0.2)
4.2125 	EXP 	stimulus: text = '<<><<'
4.2125 	EXP 	fixation: autoDraw = True
4.2798 	EXP 	Device response: <KeyPress from None: t=4.1879485000000045, value=left, duration=0.08126419999999257>
4.6958 	EXP 	stimulus: autoDraw = True
4.7124 	EXP 	fixation: autoDraw = False
5.7644 	DATA 	Keypress: left
5.7799 	EXP 	Device response: <KeyPress from None: t=5.762755300000009, value=left, duration=None>
5.7803 	EXP 	New trial (rep=0, index=3): <Trial 3 (3 in rep 0) data={'trialno': np.int64(3), 'Condition': 'I', 'Stimulus': '>>><>', 'Target': '<', 'Correct_resp': 'left', 'thisN': 3, 'thisTrialN': 3, 'thisRepN': 0}>
5.7959 	INFO 	Keyboard events cleared
5.7958 	EXP 	fixation: autoDraw = False
5.7958 	EXP 	stimulus: autoDraw = False
5.7958 	EXP 	stimulus: height = np.float64(0.2)
5.7958 	EXP 	stimulus: height = np.float64(0.2)
5.7958 	EXP 	stimulus: height = np.float64(0.2)
5.7958 	EXP 	stimulus: text = '>>><>'
5.7958 	EXP 	fixation: autoDraw = True
5.8796 	EXP 	Device response: <KeyPress from None: t=5.762755300000009, value=left, duration=0.10492769999999041>
6.2960 	EXP 	fixation: autoDraw = False
6.2960 	EXP 	stimulus: autoDraw = True
10.1797 	EXP 	Device response: <KeyPress from None: t=10.168772200000006, value=left, duration=None>
10.1800 	EXP 	New trial (rep=1, index=0): <Trial 4 (0 in rep 1) data={'trialno': np.int64(4), 'Condition': 'I', 'Stimulus': '<<><<', 'Target': '> ', 'Correct_resp': 'right', 'thisN': 4, 'thisTrialN': 0, 'thisRepN': 1}>
10.1838 	DATA 	Keypress: left
10.1960 	INFO 	Keyboard events cleared
10.1958 	EXP 	fixation: autoDraw = False
10.1958 	EXP 	stimulus: autoDraw = False
10.1958 	EXP 	stimulus: height = np.float64(0.2)
10.1958 	EXP 	stimulus: height = np.float64(0.2)
10.1958 	EXP 	stimulus: height = np.float64(0.2)
10.1958 	EXP 	stimulus: text = '<<><<'
10.1958 	EXP 	fixation: autoDraw = True
10.2631 	EXP 	Device response: <KeyPress from None: t=10.168772200000006, value=left, duration=0.07827510000001325>
10.6799 	EXP 	stimulus: autoDraw = True
10.6959 	EXP 	fixation: autoDraw = False
12.9974 	EXP 	Device response: <KeyPress from None: t=12.984735100000023, value=right, duration=None>
12.9978 	EXP 	New trial (rep=1, index=1): <Trial 5 (1 in rep 1) data={'trialno': np.int64(2), 'Condition': 'C', 'Stimulus': '>>>>>', 'Target': '> ', 'Correct_resp': 'right', 'thisN': 5, 'thisTrialN': 1, 'thisRepN': 1}>
13.0016 	DATA 	Keypress: right
13.0133 	INFO 	Keyboard events cleared
13.0131 	EXP 	fixation: autoDraw = False
13.0131 	EXP 	stimulus: autoDraw = False
13.0131 	EXP 	stimulus: height = np.float64(0.2)
13.0131 	EXP 	stimulus: height = np.float64(0.2)
13.0131 	EXP 	stimulus: height = np.float64(0.2)
13.0131 	EXP 	stimulus: text = '>>>>>'
13.0131 	EXP 	fixation: autoDraw = True
13.0798 	EXP 	Device response: <KeyPress from None: t=12.984735100000023, value=right, duration=0.09046999999998206>
13.5125 	EXP 	fixation: autoDraw = False
13.5125 	EXP 	stimulus: autoDraw = True
14.8463 	EXP 	Device response: <KeyPress from None: t=14.84232160000002, value=right, duration=None>
14.8466 	EXP 	New trial (rep=1, index=2): <Trial 6 (2 in rep 1) data={'trialno': np.int64(3), 'Condition': 'I', 'Stimulus': '>>><>', 'Target': '<', 'Correct_resp': 'left', 'thisN': 6, 'thisTrialN': 2, 'thisRepN': 1}>
14.8514 	DATA 	Keypress: right
14.8617 	INFO 	Keyboard events cleared
14.8616 	EXP 	fixation: autoDraw = False
14.8616 	EXP 	stimulus: autoDraw = False
14.8616 	EXP 	stimulus: height = np.float64(0.2)
14.8616 	EXP 	stimulus: height = np.float64(0.2)
14.8616 	EXP 	stimulus: height = np.float64(0.2)
14.8616 	EXP 	stimulus: text = '>>><>'
14.8616 	EXP 	fixation: autoDraw = True
14.9300 	EXP 	Device response: <KeyPress from None: t=14.84232160000002, value=right, duration=0.08590799999998922>
15.3458 	EXP 	stimulus: autoDraw = True
15.3627 	EXP 	fixation: autoDraw = False
18.0795 	EXP 	Device response: <KeyPress from None: t=18.075412999999998, value=left, duration=None>
18.0798 	EXP 	New trial (rep=1, index=3): <Trial 7 (3 in rep 1) data={'trialno': np.int64(1), 'Condition': 'C', 'Stimulus': '<<<<<', 'Target': '<', 'Correct_resp': 'left', 'thisN': 7, 'thisTrialN': 3, 'thisRepN': 1}>
18.0833 	DATA 	Keypress: left
18.0960 	INFO 	Keyboard events cleared
18.0958 	EXP 	fixation: autoDraw = False
18.0958 	EXP 	stimulus: autoDraw = False
18.0958 	EXP 	stimulus: height = np.float64(0.2)
18.0958 	EXP 	stimulus: height = np.float64(0.2)
18.0958 	EXP 	stimulus: height = np.float64(0.2)
18.0958 	EXP 	stimulus: text = '<<<<<'
18.0958 	EXP 	fixation: autoDraw = True
18.1795 	EXP 	Device response: <KeyPress from None: t=18.075412999999998, value=left, duration=0.09021570000001589>
18.5792 	EXP 	stimulus: autoDraw = True
18.5959 	EXP 	fixation: autoDraw = False
20.0143 	DATA 	Keypress: left
20.0296 	EXP 	Device response: <KeyPress from None: t=20.013806700000004, value=left, duration=None>
20.0300 	EXP 	New trial (rep=2, index=0): <Trial 8 (0 in rep 2) data={'trialno': np.int64(4), 'Condition': 'I', 'Stimulus': '<<><<', 'Target': '> ', 'Correct_resp': 'right', 'thisN': 8, 'thisTrialN': 0, 'thisRepN': 2}>
20.0460 	INFO 	Keyboard events cleared
20.0458 	EXP 	fixation: autoDraw = False
20.0458 	EXP 	stimulus: autoDraw = False
20.0458 	EXP 	stimulus: height = np.float64(0.2)
20.0458 	EXP 	stimulus: height = np.float64(0.2)
20.0458 	EXP 	stimulus: height = np.float64(0.2)
20.0458 	EXP 	stimulus: text = '<<><<'
20.0458 	EXP 	fixation: autoDraw = True
20.1130 	EXP 	Device response: <KeyPress from None: t=20.013806700000004, value=left, duration=0.0883769000000143>
20.5292 	EXP 	stimulus: autoDraw = True
20.5459 	EXP 	fixation: autoDraw = False
22.6467 	EXP 	Device response: <KeyPress from None: t=22.644222400000018, value=right, duration=None>
22.6470 	EXP 	New trial (rep=2, index=1): <Trial 9 (1 in rep 2) data={'trialno': np.int64(2), 'Condition': 'C', 'Stimulus': '>>>>>', 'Target': '> ', 'Correct_resp': 'right', 'thisN': 9, 'thisTrialN': 1, 'thisRepN': 2}>
22.6507 	DATA 	Keypress: right
22.6626 	INFO 	Keyboard events cleared
22.6624 	EXP 	fixation: autoDraw = False
22.6624 	EXP 	stimulus: autoDraw = False
22.6624 	EXP 	stimulus: height = np.float64(0.2)
22.6624 	EXP 	stimulus: height = np.float64(0.2)
22.6624 	EXP 	stimulus: height = np.float64(0.2)
22.6624 	EXP 	stimulus: text = '>>>>>'
22.6624 	EXP 	fixation: autoDraw = True
22.7129 	EXP 	Device response: <KeyPress from None: t=22.644222400000018, value=right, duration=0.0659370999999851>
23.1625 	EXP 	fixation: autoDraw = False
23.1625 	EXP 	stimulus: autoDraw = True
24.1308 	DATA 	Keypress: right
24.1464 	EXP 	Device response: <KeyPress from None: t=24.13015040000002, value=right, duration=None>
24.1468 	EXP 	New trial (rep=2, index=2): <Trial 10 (2 in rep 2) data={'trialno': np.int64(1), 'Condition': 'C', 'Stimulus': '<<<<<', 'Target': '<', 'Correct_resp': 'left', 'thisN': 10, 'thisTrialN': 2, 'thisRepN': 2}>
24.1628 	INFO 	Keyboard events cleared
24.1627 	EXP 	fixation: autoDraw = False
24.1627 	EXP 	stimulus: autoDraw = False
24.1627 	EXP 	stimulus: height = np.float64(0.2)
24.1627 	EXP 	stimulus: height = np.float64(0.2)
24.1627 	EXP 	stimulus: height = np.float64(0.2)
24.1627 	EXP 	stimulus: text = '<<<<<'
24.1627 	EXP 	fixation: autoDraw = True
24.2131 	EXP 	Device response: <KeyPress from None: t=24.13015040000002, value=right, duration=0.07661479999998733>
24.6457 	EXP 	stimulus: autoDraw = True
24.6623 	EXP 	fixation: autoDraw = False
25.8132 	EXP 	Device response: <KeyPress from None: t=25.812622000000005, value=left, duration=None>
25.8136 	EXP 	New trial (rep=2, index=3): <Trial 11 (3 in rep 2) data={'trialno': np.int64(3), 'Condition': 'I', 'Stimulus': '>>><>', 'Target': '<', 'Correct_resp': 'left', 'thisN': 11, 'thisTrialN': 3, 'thisRepN': 2}>
25.8179 	DATA 	Keypress: left
25.8294 	INFO 	Keyboard events cleared
25.8292 	EXP 	fixation: autoDraw = False
25.8292 	EXP 	stimulus: autoDraw = False
25.8292 	EXP 	stimulus: height = np.float64(0.2)
25.8292 	EXP 	stimulus: height = np.float64(0.2)
25.8292 	EXP 	stimulus: height = np.float64(0.2)
25.8292 	EXP 	stimulus: text = '>>><>'
25.8292 	EXP 	fixation: autoDraw = True
25.8801 	EXP 	Device response: <KeyPress from None: t=25.812622000000005, value=left, duration=0.06590220000001068>
26.3126 	EXP 	stimulus: autoDraw = True
26.3292 	EXP 	fixation: autoDraw = False
27.5811 	DATA 	Keypress: left
27.5963 	EXP 	Device response: <KeyPress from None: t=27.580475500000006, value=left, duration=None>
27.5966 	EXP 	New trial (rep=3, index=0): <Trial 12 (0 in rep 3) data={'trialno': np.int64(1), 'Condition': 'C', 'Stimulus': '<<<<<', 'Target': '<', 'Correct_resp': 'left', 'thisN': 12, 'thisTrialN': 0, 'thisRepN': 3}>
27.6118 	INFO 	Keyboard events cleared
27.6117 	EXP 	fixation: autoDraw = False
27.6117 	EXP 	stimulus: autoDraw = False
27.6117 	EXP 	stimulus: height = np.float64(0.2)
27.6117 	EXP 	stimulus: height = np.float64(0.2)
27.6117 	EXP 	stimulus: height = np.float64(0.2)
27.6117 	EXP 	stimulus: text = '<<<<<'
27.6117 	EXP 	fixation: autoDraw = True
27.6628 	EXP 	Device response: <KeyPress from None: t=27.580475500000006, value=left, duration=0.0786549999999977>
28.0962 	EXP 	stimulus: autoDraw = True
28.1123 	EXP 	fixation: autoDraw = False
29.2463 	EXP 	Device response: <KeyPress from None: t=29.234419700000018, value=left, duration=None>
29.2467 	EXP 	New trial (rep=3, index=1): <Trial 13 (1 in rep 3) data={'trialno': np.int64(4), 'Condition': 'I', 'Stimulus': '<<><<', 'Target': '> ', 'Correct_resp': 'right', 'thisN': 13, 'thisTrialN': 1, 'thisRepN': 3}>
29.2514 	DATA 	Keypress: left
29.2624 	INFO 	Keyboard events cleared
29.2622 	EXP 	fixation: autoDraw = False
29.2622 	EXP 	stimulus: autoDraw = False
29.2622 	EXP 	stimulus: height = np.float64(0.2)
29.2622 	EXP 	stimulus: height = np.float64(0.2)
29.2622 	EXP 	stimulus: height = np.float64(0.2)
29.2622 	EXP 	stimulus: text = '<<><<'
29.2622 	EXP 	fixation: autoDraw = True
29.3293 	EXP 	Device response: <KeyPress from None: t=29.234419700000018, value=left, duration=0.08541739999998299>
29.7459 	EXP 	stimulus: autoDraw = True
29.7627 	EXP 	fixation: autoDraw = False
30.7796 	EXP 	Device response: <KeyPress from None: t=30.76990570000001, value=right, duration=None>
30.7799 	EXP 	New trial (rep=3, index=2): <Trial 14 (2 in rep 3) data={'trialno': np.int64(2), 'Condition': 'C', 'Stimulus': '>>>>>', 'Target': '> ', 'Correct_resp': 'right', 'thisN': 14, 'thisTrialN': 2, 'thisRepN': 3}>
30.7843 	DATA 	Keypress: right
30.7960 	INFO 	Keyboard events cleared
30.7959 	EXP 	fixation: autoDraw = False
30.7959 	EXP 	stimulus: autoDraw = False
30.7959 	EXP 	stimulus: height = np.float64(0.2)
30.7959 	EXP 	stimulus: height = np.float64(0.2)
30.7959 	EXP 	stimulus: height = np.float64(0.2)
30.7959 	EXP 	stimulus: text = '>>>>>'
30.7959 	EXP 	fixation: autoDraw = True
30.8631 	EXP 	Device response: <KeyPress from None: t=30.76990570000001, value=right, duration=0.08260279999998943>
31.2792 	EXP 	stimulus: autoDraw = True
31.2960 	EXP 	fixation: autoDraw = False
32.3300 	EXP 	Device response: <KeyPress from None: t=32.3234391, value=right, duration=None>
32.3303 	EXP 	New trial (rep=3, index=3): <Trial 15 (3 in rep 3) data={'trialno': np.int64(3), 'Condition': 'I', 'Stimulus': '>>><>', 'Target': '<', 'Correct_resp': 'left', 'thisN': 15, 'thisTrialN': 3, 'thisRepN': 3}>
32.3340 	DATA 	Keypress: right
32.3461 	INFO 	Keyboard events cleared
32.3459 	EXP 	fixation: autoDraw = False
32.3459 	EXP 	stimulus: autoDraw = False
32.3459 	EXP 	stimulus: height = np.float64(0.2)
32.3459 	EXP 	stimulus: height = np.float64(0.2)
32.3459 	EXP 	stimulus: height = np.float64(0.2)
32.3459 	EXP 	stimulus: text = '>>><>'
32.3459 	EXP 	fixation: autoDraw = True
32.4133 	EXP 	Device response: <KeyPress from None: t=32.3234391, value=right, duration=0.07308539999999653>
32.8461 	EXP 	fixation: autoDraw = False
32.8461 	EXP 	stimulus: autoDraw = True
33.9136 	EXP 	Device response: <KeyPress from None: t=33.908968000000016, value=left, duration=None>
33.9139 	EXP 	New trial (rep=4, index=0): <Trial 16 (0 in rep 4) data={'trialno': np.int64(4), 'Condition': 'I', 'Stimulus': '<<><<', 'Target': '> ', 'Correct_resp': 'right', 'thisN': 16, 'thisTrialN': 0, 'thisRepN': 4}>
33.9176 	DATA 	Keypress: left
33.9294 	INFO 	Keyboard events cleared
33.9292 	EXP 	fixation: autoDraw = False
33.9292 	EXP 	stimulus: autoDraw = False
33.9292 	EXP 	stimulus: height = np.float64(0.2)
33.9292 	EXP 	stimulus: height = np.float64(0.2)
33.9292 	EXP 	stimulus: height = np.float64(0.2)
33.9292 	EXP 	stimulus: text = '<<><<'
33.9292 	EXP 	fixation: autoDraw = True
33.9966 	EXP 	Device response: <KeyPress from None: t=33.908968000000016, value=left, duration=0.08599200000000451>
34.4292 	EXP 	fixation: autoDraw = False
34.4292 	EXP 	stimulus: autoDraw = True
38.3800 	EXP 	Device response: <KeyPress from None: t=38.366507600000006, value=right, duration=None>
38.3804 	EXP 	New trial (rep=4, index=1): <Trial 17 (1 in rep 4) data={'trialno': np.int64(2), 'Condition': 'C', 'Stimulus': '>>>>>', 'Target': '> ', 'Correct_resp': 'right', 'thisN': 17, 'thisTrialN': 1, 'thisRepN': 4}>
38.3845 	DATA 	Keypress: right
38.3965 	INFO 	Keyboard events cleared
38.3963 	EXP 	fixation: autoDraw = False
38.3963 	EXP 	stimulus: autoDraw = False
38.3963 	EXP 	stimulus: height = np.float64(0.2)
38.3963 	EXP 	stimulus: height = np.float64(0.2)
38.3963 	EXP 	stimulus: height = np.float64(0.2)
38.3963 	EXP 	stimulus: text = '>>>>>'
38.3963 	EXP 	fixation: autoDraw = True
38.4633 	EXP 	Device response: <KeyPress from None: t=38.366507600000006, value=right, duration=0.08203850000001012>
38.8795 	EXP 	stimulus: autoDraw = True
38.8959 	EXP 	fixation: autoDraw = False
39.7300 	EXP 	Device response: <KeyPress from None: t=39.715894100000014, value=right, duration=None>
39.7304 	EXP 	New trial (rep=4, index=2): <Trial 18 (2 in rep 4) data={'trialno': np.int64(3), 'Condition': 'I', 'Stimulus': '>>><>', 'Target': '<', 'Correct_resp': 'left', 'thisN': 18, 'thisTrialN': 2, 'thisRepN': 4}>
39.7341 	DATA 	Keypress: right
39.7461 	INFO 	Keyboard events cleared
39.7459 	EXP 	fixation: autoDraw = False
39.7459 	EXP 	stimulus: autoDraw = False
39.7459 	EXP 	stimulus: height = np.float64(0.2)
39.7459 	EXP 	stimulus: height = np.float64(0.2)
39.7459 	EXP 	stimulus: height = np.float64(0.2)
39.7459 	EXP 	stimulus: text = '>>><>'
39.7459 	EXP 	fixation: autoDraw = True
39.8294 	EXP 	Device response: <KeyPress from None: t=39.715894100000014, value=right, duration=0.11102719999999522>
40.2461 	EXP 	fixation: autoDraw = False
40.2461 	EXP 	stimulus: autoDraw = True
42.9644 	DATA 	Keypress: left
42.9801 	EXP 	Device response: <KeyPress from None: t=42.96365610000001, value=left, duration=None>
42.9805 	EXP 	New trial (rep=4, index=3): <Trial 19 (3 in rep 4) data={'trialno': np.int64(1), 'Condition': 'C', 'Stimulus': '<<<<<', 'Target': '<', 'Correct_resp': 'left', 'thisN': 19, 'thisTrialN': 3, 'thisRepN': 4}>
42.9960 	INFO 	Keyboard events cleared
42.9959 	EXP 	fixation: autoDraw = False
42.9959 	EXP 	stimulus: autoDraw = False
42.9959 	EXP 	stimulus: height = np.float64(0.2)
42.9959 	EXP 	stimulus: height = np.float64(0.2)
42.9959 	EXP 	stimulus: height = np.float64(0.2)
42.9959 	EXP 	stimulus: text = '<<<<<'
42.9959 	EXP 	fixation: autoDraw = True
43.0632 	EXP 	Device response: <KeyPress from None: t=42.96365610000001, value=left, duration=0.08418130000001156>
43.4960 	EXP 	fixation: autoDraw = False
43.4960 	EXP 	stimulus: autoDraw = True
44.7133 	EXP 	Device response: <KeyPress from None: t=44.704013, value=right, duration=None>
44.7137 	EXP 	New trial (rep=5, index=0): <Trial 20 (0 in rep 5) data={'trialno': np.int64(1), 'Condition': 'C', 'Stimulus': '<<<<<', 'Target': '<', 'Correct_resp': 'left', 'thisN': 20, 'thisTrialN': 0, 'thisRepN': 5}>
44.7147 	DATA 	Keypress: right
44.7294 	INFO 	Keyboard events cleared
44.7293 	EXP 	fixation: autoDraw = False
44.7293 	EXP 	stimulus: autoDraw = False
44.7293 	EXP 	stimulus: text = '<<<<<'
44.7293 	EXP 	fixation: autoDraw = True
44.7963 	EXP 	Device response: <KeyPress from None: t=44.704013, value=right, duration=0.08906630000001314>
45.2293 	EXP 	fixation: autoDraw = False
45.2293 	EXP 	stimulus: autoDraw = True
47.1129 	EXP 	Device response: <KeyPress from None: t=47.10390220000002, value=left, duration=None>
47.1133 	EXP 	New trial (rep=5, index=1): <Trial 21 (1 in rep 5) data={'trialno': np.int64(2), 'Condition': 'C', 'Stimulus': '>>>>>', 'Target': '> ', 'Correct_resp': 'right', 'thisN': 21, 'thisTrialN': 1, 'thisRepN': 5}>
47.1171 	DATA 	Keypress: left
47.1296 	INFO 	Keyboard events cleared
47.1294 	EXP 	fixation: autoDraw = False
47.1294 	EXP 	stimulus: autoDraw = False
47.1294 	EXP 	stimulus: height = np.float64(0.2)
47.1294 	EXP 	stimulus: height = np.float64(0.2)
47.1294 	EXP 	stimulus: height = np.float64(0.2)
47.1294 	EXP 	stimulus: text = '>>>>>'
47.1294 	EXP 	fixation: autoDraw = True
47.2131 	EXP 	Device response: <KeyPress from None: t=47.10390220000002, value=left, duration=0.09694009999998343>
47.6124 	EXP 	stimulus: autoDraw = True
47.6295 	EXP 	fixation: autoDraw = False
49.3139 	EXP 	Device response: <KeyPress from None: t=49.313110600000016, value=right, duration=None>
49.3143 	EXP 	New trial (rep=5, index=2): <Trial 22 (2 in rep 5) data={'trialno': np.int64(3), 'Condition': 'I', 'Stimulus': '>>><>', 'Target': '<', 'Correct_resp': 'left', 'thisN': 22, 'thisTrialN': 2, 'thisRepN': 5}>
49.3182 	DATA 	Keypress: right
49.3298 	INFO 	Keyboard events cleared
49.3296 	EXP 	fixation: autoDraw = False
49.3296 	EXP 	stimulus: autoDraw = False
49.3296 	EXP 	stimulus: height = np.float64(0.2)
49.3296 	EXP 	stimulus: height = np.float64(0.2)
49.3296 	EXP 	stimulus: height = np.float64(0.2)
49.3296 	EXP 	stimulus: text = '>>><>'
49.3296 	EXP 	fixation: autoDraw = True
49.4132 	EXP 	Device response: <KeyPress from None: t=49.313110600000016, value=right, duration=0.09373449999998229>
49.8294 	EXP 	fixation: autoDraw = False
49.8294 	EXP 	stimulus: autoDraw = True
52.2466 	EXP 	Device response: <KeyPress from None: t=52.2401428, value=left, duration=None>
52.2470 	EXP 	New trial (rep=5, index=3): <Trial 23 (3 in rep 5) data={'trialno': np.int64(4), 'Condition': 'I', 'Stimulus': '<<><<', 'Target': '> ', 'Correct_resp': 'right', 'thisN': 23, 'thisTrialN': 3, 'thisRepN': 5}>
52.2507 	DATA 	Keypress: left
52.2629 	INFO 	Keyboard events cleared
52.2627 	EXP 	fixation: autoDraw = False
52.2627 	EXP 	stimulus: autoDraw = False
52.2627 	EXP 	stimulus: height = np.float64(0.2)
52.2627 	EXP 	stimulus: height = np.float64(0.2)
52.2627 	EXP 	stimulus: height = np.float64(0.2)
52.2627 	EXP 	stimulus: text = '<<><<'
52.2627 	EXP 	fixation: autoDraw = True
52.3130 	EXP 	Device response: <KeyPress from None: t=52.2401428, value=left, duration=0.056188100000014174>
52.7460 	EXP 	stimulus: autoDraw = True
52.7628 	EXP 	fixation: autoDraw = False
55.3633 	EXP 	Device response: <KeyPress from None: t=55.34996730000003, value=right, duration=None>
55.3638 	EXP 	New trial (rep=6, index=0): <Trial 24 (0 in rep 6) data={'trialno': np.int64(1), 'Condition': 'C', 'Stimulus': '<<<<<', 'Target': '<', 'Correct_resp': 'left', 'thisN': 24, 'thisTrialN': 0, 'thisRepN': 6}>
55.3680 	DATA 	Keypress: right
55.3798 	INFO 	Keyboard events cleared
55.3796 	EXP 	fixation: autoDraw = False
55.3796 	EXP 	stimulus: autoDraw = False
55.3796 	EXP 	stimulus: height = np.float64(0.2)
55.3796 	EXP 	stimulus: height = np.float64(0.2)
55.3796 	EXP 	stimulus: height = np.float64(0.2)
55.3796 	EXP 	stimulus: text = '<<<<<'
55.3796 	EXP 	fixation: autoDraw = True
55.4299 	EXP 	Device response: <KeyPress from None: t=55.34996730000003, value=right, duration=0.06595459999999775>
55.8628 	EXP 	stimulus: autoDraw = True
55.8795 	EXP 	fixation: autoDraw = False
56.8632 	EXP 	Device response: <KeyPress from None: t=56.852887200000026, value=right, duration=None>
56.8636 	EXP 	New trial (rep=6, index=1): <Trial 25 (1 in rep 6) data={'trialno': np.int64(2), 'Condition': 'C', 'Stimulus': '>>>>>', 'Target': '> ', 'Correct_resp': 'right', 'thisN': 25, 'thisTrialN': 1, 'thisRepN': 6}>
56.8673 	DATA 	Keypress: right
56.8795 	INFO 	Keyboard events cleared
56.8794 	EXP 	fixation: autoDraw = False
56.8794 	EXP 	stimulus: autoDraw = False
56.8794 	EXP 	stimulus: height = np.float64(0.2)
56.8794 	EXP 	stimulus: height = np.float64(0.2)
56.8794 	EXP 	stimulus: height = np.float64(0.2)
56.8794 	EXP 	stimulus: text = '>>>>>'
56.8794 	EXP 	fixation: autoDraw = True
56.9297 	EXP 	Device response: <KeyPress from None: t=56.852887200000026, value=right, duration=0.07413550000001123>
57.3627 	EXP 	stimulus: autoDraw = True
57.3795 	EXP 	fixation: autoDraw = False
58.5131 	EXP 	Device response: <KeyPress from None: t=58.502738100000016, value=left, duration=None>
58.5135 	EXP 	New trial (rep=6, index=2): <Trial 26 (2 in rep 6) data={'trialno': np.int64(3), 'Condition': 'I', 'Stimulus': '>>><>', 'Target': '<', 'Correct_resp': 'left', 'thisN': 26, 'thisTrialN': 2, 'thisRepN': 6}>
58.5176 	DATA 	Keypress: left
58.5291 	INFO 	Keyboard events cleared
58.5289 	EXP 	fixation: autoDraw = False
58.5289 	EXP 	stimulus: autoDraw = False
58.5289 	EXP 	stimulus: height = np.float64(0.2)
58.5289 	EXP 	stimulus: height = np.float64(0.2)
58.5289 	EXP 	stimulus: height = np.float64(0.2)
58.5289 	EXP 	stimulus: text = '>>><>'
58.5289 	EXP 	fixation: autoDraw = True
58.5800 	EXP 	Device response: <KeyPress from None: t=58.502738100000016, value=left, duration=0.06023360000000366>
59.0130 	EXP 	stimulus: autoDraw = True
59.0294 	EXP 	fixation: autoDraw = False
61.3801 	EXP 	Device response: <KeyPress from None: t=61.37369450000003, value=left, duration=None>
61.3804 	EXP 	New trial (rep=6, index=3): <Trial 27 (3 in rep 6) data={'trialno': np.int64(4), 'Condition': 'I', 'Stimulus': '<<><<', 'Target': '> ', 'Correct_resp': 'right', 'thisN': 27, 'thisTrialN': 3, 'thisRepN': 6}>
61.3849 	DATA 	Keypress: left
61.3963 	INFO 	Keyboard events cleared
61.3962 	EXP 	fixation: autoDraw = False
61.3962 	EXP 	stimulus: autoDraw = False
61.3962 	EXP 	stimulus: height = np.float64(0.2)
61.3962 	EXP 	stimulus: height = np.float64(0.2)
61.3962 	EXP 	stimulus: height = np.float64(0.2)
61.3962 	EXP 	stimulus: text = '<<><<'
61.3962 	EXP 	fixation: autoDraw = True
61.4300 	EXP 	Device response: <KeyPress from None: t=61.37369450000003, value=left, duration=0.04666079999998374>
61.8963 	EXP 	fixation: autoDraw = False
61.8963 	EXP 	stimulus: autoDraw = True
65.8796 	EXP 	Device response: <KeyPress from None: t=65.8720511, value=right, duration=None>
65.8799 	EXP 	New trial (rep=7, index=0): <Trial 28 (0 in rep 7) data={'trialno': np.int64(2), 'Condition': 'C', 'Stimulus': '>>>>>', 'Target': '> ', 'Correct_resp': 'right', 'thisN': 28, 'thisTrialN': 0, 'thisRepN': 7}>
65.8834 	DATA 	Keypress: right
65.8954 	INFO 	Keyboard events cleared
65.8952 	EXP 	fixation: autoDraw = False
65.8952 	EXP 	stimulus: autoDraw = False
65.8952 	EXP 	stimulus: height = np.float64(0.2)
65.8952 	EXP 	stimulus: height = np.float64(0.2)
65.8952 	EXP 	stimulus: height = np.float64(0.2)
65.8952 	EXP 	stimulus: text = '>>>>>'
65.8952 	EXP 	fixation: autoDraw = True
65.9468 	EXP 	Device response: <KeyPress from None: t=65.8720511, value=right, duration=0.06894650000003821>
66.3794 	EXP 	stimulus: autoDraw = True
66.3961 	EXP 	fixation: autoDraw = False
67.2312 	EXP 	Device response: <KeyPress from None: t=67.21954760000003, value=right, duration=None>
67.2316 	EXP 	New trial (rep=7, index=1): <Trial 29 (1 in rep 7) data={'trialno': np.int64(4), 'Condition': 'I', 'Stimulus': '<<><<', 'Target': '> ', 'Correct_resp': 'right', 'thisN': 29, 'thisTrialN': 1, 'thisRepN': 7}>
67.2354 	DATA 	Keypress: right
67.2462 	INFO 	Keyboard events cleared
67.2461 	EXP 	fixation: autoDraw = False
67.2461 	EXP 	stimulus: autoDraw = False
67.2461 	EXP 	stimulus: height = np.float64(0.2)
67.2461 	EXP 	stimulus: height = np.float64(0.2)
67.2461 	EXP 	stimulus: height = np.float64(0.2)
67.2461 	EXP 	stimulus: text = '<<><<'
67.2461 	EXP 	fixation: autoDraw = True
67.3132 	EXP 	Device response: <KeyPress from None: t=67.21954760000003, value=right, duration=0.09121310000000449>
67.7462 	EXP 	fixation: autoDraw = False
67.7462 	EXP 	stimulus: autoDraw = True
71.9978 	DATA 	Keypress: right
72.0137 	EXP 	Device response: <KeyPress from None: t=71.99703059999999, value=right, duration=None>
72.0140 	EXP 	New trial (rep=7, index=2): <Trial 30 (2 in rep 7) data={'trialno': np.int64(3), 'Condition': 'I', 'Stimulus': '>>><>', 'Target': '<', 'Correct_resp': 'left', 'thisN': 30, 'thisTrialN': 2, 'thisRepN': 7}>
72.1643 	EXP 	Device response: <KeyPress from None: t=71.99703059999999, value=right, duration=0.14310500000004822>
72.1725 	INFO 	Keyboard events cleared
72.1723 	EXP 	fixation: autoDraw = False
72.1723 	EXP 	stimulus: autoDraw = False
72.1723 	EXP 	stimulus: height = np.float64(0.2)
72.1723 	EXP 	stimulus: height = np.float64(0.2)
72.1723 	EXP 	stimulus: height = np.float64(0.2)
72.1723 	EXP 	stimulus: text = '>>><>'
72.1723 	EXP 	fixation: autoDraw = True
72.5295 	EXP 	stimulus: autoDraw = True
72.6796 	EXP 	fixation: autoDraw = False
73.8967 	EXP 	Device response: <KeyPress from None: t=73.89417740000002, value=left, duration=None>
73.8970 	EXP 	New trial (rep=7, index=3): <Trial 31 (3 in rep 7) data={'trialno': np.int64(1), 'Condition': 'C', 'Stimulus': '<<<<<', 'Target': '<', 'Correct_resp': 'left', 'thisN': 31, 'thisTrialN': 3, 'thisRepN': 7}>
73.9007 	DATA 	Keypress: left
73.9131 	INFO 	Keyboard events cleared
73.9129 	EXP 	fixation: autoDraw = False
73.9129 	EXP 	stimulus: autoDraw = False
73.9129 	EXP 	stimulus: height = np.float64(0.2)
73.9129 	EXP 	stimulus: height = np.float64(0.2)
73.9129 	EXP 	stimulus: height = np.float64(0.2)
73.9129 	EXP 	stimulus: text = '<<<<<'
73.9129 	EXP 	fixation: autoDraw = True
74.0132 	EXP 	Device response: <KeyPress from None: t=73.89417740000002, value=left, duration=0.11653510000002143>
74.3961 	EXP 	stimulus: autoDraw = True
74.4129 	EXP 	fixation: autoDraw = False
75.4631 	EXP 	Device response: <KeyPress from None: t=75.4604588, value=right, duration=None>
75.4634 	EXP 	New trial (rep=8, index=0): <Trial 32 (0 in rep 8) data={'trialno': np.int64(4), 'Condition': 'I', 'Stimulus': '<<><<', 'Target': '> ', 'Correct_resp': 'right', 'thisN': 32, 'thisTrialN': 0, 'thisRepN': 8}>
75.4673 	DATA 	Keypress: right
75.4798 	INFO 	Keyboard events cleared
75.4796 	EXP 	fixation: autoDraw = False
75.4796 	EXP 	stimulus: autoDraw = False
75.4796 	EXP 	stimulus: height = np.float64(0.2)
75.4796 	EXP 	stimulus: height = np.float64(0.2)
75.4796 	EXP 	stimulus: height = np.float64(0.2)
75.4796 	EXP 	stimulus: text = '<<><<'
75.4796 	EXP 	fixation: autoDraw = True
75.5799 	EXP 	Device response: <KeyPress from None: t=75.4604588, value=right, duration=0.10929570000001831>
75.9629 	EXP 	stimulus: autoDraw = True
75.9797 	EXP 	fixation: autoDraw = False
80.3134 	EXP 	Device response: <KeyPress from None: t=80.30404940000003, value=right, duration=None>
80.3137 	EXP 	New trial (rep=8, index=1): <Trial 33 (1 in rep 8) data={'trialno': np.int64(1), 'Condition': 'C', 'Stimulus': '<<<<<', 'Target': '<', 'Correct_resp': 'left', 'thisN': 33, 'thisTrialN': 1, 'thisRepN': 8}>
80.3174 	DATA 	Keypress: right
80.3295 	INFO 	Keyboard events cleared
80.3294 	EXP 	fixation: autoDraw = False
80.3294 	EXP 	stimulus: autoDraw = False
80.3294 	EXP 	stimulus: height = np.float64(0.2)
80.3294 	EXP 	stimulus: height = np.float64(0.2)
80.3294 	EXP 	stimulus: height = np.float64(0.2)
80.3294 	EXP 	stimulus: text = '<<<<<'
80.3294 	EXP 	fixation: autoDraw = True
80.4299 	EXP 	Device response: <KeyPress from None: t=80.30404940000003, value=right, duration=0.11069219999995994>
80.8127 	EXP 	stimulus: autoDraw = True
80.8296 	EXP 	fixation: autoDraw = False
81.9636 	EXP 	Device response: <KeyPress from None: t=81.95911500000003, value=left, duration=None>
81.9640 	EXP 	New trial (rep=8, index=2): <Trial 34 (2 in rep 8) data={'trialno': np.int64(3), 'Condition': 'I', 'Stimulus': '>>><>', 'Target': '<', 'Correct_resp': 'left', 'thisN': 34, 'thisTrialN': 2, 'thisRepN': 8}>
81.9677 	DATA 	Keypress: left
81.9797 	INFO 	Keyboard events cleared
81.9796 	EXP 	fixation: autoDraw = False
81.9796 	EXP 	stimulus: autoDraw = False
81.9796 	EXP 	stimulus: height = np.float64(0.2)
81.9796 	EXP 	stimulus: height = np.float64(0.2)
81.9796 	EXP 	stimulus: height = np.float64(0.2)
81.9796 	EXP 	stimulus: text = '>>><>'
81.9796 	EXP 	fixation: autoDraw = True
82.0633 	EXP 	Device response: <KeyPress from None: t=81.95911500000003, value=left, duration=0.09026339999996935>
82.4629 	EXP 	stimulus: autoDraw = True
82.4798 	EXP 	fixation: autoDraw = False
85.0300 	EXP 	Device response: <KeyPress from None: t=85.0198349, value=left, duration=None>
85.0304 	EXP 	New trial (rep=8, index=3): <Trial 35 (3 in rep 8) data={'trialno': np.int64(2), 'Condition': 'C', 'Stimulus': '>>>>>', 'Target': '> ', 'Correct_resp': 'right', 'thisN': 35, 'thisTrialN': 3, 'thisRepN': 8}>
85.0343 	DATA 	Keypress: left
85.0463 	INFO 	Keyboard events cleared
85.0462 	EXP 	fixation: autoDraw = False
85.0462 	EXP 	stimulus: autoDraw = False
85.0462 	EXP 	stimulus: height = np.float64(0.2)
85.0462 	EXP 	stimulus: height = np.float64(0.2)
85.0462 	EXP 	stimulus: height = np.float64(0.2)
85.0462 	EXP 	stimulus: text = '>>>>>'
85.0462 	EXP 	fixation: autoDraw = True
85.1130 	EXP 	Device response: <KeyPress from None: t=85.0198349, value=left, duration=0.08607829999999694>
85.5296 	EXP 	stimulus: autoDraw = True
85.5462 	EXP 	fixation: autoDraw = False
87.4468 	EXP 	Device response: <KeyPress from None: t=87.43829969999999, value=right, duration=None>
87.4472 	EXP 	New trial (rep=9, index=0): <Trial 36 (0 in rep 9) data={'trialno': np.int64(2), 'Condition': 'C', 'Stimulus': '>>>>>', 'Target': '> ', 'Correct_resp': 'right', 'thisN': 36, 'thisTrialN': 0, 'thisRepN': 9}>
87.4484 	DATA 	Keypress: right
87.4632 	INFO 	Keyboard events cleared
87.4630 	EXP 	fixation: autoDraw = False
87.4630 	EXP 	stimulus: autoDraw = False
87.4630 	EXP 	stimulus: text = '>>>>>'
87.4630 	EXP 	fixation: autoDraw = True
87.5632 	EXP 	Device response: <KeyPress from None: t=87.43829969999999, value=right, duration=0.12236410000002707>
87.9462 	EXP 	stimulus: autoDraw = True
87.9626 	EXP 	fixation: autoDraw = False
89.0486 	DATA 	Keypress: right
89.0634 	EXP 	Device response: <KeyPress from None: t=89.04678520000002, value=right, duration=None>
89.0637 	EXP 	New trial (rep=9, index=1): <Trial 37 (1 in rep 9) data={'trialno': np.int64(1), 'Condition': 'C', 'Stimulus': '<<<<<', 'Target': '<', 'Correct_resp': 'left', 'thisN': 37, 'thisTrialN': 1, 'thisRepN': 9}>
89.0796 	INFO 	Keyboard events cleared
89.0795 	EXP 	fixation: autoDraw = False
89.0795 	EXP 	stimulus: autoDraw = False
89.0795 	EXP 	stimulus: height = np.float64(0.2)
89.0795 	EXP 	stimulus: height = np.float64(0.2)
89.0795 	EXP 	stimulus: height = np.float64(0.2)
89.0795 	EXP 	stimulus: text = '<<<<<'
89.0795 	EXP 	fixation: autoDraw = True
89.1633 	EXP 	Device response: <KeyPress from None: t=89.04678520000002, value=right, duration=0.10833880000001272>
89.5634 	EXP 	stimulus: autoDraw = True
89.5794 	EXP 	fixation: autoDraw = False
90.7816 	DATA 	Keypress: left
90.7968 	EXP 	Device response: <KeyPress from None: t=90.78047610000002, value=left, duration=None>
90.7971 	EXP 	New trial (rep=9, index=2): <Trial 38 (2 in rep 9) data={'trialno': np.int64(3), 'Condition': 'I', 'Stimulus': '>>><>', 'Target': '<', 'Correct_resp': 'left', 'thisN': 38, 'thisTrialN': 2, 'thisRepN': 9}>
90.8132 	INFO 	Keyboard events cleared
90.8131 	EXP 	fixation: autoDraw = False
90.8131 	EXP 	stimulus: autoDraw = False
90.8131 	EXP 	stimulus: height = np.float64(0.2)
90.8131 	EXP 	stimulus: height = np.float64(0.2)
90.8131 	EXP 	stimulus: height = np.float64(0.2)
90.8131 	EXP 	stimulus: text = '>>><>'
90.8131 	EXP 	fixation: autoDraw = True
90.8799 	EXP 	Device response: <KeyPress from None: t=90.78047610000002, value=left, duration=0.09302139999999781>
91.2962 	EXP 	stimulus: autoDraw = True
91.3129 	EXP 	fixation: autoDraw = False
95.0304 	EXP 	Device response: <KeyPress from None: t=95.01964160000003, value=left, duration=None>
95.0307 	EXP 	New trial (rep=9, index=3): <Trial 39 (3 in rep 9) data={'trialno': np.int64(4), 'Condition': 'I', 'Stimulus': '<<><<', 'Target': '> ', 'Correct_resp': 'right', 'thisN': 39, 'thisTrialN': 3, 'thisRepN': 9}>
95.0344 	DATA 	Keypress: left
95.0463 	INFO 	Keyboard events cleared
95.0462 	EXP 	fixation: autoDraw = False
95.0462 	EXP 	stimulus: autoDraw = False
95.0462 	EXP 	stimulus: height = np.float64(0.2)
95.0462 	EXP 	stimulus: height = np.float64(0.2)
95.0462 	EXP 	stimulus: height = np.float64(0.2)
95.0462 	EXP 	stimulus: text = '<<><<'
95.0462 	EXP 	fixation: autoDraw = True
95.0963 	EXP 	Device response: <KeyPress from None: t=95.01964160000003, value=left, duration=0.0680657999999994>
95.5299 	EXP 	stimulus: autoDraw = True
95.5462 	EXP 	fixation: autoDraw = False
99.8970 	EXP 	Device response: <KeyPress from None: t=99.88358280000003, value=right, duration=None>
99.8973 	EXP 	New trial (rep=10, index=0): <Trial 40 (0 in rep 10) data={'trialno': np.int64(3), 'Condition': 'I', 'Stimulus': '>>><>', 'Target': '<', 'Correct_resp': 'left', 'thisN': 40, 'thisTrialN': 0, 'thisRepN': 10}>
99.9011 	DATA 	Keypress: right
99.9131 	INFO 	Keyboard events cleared
99.9129 	EXP 	fixation: autoDraw = False
99.9129 	EXP 	stimulus: autoDraw = False
99.9129 	EXP 	stimulus: height = np.float64(0.2)
99.9129 	EXP 	stimulus: height = np.float64(0.2)
99.9129 	EXP 	stimulus: height = np.float64(0.2)
99.9129 	EXP 	stimulus: text = '>>><>'
99.9129 	EXP 	fixation: autoDraw = True
99.9468 	EXP 	Device response: <KeyPress from None: t=99.88358280000003, value=right, duration=0.05455760000000964>
100.3964 	EXP 	stimulus: autoDraw = True
100.4131 	EXP 	fixation: autoDraw = False
104.3970 	EXP 	Device response: <KeyPress from None: t=104.39214150000001, value=left, duration=None>
104.3973 	EXP 	New trial (rep=10, index=1): <Trial 41 (1 in rep 10) data={'trialno': np.int64(2), 'Condition': 'C', 'Stimulus': '>>>>>', 'Target': '> ', 'Correct_resp': 'right', 'thisN': 41, 'thisTrialN': 1, 'thisRepN': 10}>
104.4008 	DATA 	Keypress: left
104.4131 	INFO 	Keyboard events cleared
104.4130 	EXP 	fixation: autoDraw = False
104.4130 	EXP 	stimulus: autoDraw = False
104.4130 	EXP 	stimulus: height = np.float64(0.2)
104.4130 	EXP 	stimulus: height = np.float64(0.2)
104.4130 	EXP 	stimulus: height = np.float64(0.2)
104.4130 	EXP 	stimulus: text = '>>>>>'
104.4130 	EXP 	fixation: autoDraw = True
104.4633 	EXP 	Device response: <KeyPress from None: t=104.39214150000001, value=left, duration=0.06289440000000468>
104.8964 	EXP 	stimulus: autoDraw = True
104.9132 	EXP 	fixation: autoDraw = False
106.8136 	EXP 	Device response: <KeyPress from None: t=106.81099550000002, value=right, duration=None>
106.8139 	EXP 	New trial (rep=10, index=2): <Trial 42 (2 in rep 10) data={'trialno': np.int64(4), 'Condition': 'I', 'Stimulus': '<<><<', 'Target': '> ', 'Correct_resp': 'right', 'thisN': 42, 'thisTrialN': 2, 'thisRepN': 10}>
106.8177 	DATA 	Keypress: right
106.8299 	INFO 	Keyboard events cleared
106.8298 	EXP 	fixation: autoDraw = False
106.8298 	EXP 	stimulus: autoDraw = False
106.8298 	EXP 	stimulus: height = np.float64(0.2)
106.8298 	EXP 	stimulus: height = np.float64(0.2)
106.8298 	EXP 	stimulus: height = np.float64(0.2)
106.8298 	EXP 	stimulus: text = '<<><<'
106.8298 	EXP 	fixation: autoDraw = True
106.8801 	EXP 	Device response: <KeyPress from None: t=106.81099550000002, value=right, duration=0.06653099999999768>
107.3131 	EXP 	stimulus: autoDraw = True
107.3296 	EXP 	fixation: autoDraw = False
109.9138 	EXP 	Device response: <KeyPress from None: t=109.90456739999999, value=right, duration=None>
109.9141 	EXP 	New trial (rep=10, index=3): <Trial 43 (3 in rep 10) data={'trialno': np.int64(1), 'Condition': 'C', 'Stimulus': '<<<<<', 'Target': '<', 'Correct_resp': 'left', 'thisN': 43, 'thisTrialN': 3, 'thisRepN': 10}>
109.9179 	DATA 	Keypress: right
109.9299 	INFO 	Keyboard events cleared
109.9298 	EXP 	fixation: autoDraw = False
109.9298 	EXP 	stimulus: autoDraw = False
109.9298 	EXP 	stimulus: height = np.float64(0.2)
109.9298 	EXP 	stimulus: height = np.float64(0.2)
109.9298 	EXP 	stimulus: height = np.float64(0.2)
109.9298 	EXP 	stimulus: text = '<<<<<'
109.9298 	EXP 	fixation: autoDraw = True
109.9803 	EXP 	Device response: <KeyPress from None: t=109.90456739999999, value=right, duration=0.06525360000000546>
110.4298 	EXP 	fixation: autoDraw = False
110.4298 	EXP 	stimulus: autoDraw = True
111.7970 	EXP 	Device response: <KeyPress from None: t=111.78188960000003, value=left, duration=None>
111.7974 	EXP 	New trial (rep=11, index=0): <Trial 44 (0 in rep 11) data={'trialno': np.int64(1), 'Condition': 'C', 'Stimulus': '<<<<<', 'Target': '<', 'Correct_resp': 'left', 'thisN': 44, 'thisTrialN': 0, 'thisRepN': 11}>
111.7988 	DATA 	Keypress: left
111.8131 	INFO 	Keyboard events cleared
111.8129 	EXP 	fixation: autoDraw = False
111.8129 	EXP 	stimulus: autoDraw = False
111.8129 	EXP 	stimulus: text = '<<<<<'
111.8129 	EXP 	fixation: autoDraw = True
111.8634 	EXP 	Device response: <KeyPress from None: t=111.78188960000003, value=left, duration=0.06566629999997531>
112.2965 	EXP 	stimulus: autoDraw = True
112.3129 	EXP 	fixation: autoDraw = False
113.9305 	EXP 	Device response: <KeyPress from None: t=113.91678959999999, value=left, duration=None>
113.9308 	EXP 	New trial (rep=11, index=1): <Trial 45 (1 in rep 11) data={'trialno': np.int64(3), 'Condition': 'I', 'Stimulus': '>>><>', 'Target': '<', 'Correct_resp': 'left', 'thisN': 45, 'thisTrialN': 1, 'thisRepN': 11}>
113.9345 	DATA 	Keypress: left
113.9466 	INFO 	Keyboard events cleared
113.9465 	EXP 	fixation: autoDraw = False
113.9465 	EXP 	stimulus: autoDraw = False
113.9465 	EXP 	stimulus: height = np.float64(0.2)
113.9465 	EXP 	stimulus: height = np.float64(0.2)
113.9465 	EXP 	stimulus: height = np.float64(0.2)
113.9465 	EXP 	stimulus: text = '>>><>'
113.9465 	EXP 	fixation: autoDraw = True
114.0140 	EXP 	Device response: <KeyPress from None: t=113.91678959999999, value=left, duration=0.08608670000000984>
114.4464 	EXP 	fixation: autoDraw = False
114.4464 	EXP 	stimulus: autoDraw = True
117.3815 	DATA 	Keypress: left
117.3971 	EXP 	Device response: <KeyPress from None: t=117.3807191, value=left, duration=None>
117.3975 	EXP 	New trial (rep=11, index=2): <Trial 46 (2 in rep 11) data={'trialno': np.int64(4), 'Condition': 'I', 'Stimulus': '<<><<', 'Target': '> ', 'Correct_resp': 'right', 'thisN': 46, 'thisTrialN': 2, 'thisRepN': 11}>
117.4131 	INFO 	Keyboard events cleared
117.4130 	EXP 	fixation: autoDraw = False
117.4130 	EXP 	stimulus: autoDraw = False
117.4130 	EXP 	stimulus: height = np.float64(0.2)
117.4130 	EXP 	stimulus: height = np.float64(0.2)
117.4130 	EXP 	stimulus: height = np.float64(0.2)
117.4130 	EXP 	stimulus: text = '<<><<'
117.4130 	EXP 	fixation: autoDraw = True
117.4635 	EXP 	Device response: <KeyPress from None: t=117.3807191, value=left, duration=0.0773005000000353>
117.8962 	EXP 	stimulus: autoDraw = True
117.9131 	EXP 	fixation: autoDraw = False
119.7970 	EXP 	Device response: <KeyPress from None: t=119.78620600000002, value=right, duration=None>
119.7974 	EXP 	New trial (rep=11, index=3): <Trial 47 (3 in rep 11) data={'trialno': np.int64(2), 'Condition': 'C', 'Stimulus': '>>>>>', 'Target': '> ', 'Correct_resp': 'right', 'thisN': 47, 'thisTrialN': 3, 'thisRepN': 11}>
119.8014 	DATA 	Keypress: right
119.8132 	INFO 	Keyboard events cleared
119.8130 	EXP 	fixation: autoDraw = False
119.8130 	EXP 	stimulus: autoDraw = False
119.8130 	EXP 	stimulus: height = np.float64(0.2)
119.8130 	EXP 	stimulus: height = np.float64(0.2)
119.8130 	EXP 	stimulus: height = np.float64(0.2)
119.8130 	EXP 	stimulus: text = '>>>>>'
119.8130 	EXP 	fixation: autoDraw = True
119.8471 	EXP 	Device response: <KeyPress from None: t=119.78620600000002, value=right, duration=0.05808009999998376>
120.2964 	EXP 	stimulus: autoDraw = True
120.3133 	EXP 	fixation: autoDraw = False
123.3301 	EXP 	Device response: <KeyPress from None: t=123.3235918, value=right, duration=None>
123.3304 	EXP 	New trial (rep=12, index=0): <Trial 48 (0 in rep 12) data={'trialno': np.int64(2), 'Condition': 'C', 'Stimulus': '>>>>>', 'Target': '> ', 'Correct_resp': 'right', 'thisN': 48, 'thisTrialN': 0, 'thisRepN': 12}>
123.3316 	DATA 	Keypress: right
123.3465 	INFO 	Keyboard events cleared
123.3464 	EXP 	fixation: autoDraw = False
123.3464 	EXP 	stimulus: autoDraw = False
123.3464 	EXP 	stimulus: text = '>>>>>'
123.3464 	EXP 	fixation: autoDraw = True
123.3970 	EXP 	Device response: <KeyPress from None: t=123.3235918, value=right, duration=0.056478599999991275>
123.8302 	EXP 	stimulus: autoDraw = True
123.8466 	EXP 	fixation: autoDraw = False
124.5971 	EXP 	Device response: <KeyPress from None: t=124.58082500000003, value=right, duration=None>
124.5974 	EXP 	New trial (rep=12, index=1): <Trial 49 (1 in rep 12) data={'trialno': np.int64(4), 'Condition': 'I', 'Stimulus': '<<><<', 'Target': '> ', 'Correct_resp': 'right', 'thisN': 49, 'thisTrialN': 1, 'thisRepN': 12}>
124.6023 	DATA 	Keypress: right
124.6127 	INFO 	Keyboard events cleared
124.6125 	EXP 	fixation: autoDraw = False
124.6125 	EXP 	stimulus: autoDraw = False
124.6125 	EXP 	stimulus: height = np.float64(0.2)
124.6125 	EXP 	stimulus: height = np.float64(0.2)
124.6125 	EXP 	stimulus: height = np.float64(0.2)
124.6125 	EXP 	stimulus: text = '<<><<'
124.6125 	EXP 	fixation: autoDraw = True
124.6636 	EXP 	Device response: <KeyPress from None: t=124.58082500000003, value=right, duration=0.07249079999996866>
125.0966 	EXP 	stimulus: autoDraw = True
125.1131 	EXP 	fixation: autoDraw = False
127.1303 	EXP 	Device response: <KeyPress from None: t=127.1276637, value=left, duration=None>
127.1306 	EXP 	New trial (rep=12, index=2): <Trial 50 (2 in rep 12) data={'trialno': np.int64(1), 'Condition': 'C', 'Stimulus': '<<<<<', 'Target': '<', 'Correct_resp': 'left', 'thisN': 50, 'thisTrialN': 2, 'thisRepN': 12}>
127.1343 	DATA 	Keypress: left
127.1465 	INFO 	Keyboard events cleared
127.1464 	EXP 	fixation: autoDraw = False
127.1464 	EXP 	stimulus: autoDraw = False
127.1464 	EXP 	stimulus: height = np.float64(0.2)
127.1464 	EXP 	stimulus: height = np.float64(0.2)
127.1464 	EXP 	stimulus: height = np.float64(0.2)
127.1464 	EXP 	stimulus: text = '<<<<<'
127.1464 	EXP 	fixation: autoDraw = True
127.1968 	EXP 	Device response: <KeyPress from None: t=127.1276637, value=left, duration=0.05279819999998381>
127.6298 	EXP 	stimulus: autoDraw = True
127.6466 	EXP 	fixation: autoDraw = False
128.7985 	EXP 	Device response: <KeyPress from None: t=128.7832536, value=left, duration=None>
128.7989 	EXP 	New trial (rep=12, index=3): <Trial 51 (3 in rep 12) data={'trialno': np.int64(3), 'Condition': 'I', 'Stimulus': '>>><>', 'Target': '<', 'Correct_resp': 'left', 'thisN': 51, 'thisTrialN': 3, 'thisRepN': 12}>
128.8037 	DATA 	Keypress: left
128.8162 	INFO 	Keyboard events cleared
128.8159 	EXP 	fixation: autoDraw = False
128.8159 	EXP 	stimulus: autoDraw = False
128.8159 	EXP 	stimulus: height = np.float64(0.2)
128.8159 	EXP 	stimulus: height = np.float64(0.2)
128.8159 	EXP 	stimulus: height = np.float64(0.2)
128.8159 	EXP 	stimulus: text = '>>><>'
128.8159 	EXP 	fixation: autoDraw = True
128.8807 	EXP 	Device response: <KeyPress from None: t=128.7832536, value=left, duration=0.08156610000003184>
129.3133 	EXP 	stimulus: autoDraw = True
129.3299 	EXP 	fixation: autoDraw = False
133.2784 	EXP 	Device response: <KeyPress from None: t=133.27188910000004, value=left, duration=None>
133.2789 	EXP 	New trial (rep=13, index=0): <Trial 52 (0 in rep 13) data={'trialno': np.int64(3), 'Condition': 'I', 'Stimulus': '>>><>', 'Target': '<', 'Correct_resp': 'left', 'thisN': 52, 'thisTrialN': 0, 'thisRepN': 13}>
133.2800 	DATA 	Keypress: left
133.2948 	INFO 	Keyboard events cleared
133.2947 	EXP 	fixation: autoDraw = False
133.2947 	EXP 	stimulus: autoDraw = False
133.2947 	EXP 	stimulus: text = '>>><>'
133.2947 	EXP 	fixation: autoDraw = True
133.3454 	EXP 	Device response: <KeyPress from None: t=133.27188910000004, value=left, duration=0.06248789999995097>
133.7785 	EXP 	stimulus: autoDraw = True
133.7952 	EXP 	fixation: autoDraw = False
135.4449 	EXP 	Device response: <KeyPress from None: t=135.43666140000002, value=left, duration=None>
135.4453 	EXP 	New trial (rep=13, index=1): <Trial 53 (1 in rep 13) data={'trialno': np.int64(1), 'Condition': 'C', 'Stimulus': '<<<<<', 'Target': '<', 'Correct_resp': 'left', 'thisN': 53, 'thisTrialN': 1, 'thisRepN': 13}>
135.4507 	DATA 	Keypress: left
135.4611 	INFO 	Keyboard events cleared
135.4609 	EXP 	fixation: autoDraw = False
135.4609 	EXP 	stimulus: autoDraw = False
135.4609 	EXP 	stimulus: height = np.float64(0.2)
135.4609 	EXP 	stimulus: height = np.float64(0.2)
135.4609 	EXP 	stimulus: height = np.float64(0.2)
135.4609 	EXP 	stimulus: text = '<<<<<'
135.4609 	EXP 	fixation: autoDraw = True
135.5281 	EXP 	Device response: <KeyPress from None: t=135.43666140000002, value=left, duration=0.07901199999997743>
135.9447 	EXP 	stimulus: autoDraw = True
135.9618 	EXP 	fixation: autoDraw = False
137.3451 	EXP 	Device response: <KeyPress from None: t=137.33393730000003, value=left, duration=None>
137.3454 	EXP 	New trial (rep=13, index=2): <Trial 54 (2 in rep 13) data={'trialno': np.int64(2), 'Condition': 'C', 'Stimulus': '>>>>>', 'Target': '> ', 'Correct_resp': 'right', 'thisN': 54, 'thisTrialN': 2, 'thisRepN': 13}>
137.3486 	DATA 	Keypress: left
137.3613 	INFO 	Keyboard events cleared
137.3611 	EXP 	fixation: autoDraw = False
137.3611 	EXP 	stimulus: autoDraw = False
137.3611 	EXP 	stimulus: height = np.float64(0.2)
137.3611 	EXP 	stimulus: height = np.float64(0.2)
137.3611 	EXP 	stimulus: height = np.float64(0.2)
137.3611 	EXP 	stimulus: text = '>>>>>'
137.3611 	EXP 	fixation: autoDraw = True
137.4116 	EXP 	Device response: <KeyPress from None: t=137.33393730000003, value=left, duration=0.07227349999999433>
137.8444 	EXP 	stimulus: autoDraw = True
137.8618 	EXP 	fixation: autoDraw = False
138.7452 	EXP 	Device response: <KeyPress from None: t=138.7423964, value=right, duration=None>
138.7454 	EXP 	New trial (rep=13, index=3): <Trial 55 (3 in rep 13) data={'trialno': np.int64(4), 'Condition': 'I', 'Stimulus': '<<><<', 'Target': '> ', 'Correct_resp': 'right', 'thisN': 55, 'thisTrialN': 3, 'thisRepN': 13}>
138.7497 	DATA 	Keypress: right
138.7612 	INFO 	Keyboard events cleared
138.7611 	EXP 	fixation: autoDraw = False
138.7611 	EXP 	stimulus: autoDraw = False
138.7611 	EXP 	stimulus: height = np.float64(0.2)
138.7611 	EXP 	stimulus: height = np.float64(0.2)
138.7611 	EXP 	stimulus: height = np.float64(0.2)
138.7611 	EXP 	stimulus: text = '<<><<'
138.7611 	EXP 	fixation: autoDraw = True
138.8627 	EXP 	Device response: <KeyPress from None: t=138.7423964, value=right, duration=0.11539590000000999>
139.2611 	EXP 	fixation: autoDraw = False
139.2611 	EXP 	stimulus: autoDraw = True
141.8809 	EXP 	Device response: <KeyPress from None: t=141.8688322, value=left, duration=None>
141.8813 	EXP 	New trial (rep=14, index=0): <Trial 56 (0 in rep 14) data={'trialno': np.int64(4), 'Condition': 'I', 'Stimulus': '<<><<', 'Target': '> ', 'Correct_resp': 'right', 'thisN': 56, 'thisTrialN': 0, 'thisRepN': 14}>
141.8824 	DATA 	Keypress: left
141.8968 	INFO 	Keyboard events cleared
141.8966 	EXP 	fixation: autoDraw = False
141.8966 	EXP 	stimulus: autoDraw = False
141.8966 	EXP 	stimulus: text = '<<><<'
141.8966 	EXP 	fixation: autoDraw = True
141.9469 	EXP 	Device response: <KeyPress from None: t=141.8688322, value=left, duration=0.06847219999997378>
142.3801 	EXP 	stimulus: autoDraw = True
142.3966 	EXP 	fixation: autoDraw = False
143.6491 	DATA 	Keypress: right
143.6639 	EXP 	Device response: <KeyPress from None: t=143.6478058, value=right, duration=None>
143.6643 	EXP 	New trial (rep=14, index=1): <Trial 57 (1 in rep 14) data={'trialno': np.int64(3), 'Condition': 'I', 'Stimulus': '>>><>', 'Target': '<', 'Correct_resp': 'left', 'thisN': 57, 'thisTrialN': 1, 'thisRepN': 14}>
143.6802 	INFO 	Keyboard events cleared
143.6800 	EXP 	fixation: autoDraw = False
143.6800 	EXP 	stimulus: autoDraw = False
143.6800 	EXP 	stimulus: height = np.float64(0.2)
143.6800 	EXP 	stimulus: height = np.float64(0.2)
143.6800 	EXP 	stimulus: height = np.float64(0.2)
143.6800 	EXP 	stimulus: text = '>>><>'
143.6800 	EXP 	fixation: autoDraw = True
143.7638 	EXP 	Device response: <KeyPress from None: t=143.6478058, value=right, duration=0.10149800000004916>
144.1634 	EXP 	stimulus: autoDraw = True
144.1802 	EXP 	fixation: autoDraw = False
148.3652 	DATA 	Keypress: left
148.3815 	EXP 	Device response: <KeyPress from None: t=148.3644538, value=left, duration=None>
148.3818 	EXP 	New trial (rep=14, index=2): <Trial 58 (2 in rep 14) data={'trialno': np.int64(1), 'Condition': 'C', 'Stimulus': '<<<<<', 'Target': '<', 'Correct_resp': 'left', 'thisN': 58, 'thisTrialN': 2, 'thisRepN': 14}>
148.3978 	INFO 	Keyboard events cleared
148.3976 	EXP 	fixation: autoDraw = False
148.3976 	EXP 	stimulus: autoDraw = False
148.3976 	EXP 	stimulus: height = np.float64(0.2)
148.3976 	EXP 	stimulus: height = np.float64(0.2)
148.3976 	EXP 	stimulus: height = np.float64(0.2)
148.3976 	EXP 	stimulus: text = '<<<<<'
148.3976 	EXP 	fixation: autoDraw = True
148.4470 	EXP 	Device response: <KeyPress from None: t=148.3644538, value=left, duration=0.0696484000000055>
148.8967 	EXP 	fixation: autoDraw = False
148.8967 	EXP 	stimulus: autoDraw = True
150.1638 	EXP 	Device response: <KeyPress from None: t=150.16107130000003, value=left, duration=None>
150.1642 	EXP 	New trial (rep=14, index=3): <Trial 59 (3 in rep 14) data={'trialno': np.int64(2), 'Condition': 'C', 'Stimulus': '>>>>>', 'Target': '> ', 'Correct_resp': 'right', 'thisN': 59, 'thisTrialN': 3, 'thisRepN': 14}>
150.1679 	DATA 	Keypress: left
150.1801 	INFO 	Keyboard events cleared
150.1799 	EXP 	fixation: autoDraw = False
150.1799 	EXP 	stimulus: autoDraw = False
150.1799 	EXP 	stimulus: height = np.float64(0.2)
150.1799 	EXP 	stimulus: height = np.float64(0.2)
150.1799 	EXP 	stimulus: height = np.float64(0.2)
150.1799 	EXP 	stimulus: text = '>>>>>'
150.1799 	EXP 	fixation: autoDraw = True
150.2473 	EXP 	Device response: <KeyPress from None: t=150.16107130000003, value=left, duration=0.0807399999999916>
150.6801 	EXP 	fixation: autoDraw = False
150.6801 	EXP 	stimulus: autoDraw = True
152.1472 	EXP 	Device response: <KeyPress from None: t=152.13459430000003, value=right, duration=None>
152.1476 	EXP 	New trial (rep=15, index=0): <Trial 60 (0 in rep 15) data={'trialno': np.int64(2), 'Condition': 'C', 'Stimulus': '>>>>>', 'Target': '> ', 'Correct_resp': 'right', 'thisN': 60, 'thisTrialN': 0, 'thisRepN': 15}>
152.1488 	DATA 	Keypress: right
152.1637 	INFO 	Keyboard events cleared
152.1635 	EXP 	fixation: autoDraw = False
152.1635 	EXP 	stimulus: autoDraw = False
152.1635 	EXP 	stimulus: text = '>>>>>'
152.1635 	EXP 	fixation: autoDraw = True
152.2640 	EXP 	Device response: <KeyPress from None: t=152.13459430000003, value=right, duration=0.1177244999999516>
152.6469 	EXP 	stimulus: autoDraw = True
152.6634 	EXP 	fixation: autoDraw = False
154.7306 	EXP 	Device response: <KeyPress from None: t=154.7161862, value=right, duration=None>
154.7310 	EXP 	New trial (rep=15, index=1): <Trial 61 (1 in rep 15) data={'trialno': np.int64(4), 'Condition': 'I', 'Stimulus': '<<><<', 'Target': '> ', 'Correct_resp': 'right', 'thisN': 61, 'thisTrialN': 1, 'thisRepN': 15}>
154.7348 	DATA 	Keypress: right
154.7467 	INFO 	Keyboard events cleared
154.7465 	EXP 	fixation: autoDraw = False
154.7465 	EXP 	stimulus: autoDraw = False
154.7465 	EXP 	stimulus: height = np.float64(0.2)
154.7465 	EXP 	stimulus: height = np.float64(0.2)
154.7465 	EXP 	stimulus: height = np.float64(0.2)
154.7465 	EXP 	stimulus: text = '<<><<'
154.7465 	EXP 	fixation: autoDraw = True
154.7972 	EXP 	Device response: <KeyPress from None: t=154.7161862, value=right, duration=0.06815699999998515>
155.2302 	EXP 	stimulus: autoDraw = True
155.2467 	EXP 	fixation: autoDraw = False
158.7640 	EXP 	Device response: <KeyPress from None: t=158.7613441, value=right, duration=None>
158.7644 	EXP 	New trial (rep=15, index=2): <Trial 62 (2 in rep 15) data={'trialno': np.int64(3), 'Condition': 'I', 'Stimulus': '>>><>', 'Target': '<', 'Correct_resp': 'left', 'thisN': 62, 'thisTrialN': 2, 'thisRepN': 15}>
158.7681 	DATA 	Keypress: right
158.7802 	INFO 	Keyboard events cleared
158.7800 	EXP 	fixation: autoDraw = False
158.7800 	EXP 	stimulus: autoDraw = False
158.7800 	EXP 	stimulus: height = np.float64(0.2)
158.7800 	EXP 	stimulus: height = np.float64(0.2)
158.7800 	EXP 	stimulus: height = np.float64(0.2)
158.7800 	EXP 	stimulus: text = '>>><>'
158.7800 	EXP 	fixation: autoDraw = True
158.8475 	EXP 	Device response: <KeyPress from None: t=158.7613441, value=right, duration=0.08420169999999416>
159.2802 	EXP 	fixation: autoDraw = False
159.2802 	EXP 	stimulus: autoDraw = True
162.3633 	EXP 	Device response: <KeyPress from None: t=162.3600385, value=left, duration=None>
162.3636 	EXP 	New trial (rep=15, index=3): <Trial 63 (3 in rep 15) data={'trialno': np.int64(1), 'Condition': 'C', 'Stimulus': '<<<<<', 'Target': '<', 'Correct_resp': 'left', 'thisN': 63, 'thisTrialN': 3, 'thisRepN': 15}>
162.3674 	DATA 	Keypress: left
162.3801 	INFO 	Keyboard events cleared
162.3799 	EXP 	fixation: autoDraw = False
162.3799 	EXP 	stimulus: autoDraw = False
162.3799 	EXP 	stimulus: height = np.float64(0.2)
162.3799 	EXP 	stimulus: height = np.float64(0.2)
162.3799 	EXP 	stimulus: height = np.float64(0.2)
162.3799 	EXP 	stimulus: text = '<<<<<'
162.3799 	EXP 	fixation: autoDraw = True
162.4470 	EXP 	Device response: <KeyPress from None: t=162.3600385, value=left, duration=0.07376779999998462>
162.8633 	EXP 	stimulus: autoDraw = True
162.8802 	EXP 	fixation: autoDraw = False
164.4482 	DATA 	Keypress: left
164.4639 	EXP 	Device response: <KeyPress from None: t=164.44717210000002, value=left, duration=None>
164.4643 	EXP 	New trial (rep=16, index=0): <Trial 64 (0 in rep 16) data={'trialno': np.int64(3), 'Condition': 'I', 'Stimulus': '>>><>', 'Target': '<', 'Correct_resp': 'left', 'thisN': 64, 'thisTrialN': 0, 'thisRepN': 16}>
164.4801 	INFO 	Keyboard events cleared
164.4799 	EXP 	fixation: autoDraw = False
164.4799 	EXP 	stimulus: autoDraw = False
164.4799 	EXP 	stimulus: height = np.float64(0.2)
164.4799 	EXP 	stimulus: height = np.float64(0.2)
164.4799 	EXP 	stimulus: height = np.float64(0.2)
164.4799 	EXP 	stimulus: text = '>>><>'
164.4799 	EXP 	fixation: autoDraw = True
164.5302 	EXP 	Device response: <KeyPress from None: t=164.44717210000002, value=left, duration=0.07398330000000897>
164.9633 	EXP 	stimulus: autoDraw = True
164.9801 	EXP 	fixation: autoDraw = False
166.2153 	DATA 	Keypress: left
166.2303 	EXP 	Device response: <KeyPress from None: t=166.21385060000003, value=left, duration=None>
166.2307 	EXP 	New trial (rep=16, index=1): <Trial 65 (1 in rep 16) data={'trialno': np.int64(4), 'Condition': 'I', 'Stimulus': '<<><<', 'Target': '> ', 'Correct_resp': 'right', 'thisN': 65, 'thisTrialN': 1, 'thisRepN': 16}>
166.2474 	INFO 	Keyboard events cleared
166.2472 	EXP 	fixation: autoDraw = False
166.2472 	EXP 	stimulus: autoDraw = False
166.2472 	EXP 	stimulus: height = np.float64(0.2)
166.2472 	EXP 	stimulus: height = np.float64(0.2)
166.2472 	EXP 	stimulus: height = np.float64(0.2)
166.2472 	EXP 	stimulus: text = '<<><<'
166.2472 	EXP 	fixation: autoDraw = True
166.2974 	EXP 	Device response: <KeyPress from None: t=166.21385060000003, value=left, duration=0.07741959999998471>
166.7301 	EXP 	stimulus: autoDraw = True
166.7466 	EXP 	fixation: autoDraw = False
168.4305 	EXP 	Device response: <KeyPress from None: t=168.4201381, value=right, duration=None>
168.4309 	EXP 	New trial (rep=16, index=2): <Trial 66 (2 in rep 16) data={'trialno': np.int64(1), 'Condition': 'C', 'Stimulus': '<<<<<', 'Target': '<', 'Correct_resp': 'left', 'thisN': 66, 'thisTrialN': 2, 'thisRepN': 16}>
168.4345 	DATA 	Keypress: right
168.4468 	INFO 	Keyboard events cleared
168.4467 	EXP 	fixation: autoDraw = False
168.4467 	EXP 	stimulus: autoDraw = False
168.4467 	EXP 	stimulus: height = np.float64(0.2)
168.4467 	EXP 	stimulus: height = np.float64(0.2)
168.4467 	EXP 	stimulus: height = np.float64(0.2)
168.4467 	EXP 	stimulus: text = '<<<<<'
168.4467 	EXP 	fixation: autoDraw = True
168.5306 	EXP 	Device response: <KeyPress from None: t=168.4201381, value=right, duration=0.09876339999999573>
168.9467 	EXP 	fixation: autoDraw = False
168.9467 	EXP 	stimulus: autoDraw = True
170.0970 	EXP 	Device response: <KeyPress from None: t=170.08603589999998, value=left, duration=None>
170.0973 	EXP 	New trial (rep=16, index=3): <Trial 67 (3 in rep 16) data={'trialno': np.int64(2), 'Condition': 'C', 'Stimulus': '>>>>>', 'Target': '> ', 'Correct_resp': 'right', 'thisN': 67, 'thisTrialN': 3, 'thisRepN': 16}>
170.1015 	DATA 	Keypress: left
170.1135 	INFO 	Keyboard events cleared
170.1133 	EXP 	fixation: autoDraw = False
170.1133 	EXP 	stimulus: autoDraw = False
170.1133 	EXP 	stimulus: height = np.float64(0.2)
170.1133 	EXP 	stimulus: height = np.float64(0.2)
170.1133 	EXP 	stimulus: height = np.float64(0.2)
170.1133 	EXP 	stimulus: text = '>>>>>'
170.1133 	EXP 	fixation: autoDraw = True
170.1971 	EXP 	Device response: <KeyPress from None: t=170.08603589999998, value=left, duration=0.09428230000003168>
170.5967 	EXP 	stimulus: autoDraw = True
170.6135 	EXP 	fixation: autoDraw = False
171.7805 	EXP 	Device response: <KeyPress from None: t=171.76736330000003, value=right, duration=None>
171.7809 	EXP 	New trial (rep=17, index=0): <Trial 68 (0 in rep 17) data={'trialno': np.int64(3), 'Condition': 'I', 'Stimulus': '>>><>', 'Target': '<', 'Correct_resp': 'left', 'thisN': 68, 'thisTrialN': 0, 'thisRepN': 17}>
171.7846 	DATA 	Keypress: right
171.7968 	INFO 	Keyboard events cleared
171.7966 	EXP 	fixation: autoDraw = False
171.7966 	EXP 	stimulus: autoDraw = False
171.7966 	EXP 	stimulus: height = np.float64(0.2)
171.7966 	EXP 	stimulus: height = np.float64(0.2)
171.7966 	EXP 	stimulus: height = np.float64(0.2)
171.7966 	EXP 	stimulus: text = '>>><>'
171.7966 	EXP 	fixation: autoDraw = True
171.8974 	EXP 	Device response: <KeyPress from None: t=171.76736330000003, value=right, duration=0.12547849999998562>
172.2802 	EXP 	stimulus: autoDraw = True
172.2967 	EXP 	fixation: autoDraw = False
174.0804 	EXP 	Device response: <KeyPress from None: t=174.0777502, value=left, duration=None>
174.0807 	EXP 	New trial (rep=17, index=1): <Trial 69 (1 in rep 17) data={'trialno': np.int64(2), 'Condition': 'C', 'Stimulus': '>>>>>', 'Target': '> ', 'Correct_resp': 'right', 'thisN': 69, 'thisTrialN': 1, 'thisRepN': 17}>
174.0843 	DATA 	Keypress: left
174.0968 	INFO 	Keyboard events cleared
174.0966 	EXP 	fixation: autoDraw = False
174.0966 	EXP 	stimulus: autoDraw = False
174.0966 	EXP 	stimulus: height = np.float64(0.2)
174.0966 	EXP 	stimulus: height = np.float64(0.2)
174.0966 	EXP 	stimulus: height = np.float64(0.2)
174.0966 	EXP 	stimulus: text = '>>>>>'
174.0966 	EXP 	fixation: autoDraw = True
174.1635 	EXP 	Device response: <KeyPress from None: t=174.0777502, value=left, duration=0.0820662000000425>
174.5800 	EXP 	stimulus: autoDraw = True
174.5968 	EXP 	fixation: autoDraw = False
176.2308 	EXP 	Device response: <KeyPress from None: t=176.2280961, value=right, duration=None>
176.2312 	EXP 	New trial (rep=17, index=2): <Trial 70 (2 in rep 17) data={'trialno': np.int64(4), 'Condition': 'I', 'Stimulus': '<<><<', 'Target': '> ', 'Correct_resp': 'right', 'thisN': 70, 'thisTrialN': 2, 'thisRepN': 17}>
176.2357 	DATA 	Keypress: right
176.2467 	INFO 	Keyboard events cleared
176.2465 	EXP 	fixation: autoDraw = False
176.2465 	EXP 	stimulus: autoDraw = False
176.2465 	EXP 	stimulus: height = np.float64(0.2)
176.2465 	EXP 	stimulus: height = np.float64(0.2)
176.2465 	EXP 	stimulus: height = np.float64(0.2)
176.2465 	EXP 	stimulus: text = '<<><<'
176.2465 	EXP 	fixation: autoDraw = True
176.3470 	EXP 	Device response: <KeyPress from None: t=176.2280961, value=right, duration=0.10795550000000276>
176.7466 	EXP 	fixation: autoDraw = False
176.7466 	EXP 	stimulus: autoDraw = True
177.8489 	DATA 	Keypress: right
177.8639 	EXP 	Device response: <KeyPress from None: t=177.84785790000004, value=right, duration=None>
177.8643 	EXP 	New trial (rep=17, index=3): <Trial 71 (3 in rep 17) data={'trialno': np.int64(1), 'Condition': 'C', 'Stimulus': '<<<<<', 'Target': '<', 'Correct_resp': 'left', 'thisN': 71, 'thisTrialN': 3, 'thisRepN': 17}>
177.8803 	INFO 	Keyboard events cleared
177.8801 	EXP 	fixation: autoDraw = False
177.8801 	EXP 	stimulus: autoDraw = False
177.8801 	EXP 	stimulus: height = np.float64(0.2)
177.8801 	EXP 	stimulus: height = np.float64(0.2)
177.8801 	EXP 	stimulus: height = np.float64(0.2)
177.8801 	EXP 	stimulus: text = '<<<<<'
177.8801 	EXP 	fixation: autoDraw = True
177.9637 	EXP 	Device response: <KeyPress from None: t=177.84785790000004, value=right, duration=0.10867459999997209>
178.3636 	EXP 	stimulus: autoDraw = True
178.3801 	EXP 	fixation: autoDraw = False
179.2638 	EXP 	Device response: <KeyPress from None: t=179.2508609, value=left, duration=None>
179.2642 	EXP 	New trial (rep=18, index=0): <Trial 72 (0 in rep 18) data={'trialno': np.int64(2), 'Condition': 'C', 'Stimulus': '>>>>>', 'Target': '> ', 'Correct_resp': 'right', 'thisN': 72, 'thisTrialN': 0, 'thisRepN': 18}>
179.2678 	DATA 	Keypress: left
179.2802 	INFO 	Keyboard events cleared
179.2801 	EXP 	fixation: autoDraw = False
179.2801 	EXP 	stimulus: autoDraw = False
179.2801 	EXP 	stimulus: height = np.float64(0.2)
179.2801 	EXP 	stimulus: height = np.float64(0.2)
179.2801 	EXP 	stimulus: height = np.float64(0.2)
179.2801 	EXP 	stimulus: text = '>>>>>'
179.2801 	EXP 	fixation: autoDraw = True
179.3473 	EXP 	Device response: <KeyPress from None: t=179.2508609, value=left, duration=0.09583520000001045>
179.7802 	EXP 	fixation: autoDraw = False
179.7802 	EXP 	stimulus: autoDraw = True
180.5306 	EXP 	Device response: <KeyPress from None: t=180.51627700000003, value=right, duration=None>
180.5309 	EXP 	New trial (rep=18, index=1): <Trial 73 (1 in rep 18) data={'trialno': np.int64(3), 'Condition': 'I', 'Stimulus': '>>><>', 'Target': '<', 'Correct_resp': 'left', 'thisN': 73, 'thisTrialN': 1, 'thisRepN': 18}>
180.5343 	DATA 	Keypress: right
180.5466 	INFO 	Keyboard events cleared
180.5464 	EXP 	fixation: autoDraw = False
180.5464 	EXP 	stimulus: autoDraw = False
180.5464 	EXP 	stimulus: height = np.float64(0.2)
180.5464 	EXP 	stimulus: height = np.float64(0.2)
180.5464 	EXP 	stimulus: height = np.float64(0.2)
180.5464 	EXP 	stimulus: text = '>>><>'
180.5464 	EXP 	fixation: autoDraw = True
180.5641 	EXP 	Device response: <KeyPress from None: t=180.51627700000003, value=right, duration=0.043161599999962164>
181.0305 	EXP 	stimulus: autoDraw = True
181.0468 	EXP 	fixation: autoDraw = False
182.2803 	EXP 	Device response: <KeyPress from None: t=182.27712550000004, value=left, duration=None>
182.2806 	EXP 	New trial (rep=18, index=2): <Trial 74 (2 in rep 18) data={'trialno': np.int64(4), 'Condition': 'I', 'Stimulus': '<<><<', 'Target': '> ', 'Correct_resp': 'right', 'thisN': 74, 'thisTrialN': 2, 'thisRepN': 18}>
182.2842 	DATA 	Keypress: left
182.2968 	INFO 	Keyboard events cleared
182.2966 	EXP 	fixation: autoDraw = False
182.2966 	EXP 	stimulus: autoDraw = False
182.2966 	EXP 	stimulus: height = np.float64(0.2)
182.2966 	EXP 	stimulus: height = np.float64(0.2)
182.2966 	EXP 	stimulus: height = np.float64(0.2)
182.2966 	EXP 	stimulus: text = '<<><<'
182.2966 	EXP 	fixation: autoDraw = True
182.3481 	EXP 	Device response: <KeyPress from None: t=182.27712550000004, value=left, duration=0.06675609999996368>
182.7799 	EXP 	stimulus: autoDraw = True
182.7965 	EXP 	fixation: autoDraw = False
183.8972 	EXP 	Device response: <KeyPress from None: t=183.893113, value=right, duration=None>
183.8975 	EXP 	New trial (rep=18, index=3): <Trial 75 (3 in rep 18) data={'trialno': np.int64(1), 'Condition': 'C', 'Stimulus': '<<<<<', 'Target': '<', 'Correct_resp': 'left', 'thisN': 75, 'thisTrialN': 3, 'thisRepN': 18}>
183.9010 	DATA 	Keypress: right
183.9129 	INFO 	Keyboard events cleared
183.9127 	EXP 	fixation: autoDraw = False
183.9127 	EXP 	stimulus: autoDraw = False
183.9127 	EXP 	stimulus: height = np.float64(0.2)
183.9127 	EXP 	stimulus: height = np.float64(0.2)
183.9127 	EXP 	stimulus: height = np.float64(0.2)
183.9127 	EXP 	stimulus: text = '<<<<<'
183.9127 	EXP 	fixation: autoDraw = True
184.0137 	EXP 	Device response: <KeyPress from None: t=183.893113, value=right, duration=0.10631200000000263>
184.3968 	EXP 	stimulus: autoDraw = True
184.4134 	EXP 	fixation: autoDraw = False
185.1641 	EXP 	Device response: <KeyPress from None: t=185.16152410000004, value=left, duration=None>
185.1644 	EXP 	New trial (rep=19, index=0): <Trial 76 (0 in rep 19) data={'trialno': np.int64(2), 'Condition': 'C', 'Stimulus': '>>>>>', 'Target': '> ', 'Correct_resp': 'right', 'thisN': 76, 'thisTrialN': 0, 'thisRepN': 19}>
185.1687 	DATA 	Keypress: left
185.1801 	INFO 	Keyboard events cleared
185.1800 	EXP 	fixation: autoDraw = False
185.1800 	EXP 	stimulus: autoDraw = False
185.1800 	EXP 	stimulus: height = np.float64(0.2)
185.1800 	EXP 	stimulus: height = np.float64(0.2)
185.1800 	EXP 	stimulus: height = np.float64(0.2)
185.1800 	EXP 	stimulus: text = '>>>>>'
185.1800 	EXP 	fixation: autoDraw = True
185.2304 	EXP 	Device response: <KeyPress from None: t=185.16152410000004, value=left, duration=0.059881199999949786>
185.6635 	EXP 	stimulus: autoDraw = True
185.6801 	EXP 	fixation: autoDraw = False
186.3643 	DATA 	Keypress: right
186.3797 	EXP 	Device response: <KeyPress from None: t=186.36296560000002, value=right, duration=None>
186.3801 	EXP 	New trial (rep=19, index=1): <Trial 77 (1 in rep 19) data={'trialno': np.int64(4), 'Condition': 'I', 'Stimulus': '<<><<', 'Target': '> ', 'Correct_resp': 'right', 'thisN': 77, 'thisTrialN': 1, 'thisRepN': 19}>
186.3961 	INFO 	Keyboard events cleared
186.3960 	EXP 	fixation: autoDraw = False
186.3960 	EXP 	stimulus: autoDraw = False
186.3960 	EXP 	stimulus: height = np.float64(0.2)
186.3960 	EXP 	stimulus: height = np.float64(0.2)
186.3960 	EXP 	stimulus: height = np.float64(0.2)
186.3960 	EXP 	stimulus: text = '<<><<'
186.3960 	EXP 	fixation: autoDraw = True
186.4469 	EXP 	Device response: <KeyPress from None: t=186.36296560000002, value=right, duration=0.08137189999996508>
186.8801 	EXP 	stimulus: autoDraw = True
186.8970 	EXP 	fixation: autoDraw = False
187.9478 	EXP 	Device response: <KeyPress from None: t=187.9460571, value=right, duration=None>
187.9481 	EXP 	New trial (rep=19, index=2): <Trial 78 (2 in rep 19) data={'trialno': np.int64(1), 'Condition': 'C', 'Stimulus': '<<<<<', 'Target': '<', 'Correct_resp': 'left', 'thisN': 78, 'thisTrialN': 2, 'thisRepN': 19}>
187.9518 	DATA 	Keypress: right
187.9636 	INFO 	Keyboard events cleared
187.9634 	EXP 	fixation: autoDraw = False
187.9634 	EXP 	stimulus: autoDraw = False
187.9634 	EXP 	stimulus: height = np.float64(0.2)
187.9634 	EXP 	stimulus: height = np.float64(0.2)
187.9634 	EXP 	stimulus: height = np.float64(0.2)
187.9634 	EXP 	stimulus: text = '<<<<<'
187.9634 	EXP 	fixation: autoDraw = True
188.0638 	EXP 	Device response: <KeyPress from None: t=187.9460571, value=right, duration=0.10244700000004059>
188.4635 	EXP 	fixation: autoDraw = False
188.4635 	EXP 	stimulus: autoDraw = True
189.4141 	EXP 	Device response: <KeyPress from None: t=189.40390650000003, value=left, duration=None>
189.4145 	EXP 	New trial (rep=19, index=3): <Trial 79 (3 in rep 19) data={'trialno': np.int64(3), 'Condition': 'I', 'Stimulus': '>>><>', 'Target': '<', 'Correct_resp': 'left', 'thisN': 79, 'thisTrialN': 3, 'thisRepN': 19}>
189.4181 	DATA 	Keypress: left
189.4302 	INFO 	Keyboard events cleared
189.4301 	EXP 	fixation: autoDraw = False
189.4301 	EXP 	stimulus: autoDraw = False
189.4301 	EXP 	stimulus: height = np.float64(0.2)
189.4301 	EXP 	stimulus: height = np.float64(0.2)
189.4301 	EXP 	stimulus: height = np.float64(0.2)
189.4301 	EXP 	stimulus: text = '>>><>'
189.4301 	EXP 	fixation: autoDraw = True
189.4806 	EXP 	Device response: <KeyPress from None: t=189.40390650000003, value=left, duration=0.07399369999995997>
189.9301 	EXP 	fixation: autoDraw = False
189.9301 	EXP 	stimulus: autoDraw = True
192.3641 	EXP 	Device response: <KeyPress from None: t=192.3594313, value=left, duration=None>
192.3644 	EXP 	New trial (rep=20, index=0): <Trial 80 (0 in rep 20) data={'trialno': np.int64(2), 'Condition': 'C', 'Stimulus': '>>>>>', 'Target': '> ', 'Correct_resp': 'right', 'thisN': 80, 'thisTrialN': 0, 'thisRepN': 20}>
192.3685 	DATA 	Keypress: left
192.3799 	INFO 	Keyboard events cleared
192.3797 	EXP 	fixation: autoDraw = False
192.3797 	EXP 	stimulus: autoDraw = False
192.3797 	EXP 	stimulus: height = np.float64(0.2)
192.3797 	EXP 	stimulus: height = np.float64(0.2)
192.3797 	EXP 	stimulus: height = np.float64(0.2)
192.3797 	EXP 	stimulus: text = '>>>>>'
192.3797 	EXP 	fixation: autoDraw = True
192.4307 	EXP 	Device response: <KeyPress from None: t=192.3594313, value=left, duration=0.061928299999976844>
192.8636 	EXP 	stimulus: autoDraw = True
192.8803 	EXP 	fixation: autoDraw = False
193.7632 	EXP 	Device response: <KeyPress from None: t=193.74810270000003, value=left, duration=None>
193.7636 	EXP 	New trial (rep=20, index=1): <Trial 81 (1 in rep 20) data={'trialno': np.int64(3), 'Condition': 'I', 'Stimulus': '>>><>', 'Target': '<', 'Correct_resp': 'left', 'thisN': 81, 'thisTrialN': 1, 'thisRepN': 20}>
193.7674 	DATA 	Keypress: left
193.7799 	INFO 	Keyboard events cleared
193.7797 	EXP 	fixation: autoDraw = False
193.7797 	EXP 	stimulus: autoDraw = False
193.7797 	EXP 	stimulus: height = np.float64(0.2)
193.7797 	EXP 	stimulus: height = np.float64(0.2)
193.7797 	EXP 	stimulus: height = np.float64(0.2)
193.7797 	EXP 	stimulus: text = '>>><>'
193.7797 	EXP 	fixation: autoDraw = True
193.8139 	EXP 	Device response: <KeyPress from None: t=193.74810270000003, value=left, duration=0.049442299999952866>
194.2634 	EXP 	stimulus: autoDraw = True
194.2802 	EXP 	fixation: autoDraw = False
195.5972 	EXP 	Device response: <KeyPress from None: t=195.5966468, value=left, duration=None>
195.5975 	EXP 	New trial (rep=20, index=2): <Trial 82 (2 in rep 20) data={'trialno': np.int64(1), 'Condition': 'C', 'Stimulus': '<<<<<', 'Target': '<', 'Correct_resp': 'left', 'thisN': 82, 'thisTrialN': 2, 'thisRepN': 20}>
195.6012 	DATA 	Keypress: left
195.6140 	INFO 	Keyboard events cleared
195.6139 	EXP 	fixation: autoDraw = False
195.6139 	EXP 	stimulus: autoDraw = False
195.6139 	EXP 	stimulus: height = np.float64(0.2)
195.6139 	EXP 	stimulus: height = np.float64(0.2)
195.6139 	EXP 	stimulus: height = np.float64(0.2)
195.6139 	EXP 	stimulus: text = '<<<<<'
195.6139 	EXP 	fixation: autoDraw = True
195.6638 	EXP 	Device response: <KeyPress from None: t=195.5966468, value=left, duration=0.061005500000021584>
196.0969 	EXP 	stimulus: autoDraw = True
196.1139 	EXP 	fixation: autoDraw = False
196.9644 	EXP 	Device response: <KeyPress from None: t=196.9638373, value=right, duration=None>
196.9648 	EXP 	New trial (rep=20, index=3): <Trial 83 (3 in rep 20) data={'trialno': np.int64(4), 'Condition': 'I', 'Stimulus': '<<><<', 'Target': '> ', 'Correct_resp': 'right', 'thisN': 83, 'thisTrialN': 3, 'thisRepN': 20}>
196.9692 	DATA 	Keypress: right
196.9799 	INFO 	Keyboard events cleared
196.9798 	EXP 	fixation: autoDraw = False
196.9798 	EXP 	stimulus: autoDraw = False
196.9798 	EXP 	stimulus: height = np.float64(0.2)
196.9798 	EXP 	stimulus: height = np.float64(0.2)
196.9798 	EXP 	stimulus: height = np.float64(0.2)
196.9798 	EXP 	stimulus: text = '<<><<'
196.9798 	EXP 	fixation: autoDraw = True
197.0805 	EXP 	Device response: <KeyPress from None: t=196.9638373, value=right, duration=0.10672510000000557>
197.4803 	EXP 	fixation: autoDraw = False
197.4803 	EXP 	stimulus: autoDraw = True
202.3304 	EXP 	Device response: <KeyPress from None: t=202.32762240000002, value=right, duration=None>
202.3308 	EXP 	New trial (rep=21, index=0): <Trial 84 (0 in rep 21) data={'trialno': np.int64(4), 'Condition': 'I', 'Stimulus': '<<><<', 'Target': '> ', 'Correct_resp': 'right', 'thisN': 84, 'thisTrialN': 0, 'thisRepN': 21}>
202.3320 	DATA 	Keypress: right
202.3472 	INFO 	Keyboard events cleared
202.3471 	EXP 	fixation: autoDraw = False
202.3471 	EXP 	stimulus: autoDraw = False
202.3471 	EXP 	stimulus: text = '<<><<'
202.3471 	EXP 	fixation: autoDraw = True
202.4306 	EXP 	Device response: <KeyPress from None: t=202.32762240000002, value=right, duration=0.09850430000000188>
202.8299 	EXP 	stimulus: autoDraw = True
202.8471 	EXP 	fixation: autoDraw = False
203.8478 	EXP 	Device response: <KeyPress from None: t=203.8371771, value=right, duration=None>
203.8481 	EXP 	New trial (rep=21, index=1): <Trial 85 (1 in rep 21) data={'trialno': np.int64(3), 'Condition': 'I', 'Stimulus': '>>><>', 'Target': '<', 'Correct_resp': 'left', 'thisN': 85, 'thisTrialN': 1, 'thisRepN': 21}>
203.8527 	DATA 	Keypress: right
203.8636 	INFO 	Keyboard events cleared
203.8635 	EXP 	fixation: autoDraw = False
203.8635 	EXP 	stimulus: autoDraw = False
203.8635 	EXP 	stimulus: height = np.float64(0.2)
203.8635 	EXP 	stimulus: height = np.float64(0.2)
203.8635 	EXP 	stimulus: height = np.float64(0.2)
203.8635 	EXP 	stimulus: text = '>>><>'
203.8635 	EXP 	fixation: autoDraw = True
203.9476 	EXP 	Device response: <KeyPress from None: t=203.8371771, value=right, duration=0.10445760000004611>
204.3634 	EXP 	fixation: autoDraw = False
204.3634 	EXP 	stimulus: autoDraw = True
205.9138 	EXP 	Device response: <KeyPress from None: t=205.9058204, value=left, duration=None>
205.9141 	EXP 	New trial (rep=21, index=2): <Trial 86 (2 in rep 21) data={'trialno': np.int64(2), 'Condition': 'C', 'Stimulus': '>>>>>', 'Target': '> ', 'Correct_resp': 'right', 'thisN': 86, 'thisTrialN': 2, 'thisRepN': 21}>
205.9178 	DATA 	Keypress: left
205.9305 	INFO 	Keyboard events cleared
205.9303 	EXP 	fixation: autoDraw = False
205.9303 	EXP 	stimulus: autoDraw = False
205.9303 	EXP 	stimulus: height = np.float64(0.2)
205.9303 	EXP 	stimulus: height = np.float64(0.2)
205.9303 	EXP 	stimulus: height = np.float64(0.2)
205.9303 	EXP 	stimulus: text = '>>>>>'
205.9303 	EXP 	fixation: autoDraw = True
205.9807 	EXP 	Device response: <KeyPress from None: t=205.9058204, value=left, duration=0.0605775999999878>
206.4137 	EXP 	stimulus: autoDraw = True
206.4302 	EXP 	fixation: autoDraw = False
207.6141 	EXP 	Device response: <KeyPress from None: t=207.60939900000002, value=right, duration=None>
207.6144 	EXP 	New trial (rep=21, index=3): <Trial 87 (3 in rep 21) data={'trialno': np.int64(1), 'Condition': 'C', 'Stimulus': '<<<<<', 'Target': '<', 'Correct_resp': 'left', 'thisN': 87, 'thisTrialN': 3, 'thisRepN': 21}>
207.6181 	DATA 	Keypress: right
207.6303 	INFO 	Keyboard events cleared
207.6301 	EXP 	fixation: autoDraw = False
207.6301 	EXP 	stimulus: autoDraw = False
207.6301 	EXP 	stimulus: height = np.float64(0.2)
207.6301 	EXP 	stimulus: height = np.float64(0.2)
207.6301 	EXP 	stimulus: height = np.float64(0.2)
207.6301 	EXP 	stimulus: text = '<<<<<'
207.6301 	EXP 	fixation: autoDraw = True
207.7300 	EXP 	Device response: <KeyPress from None: t=207.60939900000002, value=right, duration=0.10826809999997522>
208.1135 	EXP 	stimulus: autoDraw = True
208.1299 	EXP 	fixation: autoDraw = False
209.7302 	EXP 	Device response: <KeyPress from None: t=209.72073500000002, value=left, duration=None>
209.7305 	EXP 	New trial (rep=22, index=0): <Trial 88 (0 in rep 22) data={'trialno': np.int64(1), 'Condition': 'C', 'Stimulus': '<<<<<', 'Target': '<', 'Correct_resp': 'left', 'thisN': 88, 'thisTrialN': 0, 'thisRepN': 22}>
209.7317 	DATA 	Keypress: left
209.7469 	INFO 	Keyboard events cleared
209.7468 	EXP 	fixation: autoDraw = False
209.7468 	EXP 	stimulus: autoDraw = False
209.7468 	EXP 	stimulus: text = '<<<<<'
209.7468 	EXP 	fixation: autoDraw = True
209.8141 	EXP 	Device response: <KeyPress from None: t=209.72073500000002, value=left, duration=0.08406880000001138>
210.2304 	EXP 	stimulus: autoDraw = True
210.2469 	EXP 	fixation: autoDraw = False
210.9310 	EXP 	Device response: <KeyPress from None: t=210.9167401, value=left, duration=None>
210.9313 	EXP 	New trial (rep=22, index=1): <Trial 89 (1 in rep 22) data={'trialno': np.int64(3), 'Condition': 'I', 'Stimulus': '>>><>', 'Target': '<', 'Correct_resp': 'left', 'thisN': 89, 'thisTrialN': 1, 'thisRepN': 22}>
210.9350 	DATA 	Keypress: left
210.9476 	INFO 	Keyboard events cleared
210.9474 	EXP 	fixation: autoDraw = False
210.9474 	EXP 	stimulus: autoDraw = False
210.9474 	EXP 	stimulus: height = np.float64(0.2)
210.9474 	EXP 	stimulus: height = np.float64(0.2)
210.9474 	EXP 	stimulus: height = np.float64(0.2)
210.9474 	EXP 	stimulus: text = '>>><>'
210.9474 	EXP 	fixation: autoDraw = True
210.9974 	EXP 	Device response: <KeyPress from None: t=210.9167401, value=left, duration=0.07490549999999985>
211.4466 	EXP 	fixation: autoDraw = False
211.4466 	EXP 	stimulus: autoDraw = True
213.0148 	EXP 	Device response: <KeyPress from None: t=213.01299450000002, value=left, duration=None>
213.0152 	EXP 	New trial (rep=22, index=2): <Trial 90 (2 in rep 22) data={'trialno': np.int64(2), 'Condition': 'C', 'Stimulus': '>>>>>', 'Target': '> ', 'Correct_resp': 'right', 'thisN': 90, 'thisTrialN': 2, 'thisRepN': 22}>
213.0194 	DATA 	Keypress: left
213.0303 	INFO 	Keyboard events cleared
213.0301 	EXP 	fixation: autoDraw = False
213.0301 	EXP 	stimulus: autoDraw = False
213.0301 	EXP 	stimulus: height = np.float64(0.2)
213.0301 	EXP 	stimulus: height = np.float64(0.2)
213.0301 	EXP 	stimulus: height = np.float64(0.2)
213.0301 	EXP 	stimulus: text = '>>>>>'
213.0301 	EXP 	fixation: autoDraw = True
213.0976 	EXP 	Device response: <KeyPress from None: t=213.01299450000002, value=left, duration=0.07590210000000752>
213.5300 	EXP 	fixation: autoDraw = False
213.5300 	EXP 	stimulus: autoDraw = True
214.4971 	EXP 	Device response: <KeyPress from None: t=214.493209, value=right, duration=None>
214.4974 	EXP 	New trial (rep=22, index=3): <Trial 91 (3 in rep 22) data={'trialno': np.int64(4), 'Condition': 'I', 'Stimulus': '<<><<', 'Target': '> ', 'Correct_resp': 'right', 'thisN': 91, 'thisTrialN': 3, 'thisRepN': 22}>
214.5010 	DATA 	Keypress: right
214.5140 	INFO 	Keyboard events cleared
214.5139 	EXP 	fixation: autoDraw = False
214.5139 	EXP 	stimulus: autoDraw = False
214.5139 	EXP 	stimulus: height = np.float64(0.2)
214.5139 	EXP 	stimulus: height = np.float64(0.2)
214.5139 	EXP 	stimulus: height = np.float64(0.2)
214.5139 	EXP 	stimulus: text = '<<><<'
214.5139 	EXP 	fixation: autoDraw = True
214.6141 	EXP 	Device response: <KeyPress from None: t=214.493209, value=right, duration=0.10527969999998277>
214.9969 	EXP 	stimulus: autoDraw = True
215.0137 	EXP 	fixation: autoDraw = False
216.8981 	EXP 	Device response: <KeyPress from None: t=216.8914516, value=right, duration=None>
216.8984 	EXP 	New trial (rep=23, index=0): <Trial 92 (0 in rep 23) data={'trialno': np.int64(3), 'Condition': 'I', 'Stimulus': '>>><>', 'Target': '<', 'Correct_resp': 'left', 'thisN': 92, 'thisTrialN': 0, 'thisRepN': 23}>
216.9021 	DATA 	Keypress: right
216.9139 	INFO 	Keyboard events cleared
216.9137 	EXP 	fixation: autoDraw = False
216.9137 	EXP 	stimulus: autoDraw = False
216.9137 	EXP 	stimulus: height = np.float64(0.2)
216.9137 	EXP 	stimulus: height = np.float64(0.2)
216.9137 	EXP 	stimulus: height = np.float64(0.2)
216.9137 	EXP 	stimulus: text = '>>><>'
216.9137 	EXP 	fixation: autoDraw = True
216.9975 	EXP 	Device response: <KeyPress from None: t=216.8914516, value=right, duration=0.09769619999997303>
217.4136 	EXP 	fixation: autoDraw = False
217.4136 	EXP 	stimulus: autoDraw = True
218.7308 	EXP 	Device response: <KeyPress from None: t=218.71950840000002, value=left, duration=None>
218.7312 	EXP 	New trial (rep=23, index=1): <Trial 93 (1 in rep 23) data={'trialno': np.int64(4), 'Condition': 'I', 'Stimulus': '<<><<', 'Target': '> ', 'Correct_resp': 'right', 'thisN': 93, 'thisTrialN': 1, 'thisRepN': 23}>
218.7354 	DATA 	Keypress: left
218.7471 	INFO 	Keyboard events cleared
218.7469 	EXP 	fixation: autoDraw = False
218.7469 	EXP 	stimulus: autoDraw = False
218.7469 	EXP 	stimulus: height = np.float64(0.2)
218.7469 	EXP 	stimulus: height = np.float64(0.2)
218.7469 	EXP 	stimulus: height = np.float64(0.2)
218.7469 	EXP 	stimulus: text = '<<><<'
218.7469 	EXP 	fixation: autoDraw = True
218.8303 	EXP 	Device response: <KeyPress from None: t=218.71950840000002, value=left, duration=0.10717890000000807>
219.2305 	EXP 	stimulus: autoDraw = True
219.2470 	EXP 	fixation: autoDraw = False
222.8806 	EXP 	Device response: <KeyPress from None: t=222.8735991, value=left, duration=None>
222.8809 	EXP 	New trial (rep=23, index=2): <Trial 94 (2 in rep 23) data={'trialno': np.int64(1), 'Condition': 'C', 'Stimulus': '<<<<<', 'Target': '<', 'Correct_resp': 'left', 'thisN': 94, 'thisTrialN': 2, 'thisRepN': 23}>
222.8845 	DATA 	Keypress: left
222.8969 	INFO 	Keyboard events cleared
222.8967 	EXP 	fixation: autoDraw = False
222.8967 	EXP 	stimulus: autoDraw = False
222.8967 	EXP 	stimulus: height = np.float64(0.2)
222.8967 	EXP 	stimulus: height = np.float64(0.2)
222.8967 	EXP 	stimulus: height = np.float64(0.2)
222.8967 	EXP 	stimulus: text = '<<<<<'
222.8967 	EXP 	fixation: autoDraw = True
222.9473 	EXP 	Device response: <KeyPress from None: t=222.8735991, value=left, duration=0.07110529999999926>
223.3803 	EXP 	stimulus: autoDraw = True
223.3970 	EXP 	fixation: autoDraw = False
224.3646 	EXP 	Device response: <KeyPress from None: t=224.34880440000003, value=left, duration=None>
224.3650 	EXP 	New trial (rep=23, index=3): <Trial 95 (3 in rep 23) data={'trialno': np.int64(2), 'Condition': 'C', 'Stimulus': '>>>>>', 'Target': '> ', 'Correct_resp': 'right', 'thisN': 95, 'thisTrialN': 3, 'thisRepN': 23}>
224.3686 	DATA 	Keypress: left
224.3805 	INFO 	Keyboard events cleared
224.3803 	EXP 	fixation: autoDraw = False
224.3803 	EXP 	stimulus: autoDraw = False
224.3803 	EXP 	stimulus: height = np.float64(0.2)
224.3803 	EXP 	stimulus: height = np.float64(0.2)
224.3803 	EXP 	stimulus: height = np.float64(0.2)
224.3803 	EXP 	stimulus: text = '>>>>>'
224.3803 	EXP 	fixation: autoDraw = True
224.4145 	EXP 	Device response: <KeyPress from None: t=224.34880440000003, value=left, duration=0.06374589999995806>
224.8801 	EXP 	fixation: autoDraw = False
224.8801 	EXP 	stimulus: autoDraw = True
225.8641 	EXP 	Device response: <KeyPress from None: t=225.86363580000003, value=right, duration=None>
225.8645 	EXP 	New trial (rep=24, index=0): <Trial 96 (0 in rep 24) data={'trialno': np.int64(4), 'Condition': 'I', 'Stimulus': '<<><<', 'Target': '> ', 'Correct_resp': 'right', 'thisN': 96, 'thisTrialN': 0, 'thisRepN': 24}>
225.8687 	DATA 	Keypress: right
225.8804 	INFO 	Keyboard events cleared
225.8802 	EXP 	fixation: autoDraw = False
225.8802 	EXP 	stimulus: autoDraw = False
225.8802 	EXP 	stimulus: height = np.float64(0.2)
225.8802 	EXP 	stimulus: height = np.float64(0.2)
225.8802 	EXP 	stimulus: height = np.float64(0.2)
225.8802 	EXP 	stimulus: text = '<<><<'
225.8802 	EXP 	fixation: autoDraw = True
225.9644 	EXP 	Device response: <KeyPress from None: t=225.86363580000003, value=right, duration=0.10000659999997197>
226.3633 	EXP 	stimulus: autoDraw = True
226.3804 	EXP 	fixation: autoDraw = False
227.6306 	EXP 	Device response: <KeyPress from None: t=227.61958330000002, value=left, duration=None>
227.6310 	EXP 	New trial (rep=24, index=1): <Trial 97 (1 in rep 24) data={'trialno': np.int64(2), 'Condition': 'C', 'Stimulus': '>>>>>', 'Target': '> ', 'Correct_resp': 'right', 'thisN': 97, 'thisTrialN': 1, 'thisRepN': 24}>
227.6346 	DATA 	Keypress: left
227.6467 	INFO 	Keyboard events cleared
227.6466 	EXP 	fixation: autoDraw = False
227.6466 	EXP 	stimulus: autoDraw = False
227.6466 	EXP 	stimulus: height = np.float64(0.2)
227.6466 	EXP 	stimulus: height = np.float64(0.2)
227.6466 	EXP 	stimulus: height = np.float64(0.2)
227.6466 	EXP 	stimulus: text = '>>>>>'
227.6466 	EXP 	fixation: autoDraw = True
227.7807 	EXP 	Device response: <KeyPress from None: t=227.61958330000002, value=left, duration=0.15280430000001388>
228.1304 	EXP 	stimulus: autoDraw = True
228.1474 	EXP 	fixation: autoDraw = False
229.3152 	DATA 	Keypress: right
229.3311 	EXP 	Device response: <KeyPress from None: t=229.31458740000002, value=right, duration=None>
229.3315 	EXP 	New trial (rep=24, index=2): <Trial 98 (2 in rep 24) data={'trialno': np.int64(1), 'Condition': 'C', 'Stimulus': '<<<<<', 'Target': '<', 'Correct_resp': 'left', 'thisN': 98, 'thisTrialN': 2, 'thisRepN': 24}>
229.3470 	INFO 	Keyboard events cleared
229.3468 	EXP 	fixation: autoDraw = False
229.3468 	EXP 	stimulus: autoDraw = False
229.3468 	EXP 	stimulus: height = np.float64(0.2)
229.3468 	EXP 	stimulus: height = np.float64(0.2)
229.3468 	EXP 	stimulus: height = np.float64(0.2)
229.3468 	EXP 	stimulus: text = '<<<<<'
229.3468 	EXP 	fixation: autoDraw = True
229.4143 	EXP 	Device response: <KeyPress from None: t=229.31458740000002, value=right, duration=0.08732049999997571>
229.8472 	EXP 	fixation: autoDraw = False
229.8472 	EXP 	stimulus: autoDraw = True
230.6308 	EXP 	Device response: <KeyPress from None: t=230.61757910000003, value=left, duration=None>
230.6312 	EXP 	New trial (rep=24, index=3): <Trial 99 (3 in rep 24) data={'trialno': np.int64(3), 'Condition': 'I', 'Stimulus': '>>><>', 'Target': '<', 'Correct_resp': 'left', 'thisN': 99, 'thisTrialN': 3, 'thisRepN': 24}>
230.6355 	DATA 	Keypress: left
230.6471 	INFO 	Keyboard events cleared
230.6469 	EXP 	fixation: autoDraw = False
230.6469 	EXP 	stimulus: autoDraw = False
230.6469 	EXP 	stimulus: height = np.float64(0.2)
230.6469 	EXP 	stimulus: height = np.float64(0.2)
230.6469 	EXP 	stimulus: height = np.float64(0.2)
230.6469 	EXP 	stimulus: text = '>>><>'
230.6469 	EXP 	fixation: autoDraw = True
230.7809 	EXP 	Device response: <KeyPress from None: t=230.61757910000003, value=left, duration=0.14889909999999418>
231.1304 	EXP 	stimulus: autoDraw = True
231.1472 	EXP 	fixation: autoDraw = False
234.0140 	EXP 	Device response: <KeyPress from None: t=234.0107151, value=left, duration=None>
234.0151 	DATA 	Keypress: left
234.0305 	EXP 	fixation: autoDraw = False
234.0305 	EXP 	stimulus: autoDraw = False
234.0307 	EXP 	flankers_task_final: status = STOPPED
234.0738 	INFO 	saved data to 'C:\\Users\\DELL\\Desktop\\psychopie_final\\solo project\\data\\055863_flankers_task_final_2025-11-11_12h33.32.318.csv'
234.0778 	INFO 	saved data to C:\Users\DELL\Desktop\psychopie_final\solo project\data\055863_flankers_task_final_2025-11-11_12h33.32.318.psydat
234.4367 	WARNING 	Stopping key buffers but this could be dangerous ifother keyboards rely on the same.
234.4534 	WARNING 	Stopping key buffers but this could be dangerous ifother keyboards rely on the same.
