11.9081 	INFO 	Loaded monitor calibration from ['2025_08_11 19:48']
11.9335 	WARNING 	User requested fullscreen with size [1024  768], but screen is actually [1920, 1080]. Using actual size
12.2361 	INFO 	Using renderer 'AMD Radeon(TM) Graphics' for graphics
12.2361 	INFO 	OpenGL version supported by driver is 4..
12.3011 	EXP 	Created window1 = Window(allowGUI=False, allowStencil=False, autoLog=True, backendConf=UNKNOWN, backgroundFit=<method-wrapper '__getattribute__' of attributeSetter object at 0x000001D4F207CE20>, backgroundImage=<method-wrapper '__getattribute__' of attributeSetter object at 0x000001D4F207CDC0>, bitsMode=UNKNOWN, blendMode='avg', bpc=(8, 8, 8), color=array([0, 0, 0]), colorSpace='rgb', depthBits=8, fullscr=True, gamma=None, gammaErrorPolicy='raise', infoMsg=UNKNOWN, lms=UNKNOWN, monitor=<psychopy.monitors.calibTools.Monitor object at 0x000001D4F2132680>, multiSample=False, name='window1', numSamples=2, pos=[np.float64(0.0), np.float64(0.0)], screen=0, size=array([1920, 1080]), stencilBits=0, stereo=False, title='PsychoPy', units='height', useFBO=True, useRetina=False, viewOri=0.0, viewPos=None, viewScale=None, waitBlanking=True, winType='pyglet')
12.3012 	EXP 	window1: backgroundImage = ''
12.3012 	EXP 	window1: backgroundFit = 'none'
13.1261 	EXP 	window1: Attempting to measure frame rate of screen (0) ...
13.1261 	EXP 	window1: recordFrameIntervals = False
13.3812 	EXP 	window1: recordFrameIntervals = True
13.5646 	EXP 	Screen (0) actual frame rate measured at 59.91Hz
13.5647 	EXP 	window1: recordFrameIntervals = False
13.6513 	INFO 	keyboard.Keyboard is using ptb backend.
13.6517 	INFO 	keyboard.Keyboard is using ptb backend.
13.6518 	EXP 	delay_discounting: status = STARTED
13.6589 	EXP 	Created fixation = ShapeStim(__class__=<class 'psychopy.visual.shape.ShapeStim'>, anchor=('center', 'center'), autoDraw=False, autoLog=True, closeShape=True, color=method-wrapper(...), colorSpace='rgb', contrast=None, depth=0.0, draggable=False, fillColor=array([1, 1, 1]), fillColorSpace='rgb', fillRGB=array([1, 1, 1]), interpolate=True, lineColor=array([1., 1., 1.]), lineColorSpace='rgb', lineRGB=array([1, 1, 1]), lineWidth=1.0, name='fixation', opacity=1, ori=0.0, pos=array([0., 0.]), size=array([0.05, 0.05]), units='height', vertices=ndarray(...), win=Window(...), windingRule=None)
13.6950 	EXP 	Created text = TextStim(__class__=<class 'psychopy.visual.text.TextStim'>, alignHoriz=method-wrapper(...), alignText='center', alignVert=method-wrapper(...), anchorHoriz='center', anchorVert='center', antialias=True, autoDraw=False, autoLog=True, bold=False, color=array([1., 1., 1.]), colorSpace='rgb', contrast=1.0, depth=-1.0, draggable=False, flipHoriz=False, flipVert=False, font='Arial', fontFiles=[], height=0.05, italic=False, languageStyle='LTR', name='text', opacity=1, ori=0.0, pos=array([0., 0.]), rgb=UNKNOWN, text='', units='height', win=Window(...), wrapWidth=1)
0.0318 	EXP 	Imported conditions.xlsx as conditions, 100 conditions, 3 params
0.0338 	EXP 	New trial (rep=0, index=0): <Trial 0 (0 in rep 0) data={'reward_today': 75, 'future_reward': 92, 'delay': 3, 'thisN': 0, 'thisTrialN': 0, 'thisRepN': 0}>
0.1114 	EXP 	text: height = np.float64(0.05)
0.1114 	EXP 	text: height = np.float64(0.05)
0.1114 	EXP 	text: height = np.float64(0.05)
0.1114 	EXP 	text: text = 'GBP 75 today  or GBP 92 after 3 days'
0.1114 	EXP 	fixation: autoDraw = True
1.0021 	INFO 	Keyboard events cleared
1.0019 	EXP 	text: autoDraw = True
1.1187 	EXP 	fixation: autoDraw = False
7.6936 	EXP 	Device response: <KeyPress from None: t=7.671838600000228, value=l, duration=None>
7.6940 	EXP 	New trial (rep=0, index=1): <Trial 1 (1 in rep 0) data={'reward_today': 69, 'future_reward': 112, 'delay': 150, 'thisN': 1, 'thisTrialN': 1, 'thisRepN': 0}>
7.7042 	DATA 	Keypress: l
7.7117 	EXP 	fixation: autoDraw = False
7.7117 	EXP 	text: autoDraw = False
7.7117 	EXP 	text: height = np.float64(0.05)
7.7117 	EXP 	text: height = np.float64(0.05)
7.7117 	EXP 	text: height = np.float64(0.05)
7.7117 	EXP 	text: text = 'GBP 69 today  or GBP 112 after 150 days'
7.7117 	EXP 	fixation: autoDraw = True
7.7361 	EXP 	Device response: <KeyPress from None: t=7.671838600000228, value=l, duration=0.05963070000007065>
8.7024 	INFO 	Keyboard events cleared
8.7022 	EXP 	text: autoDraw = True
8.7188 	EXP 	fixation: autoDraw = False
10.9693 	EXP 	Device response: <KeyPress from None: t=10.958213700000215, value=l, duration=None>
10.9696 	EXP 	New trial (rep=0, index=2): <Trial 2 (2 in rep 0) data={'reward_today': 29, 'future_reward': 37, 'delay': 10, 'thisN': 2, 'thisTrialN': 2, 'thisRepN': 0}>
10.9755 	DATA 	Keypress: l
10.9850 	EXP 	fixation: autoDraw = False
10.9850 	EXP 	text: autoDraw = False
10.9850 	EXP 	text: height = np.float64(0.05)
10.9850 	EXP 	text: height = np.float64(0.05)
10.9850 	EXP 	text: height = np.float64(0.05)
10.9850 	EXP 	text: text = 'GBP 29 today  or GBP 37 after 10 days'
10.9850 	EXP 	fixation: autoDraw = True
11.1358 	EXP 	Device response: <KeyPress from None: t=10.958213700000215, value=l, duration=0.1683216999999786>
11.9689 	INFO 	Keyboard events cleared
11.9688 	EXP 	text: autoDraw = True
11.9856 	EXP 	fixation: autoDraw = False
15.3524 	EXP 	Device response: <KeyPress from None: t=15.349712400000044, value=l, duration=None>
15.3527 	EXP 	New trial (rep=0, index=3): <Trial 3 (3 in rep 0) data={'reward_today': 55, 'future_reward': 69, 'delay': 14, 'thisN': 3, 'thisTrialN': 3, 'thisRepN': 0}>
15.3608 	DATA 	Keypress: l
15.3684 	EXP 	fixation: autoDraw = False
15.3684 	EXP 	text: autoDraw = False
15.3684 	EXP 	text: height = np.float64(0.05)
15.3684 	EXP 	text: height = np.float64(0.05)
15.3684 	EXP 	text: height = np.float64(0.05)
15.3684 	EXP 	text: text = 'GBP 55 today  or GBP 69 after 14 days'
15.3684 	EXP 	fixation: autoDraw = True
15.5355 	EXP 	Device response: <KeyPress from None: t=15.349712400000044, value=l, duration=0.18268339999985983>
16.3523 	INFO 	Keyboard events cleared
16.3522 	EXP 	text: autoDraw = True
16.3689 	EXP 	fixation: autoDraw = False
18.4695 	EXP 	Device response: <KeyPress from None: t=18.45381320000024, value=t, duration=None>
18.4698 	EXP 	New trial (rep=0, index=4): <Trial 4 (4 in rep 0) data={'reward_today': 49, 'future_reward': 79, 'delay': 88, 'thisN': 4, 'thisTrialN': 4, 'thisRepN': 0}>
18.4801 	DATA 	Keypress: t
18.4882 	EXP 	fixation: autoDraw = False
18.4882 	EXP 	text: autoDraw = False
18.4882 	EXP 	text: height = np.float64(0.05)
18.4882 	EXP 	text: height = np.float64(0.05)
18.4882 	EXP 	text: height = np.float64(0.05)
18.4882 	EXP 	text: text = 'GBP 49 today  or GBP 79 after 88 days'
18.4882 	EXP 	fixation: autoDraw = True
18.5371 	EXP 	Device response: <KeyPress from None: t=18.45381320000024, value=t, duration=0.07201229999964198>
19.4690 	INFO 	Keyboard events cleared
19.4689 	EXP 	text: autoDraw = True
19.5022 	EXP 	fixation: autoDraw = False
19.7691 	EXP 	Device response: <KeyPress from None: t=19.76489219999985, value=ralt, duration=None>
19.7701 	DATA 	Keypress: lctrl
19.7703 	DATA 	Keypress: ralt
19.8025 	EXP 	Device response: <KeyPress from None: t=19.76489219999985, value=ralt, duration=0.03434210000023086>
20.3192 	EXP 	Device response: <KeyPress from None: t=20.308635500000037, value=l, duration=None>
20.3196 	EXP 	New trial (rep=0, index=5): <Trial 5 (5 in rep 0) data={'reward_today': 20, 'future_reward': 50, 'delay': 14, 'thisN': 5, 'thisTrialN': 5, 'thisRepN': 0}>
20.3252 	DATA 	Keypress: l
20.3350 	EXP 	fixation: autoDraw = False
20.3350 	EXP 	text: autoDraw = False
20.3350 	EXP 	text: height = np.float64(0.05)
20.3350 	EXP 	text: height = np.float64(0.05)
20.3350 	EXP 	text: height = np.float64(0.05)
20.3350 	EXP 	text: text = 'GBP 20 today  or GBP 50 after 14 days'
20.3350 	EXP 	fixation: autoDraw = True
20.4529 	EXP 	Device response: <KeyPress from None: t=20.308635500000037, value=l, duration=0.14373900000009598>
21.3190 	INFO 	Keyboard events cleared
21.3188 	EXP 	text: autoDraw = True
21.3355 	EXP 	fixation: autoDraw = False
23.4857 	EXP 	Device response: <KeyPress from None: t=23.470362800000203, value=l, duration=None>
23.4861 	EXP 	New trial (rep=0, index=6): <Trial 6 (6 in rep 0) data={'reward_today': 46, 'future_reward': 63, 'delay': 60, 'thisN': 6, 'thisTrialN': 6, 'thisRepN': 0}>
23.4914 	DATA 	Keypress: l
23.5020 	EXP 	fixation: autoDraw = False
23.5020 	EXP 	text: autoDraw = False
23.5020 	EXP 	text: height = np.float64(0.05)
23.5020 	EXP 	text: height = np.float64(0.05)
23.5020 	EXP 	text: height = np.float64(0.05)
23.5020 	EXP 	text: text = 'GBP 46 today  or GBP 63 after 60 days'
23.5020 	EXP 	fixation: autoDraw = True
23.6528 	EXP 	Device response: <KeyPress from None: t=23.470362800000203, value=l, duration=0.1819946999999047>
24.4859 	INFO 	Keyboard events cleared
24.4857 	EXP 	text: autoDraw = True
24.5022 	EXP 	fixation: autoDraw = False
25.2693 	EXP 	Device response: <KeyPress from None: t=25.26674170000024, value=t, duration=None>
25.2696 	EXP 	New trial (rep=0, index=7): <Trial 7 (7 in rep 0) data={'reward_today': 19, 'future_reward': 109, 'delay': 89, 'thisN': 7, 'thisTrialN': 7, 'thisRepN': 0}>
25.2757 	DATA 	Keypress: t
25.2850 	EXP 	fixation: autoDraw = False
25.2850 	EXP 	text: autoDraw = False
25.2850 	EXP 	text: height = np.float64(0.05)
25.2850 	EXP 	text: height = np.float64(0.05)
25.2850 	EXP 	text: height = np.float64(0.05)
25.2850 	EXP 	text: text = 'GBP 19 today  or GBP 109 after 89 days'
25.2850 	EXP 	fixation: autoDraw = True
25.4528 	EXP 	Device response: <KeyPress from None: t=25.26674170000024, value=t, duration=0.1851558999996996>
26.2690 	INFO 	Keyboard events cleared
26.2689 	EXP 	text: autoDraw = True
26.2852 	EXP 	fixation: autoDraw = False
27.8527 	EXP 	Device response: <KeyPress from None: t=27.838005300000077, value=l, duration=None>
27.8530 	EXP 	New trial (rep=0, index=8): <Trial 8 (8 in rep 0) data={'reward_today': 70, 'future_reward': 105, 'delay': 117, 'thisN': 8, 'thisTrialN': 8, 'thisRepN': 0}>
27.8587 	DATA 	Keypress: l
27.8685 	EXP 	fixation: autoDraw = False
27.8685 	EXP 	text: autoDraw = False
27.8685 	EXP 	text: height = np.float64(0.05)
27.8685 	EXP 	text: height = np.float64(0.05)
27.8685 	EXP 	text: height = np.float64(0.05)
27.8685 	EXP 	text: text = 'GBP 70 today  or GBP 105 after 117 days'
27.8685 	EXP 	fixation: autoDraw = True
28.0026 	EXP 	Device response: <KeyPress from None: t=27.838005300000077, value=l, duration=0.15484960000003412>
28.8523 	INFO 	Keyboard events cleared
28.8522 	EXP 	text: autoDraw = True
28.8688 	EXP 	fixation: autoDraw = False
30.8527 	EXP 	Device response: <KeyPress from None: t=30.838939799999935, value=l, duration=None>
30.8530 	EXP 	New trial (rep=0, index=9): <Trial 9 (9 in rep 0) data={'reward_today': 39, 'future_reward': 46, 'delay': 52, 'thisN': 9, 'thisTrialN': 9, 'thisRepN': 0}>
30.8599 	DATA 	Keypress: l
30.8682 	EXP 	fixation: autoDraw = False
30.8682 	EXP 	text: autoDraw = False
30.8682 	EXP 	text: height = np.float64(0.05)
30.8682 	EXP 	text: height = np.float64(0.05)
30.8682 	EXP 	text: height = np.float64(0.05)
30.8682 	EXP 	text: text = 'GBP 39 today  or GBP 46 after 52 days'
30.8682 	EXP 	fixation: autoDraw = True
31.0030 	EXP 	Device response: <KeyPress from None: t=30.838939799999935, value=l, duration=0.1617765999999392>
31.8525 	INFO 	Keyboard events cleared
31.8524 	EXP 	text: autoDraw = True
31.8690 	EXP 	fixation: autoDraw = False
32.9360 	EXP 	Device response: <KeyPress from None: t=32.93030480000016, value=t, duration=None>
32.9364 	EXP 	New trial (rep=0, index=10): <Trial 10 (10 in rep 0) data={'reward_today': 46, 'future_reward': 52, 'delay': 30, 'thisN': 10, 'thisTrialN': 10, 'thisRepN': 0}>
32.9417 	DATA 	Keypress: t
32.9517 	EXP 	fixation: autoDraw = False
32.9517 	EXP 	text: autoDraw = False
32.9517 	EXP 	text: height = np.float64(0.05)
32.9517 	EXP 	text: height = np.float64(0.05)
32.9517 	EXP 	text: height = np.float64(0.05)
32.9517 	EXP 	text: text = 'GBP 46 today  or GBP 52 after 30 days'
32.9517 	EXP 	fixation: autoDraw = True
33.1524 	EXP 	Device response: <KeyPress from None: t=32.93030480000016, value=t, duration=0.2055990999997448>
33.9358 	INFO 	Keyboard events cleared
33.9356 	EXP 	text: autoDraw = True
33.9523 	EXP 	fixation: autoDraw = False
34.8859 	EXP 	Device response: <KeyPress from None: t=34.87149820000013, value=l, duration=None>
34.8863 	EXP 	New trial (rep=0, index=11): <Trial 11 (11 in rep 0) data={'reward_today': 69, 'future_reward': 94, 'delay': 143, 'thisN': 11, 'thisTrialN': 11, 'thisRepN': 0}>
34.8937 	DATA 	Keypress: l
34.9018 	EXP 	fixation: autoDraw = False
34.9018 	EXP 	text: autoDraw = False
34.9018 	EXP 	text: height = np.float64(0.05)
34.9018 	EXP 	text: height = np.float64(0.05)
34.9018 	EXP 	text: height = np.float64(0.05)
34.9018 	EXP 	text: text = 'GBP 69 today  or GBP 94 after 143 days'
34.9018 	EXP 	fixation: autoDraw = True
35.0358 	EXP 	Device response: <KeyPress from None: t=34.87149820000013, value=l, duration=0.16175109999994675>
35.8857 	INFO 	Keyboard events cleared
35.8855 	EXP 	text: autoDraw = True
35.9022 	EXP 	fixation: autoDraw = False
38.7696 	EXP 	Device response: <KeyPress from None: t=38.76750170000014, value=l, duration=None>
38.7699 	EXP 	New trial (rep=0, index=12): <Trial 12 (12 in rep 0) data={'reward_today': 33, 'future_reward': 56, 'delay': 65, 'thisN': 12, 'thisTrialN': 12, 'thisRepN': 0}>
38.7751 	DATA 	Keypress: l
38.7855 	EXP 	fixation: autoDraw = False
38.7855 	EXP 	text: autoDraw = False
38.7855 	EXP 	text: height = np.float64(0.05)
38.7855 	EXP 	text: height = np.float64(0.05)
38.7855 	EXP 	text: height = np.float64(0.05)
38.7855 	EXP 	text: text = 'GBP 33 today  or GBP 56 after 65 days'
38.7855 	EXP 	fixation: autoDraw = True
38.9360 	EXP 	Device response: <KeyPress from None: t=38.76750170000014, value=l, duration=0.15844979999974385>
39.7690 	INFO 	Keyboard events cleared
39.7688 	EXP 	text: autoDraw = True
39.7855 	EXP 	fixation: autoDraw = False
41.4530 	EXP 	Device response: <KeyPress from None: t=41.451778600000125, value=t, duration=None>
41.4534 	EXP 	New trial (rep=0, index=13): <Trial 13 (13 in rep 0) data={'reward_today': 16, 'future_reward': 27, 'delay': 101, 'thisN': 13, 'thisTrialN': 13, 'thisRepN': 0}>
41.6024 	EXP 	Device response: <KeyPress from None: t=41.451778600000125, value=t, duration=0.13405280000006314>
41.6033 	DATA 	Keypress: t
41.6115 	EXP 	fixation: autoDraw = False
41.6115 	EXP 	text: autoDraw = False
41.6115 	EXP 	text: height = np.float64(0.05)
41.6115 	EXP 	text: height = np.float64(0.05)
41.6115 	EXP 	text: height = np.float64(0.05)
41.6115 	EXP 	text: text = 'GBP 16 today  or GBP 27 after 101 days'
41.6115 	EXP 	fixation: autoDraw = True
42.4692 	INFO 	Keyboard events cleared
42.4690 	EXP 	text: autoDraw = True
42.6202 	EXP 	fixation: autoDraw = False
46.0358 	EXP 	Device response: <KeyPress from None: t=46.03256770000007, value=l, duration=None>
46.0361 	EXP 	New trial (rep=0, index=14): <Trial 14 (14 in rep 0) data={'reward_today': 36, 'future_reward': 88, 'delay': 75, 'thisN': 14, 'thisTrialN': 14, 'thisRepN': 0}>
46.0412 	DATA 	Keypress: l
46.0520 	EXP 	fixation: autoDraw = False
46.0520 	EXP 	text: autoDraw = False
46.0520 	EXP 	text: height = np.float64(0.05)
46.0520 	EXP 	text: height = np.float64(0.05)
46.0520 	EXP 	text: height = np.float64(0.05)
46.0520 	EXP 	text: text = 'GBP 36 today  or GBP 88 after 75 days'
46.0520 	EXP 	fixation: autoDraw = True
46.1526 	EXP 	Device response: <KeyPress from None: t=46.03256770000007, value=l, duration=0.10793419999981779>
47.0357 	INFO 	Keyboard events cleared
47.0355 	EXP 	text: autoDraw = True
47.0521 	EXP 	fixation: autoDraw = False
48.4373 	DATA 	Keypress: l
48.4527 	EXP 	Device response: <KeyPress from None: t=48.4366543000001, value=l, duration=None>
48.4531 	EXP 	New trial (rep=0, index=15): <Trial 15 (15 in rep 0) data={'reward_today': 43, 'future_reward': 63, 'delay': 76, 'thisN': 15, 'thisTrialN': 15, 'thisRepN': 0}>
48.4688 	EXP 	fixation: autoDraw = False
48.4688 	EXP 	text: autoDraw = False
48.4688 	EXP 	text: height = np.float64(0.05)
48.4688 	EXP 	text: height = np.float64(0.05)
48.4688 	EXP 	text: height = np.float64(0.05)
48.4688 	EXP 	text: text = 'GBP 43 today  or GBP 63 after 76 days'
48.4688 	EXP 	fixation: autoDraw = True
48.5355 	EXP 	Device response: <KeyPress from None: t=48.4366543000001, value=l, duration=0.09542659999988246>
49.4523 	INFO 	Keyboard events cleared
49.4522 	EXP 	text: autoDraw = True
49.4689 	EXP 	fixation: autoDraw = False
51.2039 	DATA 	Keypress: l
51.2194 	EXP 	Device response: <KeyPress from None: t=51.20305809999991, value=l, duration=None>
51.2197 	EXP 	New trial (rep=0, index=16): <Trial 16 (16 in rep 0) data={'reward_today': 33, 'future_reward': 58, 'delay': 90, 'thisN': 16, 'thisTrialN': 16, 'thisRepN': 0}>
51.2361 	EXP 	fixation: autoDraw = False
51.2361 	EXP 	text: autoDraw = False
51.2361 	EXP 	text: height = np.float64(0.05)
51.2361 	EXP 	text: height = np.float64(0.05)
51.2361 	EXP 	text: height = np.float64(0.05)
51.2361 	EXP 	text: text = 'GBP 33 today  or GBP 58 after 90 days'
51.2361 	EXP 	fixation: autoDraw = True
51.3859 	EXP 	Device response: <KeyPress from None: t=51.20305809999991, value=l, duration=0.16902380000010453>
52.2192 	INFO 	Keyboard events cleared
52.2191 	EXP 	text: autoDraw = True
52.2356 	EXP 	fixation: autoDraw = False
53.1693 	EXP 	Device response: <KeyPress from None: t=53.15496269999994, value=t, duration=None>
53.1696 	EXP 	New trial (rep=0, index=17): <Trial 17 (17 in rep 0) data={'reward_today': 26, 'future_reward': 59, 'delay': 60, 'thisN': 17, 'thisTrialN': 17, 'thisRepN': 0}>
53.1751 	DATA 	Keypress: t
53.1851 	EXP 	fixation: autoDraw = False
53.1851 	EXP 	text: autoDraw = False
53.1851 	EXP 	text: height = np.float64(0.05)
53.1851 	EXP 	text: height = np.float64(0.05)
53.1851 	EXP 	text: height = np.float64(0.05)
53.1851 	EXP 	text: text = 'GBP 26 today  or GBP 59 after 60 days'
53.1851 	EXP 	fixation: autoDraw = True
53.3690 	EXP 	Device response: <KeyPress from None: t=53.15496269999994, value=t, duration=0.21146249999992506>
54.1690 	INFO 	Keyboard events cleared
54.1689 	EXP 	text: autoDraw = True
54.1856 	EXP 	fixation: autoDraw = False
55.8194 	EXP 	Device response: <KeyPress from None: t=55.81036159999985, value=l, duration=None>
55.8198 	EXP 	New trial (rep=0, index=18): <Trial 18 (18 in rep 0) data={'reward_today': 63, 'future_reward': 101, 'delay': 131, 'thisN': 18, 'thisTrialN': 18, 'thisRepN': 0}>
55.8251 	DATA 	Keypress: l
55.8351 	EXP 	fixation: autoDraw = False
55.8351 	EXP 	text: autoDraw = False
55.8351 	EXP 	text: height = np.float64(0.05)
55.8351 	EXP 	text: height = np.float64(0.05)
55.8351 	EXP 	text: height = np.float64(0.05)
55.8351 	EXP 	text: text = 'GBP 63 today  or GBP 101 after 131 days'
55.8351 	EXP 	fixation: autoDraw = True
55.9201 	EXP 	Device response: <KeyPress from None: t=55.81036159999985, value=l, duration=0.10570410000036645>
56.8191 	INFO 	Keyboard events cleared
56.8189 	EXP 	text: autoDraw = True
56.8356 	EXP 	fixation: autoDraw = False
57.6024 	EXP 	Device response: <KeyPress from None: t=57.59523870000021, value=l, duration=None>
57.6028 	EXP 	New trial (rep=0, index=19): <Trial 19 (19 in rep 0) data={'reward_today': 54, 'future_reward': 98, 'delay': 111, 'thisN': 19, 'thisTrialN': 19, 'thisRepN': 0}>
57.6085 	DATA 	Keypress: l
57.6185 	EXP 	fixation: autoDraw = False
57.6185 	EXP 	text: autoDraw = False
57.6185 	EXP 	text: height = np.float64(0.05)
57.6185 	EXP 	text: height = np.float64(0.05)
57.6185 	EXP 	text: height = np.float64(0.05)
57.6185 	EXP 	text: text = 'GBP 54 today  or GBP 98 after 111 days'
57.6185 	EXP 	fixation: autoDraw = True
57.6859 	EXP 	Device response: <KeyPress from None: t=57.59523870000021, value=l, duration=0.084549799999877>
58.6025 	INFO 	Keyboard events cleared
58.6023 	EXP 	text: autoDraw = True
58.6187 	EXP 	fixation: autoDraw = False
59.5360 	EXP 	Device response: <KeyPress from None: t=59.52493090000007, value=t, duration=None>
59.5366 	EXP 	New trial (rep=0, index=20): <Trial 20 (20 in rep 0) data={'reward_today': 11, 'future_reward': 46, 'delay': 21, 'thisN': 20, 'thisTrialN': 20, 'thisRepN': 0}>
59.5423 	DATA 	Keypress: t
59.5518 	EXP 	fixation: autoDraw = False
59.5518 	EXP 	text: autoDraw = False
59.5518 	EXP 	text: height = np.float64(0.05)
59.5518 	EXP 	text: height = np.float64(0.05)
59.5518 	EXP 	text: height = np.float64(0.05)
59.5518 	EXP 	text: text = 'GBP 11 today  or GBP 46 after 21 days'
59.5518 	EXP 	fixation: autoDraw = True
59.7358 	EXP 	Device response: <KeyPress from None: t=59.52493090000007, value=t, duration=0.20817100000022037>
60.5358 	INFO 	Keyboard events cleared
60.5357 	EXP 	text: autoDraw = True
60.5522 	EXP 	fixation: autoDraw = False
66.6198 	EXP 	Device response: <KeyPress from None: t=66.61881500000027, value=l, duration=None>
66.6201 	EXP 	New trial (rep=0, index=21): <Trial 21 (21 in rep 0) data={'reward_today': 54, 'future_reward': 56, 'delay': 90, 'thisN': 21, 'thisTrialN': 21, 'thisRepN': 0}>
66.6262 	DATA 	Keypress: l
66.6351 	EXP 	fixation: autoDraw = False
66.6351 	EXP 	text: autoDraw = False
66.6351 	EXP 	text: height = np.float64(0.05)
66.6351 	EXP 	text: height = np.float64(0.05)
66.6351 	EXP 	text: height = np.float64(0.05)
66.6351 	EXP 	text: text = 'GBP 54 today  or GBP 56 after 90 days'
66.6351 	EXP 	fixation: autoDraw = True
66.8196 	EXP 	Device response: <KeyPress from None: t=66.61881500000027, value=l, duration=0.19760639999958585>
67.6357 	INFO 	Keyboard events cleared
67.6355 	EXP 	fixation: autoDraw = False
67.6355 	EXP 	text: autoDraw = True
70.6193 	EXP 	Device response: <KeyPress from None: t=70.60763529999986, value=t, duration=None>
70.6196 	EXP 	New trial (rep=0, index=22): <Trial 22 (22 in rep 0) data={'reward_today': 59, 'future_reward': 91, 'delay': 7, 'thisN': 22, 'thisTrialN': 22, 'thisRepN': 0}>
70.6259 	DATA 	Keypress: t
70.6352 	EXP 	fixation: autoDraw = False
70.6352 	EXP 	text: autoDraw = False
70.6352 	EXP 	text: height = np.float64(0.05)
70.6352 	EXP 	text: height = np.float64(0.05)
70.6352 	EXP 	text: height = np.float64(0.05)
70.6352 	EXP 	text: text = 'GBP 59 today  or GBP 91 after 7 days'
70.6352 	EXP 	fixation: autoDraw = True
70.8362 	EXP 	Device response: <KeyPress from None: t=70.60763529999986, value=t, duration=0.21212640000021565>
71.6190 	INFO 	Keyboard events cleared
71.6189 	EXP 	text: autoDraw = True
71.6357 	EXP 	fixation: autoDraw = False
72.7045 	DATA 	Keypress: l
72.7194 	EXP 	Device response: <KeyPress from None: t=72.70294100000001, value=l, duration=None>
72.7198 	EXP 	New trial (rep=0, index=23): <Trial 23 (23 in rep 0) data={'reward_today': 20, 'future_reward': 30, 'delay': 30, 'thisN': 23, 'thisTrialN': 23, 'thisRepN': 0}>
72.7355 	EXP 	fixation: autoDraw = False
72.7355 	EXP 	text: autoDraw = False
72.7355 	EXP 	text: height = np.float64(0.05)
72.7355 	EXP 	text: height = np.float64(0.05)
72.7355 	EXP 	text: height = np.float64(0.05)
72.7355 	EXP 	text: text = 'GBP 20 today  or GBP 30 after 30 days'
72.7355 	EXP 	fixation: autoDraw = True
72.8527 	EXP 	Device response: <KeyPress from None: t=72.70294100000001, value=l, duration=0.14726770000015676>
73.7191 	INFO 	Keyboard events cleared
73.7189 	EXP 	text: autoDraw = True
73.7358 	EXP 	fixation: autoDraw = False
74.1528 	EXP 	Device response: <KeyPress from None: t=74.13984810000011, value=t, duration=None>
74.1532 	EXP 	New trial (rep=0, index=24): <Trial 24 (24 in rep 0) data={'reward_today': 45, 'future_reward': 77, 'delay': 94, 'thisN': 24, 'thisTrialN': 24, 'thisRepN': 0}>
74.1584 	DATA 	Keypress: t
74.1688 	EXP 	fixation: autoDraw = False
74.1688 	EXP 	text: autoDraw = False
74.1688 	EXP 	text: height = np.float64(0.05)
74.1688 	EXP 	text: height = np.float64(0.05)
74.1688 	EXP 	text: height = np.float64(0.05)
74.1688 	EXP 	text: text = 'GBP 45 today  or GBP 77 after 94 days'
74.1688 	EXP 	fixation: autoDraw = True
74.3694 	EXP 	Device response: <KeyPress from None: t=74.13984810000011, value=t, duration=0.21429429999989225>
75.1526 	INFO 	Keyboard events cleared
75.1524 	EXP 	text: autoDraw = True
75.1689 	EXP 	fixation: autoDraw = False
75.6194 	EXP 	Device response: <KeyPress from None: t=75.61883940000007, value=l, duration=None>
75.6198 	EXP 	New trial (rep=0, index=25): <Trial 25 (25 in rep 0) data={'reward_today': 42, 'future_reward': 65, 'delay': 60, 'thisN': 25, 'thisTrialN': 25, 'thisRepN': 0}>
75.6256 	DATA 	Keypress: l
75.6354 	EXP 	fixation: autoDraw = False
75.6354 	EXP 	text: autoDraw = False
75.6354 	EXP 	text: height = np.float64(0.05)
75.6354 	EXP 	text: height = np.float64(0.05)
75.6354 	EXP 	text: height = np.float64(0.05)
75.6354 	EXP 	text: text = 'GBP 42 today  or GBP 65 after 60 days'
75.6354 	EXP 	fixation: autoDraw = True
75.8029 	EXP 	Device response: <KeyPress from None: t=75.61883940000007, value=l, duration=0.16855160000022806>
76.6360 	INFO 	Keyboard events cleared
76.6358 	EXP 	fixation: autoDraw = False
76.6358 	EXP 	text: autoDraw = True
77.5706 	DATA 	Keypress: l
77.5862 	EXP 	Device response: <KeyPress from None: t=77.56995039999993, value=l, duration=None>
77.5865 	EXP 	New trial (rep=0, index=26): <Trial 26 (26 in rep 0) data={'reward_today': 22, 'future_reward': 41, 'delay': 17, 'thisN': 26, 'thisTrialN': 26, 'thisRepN': 0}>
77.6024 	EXP 	fixation: autoDraw = False
77.6024 	EXP 	text: autoDraw = False
77.6024 	EXP 	text: height = np.float64(0.05)
77.6024 	EXP 	text: height = np.float64(0.05)
77.6024 	EXP 	text: height = np.float64(0.05)
77.6024 	EXP 	text: text = 'GBP 22 today  or GBP 41 after 17 days'
77.6024 	EXP 	fixation: autoDraw = True
77.7527 	EXP 	Device response: <KeyPress from None: t=77.56995039999993, value=l, duration=0.1674246000002313>
78.5858 	INFO 	Keyboard events cleared
78.5857 	EXP 	text: autoDraw = True
78.6023 	EXP 	fixation: autoDraw = False
80.4191 	EXP 	Device response: <KeyPress from None: t=80.41126230000009, value=l, duration=None>
80.4195 	EXP 	New trial (rep=0, index=27): <Trial 27 (27 in rep 0) data={'reward_today': 38, 'future_reward': 54, 'delay': 64, 'thisN': 27, 'thisTrialN': 27, 'thisRepN': 0}>
80.4254 	DATA 	Keypress: l
80.4350 	EXP 	fixation: autoDraw = False
80.4350 	EXP 	text: autoDraw = False
80.4350 	EXP 	text: height = np.float64(0.05)
80.4350 	EXP 	text: height = np.float64(0.05)
80.4350 	EXP 	text: height = np.float64(0.05)
80.4350 	EXP 	text: text = 'GBP 38 today  or GBP 54 after 64 days'
80.4350 	EXP 	fixation: autoDraw = True
80.5693 	EXP 	Device response: <KeyPress from None: t=80.41126230000009, value=l, duration=0.14823539999997593>
81.4191 	INFO 	Keyboard events cleared
81.4190 	EXP 	text: autoDraw = True
81.4355 	EXP 	fixation: autoDraw = False
82.8028 	EXP 	Device response: <KeyPress from None: t=82.79200059999994, value=t, duration=None>
82.8031 	EXP 	New trial (rep=0, index=28): <Trial 28 (28 in rep 0) data={'reward_today': 33, 'future_reward': 46, 'delay': 90, 'thisN': 28, 'thisTrialN': 28, 'thisRepN': 0}>
82.8082 	DATA 	Keypress: t
82.8188 	EXP 	fixation: autoDraw = False
82.8188 	EXP 	text: autoDraw = False
82.8188 	EXP 	text: height = np.float64(0.05)
82.8188 	EXP 	text: height = np.float64(0.05)
82.8188 	EXP 	text: height = np.float64(0.05)
82.8188 	EXP 	text: text = 'GBP 33 today  or GBP 46 after 90 days'
82.8188 	EXP 	fixation: autoDraw = True
82.9695 	EXP 	Device response: <KeyPress from None: t=82.79200059999994, value=t, duration=0.17703000000028624>
83.8024 	INFO 	Keyboard events cleared
83.8022 	EXP 	text: autoDraw = True
83.8190 	EXP 	fixation: autoDraw = False
84.2708 	DATA 	Keypress: l
84.2858 	EXP 	Device response: <KeyPress from None: t=84.26957119999997, value=l, duration=None>
84.2862 	EXP 	New trial (rep=0, index=29): <Trial 29 (29 in rep 0) data={'reward_today': 20, 'future_reward': 35, 'delay': 30, 'thisN': 29, 'thisTrialN': 29, 'thisRepN': 0}>
84.3023 	EXP 	fixation: autoDraw = False
84.3023 	EXP 	text: autoDraw = False
84.3023 	EXP 	text: height = np.float64(0.05)
84.3023 	EXP 	text: height = np.float64(0.05)
84.3023 	EXP 	text: height = np.float64(0.05)
84.3023 	EXP 	text: text = 'GBP 20 today  or GBP 35 after 30 days'
84.3023 	EXP 	fixation: autoDraw = True
84.4361 	EXP 	Device response: <KeyPress from None: t=84.26957119999997, value=l, duration=0.1543974999999591>
85.2855 	INFO 	Keyboard events cleared
85.2854 	EXP 	text: autoDraw = True
85.3023 	EXP 	fixation: autoDraw = False
86.3195 	EXP 	Device response: <KeyPress from None: t=86.31318469999997, value=l, duration=None>
86.3200 	EXP 	New trial (rep=0, index=30): <Trial 30 (30 in rep 0) data={'reward_today': 24, 'future_reward': 41, 'delay': 45, 'thisN': 30, 'thisTrialN': 30, 'thisRepN': 0}>
86.3251 	DATA 	Keypress: l
86.3352 	EXP 	fixation: autoDraw = False
86.3352 	EXP 	text: autoDraw = False
86.3352 	EXP 	text: height = np.float64(0.05)
86.3352 	EXP 	text: height = np.float64(0.05)
86.3352 	EXP 	text: height = np.float64(0.05)
86.3352 	EXP 	text: text = 'GBP 24 today  or GBP 41 after 45 days'
86.3352 	EXP 	fixation: autoDraw = True
86.4860 	EXP 	Device response: <KeyPress from None: t=86.31318469999997, value=l, duration=0.1633762999999817>
87.3193 	INFO 	Keyboard events cleared
87.3191 	EXP 	text: autoDraw = True
87.3356 	EXP 	fixation: autoDraw = False
88.0699 	EXP 	Device response: <KeyPress from None: t=88.06524889999992, value=t, duration=None>
88.0702 	EXP 	New trial (rep=0, index=31): <Trial 31 (31 in rep 0) data={'reward_today': 40, 'future_reward': 78, 'delay': 20, 'thisN': 31, 'thisTrialN': 31, 'thisRepN': 0}>
88.0757 	DATA 	Keypress: t
88.0850 	EXP 	fixation: autoDraw = False
88.0850 	EXP 	text: autoDraw = False
88.0850 	EXP 	text: height = np.float64(0.05)
88.0850 	EXP 	text: height = np.float64(0.05)
88.0850 	EXP 	text: height = np.float64(0.05)
88.0850 	EXP 	text: text = 'GBP 40 today  or GBP 78 after 20 days'
88.0850 	EXP 	fixation: autoDraw = True
88.2695 	EXP 	Device response: <KeyPress from None: t=88.06524889999992, value=t, duration=0.20139620000009018>
89.0693 	INFO 	Keyboard events cleared
89.0691 	EXP 	text: autoDraw = True
89.0855 	EXP 	fixation: autoDraw = False
90.1191 	EXP 	Device response: <KeyPress from None: t=90.11039359999995, value=l, duration=None>
90.1195 	EXP 	New trial (rep=0, index=32): <Trial 32 (32 in rep 0) data={'reward_today': 16, 'future_reward': 30, 'delay': 14, 'thisN': 32, 'thisTrialN': 32, 'thisRepN': 0}>
90.1249 	DATA 	Keypress: l
90.1357 	EXP 	fixation: autoDraw = False
90.1357 	EXP 	text: autoDraw = False
90.1357 	EXP 	text: height = np.float64(0.05)
90.1357 	EXP 	text: height = np.float64(0.05)
90.1357 	EXP 	text: height = np.float64(0.05)
90.1357 	EXP 	text: text = 'GBP 16 today  or GBP 30 after 14 days'
90.1357 	EXP 	fixation: autoDraw = True
90.2861 	EXP 	Device response: <KeyPress from None: t=90.11039359999995, value=l, duration=0.17336440000008224>
91.1193 	INFO 	Keyboard events cleared
91.1191 	EXP 	text: autoDraw = True
91.1358 	EXP 	fixation: autoDraw = False
93.6207 	DATA 	Keypress: l
93.6359 	EXP 	Device response: <KeyPress from None: t=93.62002119999988, value=l, duration=None>
93.6363 	EXP 	New trial (rep=0, index=33): <Trial 33 (33 in rep 0) data={'reward_today': 37, 'future_reward': 74, 'delay': 81, 'thisN': 33, 'thisTrialN': 33, 'thisRepN': 0}>
93.6522 	EXP 	fixation: autoDraw = False
93.6522 	EXP 	text: autoDraw = False
93.6522 	EXP 	text: height = np.float64(0.05)
93.6522 	EXP 	text: height = np.float64(0.05)
93.6522 	EXP 	text: height = np.float64(0.05)
93.6522 	EXP 	text: text = 'GBP 37 today  or GBP 74 after 81 days'
93.6522 	EXP 	fixation: autoDraw = True
93.7862 	EXP 	Device response: <KeyPress from None: t=93.62002119999988, value=l, duration=0.16354050000018105>
94.6358 	INFO 	Keyboard events cleared
94.6357 	EXP 	text: autoDraw = True
94.6524 	EXP 	fixation: autoDraw = False
97.3543 	DATA 	Keypress: l
97.3694 	EXP 	Device response: <KeyPress from None: t=97.3527683000002, value=l, duration=None>
97.3697 	EXP 	New trial (rep=0, index=34): <Trial 34 (34 in rep 0) data={'reward_today': 65, 'future_reward': 71, 'delay': 83, 'thisN': 34, 'thisTrialN': 34, 'thisRepN': 0}>
97.3861 	EXP 	fixation: autoDraw = False
97.3861 	EXP 	text: autoDraw = False
97.3861 	EXP 	text: height = np.float64(0.05)
97.3861 	EXP 	text: height = np.float64(0.05)
97.3861 	EXP 	text: height = np.float64(0.05)
97.3861 	EXP 	text: text = 'GBP 65 today  or GBP 71 after 83 days'
97.3861 	EXP 	fixation: autoDraw = True
97.4526 	EXP 	Device response: <KeyPress from None: t=97.3527683000002, value=l, duration=0.08893299999999726>
98.3691 	INFO 	Keyboard events cleared
98.3690 	EXP 	text: autoDraw = True
98.3857 	EXP 	fixation: autoDraw = False
99.0526 	EXP 	Device response: <KeyPress from None: t=99.04603550000002, value=t, duration=None>
99.0529 	EXP 	New trial (rep=0, index=35): <Trial 35 (35 in rep 0) data={'reward_today': 59, 'future_reward': 119, 'delay': 127, 'thisN': 35, 'thisTrialN': 35, 'thisRepN': 0}>
99.0588 	DATA 	Keypress: t
99.0686 	EXP 	fixation: autoDraw = False
99.0686 	EXP 	text: autoDraw = False
99.0686 	EXP 	text: height = np.float64(0.05)
99.0686 	EXP 	text: height = np.float64(0.05)
99.0686 	EXP 	text: height = np.float64(0.05)
99.0686 	EXP 	text: text = 'GBP 59 today  or GBP 119 after 127 days'
99.0686 	EXP 	fixation: autoDraw = True
99.2197 	EXP 	Device response: <KeyPress from None: t=99.04603550000002, value=t, duration=0.16245630000003075>
100.0531 	INFO 	Keyboard events cleared
100.0529 	EXP 	text: autoDraw = True
100.0691 	EXP 	fixation: autoDraw = False
101.9531 	EXP 	Device response: <KeyPress from None: t=101.94451019999997, value=l, duration=None>
101.9535 	EXP 	New trial (rep=0, index=36): <Trial 36 (36 in rep 0) data={'reward_today': 74, 'future_reward': 99, 'delay': 131, 'thisN': 36, 'thisTrialN': 36, 'thisRepN': 0}>
101.9588 	DATA 	Keypress: l
101.9686 	EXP 	fixation: autoDraw = False
101.9686 	EXP 	text: autoDraw = False
101.9686 	EXP 	text: height = np.float64(0.05)
101.9686 	EXP 	text: height = np.float64(0.05)
101.9686 	EXP 	text: height = np.float64(0.05)
101.9686 	EXP 	text: text = 'GBP 74 today  or GBP 99 after 131 days'
101.9686 	EXP 	fixation: autoDraw = True
102.1026 	EXP 	Device response: <KeyPress from None: t=101.94451019999997, value=l, duration=0.1484042000001864>
102.9691 	INFO 	Keyboard events cleared
102.9690 	EXP 	fixation: autoDraw = False
102.9690 	EXP 	text: autoDraw = True
103.8528 	EXP 	Device response: <KeyPress from None: t=103.83827250000013, value=t, duration=None>
103.8532 	EXP 	New trial (rep=0, index=37): <Trial 37 (37 in rep 0) data={'reward_today': 32, 'future_reward': 69, 'delay': 60, 'thisN': 37, 'thisTrialN': 37, 'thisRepN': 0}>
103.8602 	DATA 	Keypress: t
103.8686 	EXP 	fixation: autoDraw = False
103.8686 	EXP 	text: autoDraw = False
103.8686 	EXP 	text: height = np.float64(0.05)
103.8686 	EXP 	text: height = np.float64(0.05)
103.8686 	EXP 	text: height = np.float64(0.05)
103.8686 	EXP 	text: text = 'GBP 32 today  or GBP 69 after 60 days'
103.8686 	EXP 	fixation: autoDraw = True
103.9861 	EXP 	Device response: <KeyPress from None: t=103.83827250000013, value=t, duration=0.14523319999989326>
104.8524 	INFO 	Keyboard events cleared
104.8523 	EXP 	text: autoDraw = True
104.8690 	EXP 	fixation: autoDraw = False
107.3038 	EXP 	Device response: <KeyPress from None: t=107.29400570000007, value=l, duration=None>
107.3042 	EXP 	New trial (rep=0, index=38): <Trial 38 (38 in rep 0) data={'reward_today': 59, 'future_reward': 89, 'delay': 100, 'thisN': 38, 'thisTrialN': 38, 'thisRepN': 0}>
107.3096 	DATA 	Keypress: l
107.3195 	EXP 	fixation: autoDraw = False
107.3195 	EXP 	text: autoDraw = False
107.3195 	EXP 	text: height = np.float64(0.05)
107.3195 	EXP 	text: height = np.float64(0.05)
107.3195 	EXP 	text: height = np.float64(0.05)
107.3195 	EXP 	text: text = 'GBP 59 today  or GBP 89 after 100 days'
107.3195 	EXP 	fixation: autoDraw = True
107.4526 	EXP 	Device response: <KeyPress from None: t=107.29400570000007, value=l, duration=0.15596580000010363>
108.3194 	INFO 	Keyboard events cleared
108.3192 	EXP 	fixation: autoDraw = False
108.3192 	EXP 	text: autoDraw = True
109.9028 	EXP 	Device response: <KeyPress from None: t=109.9003031000002, value=l, duration=None>
109.9032 	EXP 	New trial (rep=0, index=39): <Trial 39 (39 in rep 0) data={'reward_today': 49, 'future_reward': 61, 'delay': 50, 'thisN': 39, 'thisTrialN': 39, 'thisRepN': 0}>
109.9092 	DATA 	Keypress: l
109.9186 	EXP 	fixation: autoDraw = False
109.9186 	EXP 	text: autoDraw = False
109.9186 	EXP 	text: height = np.float64(0.05)
109.9186 	EXP 	text: height = np.float64(0.05)
109.9186 	EXP 	text: height = np.float64(0.05)
109.9186 	EXP 	text: text = 'GBP 49 today  or GBP 61 after 50 days'
109.9186 	EXP 	fixation: autoDraw = True
110.0364 	EXP 	Device response: <KeyPress from None: t=109.9003031000002, value=l, duration=0.1345354000000043>
110.9026 	INFO 	Keyboard events cleared
110.9024 	EXP 	text: autoDraw = True
110.9190 	EXP 	fixation: autoDraw = False
112.1210 	DATA 	Keypress: l
112.1362 	EXP 	Device response: <KeyPress from None: t=112.12001039999996, value=l, duration=None>
112.1365 	EXP 	New trial (rep=0, index=40): <Trial 40 (40 in rep 0) data={'reward_today': 72, 'future_reward': 86, 'delay': 79, 'thisN': 40, 'thisTrialN': 40, 'thisRepN': 0}>
112.1521 	EXP 	fixation: autoDraw = False
112.1521 	EXP 	text: autoDraw = False
112.1521 	EXP 	text: height = np.float64(0.05)
112.1521 	EXP 	text: height = np.float64(0.05)
112.1521 	EXP 	text: height = np.float64(0.05)
112.1521 	EXP 	text: text = 'GBP 72 today  or GBP 86 after 79 days'
112.1521 	EXP 	fixation: autoDraw = True
112.2693 	EXP 	Device response: <KeyPress from None: t=112.12001039999996, value=l, duration=0.1386956999999711>
113.1358 	INFO 	Keyboard events cleared
113.1357 	EXP 	text: autoDraw = True
113.1524 	EXP 	fixation: autoDraw = False
114.4538 	EXP 	Device response: <KeyPress from None: t=114.44712460000028, value=l, duration=None>
114.4542 	EXP 	New trial (rep=0, index=41): <Trial 41 (41 in rep 0) data={'reward_today': 24, 'future_reward': 69, 'delay': 7, 'thisN': 41, 'thisTrialN': 41, 'thisRepN': 0}>
114.4603 	DATA 	Keypress: l
114.4686 	EXP 	fixation: autoDraw = False
114.4686 	EXP 	text: autoDraw = False
114.4686 	EXP 	text: height = np.float64(0.05)
114.4686 	EXP 	text: height = np.float64(0.05)
114.4686 	EXP 	text: height = np.float64(0.05)
114.4686 	EXP 	text: text = 'GBP 24 today  or GBP 69 after 7 days'
114.4686 	EXP 	fixation: autoDraw = True
114.6362 	EXP 	Device response: <KeyPress from None: t=114.44712460000028, value=l, duration=0.17277899999999136>
115.4691 	INFO 	Keyboard events cleared
115.4689 	EXP 	fixation: autoDraw = False
115.4689 	EXP 	text: autoDraw = True
117.0689 	EXP 	Device response: <KeyPress from None: t=117.0653741000001, value=t, duration=None>
117.0692 	EXP 	New trial (rep=0, index=42): <Trial 42 (42 in rep 0) data={'reward_today': 20, 'future_reward': 62, 'delay': 60, 'thisN': 42, 'thisTrialN': 42, 'thisRepN': 0}>
117.0743 	DATA 	Keypress: t
117.0857 	EXP 	fixation: autoDraw = False
117.0857 	EXP 	text: autoDraw = False
117.0857 	EXP 	text: height = np.float64(0.05)
117.0857 	EXP 	text: height = np.float64(0.05)
117.0857 	EXP 	text: height = np.float64(0.05)
117.0857 	EXP 	text: text = 'GBP 20 today  or GBP 62 after 60 days'
117.0857 	EXP 	fixation: autoDraw = True
117.2692 	EXP 	Device response: <KeyPress from None: t=117.0653741000001, value=t, duration=0.18721469999991314>
118.0692 	INFO 	Keyboard events cleared
118.0690 	EXP 	text: autoDraw = True
118.0856 	EXP 	fixation: autoDraw = False
118.5198 	EXP 	Device response: <KeyPress from None: t=118.51021410000021, value=l, duration=None>
118.5201 	EXP 	New trial (rep=0, index=43): <Trial 43 (43 in rep 0) data={'reward_today': 17, 'future_reward': 54, 'delay': 64, 'thisN': 43, 'thisTrialN': 43, 'thisRepN': 0}>
118.5280 	DATA 	Keypress: l
118.5359 	EXP 	fixation: autoDraw = False
118.5359 	EXP 	text: autoDraw = False
118.5359 	EXP 	text: height = np.float64(0.05)
118.5359 	EXP 	text: height = np.float64(0.05)
118.5359 	EXP 	text: height = np.float64(0.05)
118.5359 	EXP 	text: text = 'GBP 17 today  or GBP 54 after 64 days'
118.5359 	EXP 	fixation: autoDraw = True
118.7030 	EXP 	Device response: <KeyPress from None: t=118.51021410000021, value=l, duration=0.1774943999998868>
119.5192 	INFO 	Keyboard events cleared
119.5190 	EXP 	text: autoDraw = True
119.5359 	EXP 	fixation: autoDraw = False
120.2196 	EXP 	Device response: <KeyPress from None: t=120.20886879999989, value=l, duration=None>
120.2199 	EXP 	New trial (rep=0, index=44): <Trial 44 (44 in rep 0) data={'reward_today': 47, 'future_reward': 72, 'delay': 87, 'thisN': 44, 'thisTrialN': 44, 'thisRepN': 0}>
120.2254 	DATA 	Keypress: l
120.2352 	EXP 	fixation: autoDraw = False
120.2352 	EXP 	text: autoDraw = False
120.2352 	EXP 	text: height = np.float64(0.05)
120.2352 	EXP 	text: height = np.float64(0.05)
120.2352 	EXP 	text: height = np.float64(0.05)
120.2352 	EXP 	text: text = 'GBP 47 today  or GBP 72 after 87 days'
120.2352 	EXP 	fixation: autoDraw = True
120.3858 	EXP 	Device response: <KeyPress from None: t=120.20886879999989, value=l, duration=0.1695097000001624>
121.2192 	INFO 	Keyboard events cleared
121.2190 	EXP 	text: autoDraw = True
121.2358 	EXP 	fixation: autoDraw = False
121.7529 	EXP 	Device response: <KeyPress from None: t=121.74806790000002, value=l, duration=None>
121.7532 	EXP 	New trial (rep=0, index=45): <Trial 45 (45 in rep 0) data={'reward_today': 77, 'future_reward': 126, 'delay': 143, 'thisN': 45, 'thisTrialN': 45, 'thisRepN': 0}>
121.7592 	DATA 	Keypress: l
121.7687 	EXP 	fixation: autoDraw = False
121.7687 	EXP 	text: autoDraw = False
121.7687 	EXP 	text: height = np.float64(0.05)
121.7687 	EXP 	text: height = np.float64(0.05)
121.7687 	EXP 	text: height = np.float64(0.05)
121.7687 	EXP 	text: text = 'GBP 77 today  or GBP 126 after 143 days'
121.7687 	EXP 	fixation: autoDraw = True
121.9190 	EXP 	Device response: <KeyPress from None: t=121.74806790000002, value=l, duration=0.15490360000012515>
122.7523 	INFO 	Keyboard events cleared
122.7521 	EXP 	text: autoDraw = True
122.7690 	EXP 	fixation: autoDraw = False
124.9527 	EXP 	Device response: <KeyPress from None: t=124.94151980000015, value=l, duration=None>
124.9531 	EXP 	New trial (rep=0, index=46): <Trial 46 (46 in rep 0) data={'reward_today': 57, 'future_reward': 102, 'delay': 132, 'thisN': 46, 'thisTrialN': 46, 'thisRepN': 0}>
124.9585 	DATA 	Keypress: l
124.9694 	EXP 	fixation: autoDraw = False
124.9694 	EXP 	text: autoDraw = False
124.9694 	EXP 	text: height = np.float64(0.05)
124.9694 	EXP 	text: height = np.float64(0.05)
124.9694 	EXP 	text: height = np.float64(0.05)
124.9694 	EXP 	text: text = 'GBP 57 today  or GBP 102 after 132 days'
124.9694 	EXP 	fixation: autoDraw = True
125.1025 	EXP 	Device response: <KeyPress from None: t=124.94151980000015, value=l, duration=0.14618509999991147>
125.9525 	INFO 	Keyboard events cleared
125.9523 	EXP 	text: autoDraw = True
125.9690 	EXP 	fixation: autoDraw = False
127.5693 	EXP 	Device response: <KeyPress from None: t=127.55464370000027, value=l, duration=None>
127.5696 	EXP 	New trial (rep=0, index=47): <Trial 47 (47 in rep 0) data={'reward_today': 13, 'future_reward': 24, 'delay': 14, 'thisN': 47, 'thisTrialN': 47, 'thisRepN': 0}>
127.5754 	DATA 	Keypress: l
127.5854 	EXP 	fixation: autoDraw = False
127.5854 	EXP 	text: autoDraw = False
127.5854 	EXP 	text: height = np.float64(0.05)
127.5854 	EXP 	text: height = np.float64(0.05)
127.5854 	EXP 	text: height = np.float64(0.05)
127.5854 	EXP 	text: text = 'GBP 13 today  or GBP 24 after 14 days'
127.5854 	EXP 	fixation: autoDraw = True
127.7365 	EXP 	Device response: <KeyPress from None: t=127.55464370000027, value=l, duration=0.17062709999981962>
128.5693 	INFO 	Keyboard events cleared
128.5691 	EXP 	text: autoDraw = True
128.5856 	EXP 	fixation: autoDraw = False
129.4197 	EXP 	Device response: <KeyPress from None: t=129.4183250000001, value=t, duration=None>
129.4200 	EXP 	New trial (rep=0, index=48): <Trial 48 (48 in rep 0) data={'reward_today': 66, 'future_reward': 135, 'delay': 14, 'thisN': 48, 'thisTrialN': 48, 'thisRepN': 0}>
129.4252 	DATA 	Keypress: t
129.4361 	EXP 	fixation: autoDraw = False
129.4361 	EXP 	text: autoDraw = False
129.4361 	EXP 	text: height = np.float64(0.05)
129.4361 	EXP 	text: height = np.float64(0.05)
129.4361 	EXP 	text: height = np.float64(0.05)
129.4361 	EXP 	text: text = 'GBP 66 today  or GBP 135 after 14 days'
129.4361 	EXP 	fixation: autoDraw = True
129.5695 	EXP 	Device response: <KeyPress from None: t=129.4183250000001, value=t, duration=0.13702280000006795>
130.4193 	INFO 	Keyboard events cleared
130.4191 	EXP 	text: autoDraw = True
130.4360 	EXP 	fixation: autoDraw = False
131.7859 	EXP 	Device response: <KeyPress from None: t=131.78317190000007, value=l, duration=None>
131.7862 	EXP 	New trial (rep=0, index=49): <Trial 49 (49 in rep 0) data={'reward_today': 70, 'future_reward': 150, 'delay': 14, 'thisN': 49, 'thisTrialN': 49, 'thisRepN': 0}>
131.7921 	DATA 	Keypress: l
131.8020 	EXP 	fixation: autoDraw = False
131.8020 	EXP 	text: autoDraw = False
131.8020 	EXP 	text: height = np.float64(0.05)
131.8020 	EXP 	text: height = np.float64(0.05)
131.8020 	EXP 	text: height = np.float64(0.05)
131.8020 	EXP 	text: text = 'GBP 70 today  or GBP 150 after 14 days'
131.8020 	EXP 	fixation: autoDraw = True
131.8697 	EXP 	Device response: <KeyPress from None: t=131.78317190000007, value=l, duration=0.06908100000009654>
132.7858 	INFO 	Keyboard events cleared
132.7856 	EXP 	text: autoDraw = True
132.8026 	EXP 	fixation: autoDraw = False
134.2100 	DATA 	Keypress: l
134.2237 	EXP 	Device response: <KeyPress from None: t=134.20814870000004, value=l, duration=None>
134.2241 	EXP 	New trial (rep=0, index=50): <Trial 50 (50 in rep 0) data={'reward_today': 49, 'future_reward': 86, 'delay': 45, 'thisN': 50, 'thisTrialN': 50, 'thisRepN': 0}>
134.2441 	EXP 	fixation: autoDraw = False
134.2441 	EXP 	text: autoDraw = False
134.2441 	EXP 	text: height = np.float64(0.05)
134.2441 	EXP 	text: height = np.float64(0.05)
134.2441 	EXP 	text: height = np.float64(0.05)
134.2441 	EXP 	text: text = 'GBP 49 today  or GBP 86 after 45 days'
134.2441 	EXP 	fixation: autoDraw = True
134.3257 	EXP 	Device response: <KeyPress from None: t=134.20814870000004, value=l, duration=0.10291670000015074>
135.2360 	INFO 	Keyboard events cleared
135.2359 	EXP 	text: autoDraw = True
135.2524 	EXP 	fixation: autoDraw = False
138.6373 	DATA 	Keypress: l
138.6529 	EXP 	Device response: <KeyPress from None: t=138.63662049999994, value=l, duration=None>
138.6532 	EXP 	New trial (rep=0, index=51): <Trial 51 (51 in rep 0) data={'reward_today': 60, 'future_reward': 66, 'delay': 90, 'thisN': 51, 'thisTrialN': 51, 'thisRepN': 0}>
138.6690 	EXP 	fixation: autoDraw = False
138.6690 	EXP 	text: autoDraw = False
138.6690 	EXP 	text: height = np.float64(0.05)
138.6690 	EXP 	text: height = np.float64(0.05)
138.6690 	EXP 	text: height = np.float64(0.05)
138.6690 	EXP 	text: text = 'GBP 60 today  or GBP 66 after 90 days'
138.6690 	EXP 	fixation: autoDraw = True
138.8194 	EXP 	Device response: <KeyPress from None: t=138.63662049999994, value=l, duration=0.1734679999999571>
139.6526 	INFO 	Keyboard events cleared
139.6524 	EXP 	text: autoDraw = True
139.6691 	EXP 	fixation: autoDraw = False
140.9862 	EXP 	Device response: <KeyPress from None: t=140.9757883000002, value=l, duration=None>
140.9865 	EXP 	New trial (rep=0, index=52): <Trial 52 (52 in rep 0) data={'reward_today': 64, 'future_reward': 80, 'delay': 76, 'thisN': 52, 'thisTrialN': 52, 'thisRepN': 0}>
140.9918 	DATA 	Keypress: l
141.0026 	EXP 	fixation: autoDraw = False
141.0026 	EXP 	text: autoDraw = False
141.0026 	EXP 	text: height = np.float64(0.05)
141.0026 	EXP 	text: height = np.float64(0.05)
141.0026 	EXP 	text: height = np.float64(0.05)
141.0026 	EXP 	text: text = 'GBP 64 today  or GBP 80 after 76 days'
141.0026 	EXP 	fixation: autoDraw = True
141.1532 	EXP 	Device response: <KeyPress from None: t=140.9757883000002, value=l, duration=0.17510689999971873>
142.0023 	INFO 	Keyboard events cleared
142.0021 	EXP 	fixation: autoDraw = False
142.0021 	EXP 	text: autoDraw = True
145.1041 	DATA 	Keypress: t
145.1196 	EXP 	Device response: <KeyPress from None: t=145.10341629999994, value=t, duration=None>
145.1199 	EXP 	New trial (rep=0, index=53): <Trial 53 (53 in rep 0) data={'reward_today': 42, 'future_reward': 80, 'delay': 3, 'thisN': 53, 'thisTrialN': 53, 'thisRepN': 0}>
145.1351 	EXP 	fixation: autoDraw = False
145.1351 	EXP 	text: autoDraw = False
145.1351 	EXP 	text: height = np.float64(0.05)
145.1351 	EXP 	text: height = np.float64(0.05)
145.1351 	EXP 	text: height = np.float64(0.05)
145.1351 	EXP 	text: text = 'GBP 42 today  or GBP 80 after 3 days'
145.1351 	EXP 	fixation: autoDraw = True
145.3361 	EXP 	Device response: <KeyPress from None: t=145.10341629999994, value=t, duration=0.2168587999999545>
146.1194 	INFO 	Keyboard events cleared
146.1192 	EXP 	text: autoDraw = True
146.1357 	EXP 	fixation: autoDraw = False
148.4864 	EXP 	Device response: <KeyPress from None: t=148.4747768000002, value=l, duration=None>
148.4867 	EXP 	New trial (rep=0, index=54): <Trial 54 (54 in rep 0) data={'reward_today': 60, 'future_reward': 91, 'delay': 112, 'thisN': 54, 'thisTrialN': 54, 'thisRepN': 0}>
148.4923 	DATA 	Keypress: l
148.5022 	EXP 	fixation: autoDraw = False
148.5022 	EXP 	text: autoDraw = False
148.5022 	EXP 	text: height = np.float64(0.05)
148.5022 	EXP 	text: height = np.float64(0.05)
148.5022 	EXP 	text: height = np.float64(0.05)
148.5022 	EXP 	text: text = 'GBP 60 today  or GBP 91 after 112 days'
148.5022 	EXP 	fixation: autoDraw = True
148.6361 	EXP 	Device response: <KeyPress from None: t=148.4747768000002, value=l, duration=0.14447930000005726>
149.4860 	INFO 	Keyboard events cleared
149.4858 	EXP 	text: autoDraw = True
149.5023 	EXP 	fixation: autoDraw = False
150.2862 	EXP 	Device response: <KeyPress from None: t=150.27555080000002, value=l, duration=None>
150.2866 	EXP 	New trial (rep=0, index=55): <Trial 55 (55 in rep 0) data={'reward_today': 78, 'future_reward': 101, 'delay': 30, 'thisN': 55, 'thisTrialN': 55, 'thisRepN': 0}>
150.2926 	DATA 	Keypress: l
150.3019 	EXP 	fixation: autoDraw = False
150.3019 	EXP 	text: autoDraw = False
150.3019 	EXP 	text: height = np.float64(0.05)
150.3019 	EXP 	text: height = np.float64(0.05)
150.3019 	EXP 	text: height = np.float64(0.05)
150.3019 	EXP 	text: text = 'GBP 78 today  or GBP 101 after 30 days'
150.3019 	EXP 	fixation: autoDraw = True
150.4530 	EXP 	Device response: <KeyPress from None: t=150.27555080000002, value=l, duration=0.16109039999992092>
151.2860 	INFO 	Keyboard events cleared
151.2858 	EXP 	text: autoDraw = True
151.3025 	EXP 	fixation: autoDraw = False
152.3033 	EXP 	Device response: <KeyPress from None: t=152.29432720000023, value=t, duration=None>
152.3036 	EXP 	New trial (rep=0, index=56): <Trial 56 (56 in rep 0) data={'reward_today': 50, 'future_reward': 59, 'delay': 40, 'thisN': 56, 'thisTrialN': 56, 'thisRepN': 0}>
152.3088 	DATA 	Keypress: t
152.3189 	EXP 	fixation: autoDraw = False
152.3189 	EXP 	text: autoDraw = False
152.3189 	EXP 	text: height = np.float64(0.05)
152.3189 	EXP 	text: height = np.float64(0.05)
152.3189 	EXP 	text: height = np.float64(0.05)
152.3189 	EXP 	text: text = 'GBP 50 today  or GBP 59 after 40 days'
152.3189 	EXP 	fixation: autoDraw = True
152.5362 	EXP 	Device response: <KeyPress from None: t=152.29432720000023, value=t, duration=0.231199899999865>
153.3193 	INFO 	Keyboard events cleared
153.3192 	EXP 	fixation: autoDraw = False
153.3192 	EXP 	text: autoDraw = True
155.5872 	EXP 	Device response: <KeyPress from None: t=155.57315560000006, value=l, duration=None>
155.5875 	EXP 	New trial (rep=0, index=57): <Trial 57 (57 in rep 0) data={'reward_today': 54, 'future_reward': 76, 'delay': 67, 'thisN': 57, 'thisTrialN': 57, 'thisRepN': 0}>
155.5932 	DATA 	Keypress: l
155.6020 	EXP 	fixation: autoDraw = False
155.6020 	EXP 	text: autoDraw = False
155.6020 	EXP 	text: height = np.float64(0.05)
155.6020 	EXP 	text: height = np.float64(0.05)
155.6020 	EXP 	text: height = np.float64(0.05)
155.6020 	EXP 	text: text = 'GBP 54 today  or GBP 76 after 67 days'
155.6020 	EXP 	fixation: autoDraw = True
155.7365 	EXP 	Device response: <KeyPress from None: t=155.57315560000006, value=l, duration=0.15495580000015252>
156.6027 	INFO 	Keyboard events cleared
156.6025 	EXP 	fixation: autoDraw = False
156.6025 	EXP 	text: autoDraw = True
159.9199 	EXP 	Device response: <KeyPress from None: t=159.91608189999988, value=l, duration=None>
159.9203 	EXP 	New trial (rep=0, index=58): <Trial 58 (58 in rep 0) data={'reward_today': 69, 'future_reward': 90, 'delay': 30, 'thisN': 58, 'thisTrialN': 58, 'thisRepN': 0}>
159.9287 	DATA 	Keypress: l
159.9368 	EXP 	fixation: autoDraw = False
159.9368 	EXP 	text: autoDraw = False
159.9368 	EXP 	text: height = np.float64(0.05)
159.9368 	EXP 	text: height = np.float64(0.05)
159.9368 	EXP 	text: height = np.float64(0.05)
159.9368 	EXP 	text: text = 'GBP 69 today  or GBP 90 after 30 days'
159.9368 	EXP 	fixation: autoDraw = True
160.0362 	EXP 	Device response: <KeyPress from None: t=159.91608189999988, value=l, duration=0.10461060000034195>
160.9359 	INFO 	Keyboard events cleared
160.9357 	EXP 	fixation: autoDraw = False
160.9357 	EXP 	text: autoDraw = True
161.6364 	EXP 	Device response: <KeyPress from None: t=161.63571009999987, value=t, duration=None>
161.6368 	EXP 	New trial (rep=0, index=59): <Trial 59 (59 in rep 0) data={'reward_today': 41, 'future_reward': 45, 'delay': 60, 'thisN': 59, 'thisTrialN': 59, 'thisRepN': 0}>
161.6424 	DATA 	Keypress: t
161.6521 	EXP 	fixation: autoDraw = False
161.6521 	EXP 	text: autoDraw = False
161.6521 	EXP 	text: height = np.float64(0.05)
161.6521 	EXP 	text: height = np.float64(0.05)
161.6521 	EXP 	text: height = np.float64(0.05)
161.6521 	EXP 	text: text = 'GBP 41 today  or GBP 45 after 60 days'
161.6521 	EXP 	fixation: autoDraw = True
161.7861 	EXP 	Device response: <KeyPress from None: t=161.63571009999987, value=t, duration=0.14142380000021149>
162.6359 	INFO 	Keyboard events cleared
162.6357 	EXP 	text: autoDraw = True
162.6528 	EXP 	fixation: autoDraw = False
169.1032 	EXP 	Device response: <KeyPress from None: t=169.10259059999998, value=l, duration=None>
169.1035 	EXP 	New trial (rep=0, index=60): <Trial 60 (60 in rep 0) data={'reward_today': 55, 'future_reward': 69, 'delay': 60, 'thisN': 60, 'thisTrialN': 60, 'thisRepN': 0}>
169.1089 	DATA 	Keypress: l
169.1187 	EXP 	fixation: autoDraw = False
169.1187 	EXP 	text: autoDraw = False
169.1187 	EXP 	text: height = np.float64(0.05)
169.1187 	EXP 	text: height = np.float64(0.05)
169.1187 	EXP 	text: height = np.float64(0.05)
169.1187 	EXP 	text: text = 'GBP 55 today  or GBP 69 after 60 days'
169.1187 	EXP 	fixation: autoDraw = True
169.2196 	EXP 	Device response: <KeyPress from None: t=169.10259059999998, value=l, duration=0.10663019999992684>
170.1193 	INFO 	Keyboard events cleared
170.1191 	EXP 	fixation: autoDraw = False
170.1191 	EXP 	text: autoDraw = True
175.3539 	DATA 	Keypress: t
175.3698 	EXP 	Device response: <KeyPress from None: t=175.35305259999996, value=t, duration=None>
175.3702 	EXP 	New trial (rep=0, index=61): <Trial 61 (61 in rep 0) data={'reward_today': 42, 'future_reward': 52, 'delay': 60, 'thisN': 61, 'thisTrialN': 61, 'thisRepN': 0}>
175.3854 	EXP 	fixation: autoDraw = False
175.3854 	EXP 	text: autoDraw = False
175.3854 	EXP 	text: height = np.float64(0.05)
175.3854 	EXP 	text: height = np.float64(0.05)
175.3854 	EXP 	text: height = np.float64(0.05)
175.3854 	EXP 	text: text = 'GBP 42 today  or GBP 52 after 60 days'
175.3854 	EXP 	fixation: autoDraw = True
175.5026 	EXP 	Device response: <KeyPress from None: t=175.35305259999996, value=t, duration=0.1462957000003371>
176.3859 	INFO 	Keyboard events cleared
176.3858 	EXP 	fixation: autoDraw = False
176.3858 	EXP 	text: autoDraw = True
177.4860 	EXP 	Device response: <KeyPress from None: t=177.4829451999999, value=l, duration=None>
177.4863 	EXP 	New trial (rep=0, index=62): <Trial 62 (62 in rep 0) data={'reward_today': 21, 'future_reward': 44, 'delay': 90, 'thisN': 62, 'thisTrialN': 62, 'thisRepN': 0}>
177.4913 	DATA 	Keypress: l
177.5025 	EXP 	fixation: autoDraw = False
177.5025 	EXP 	text: autoDraw = False
177.5025 	EXP 	text: height = np.float64(0.05)
177.5025 	EXP 	text: height = np.float64(0.05)
177.5025 	EXP 	text: height = np.float64(0.05)
177.5025 	EXP 	text: text = 'GBP 21 today  or GBP 44 after 90 days'
177.5025 	EXP 	fixation: autoDraw = True
177.5530 	EXP 	Device response: <KeyPress from None: t=177.4829451999999, value=l, duration=0.06742160000021613>
178.4858 	INFO 	Keyboard events cleared
178.4857 	EXP 	text: autoDraw = True
178.5024 	EXP 	fixation: autoDraw = False
179.1195 	EXP 	Device response: <KeyPress from None: t=179.11554209999986, value=l, duration=None>
179.1199 	EXP 	New trial (rep=0, index=63): <Trial 63 (63 in rep 0) data={'reward_today': 68, 'future_reward': 101, 'delay': 121, 'thisN': 63, 'thisTrialN': 63, 'thisRepN': 0}>
179.1258 	DATA 	Keypress: l
179.1355 	EXP 	fixation: autoDraw = False
179.1355 	EXP 	text: autoDraw = False
179.1355 	EXP 	text: height = np.float64(0.05)
179.1355 	EXP 	text: height = np.float64(0.05)
179.1355 	EXP 	text: height = np.float64(0.05)
179.1355 	EXP 	text: text = 'GBP 68 today  or GBP 101 after 121 days'
179.1355 	EXP 	fixation: autoDraw = True
179.2538 	EXP 	Device response: <KeyPress from None: t=179.11554209999986, value=l, duration=0.12685870000041177>
180.1197 	INFO 	Keyboard events cleared
180.1196 	EXP 	text: autoDraw = True
180.1359 	EXP 	fixation: autoDraw = False
180.9864 	EXP 	Device response: <KeyPress from None: t=180.97084050000012, value=t, duration=None>
180.9867 	EXP 	New trial (rep=0, index=64): <Trial 64 (64 in rep 0) data={'reward_today': 33, 'future_reward': 41, 'delay': 15, 'thisN': 64, 'thisTrialN': 64, 'thisRepN': 0}>
180.9921 	DATA 	Keypress: t
181.0025 	EXP 	fixation: autoDraw = False
181.0025 	EXP 	text: autoDraw = False
181.0025 	EXP 	text: height = np.float64(0.05)
181.0025 	EXP 	text: height = np.float64(0.05)
181.0025 	EXP 	text: height = np.float64(0.05)
181.0025 	EXP 	text: text = 'GBP 33 today  or GBP 41 after 15 days'
181.0025 	EXP 	fixation: autoDraw = True
181.1861 	EXP 	Device response: <KeyPress from None: t=180.97084050000012, value=t, duration=0.20674349999990227>
182.0025 	INFO 	Keyboard events cleared
182.0022 	EXP 	fixation: autoDraw = False
182.0022 	EXP 	text: autoDraw = True
183.4042 	DATA 	Keypress: l
183.4195 	EXP 	Device response: <KeyPress from None: t=183.4035240000003, value=l, duration=None>
183.4198 	EXP 	New trial (rep=0, index=65): <Trial 65 (65 in rep 0) data={'reward_today': 65, 'future_reward': 70, 'delay': 90, 'thisN': 65, 'thisTrialN': 65, 'thisRepN': 0}>
183.4357 	EXP 	fixation: autoDraw = False
183.4357 	EXP 	text: autoDraw = False
183.4357 	EXP 	text: height = np.float64(0.05)
183.4357 	EXP 	text: height = np.float64(0.05)
183.4357 	EXP 	text: height = np.float64(0.05)
183.4357 	EXP 	text: text = 'GBP 65 today  or GBP 70 after 90 days'
183.4357 	EXP 	fixation: autoDraw = True
183.6027 	EXP 	Device response: <KeyPress from None: t=183.4035240000003, value=l, duration=0.18243399999983012>
184.4193 	INFO 	Keyboard events cleared
184.4191 	EXP 	text: autoDraw = True
184.4360 	EXP 	fixation: autoDraw = False
185.2863 	EXP 	Device response: <KeyPress from None: t=185.27183939999986, value=l, duration=None>
185.2867 	EXP 	New trial (rep=0, index=66): <Trial 66 (66 in rep 0) data={'reward_today': 60, 'future_reward': 118, 'delay': 90, 'thisN': 66, 'thisTrialN': 66, 'thisRepN': 0}>
185.2920 	DATA 	Keypress: l
185.3031 	EXP 	fixation: autoDraw = False
185.3031 	EXP 	text: autoDraw = False
185.3031 	EXP 	text: height = np.float64(0.05)
185.3031 	EXP 	text: height = np.float64(0.05)
185.3031 	EXP 	text: height = np.float64(0.05)
185.3031 	EXP 	text: text = 'GBP 60 today  or GBP 118 after 90 days'
185.3031 	EXP 	fixation: autoDraw = True
185.4528 	EXP 	Device response: <KeyPress from None: t=185.27183939999986, value=l, duration=0.17808500000001004>
186.2859 	INFO 	Keyboard events cleared
186.2858 	EXP 	text: autoDraw = True
186.3025 	EXP 	fixation: autoDraw = False
187.4043 	DATA 	Keypress: l
187.4196 	EXP 	Device response: <KeyPress from None: t=187.40348219999987, value=l, duration=None>
187.4199 	EXP 	New trial (rep=0, index=67): <Trial 67 (67 in rep 0) data={'reward_today': 63, 'future_reward': 135, 'delay': 101, 'thisN': 67, 'thisTrialN': 67, 'thisRepN': 0}>
187.4359 	EXP 	fixation: autoDraw = False
187.4359 	EXP 	text: autoDraw = False
187.4359 	EXP 	text: height = np.float64(0.05)
187.4359 	EXP 	text: height = np.float64(0.05)
187.4359 	EXP 	text: height = np.float64(0.05)
187.4359 	EXP 	text: text = 'GBP 63 today  or GBP 135 after 101 days'
187.4359 	EXP 	fixation: autoDraw = True
187.5695 	EXP 	Device response: <KeyPress from None: t=187.40348219999987, value=l, duration=0.1586701000001085>
188.4193 	INFO 	Keyboard events cleared
188.4192 	EXP 	text: autoDraw = True
188.4358 	EXP 	fixation: autoDraw = False
190.4365 	EXP 	Device response: <KeyPress from None: t=190.43432510000002, value=l, duration=None>
190.4368 	EXP 	New trial (rep=0, index=68): <Trial 68 (68 in rep 0) data={'reward_today': 60, 'future_reward': 112, 'delay': 55, 'thisN': 68, 'thisTrialN': 68, 'thisRepN': 0}>
190.4423 	DATA 	Keypress: l
190.4521 	EXP 	fixation: autoDraw = False
190.4521 	EXP 	text: autoDraw = False
190.4521 	EXP 	text: height = np.float64(0.05)
190.4521 	EXP 	text: height = np.float64(0.05)
190.4521 	EXP 	text: height = np.float64(0.05)
190.4521 	EXP 	text: text = 'GBP 60 today  or GBP 112 after 55 days'
190.4521 	EXP 	fixation: autoDraw = True
190.5696 	EXP 	Device response: <KeyPress from None: t=190.43432510000002, value=l, duration=0.13064750000012282>
191.4360 	INFO 	Keyboard events cleared
191.4359 	EXP 	text: autoDraw = True
191.4527 	EXP 	fixation: autoDraw = False
192.1032 	EXP 	Device response: <KeyPress from None: t=192.1008366000001, value=t, duration=None>
192.1035 	EXP 	New trial (rep=0, index=69): <Trial 69 (69 in rep 0) data={'reward_today': 33, 'future_reward': 46, 'delay': 41, 'thisN': 69, 'thisTrialN': 69, 'thisRepN': 0}>
192.1094 	DATA 	Keypress: t
192.1188 	EXP 	fixation: autoDraw = False
192.1188 	EXP 	text: autoDraw = False
192.1188 	EXP 	text: height = np.float64(0.05)
192.1188 	EXP 	text: height = np.float64(0.05)
192.1188 	EXP 	text: height = np.float64(0.05)
192.1188 	EXP 	text: text = 'GBP 33 today  or GBP 46 after 41 days'
192.1188 	EXP 	fixation: autoDraw = True
192.2859 	EXP 	Device response: <KeyPress from None: t=192.1008366000001, value=t, duration=0.1776639999998224>
193.1193 	INFO 	Keyboard events cleared
193.1191 	EXP 	fixation: autoDraw = False
193.1191 	EXP 	text: autoDraw = True
194.6863 	EXP 	Device response: <KeyPress from None: t=194.67309980000027, value=l, duration=None>
194.6867 	EXP 	New trial (rep=0, index=70): <Trial 70 (70 in rep 0) data={'reward_today': 25, 'future_reward': 50, 'delay': 62, 'thisN': 70, 'thisTrialN': 70, 'thisRepN': 0}>
194.6926 	DATA 	Keypress: l
194.7021 	EXP 	fixation: autoDraw = False
194.7021 	EXP 	text: autoDraw = False
194.7021 	EXP 	text: height = np.float64(0.05)
194.7021 	EXP 	text: height = np.float64(0.05)
194.7021 	EXP 	text: height = np.float64(0.05)
194.7021 	EXP 	text: text = 'GBP 25 today  or GBP 50 after 62 days'
194.7021 	EXP 	fixation: autoDraw = True
194.8363 	EXP 	Device response: <KeyPress from None: t=194.67309980000027, value=l, duration=0.15399529999967854>
195.6860 	INFO 	Keyboard events cleared
195.6858 	EXP 	text: autoDraw = True
195.7026 	EXP 	fixation: autoDraw = False
198.3532 	EXP 	Device response: <KeyPress from None: t=198.3471039000001, value=t, duration=None>
198.3535 	EXP 	New trial (rep=0, index=71): <Trial 71 (71 in rep 0) data={'reward_today': 54, 'future_reward': 99, 'delay': 111, 'thisN': 71, 'thisTrialN': 71, 'thisRepN': 0}>
198.3594 	DATA 	Keypress: t
198.3696 	EXP 	fixation: autoDraw = False
198.3696 	EXP 	text: autoDraw = False
198.3696 	EXP 	text: height = np.float64(0.05)
198.3696 	EXP 	text: height = np.float64(0.05)
198.3696 	EXP 	text: height = np.float64(0.05)
198.3696 	EXP 	text: text = 'GBP 54 today  or GBP 99 after 111 days'
198.3696 	EXP 	fixation: autoDraw = True
198.7360 	EXP 	Device response: <KeyPress from None: t=198.3471039000001, value=t, duration=0.37718089999998483>
199.3528 	INFO 	Keyboard events cleared
199.3527 	EXP 	text: autoDraw = True
199.3693 	EXP 	fixation: autoDraw = False
200.9859 	EXP 	Device response: <KeyPress from None: t=200.97887320000018, value=l, duration=None>
200.9862 	EXP 	New trial (rep=0, index=72): <Trial 72 (72 in rep 0) data={'reward_today': 38, 'future_reward': 61, 'delay': 67, 'thisN': 72, 'thisTrialN': 72, 'thisRepN': 0}>
200.9915 	DATA 	Keypress: l
201.0024 	EXP 	fixation: autoDraw = False
201.0024 	EXP 	text: autoDraw = False
201.0024 	EXP 	text: height = np.float64(0.05)
201.0024 	EXP 	text: height = np.float64(0.05)
201.0024 	EXP 	text: height = np.float64(0.05)
201.0024 	EXP 	text: text = 'GBP 38 today  or GBP 61 after 67 days'
201.0024 	EXP 	fixation: autoDraw = True
201.0359 	EXP 	Device response: <KeyPress from None: t=200.97887320000018, value=l, duration=0.043405299999903946>
201.9862 	INFO 	Keyboard events cleared
201.9860 	EXP 	text: autoDraw = True
202.0025 	EXP 	fixation: autoDraw = False
203.3531 	EXP 	Device response: <KeyPress from None: t=203.34441509999988, value=t, duration=None>
203.3535 	EXP 	New trial (rep=0, index=73): <Trial 73 (73 in rep 0) data={'reward_today': 68, 'future_reward': 93, 'delay': 1, 'thisN': 73, 'thisTrialN': 73, 'thisRepN': 0}>
203.3596 	DATA 	Keypress: t
203.3688 	EXP 	fixation: autoDraw = False
203.3688 	EXP 	text: autoDraw = False
203.3688 	EXP 	text: height = np.float64(0.05)
203.3688 	EXP 	text: height = np.float64(0.05)
203.3688 	EXP 	text: height = np.float64(0.05)
203.3688 	EXP 	text: text = 'GBP 68 today  or GBP 93 after 1 days'
203.3688 	EXP 	fixation: autoDraw = True
203.5197 	EXP 	Device response: <KeyPress from None: t=203.34441509999988, value=t, duration=0.16205700000000434>
204.3528 	INFO 	Keyboard events cleared
204.3526 	EXP 	text: autoDraw = True
204.3692 	EXP 	fixation: autoDraw = False
205.6701 	EXP 	Device response: <KeyPress from None: t=205.6685336999999, value=l, duration=None>
205.6704 	EXP 	New trial (rep=0, index=74): <Trial 74 (74 in rep 0) data={'reward_today': 28, 'future_reward': 33, 'delay': 41, 'thisN': 74, 'thisTrialN': 74, 'thisRepN': 0}>
205.6757 	DATA 	Keypress: l
205.6854 	EXP 	fixation: autoDraw = False
205.6854 	EXP 	text: autoDraw = False
205.6854 	EXP 	text: height = np.float64(0.05)
205.6854 	EXP 	text: height = np.float64(0.05)
205.6854 	EXP 	text: height = np.float64(0.05)
205.6854 	EXP 	text: text = 'GBP 28 today  or GBP 33 after 41 days'
205.6854 	EXP 	fixation: autoDraw = True
205.8862 	EXP 	Device response: <KeyPress from None: t=205.6685336999999, value=l, duration=0.2147797000002356>
206.6858 	INFO 	Keyboard events cleared
206.6857 	EXP 	fixation: autoDraw = False
206.6857 	EXP 	text: autoDraw = True
208.5195 	EXP 	Device response: <KeyPress from None: t=208.50728900000013, value=l, duration=None>
208.5198 	EXP 	New trial (rep=0, index=75): <Trial 75 (75 in rep 0) data={'reward_today': 11, 'future_reward': 24, 'delay': 90, 'thisN': 75, 'thisTrialN': 75, 'thisRepN': 0}>
208.5257 	DATA 	Keypress: l
208.5355 	EXP 	fixation: autoDraw = False
208.5355 	EXP 	text: autoDraw = False
208.5355 	EXP 	text: height = np.float64(0.05)
208.5355 	EXP 	text: height = np.float64(0.05)
208.5355 	EXP 	text: height = np.float64(0.05)
208.5355 	EXP 	text: text = 'GBP 11 today  or GBP 24 after 90 days'
208.5355 	EXP 	fixation: autoDraw = True
208.6699 	EXP 	Device response: <KeyPress from None: t=208.50728900000013, value=l, duration=0.15789029999996274>
209.5194 	INFO 	Keyboard events cleared
209.5192 	EXP 	text: autoDraw = True
209.5355 	EXP 	fixation: autoDraw = False
213.7699 	EXP 	Device response: <KeyPress from None: t=213.7633925, value=l, duration=None>
213.7702 	EXP 	New trial (rep=0, index=76): <Trial 76 (76 in rep 0) data={'reward_today': 32, 'future_reward': 78, 'delay': 14, 'thisN': 76, 'thisTrialN': 76, 'thisRepN': 0}>
213.7752 	DATA 	Keypress: l
213.7858 	EXP 	fixation: autoDraw = False
213.7858 	EXP 	text: autoDraw = False
213.7858 	EXP 	text: height = np.float64(0.05)
213.7858 	EXP 	text: height = np.float64(0.05)
213.7858 	EXP 	text: height = np.float64(0.05)
213.7858 	EXP 	text: text = 'GBP 32 today  or GBP 78 after 14 days'
213.7858 	EXP 	fixation: autoDraw = True
213.8531 	EXP 	Device response: <KeyPress from None: t=213.7633925, value=l, duration=0.08780800000022282>
214.7693 	INFO 	Keyboard events cleared
214.7692 	EXP 	text: autoDraw = True
214.7861 	EXP 	fixation: autoDraw = False
217.7544 	DATA 	Keypress: l
217.7697 	EXP 	Device response: <KeyPress from None: t=217.7527252, value=l, duration=None>
217.7700 	EXP 	New trial (rep=0, index=77): <Trial 77 (77 in rep 0) data={'reward_today': 44, 'future_reward': 83, 'delay': 76, 'thisN': 77, 'thisTrialN': 77, 'thisRepN': 0}>
217.7855 	EXP 	fixation: autoDraw = False
217.7855 	EXP 	text: autoDraw = False
217.7855 	EXP 	text: height = np.float64(0.05)
217.7855 	EXP 	text: height = np.float64(0.05)
217.7855 	EXP 	text: height = np.float64(0.05)
217.7855 	EXP 	text: text = 'GBP 44 today  or GBP 83 after 76 days'
217.7855 	EXP 	fixation: autoDraw = True
217.7861 	EXP 	Device response: <KeyPress from None: t=217.7527252, value=l, duration=0.030723899999884452>
218.7696 	INFO 	Keyboard events cleared
218.7695 	EXP 	text: autoDraw = True
218.7855 	EXP 	fixation: autoDraw = False
220.1865 	EXP 	Device response: <KeyPress from None: t=220.1801888, value=l, duration=None>
220.1868 	EXP 	New trial (rep=0, index=78): <Trial 78 (78 in rep 0) data={'reward_today': 23, 'future_reward': 61, 'delay': 60, 'thisN': 78, 'thisTrialN': 78, 'thisRepN': 0}>
220.1923 	DATA 	Keypress: l
220.2029 	EXP 	fixation: autoDraw = False
220.2029 	EXP 	text: autoDraw = False
220.2029 	EXP 	text: height = np.float64(0.05)
220.2029 	EXP 	text: height = np.float64(0.05)
220.2029 	EXP 	text: height = np.float64(0.05)
220.2029 	EXP 	text: text = 'GBP 23 today  or GBP 61 after 60 days'
220.2029 	EXP 	fixation: autoDraw = True
220.2364 	EXP 	Device response: <KeyPress from None: t=220.1801888, value=l, duration=0.04478300000027957>
221.2027 	INFO 	Keyboard events cleared
221.2025 	EXP 	fixation: autoDraw = False
221.2025 	EXP 	text: autoDraw = True
221.8695 	EXP 	Device response: <KeyPress from None: t=221.8604932000003, value=t, duration=None>
221.8699 	EXP 	New trial (rep=0, index=79): <Trial 79 (79 in rep 0) data={'reward_today': 53, 'future_reward': 76, 'delay': 121, 'thisN': 79, 'thisTrialN': 79, 'thisRepN': 0}>
221.8778 	DATA 	Keypress: t
221.8857 	EXP 	fixation: autoDraw = False
221.8857 	EXP 	text: autoDraw = False
221.8857 	EXP 	text: height = np.float64(0.05)
221.8857 	EXP 	text: height = np.float64(0.05)
221.8857 	EXP 	text: height = np.float64(0.05)
221.8857 	EXP 	text: text = 'GBP 53 today  or GBP 76 after 121 days'
221.8857 	EXP 	fixation: autoDraw = True
222.0528 	EXP 	Device response: <KeyPress from None: t=221.8604932000003, value=t, duration=0.17569149999962974>
222.8691 	INFO 	Keyboard events cleared
222.8690 	EXP 	text: autoDraw = True
222.8859 	EXP 	fixation: autoDraw = False
223.4028 	EXP 	Device response: <KeyPress from None: t=223.39525700000013, value=l, duration=None>
223.4032 	EXP 	New trial (rep=0, index=80): <Trial 80 (80 in rep 0) data={'reward_today': 52, 'future_reward': 67, 'delay': 30, 'thisN': 80, 'thisTrialN': 80, 'thisRepN': 0}>
223.4085 	DATA 	Keypress: l
223.4190 	EXP 	fixation: autoDraw = False
223.4190 	EXP 	text: autoDraw = False
223.4190 	EXP 	text: height = np.float64(0.05)
223.4190 	EXP 	text: height = np.float64(0.05)
223.4190 	EXP 	text: height = np.float64(0.05)
223.4190 	EXP 	text: text = 'GBP 52 today  or GBP 67 after 30 days'
223.4190 	EXP 	fixation: autoDraw = True
223.5531 	EXP 	Device response: <KeyPress from None: t=223.39525700000013, value=l, duration=0.14946740000004866>
224.4028 	INFO 	Keyboard events cleared
224.4026 	EXP 	text: autoDraw = True
224.4195 	EXP 	fixation: autoDraw = False
227.4875 	DATA 	Keypress: l
227.5032 	EXP 	Device response: <KeyPress from None: t=227.48679840000023, value=l, duration=None>
227.5035 	EXP 	New trial (rep=0, index=81): <Trial 81 (81 in rep 0) data={'reward_today': 77, 'future_reward': 91, 'delay': 101, 'thisN': 81, 'thisTrialN': 81, 'thisRepN': 0}>
227.5188 	EXP 	fixation: autoDraw = False
227.5188 	EXP 	text: autoDraw = False
227.5188 	EXP 	text: height = np.float64(0.05)
227.5188 	EXP 	text: height = np.float64(0.05)
227.5188 	EXP 	text: height = np.float64(0.05)
227.5188 	EXP 	text: text = 'GBP 77 today  or GBP 91 after 101 days'
227.5188 	EXP 	fixation: autoDraw = True
227.5530 	EXP 	Device response: <KeyPress from None: t=227.48679840000023, value=l, duration=0.05090879999988829>
228.5028 	INFO 	Keyboard events cleared
228.5026 	EXP 	text: autoDraw = True
228.5190 	EXP 	fixation: autoDraw = False
234.1532 	EXP 	Device response: <KeyPress from None: t=234.14739229999986, value=l, duration=None>
234.1535 	EXP 	New trial (rep=0, index=82): <Trial 82 (82 in rep 0) data={'reward_today': 60, 'future_reward': 94, 'delay': 111, 'thisN': 82, 'thisTrialN': 82, 'thisRepN': 0}>
234.1589 	DATA 	Keypress: l
234.1692 	EXP 	fixation: autoDraw = False
234.1692 	EXP 	text: autoDraw = False
234.1692 	EXP 	text: height = np.float64(0.05)
234.1692 	EXP 	text: height = np.float64(0.05)
234.1692 	EXP 	text: height = np.float64(0.05)
234.1692 	EXP 	text: text = 'GBP 60 today  or GBP 94 after 111 days'
234.1692 	EXP 	fixation: autoDraw = True
234.2697 	EXP 	Device response: <KeyPress from None: t=234.14739229999986, value=l, duration=0.10712300000022879>
235.1694 	INFO 	Keyboard events cleared
235.1693 	EXP 	fixation: autoDraw = False
235.1693 	EXP 	text: autoDraw = True
236.2865 	EXP 	Device response: <KeyPress from None: t=236.28023209999992, value=l, duration=None>
236.2869 	EXP 	New trial (rep=0, index=83): <Trial 83 (83 in rep 0) data={'reward_today': 74, 'future_reward': 124, 'delay': 160, 'thisN': 83, 'thisTrialN': 83, 'thisRepN': 0}>
236.2929 	DATA 	Keypress: l
236.3021 	EXP 	fixation: autoDraw = False
236.3021 	EXP 	text: autoDraw = False
236.3021 	EXP 	text: height = np.float64(0.05)
236.3021 	EXP 	text: height = np.float64(0.05)
236.3021 	EXP 	text: height = np.float64(0.05)
236.3021 	EXP 	text: text = 'GBP 74 today  or GBP 124 after 160 days'
236.3021 	EXP 	fixation: autoDraw = True
236.3696 	EXP 	Device response: <KeyPress from None: t=236.28023209999992, value=l, duration=0.0742395000002034>
237.2861 	INFO 	Keyboard events cleared
237.2859 	EXP 	text: autoDraw = True
237.3026 	EXP 	fixation: autoDraw = False
240.0865 	EXP 	Device response: <KeyPress from None: t=240.0860934000002, value=l, duration=None>
240.0869 	EXP 	New trial (rep=0, index=84): <Trial 84 (84 in rep 0) data={'reward_today': 78, 'future_reward': 166, 'delay': 130, 'thisN': 84, 'thisTrialN': 84, 'thisRepN': 0}>
240.0922 	DATA 	Keypress: l
240.1022 	EXP 	fixation: autoDraw = False
240.1022 	EXP 	text: autoDraw = False
240.1022 	EXP 	text: height = np.float64(0.05)
240.1022 	EXP 	text: height = np.float64(0.05)
240.1022 	EXP 	text: height = np.float64(0.05)
240.1022 	EXP 	text: text = 'GBP 78 today  or GBP 166 after 130 days'
240.1022 	EXP 	fixation: autoDraw = True
240.2197 	EXP 	Device response: <KeyPress from None: t=240.0860934000002, value=l, duration=0.12020019999999931>
241.0860 	INFO 	Keyboard events cleared
241.0859 	EXP 	text: autoDraw = True
241.1024 	EXP 	fixation: autoDraw = False
243.1698 	EXP 	Device response: <KeyPress from None: t=243.16712080000025, value=l, duration=None>
243.1701 	EXP 	New trial (rep=0, index=85): <Trial 85 (85 in rep 0) data={'reward_today': 75, 'future_reward': 119, 'delay': 132, 'thisN': 85, 'thisTrialN': 85, 'thisRepN': 0}>
243.1765 	DATA 	Keypress: l
243.1855 	EXP 	fixation: autoDraw = False
243.1855 	EXP 	text: autoDraw = False
243.1855 	EXP 	text: height = np.float64(0.05)
243.1855 	EXP 	text: height = np.float64(0.05)
243.1855 	EXP 	text: height = np.float64(0.05)
243.1855 	EXP 	text: text = 'GBP 75 today  or GBP 119 after 132 days'
243.1855 	EXP 	fixation: autoDraw = True
243.2527 	EXP 	Device response: <KeyPress from None: t=243.16712080000025, value=l, duration=0.07813129999976809>
244.1695 	INFO 	Keyboard events cleared
244.1694 	EXP 	text: autoDraw = True
244.1860 	EXP 	fixation: autoDraw = False
246.6200 	EXP 	Device response: <KeyPress from None: t=246.6183648000001, value=t, duration=None>
246.6203 	EXP 	New trial (rep=0, index=86): <Trial 86 (86 in rep 0) data={'reward_today': 68, 'future_reward': 155, 'delay': 160, 'thisN': 86, 'thisTrialN': 86, 'thisRepN': 0}>
246.6256 	DATA 	Keypress: t
246.6361 	EXP 	fixation: autoDraw = False
246.6361 	EXP 	text: autoDraw = False
246.6361 	EXP 	text: height = np.float64(0.05)
246.6361 	EXP 	text: height = np.float64(0.05)
246.6361 	EXP 	text: height = np.float64(0.05)
246.6361 	EXP 	text: text = 'GBP 68 today  or GBP 155 after 160 days'
246.6361 	EXP 	fixation: autoDraw = True
246.7864 	EXP 	Device response: <KeyPress from None: t=246.6183648000001, value=t, duration=0.1518716000000495>
247.6358 	INFO 	Keyboard events cleared
247.6357 	EXP 	fixation: autoDraw = False
247.6357 	EXP 	text: autoDraw = True
250.9868 	EXP 	Device response: <KeyPress from None: t=250.98033110000006, value=l, duration=None>
250.9871 	EXP 	New trial (rep=0, index=87): <Trial 87 (87 in rep 0) data={'reward_today': 37, 'future_reward': 69, 'delay': 74, 'thisN': 87, 'thisTrialN': 87, 'thisRepN': 0}>
250.9935 	DATA 	Keypress: l
251.0024 	EXP 	fixation: autoDraw = False
251.0024 	EXP 	text: autoDraw = False
251.0024 	EXP 	text: height = np.float64(0.05)
251.0024 	EXP 	text: height = np.float64(0.05)
251.0024 	EXP 	text: height = np.float64(0.05)
251.0024 	EXP 	text: text = 'GBP 37 today  or GBP 69 after 74 days'
251.0024 	EXP 	fixation: autoDraw = True
251.0862 	EXP 	Device response: <KeyPress from None: t=250.98033110000006, value=l, duration=0.0895792999999685>
252.0027 	INFO 	Keyboard events cleared
252.0025 	EXP 	fixation: autoDraw = False
252.0025 	EXP 	text: autoDraw = True
254.7197 	EXP 	Device response: <KeyPress from None: t=254.70931400000018, value=l, duration=None>
254.7201 	EXP 	New trial (rep=0, index=88): <Trial 88 (88 in rep 0) data={'reward_today': 18, 'future_reward': 97, 'delay': 101, 'thisN': 88, 'thisTrialN': 88, 'thisRepN': 0}>
254.7253 	DATA 	Keypress: l
254.7358 	EXP 	fixation: autoDraw = False
254.7358 	EXP 	text: autoDraw = False
254.7358 	EXP 	text: height = np.float64(0.05)
254.7358 	EXP 	text: height = np.float64(0.05)
254.7358 	EXP 	text: height = np.float64(0.05)
254.7358 	EXP 	text: text = 'GBP 18 today  or GBP 97 after 101 days'
254.7358 	EXP 	fixation: autoDraw = True
254.8362 	EXP 	Device response: <KeyPress from None: t=254.70931400000018, value=l, duration=0.1209393999997701>
255.7195 	INFO 	Keyboard events cleared
255.7193 	EXP 	text: autoDraw = True
255.7358 	EXP 	fixation: autoDraw = False
256.8029 	EXP 	Device response: <KeyPress from None: t=256.7953421000002, value=t, duration=None>
256.8033 	EXP 	New trial (rep=0, index=89): <Trial 89 (89 in rep 0) data={'reward_today': 49, 'future_reward': 82, 'delay': 85, 'thisN': 89, 'thisTrialN': 89, 'thisRepN': 0}>
256.8090 	DATA 	Keypress: t
256.8189 	EXP 	fixation: autoDraw = False
256.8189 	EXP 	text: autoDraw = False
256.8189 	EXP 	text: height = np.float64(0.05)
256.8189 	EXP 	text: height = np.float64(0.05)
256.8189 	EXP 	text: height = np.float64(0.05)
256.8189 	EXP 	text: text = 'GBP 49 today  or GBP 82 after 85 days'
256.8189 	EXP 	fixation: autoDraw = True
256.9528 	EXP 	Device response: <KeyPress from None: t=256.7953421000002, value=t, duration=0.15478799999982584>
257.8027 	INFO 	Keyboard events cleared
257.8026 	EXP 	text: autoDraw = True
257.8193 	EXP 	fixation: autoDraw = False
259.0535 	EXP 	Device response: <KeyPress from None: t=259.0379130000001, value=l, duration=None>
259.0539 	EXP 	New trial (rep=0, index=90): <Trial 90 (90 in rep 0) data={'reward_today': 61, 'future_reward': 95, 'delay': 90, 'thisN': 90, 'thisTrialN': 90, 'thisRepN': 0}>
259.0592 	DATA 	Keypress: l
259.0691 	EXP 	fixation: autoDraw = False
259.0691 	EXP 	text: autoDraw = False
259.0691 	EXP 	text: height = np.float64(0.05)
259.0691 	EXP 	text: height = np.float64(0.05)
259.0691 	EXP 	text: height = np.float64(0.05)
259.0691 	EXP 	text: text = 'GBP 61 today  or GBP 95 after 90 days'
259.0691 	EXP 	fixation: autoDraw = True
259.2030 	EXP 	Device response: <KeyPress from None: t=259.0379130000001, value=l, duration=0.1559490999998161>
260.0526 	INFO 	Keyboard events cleared
260.0524 	EXP 	text: autoDraw = True
260.0695 	EXP 	fixation: autoDraw = False
262.4364 	EXP 	Device response: <KeyPress from None: t=262.42623619999995, value=l, duration=None>
262.4367 	EXP 	New trial (rep=0, index=91): <Trial 91 (91 in rep 0) data={'reward_today': 43, 'future_reward': 68, 'delay': 76, 'thisN': 91, 'thisTrialN': 91, 'thisRepN': 0}>
262.4423 	DATA 	Keypress: l
262.4522 	EXP 	fixation: autoDraw = False
262.4522 	EXP 	text: autoDraw = False
262.4522 	EXP 	text: height = np.float64(0.05)
262.4522 	EXP 	text: height = np.float64(0.05)
262.4522 	EXP 	text: height = np.float64(0.05)
262.4522 	EXP 	text: text = 'GBP 43 today  or GBP 68 after 76 days'
262.4522 	EXP 	fixation: autoDraw = True
262.6197 	EXP 	Device response: <KeyPress from None: t=262.42623619999995, value=l, duration=0.17794300000014118>
263.4363 	INFO 	Keyboard events cleared
263.4361 	EXP 	text: autoDraw = True
263.4528 	EXP 	fixation: autoDraw = False
264.8211 	DATA 	Keypress: t
264.8367 	EXP 	Device response: <KeyPress from None: t=264.8199571, value=t, duration=None>
264.8371 	EXP 	New trial (rep=0, index=92): <Trial 92 (92 in rep 0) data={'reward_today': 48, 'future_reward': 95, 'delay': 121, 'thisN': 92, 'thisTrialN': 92, 'thisRepN': 0}>
264.8525 	EXP 	fixation: autoDraw = False
264.8525 	EXP 	text: autoDraw = False
264.8525 	EXP 	text: height = np.float64(0.05)
264.8525 	EXP 	text: height = np.float64(0.05)
264.8525 	EXP 	text: height = np.float64(0.05)
264.8525 	EXP 	text: text = 'GBP 48 today  or GBP 95 after 121 days'
264.8525 	EXP 	fixation: autoDraw = True
265.0031 	EXP 	Device response: <KeyPress from None: t=264.8199571, value=t, duration=0.16635429999996632>
265.8359 	INFO 	Keyboard events cleared
265.8357 	EXP 	text: autoDraw = True
265.8527 	EXP 	fixation: autoDraw = False
266.6032 	EXP 	Device response: <KeyPress from None: t=266.58887430000004, value=l, duration=None>
266.6035 	EXP 	New trial (rep=0, index=93): <Trial 93 (93 in rep 0) data={'reward_today': 40, 'future_reward': 49, 'delay': 90, 'thisN': 93, 'thisTrialN': 93, 'thisRepN': 0}>
266.6093 	DATA 	Keypress: l
266.6189 	EXP 	fixation: autoDraw = False
266.6189 	EXP 	text: autoDraw = False
266.6189 	EXP 	text: height = np.float64(0.05)
266.6189 	EXP 	text: height = np.float64(0.05)
266.6189 	EXP 	text: height = np.float64(0.05)
266.6189 	EXP 	text: text = 'GBP 40 today  or GBP 49 after 90 days'
266.6189 	EXP 	fixation: autoDraw = True
266.7697 	EXP 	Device response: <KeyPress from None: t=266.58887430000004, value=l, duration=0.16558789999999135>
267.6029 	INFO 	Keyboard events cleared
267.6027 	EXP 	text: autoDraw = True
267.6196 	EXP 	fixation: autoDraw = False
269.8698 	EXP 	Device response: <KeyPress from None: t=269.8660915999999, value=l, duration=None>
269.8702 	EXP 	New trial (rep=0, index=94): <Trial 94 (94 in rep 0) data={'reward_today': 42, 'future_reward': 56, 'delay': 67, 'thisN': 94, 'thisTrialN': 94, 'thisRepN': 0}>
269.8778 	DATA 	Keypress: l
269.8858 	EXP 	fixation: autoDraw = False
269.8858 	EXP 	text: autoDraw = False
269.8858 	EXP 	text: height = np.float64(0.05)
269.8858 	EXP 	text: height = np.float64(0.05)
269.8858 	EXP 	text: height = np.float64(0.05)
269.8858 	EXP 	text: text = 'GBP 42 today  or GBP 56 after 67 days'
269.8858 	EXP 	fixation: autoDraw = True
270.0195 	EXP 	Device response: <KeyPress from None: t=269.8660915999999, value=l, duration=0.1375625000000582>
270.8862 	INFO 	Keyboard events cleared
270.8860 	EXP 	fixation: autoDraw = False
270.8860 	EXP 	text: autoDraw = True
275.1865 	EXP 	Device response: <KeyPress from None: t=275.1799715000002, value=l, duration=None>
275.1868 	EXP 	New trial (rep=0, index=95): <Trial 95 (95 in rep 0) data={'reward_today': 17, 'future_reward': 84, 'delay': 90, 'thisN': 95, 'thisTrialN': 95, 'thisRepN': 0}>
275.1926 	DATA 	Keypress: l
275.2023 	EXP 	fixation: autoDraw = False
275.2023 	EXP 	text: autoDraw = False
275.2023 	EXP 	text: height = np.float64(0.05)
275.2023 	EXP 	text: height = np.float64(0.05)
275.2023 	EXP 	text: height = np.float64(0.05)
275.2023 	EXP 	text: text = 'GBP 17 today  or GBP 84 after 90 days'
275.2023 	EXP 	fixation: autoDraw = True
275.3702 	EXP 	Device response: <KeyPress from None: t=275.1799715000002, value=l, duration=0.18416660000002594>
276.1863 	INFO 	Keyboard events cleared
276.1861 	EXP 	text: autoDraw = True
276.2027 	EXP 	fixation: autoDraw = False
277.0365 	EXP 	Device response: <KeyPress from None: t=277.0272273999999, value=t, duration=None>
277.0369 	EXP 	New trial (rep=0, index=96): <Trial 96 (96 in rep 0) data={'reward_today': 44, 'future_reward': 69, 'delay': 3, 'thisN': 96, 'thisTrialN': 96, 'thisRepN': 0}>
277.0423 	DATA 	Keypress: t
277.0523 	EXP 	fixation: autoDraw = False
277.0523 	EXP 	text: autoDraw = False
277.0523 	EXP 	text: height = np.float64(0.05)
277.0523 	EXP 	text: height = np.float64(0.05)
277.0523 	EXP 	text: height = np.float64(0.05)
277.0523 	EXP 	text: text = 'GBP 44 today  or GBP 69 after 3 days'
277.0523 	EXP 	fixation: autoDraw = True
277.2033 	EXP 	Device response: <KeyPress from None: t=277.0272273999999, value=t, duration=0.17134940000005372>
278.0527 	INFO 	Keyboard events cleared
278.0525 	EXP 	fixation: autoDraw = False
278.0525 	EXP 	text: autoDraw = True
280.4865 	EXP 	Device response: <KeyPress from None: t=280.47486630000003, value=l, duration=None>
280.4869 	EXP 	New trial (rep=0, index=97): <Trial 97 (97 in rep 0) data={'reward_today': 34, 'future_reward': 82, 'delay': 90, 'thisN': 97, 'thisTrialN': 97, 'thisRepN': 0}>
280.4942 	DATA 	Keypress: l
280.5025 	EXP 	fixation: autoDraw = False
280.5025 	EXP 	text: autoDraw = False
280.5025 	EXP 	text: height = np.float64(0.05)
280.5025 	EXP 	text: height = np.float64(0.05)
280.5025 	EXP 	text: height = np.float64(0.05)
280.5025 	EXP 	text: text = 'GBP 34 today  or GBP 82 after 90 days'
280.5025 	EXP 	fixation: autoDraw = True
280.6697 	EXP 	Device response: <KeyPress from None: t=280.47486630000003, value=l, duration=0.1788126999999804>
281.4861 	INFO 	Keyboard events cleared
281.4860 	EXP 	text: autoDraw = True
281.5028 	EXP 	fixation: autoDraw = False
283.3701 	EXP 	Device response: <KeyPress from None: t=283.36894900000016, value=l, duration=None>
283.3705 	EXP 	New trial (rep=0, index=98): <Trial 98 (98 in rep 0) data={'reward_today': 21, 'future_reward': 49, 'delay': 50, 'thisN': 98, 'thisTrialN': 98, 'thisRepN': 0}>
283.3760 	DATA 	Keypress: l
283.3856 	EXP 	fixation: autoDraw = False
283.3856 	EXP 	text: autoDraw = False
283.3856 	EXP 	text: height = np.float64(0.05)
283.3856 	EXP 	text: height = np.float64(0.05)
283.3856 	EXP 	text: height = np.float64(0.05)
283.3856 	EXP 	text: text = 'GBP 21 today  or GBP 49 after 50 days'
283.3856 	EXP 	fixation: autoDraw = True
283.4368 	EXP 	Device response: <KeyPress from None: t=283.36894900000016, value=l, duration=0.06532859999970242>
284.3695 	INFO 	Keyboard events cleared
284.3694 	EXP 	text: autoDraw = True
284.3862 	EXP 	fixation: autoDraw = False
292.1704 	EXP 	Device response: <KeyPress from None: t=292.16992359999995, value=l, duration=None>
292.1707 	EXP 	New trial (rep=0, index=99): <Trial 99 (99 in rep 0) data={'reward_today': 35, 'future_reward': 54, 'delay': 101, 'thisN': 99, 'thisTrialN': 99, 'thisRepN': 0}>
292.1765 	DATA 	Keypress: l
292.1856 	EXP 	fixation: autoDraw = False
292.1856 	EXP 	text: autoDraw = False
292.1856 	EXP 	text: height = np.float64(0.05)
292.1856 	EXP 	text: height = np.float64(0.05)
292.1856 	EXP 	text: height = np.float64(0.05)
292.1856 	EXP 	text: text = 'GBP 35 today  or GBP 54 after 101 days'
292.1856 	EXP 	fixation: autoDraw = True
292.2531 	EXP 	Device response: <KeyPress from None: t=292.16992359999995, value=l, duration=0.0668098999999529>
293.1865 	INFO 	Keyboard events cleared
293.1864 	EXP 	fixation: autoDraw = False
293.1864 	EXP 	text: autoDraw = True
294.2197 	EXP 	Device response: <KeyPress from None: t=294.2094456, value=l, duration=None>
294.2209 	DATA 	Keypress: l
294.2358 	EXP 	fixation: autoDraw = False
294.2358 	EXP 	text: autoDraw = False
294.2361 	EXP 	delay_discounting: status = STOPPED
294.2804 	INFO 	saved data to 'C:\\Users\\DELL\\Desktop\\psychopie_final\\delay discounting\\data\\212_delay_discounting_2025-10-30_10h06.11.562.csv'
294.2841 	INFO 	saved data to C:\Users\DELL\Desktop\psychopie_final\delay discounting\data\212_delay_discounting_2025-10-30_10h06.11.562.psydat
294.6300 	WARNING 	Stopping key buffers but this could be dangerous ifother keyboards rely on the same.
294.6388 	WARNING 	Stopping key buffers but this could be dangerous ifother keyboards rely on the same.
