13.0033 	INFO 	Loaded monitor calibration from ['2025_08_11 19:48']
13.0223 	WARNING 	User requested fullscreen with size [1280  720], but screen is actually [1920, 1080]. Using actual size
13.5400 	INFO 	Using renderer 'AMD Radeon(TM) Graphics' for graphics
13.5400 	INFO 	OpenGL version supported by driver is 4..
13.6406 	EXP 	Created window1 = Window(allowGUI=True, allowStencil=True, autoLog=True, backendConf=UNKNOWN, backgroundFit=<method-wrapper '__getattribute__' of attributeSetter object at 0x0000028813FB1960>, backgroundImage=<method-wrapper '__getattribute__' of attributeSetter object at 0x0000028813FB1900>, bitsMode=UNKNOWN, blendMode='avg', bpc=(8, 8, 8), color=array([0, 0, 0]), colorSpace='rgb', depthBits=8, fullscr=True, gamma=None, gammaErrorPolicy='raise', infoMsg=UNKNOWN, lms=UNKNOWN, monitor=<psychopy.monitors.calibTools.Monitor object at 0x00000288140671C0>, multiSample=False, name='window1', numSamples=2, pos=[np.float64(0.0), np.float64(0.0)], screen=0, size=array([1920, 1080]), stencilBits=8, stereo=False, title='PsychoPy', units='height', useFBO=True, useRetina=False, viewOri=0.0, viewPos=None, viewScale=None, waitBlanking=True, winType='pyglet')
13.6408 	EXP 	window1: backgroundImage = ''
13.6408 	EXP 	window1: backgroundFit = 'none'
14.4904 	EXP 	window1: Attempting to measure frame rate of screen (0) ...
14.4905 	EXP 	window1: recordFrameIntervals = False
14.7702 	EXP 	window1: recordFrameIntervals = True
14.9539 	EXP 	Screen (0) actual frame rate measured at 59.94Hz
14.9540 	EXP 	window1: recordFrameIntervals = False
15.1000 	INFO 	keyboard.Keyboard is using ptb backend.
15.1001 	EXP 	word priming: status = STARTED
15.1411 	EXP 	Created text = TextStim(__class__=<class 'psychopy.visual.text.TextStim'>, alignHoriz=method-wrapper(...), alignText='center', alignVert=method-wrapper(...), anchorHoriz='center', anchorVert='center', antialias=True, autoDraw=False, autoLog=True, bold=False, color=array([1., 1., 1.]), colorSpace='rgb', contrast=1.0, depth=0.0, draggable=False, flipHoriz=False, flipVert=False, font='Arial', fontFiles=[], height=0.05, italic=False, languageStyle='LTR', name='text', opacity=1, ori=0.0, pos=array([0., 0.]), rgb=UNKNOWN, text='', units='height', win=Window(...), wrapWidth=1)
15.3441 	EXP 	Created slider = Slider(__class__=<class 'psychopy.visual.slider.Slider'>, autoDraw=False, autoLog=True, borderColor=None, color=None, colorSpace='rgb', depth=-1, fillColor=None, flip=False, font='Noto Sans', granularity=0.0, labelColor=None, labelHeight=np.float64(0.05), labelWrapWidth=None, labels=['Familliar', 'Unfamiliar'], lineColor=None, markerColor=None, name='slider', opacity=None, ori=0.0, pos=array([ 0. , -0.3]), readOnly=False, self=UNKNOWN, size=array([1. , 0.1]), startValue=None, style='rating', styleTweaks=[], ticks=array([1, 2, 3, 4, 5]), units='height', win=Window(...))
15.3458 	EXP 	Created text_2 = TextStim(__class__=<class 'psychopy.visual.text.TextStim'>, alignHoriz=method-wrapper(...), alignText='center', alignVert=method-wrapper(...), anchorHoriz='center', anchorVert='center', antialias=True, autoDraw=False, autoLog=True, bold=False, color=array([1., 1., 1.]), colorSpace='rgb', contrast=1.0, depth=0.0, draggable=False, flipHoriz=False, flipVert=False, font='Arial', fontFiles=[], height=0.05, italic=False, languageStyle='LTR', name='text_2', opacity=1, ori=0.0, pos=array([0. , 0.3]), rgb=UNKNOWN, text='', units='height', win=Window(...), wrapWidth=1)
15.4978 	EXP 	Created text_3 = TextStim(__class__=<class 'psychopy.visual.text.TextStim'>, alignHoriz=method-wrapper(...), alignText='center', alignVert=method-wrapper(...), anchorHoriz='center', anchorVert='center', antialias=True, autoDraw=False, autoLog=True, bold=False, color=array([1., 1., 1.]), colorSpace='rgb', contrast=1.0, depth=-2.0, draggable=False, flipHoriz=False, flipVert=False, font='Arial', fontFiles=[], height=np.float64(0.05), italic=False, languageStyle='LTR', name='text_3', opacity=1, ori=0.0, pos=array([ 0. , -0.3]), rgb=UNKNOWN, text='Click to Submit ', units='height', win=Window(...), wrapWidth=1)
0.0081 	EXP 	slider: autoLog = True
0.0081 	EXP 	slider: styleTweaks = []
0.0081 	EXP 	slider: styleTweaks = []
0.0081 	EXP 	slider: styleTweaks = []
0.0081 	EXP 	slider: styleTweaks = []
0.0081 	EXP 	slider: contrast = 1.0
0.0081 	EXP 	slider: markerPos = None
0.0081 	EXP 	slider: autoLog = True
0.0081 	EXP 	textbox: autoLog = True
0.0219 	EXP 	Imported study_words.xlsx as conditions, 15 conditions, 1 params
0.0226 	EXP 	New trial (rep=0, index=0): <Trial 0 (0 in rep 0) data={'study_word': 'Cushion', 'thisN': 0, 'thisTrialN': 0, 'thisRepN': 0}>
0.0610 	EXP 	text: height = np.float64(0.05)
0.0610 	EXP 	text: height = np.float64(0.05)
0.0610 	EXP 	text: height = np.float64(0.05)
0.0610 	EXP 	text: text = 'Cushion'
0.0610 	EXP 	slider: markerPos = None
0.0610 	EXP 	slider: markerPos = None
0.0610 	EXP 	text: autoDraw = True
0.0610 	EXP 	slider: autoDraw = True
4.7616 	DATA 	Mouse: Left button down, pos=(426,223)
4.7899 	EXP 	slider: markerPos = np.float64(1.0222222222222221)
4.8070 	EXP 	slider: markerPos = np.float64(1.0222222222222221)
4.8222 	EXP 	slider: markerPos = np.float64(1.0222222222222221)
4.8391 	EXP 	slider: markerPos = np.float64(1.0222222222222221)
4.8556 	EXP 	slider: markerPos = np.float64(1.0222222222222221)
4.8707 	EXP 	slider: markerPos = np.float64(1.0222222222222221)
4.8800 	DATA 	Mouse:  Left button up, pos=(426,223)
4.8866 	EXP 	slider: markerPos = np.float64(1.0222222222222221)
4.9056 	EXP 	slider: markerPos = np.float64(1.0222222222222221)
4.9071 	EXP 	New trial (rep=0, index=1): <Trial 1 (1 in rep 0) data={'study_word': 'Cruise', 'thisN': 1, 'thisTrialN': 1, 'thisRepN': 0}>
4.9305 	EXP 	text: autoDraw = False
4.9305 	EXP 	slider: autoDraw = False
4.9305 	EXP 	text: height = np.float64(0.05)
4.9305 	EXP 	text: height = np.float64(0.05)
4.9305 	EXP 	text: height = np.float64(0.05)
4.9305 	EXP 	text: text = 'Cruise'
4.9305 	EXP 	slider: markerPos = None
4.9305 	EXP 	slider: markerPos = None
4.9305 	EXP 	text: autoDraw = True
4.9305 	EXP 	slider: autoDraw = True
5.7439 	DATA 	Mouse: Left button down, pos=(579,192)
5.7692 	EXP 	slider: markerPos = np.float64(1.5888888888888888)
5.7863 	EXP 	slider: markerPos = np.float64(1.5888888888888888)
5.8027 	EXP 	slider: markerPos = np.float64(1.5888888888888888)
5.8211 	EXP 	slider: markerPos = np.float64(1.5888888888888888)
5.8359 	EXP 	slider: markerPos = np.float64(1.5888888888888888)
5.8526 	EXP 	slider: markerPos = np.float64(1.5888888888888888)
5.8694 	EXP 	slider: markerPos = np.float64(1.5888888888888888)
5.8704 	DATA 	Mouse:  Left button up, pos=(579,192)
5.8861 	EXP 	slider: markerPos = np.float64(1.5888888888888888)
5.8873 	EXP 	New trial (rep=0, index=2): <Trial 2 (2 in rep 0) data={'study_word': 'Phone', 'thisN': 2, 'thisTrialN': 2, 'thisRepN': 0}>
5.9159 	EXP 	text: autoDraw = False
5.9159 	EXP 	slider: autoDraw = False
5.9159 	EXP 	text: height = np.float64(0.05)
5.9159 	EXP 	text: height = np.float64(0.05)
5.9159 	EXP 	text: height = np.float64(0.05)
5.9159 	EXP 	text: text = 'Phone'
5.9159 	EXP 	slider: markerPos = None
5.9159 	EXP 	slider: markerPos = None
5.9159 	EXP 	text: autoDraw = True
5.9159 	EXP 	slider: autoDraw = True
6.3941 	DATA 	Mouse: Left button down, pos=(579,192)
6.4199 	EXP 	slider: markerPos = np.float64(1.5888888888888888)
6.4366 	EXP 	slider: markerPos = np.float64(1.5888888888888888)
6.4533 	EXP 	slider: markerPos = np.float64(1.5888888888888888)
6.4702 	EXP 	slider: markerPos = np.float64(1.5888888888888888)
6.4874 	EXP 	slider: markerPos = np.float64(1.5888888888888888)
6.5036 	EXP 	slider: markerPos = np.float64(1.5888888888888888)
6.5198 	EXP 	slider: markerPos = np.float64(1.5888888888888888)
6.5210 	DATA 	Mouse:  Left button up, pos=(579,192)
6.5366 	EXP 	slider: markerPos = np.float64(1.5888888888888888)
6.5378 	EXP 	New trial (rep=0, index=3): <Trial 3 (3 in rep 0) data={'study_word': 'Case', 'thisN': 3, 'thisTrialN': 3, 'thisRepN': 0}>
6.5587 	EXP 	text: autoDraw = False
6.5587 	EXP 	slider: autoDraw = False
6.5587 	EXP 	text: height = np.float64(0.05)
6.5587 	EXP 	text: height = np.float64(0.05)
6.5587 	EXP 	text: height = np.float64(0.05)
6.5587 	EXP 	text: text = 'Case'
6.5587 	EXP 	slider: markerPos = None
6.5587 	EXP 	slider: markerPos = None
6.5587 	EXP 	text: autoDraw = True
6.5587 	EXP 	slider: autoDraw = True
6.9777 	DATA 	Mouse: Left button down, pos=(579,192)
7.0025 	EXP 	slider: markerPos = np.float64(1.5888888888888888)
7.0192 	EXP 	slider: markerPos = np.float64(1.5888888888888888)
7.0360 	EXP 	slider: markerPos = np.float64(1.5888888888888888)
7.0531 	EXP 	slider: markerPos = np.float64(1.5888888888888888)
7.0698 	EXP 	slider: markerPos = np.float64(1.5888888888888888)
7.0864 	EXP 	slider: markerPos = np.float64(1.5888888888888888)
7.0967 	DATA 	Mouse:  Left button up, pos=(579,192)
7.1029 	EXP 	slider: markerPos = np.float64(1.5888888888888888)
7.1194 	EXP 	slider: markerPos = np.float64(1.5888888888888888)
7.1206 	EXP 	New trial (rep=0, index=4): <Trial 4 (4 in rep 0) data={'study_word': 'Board', 'thisN': 4, 'thisTrialN': 4, 'thisRepN': 0}>
7.1414 	EXP 	text: autoDraw = False
7.1414 	EXP 	slider: autoDraw = False
7.1414 	EXP 	text: height = np.float64(0.05)
7.1414 	EXP 	text: height = np.float64(0.05)
7.1414 	EXP 	text: height = np.float64(0.05)
7.1414 	EXP 	text: text = 'Board'
7.1414 	EXP 	slider: markerPos = None
7.1414 	EXP 	slider: markerPos = None
7.1414 	EXP 	text: autoDraw = True
7.1414 	EXP 	slider: autoDraw = True
7.5619 	DATA 	Mouse: Left button down, pos=(579,192)
7.5859 	EXP 	slider: markerPos = np.float64(1.5888888888888888)
7.6025 	EXP 	slider: markerPos = np.float64(1.5888888888888888)
7.6193 	EXP 	slider: markerPos = np.float64(1.5888888888888888)
7.6360 	EXP 	slider: markerPos = np.float64(1.5888888888888888)
7.6531 	EXP 	slider: markerPos = np.float64(1.5888888888888888)
7.6638 	DATA 	Mouse:  Left button up, pos=(579,192)
7.6699 	EXP 	slider: markerPos = np.float64(1.5888888888888888)
7.6859 	EXP 	slider: markerPos = np.float64(1.5888888888888888)
7.6870 	EXP 	New trial (rep=0, index=5): <Trial 5 (5 in rep 0) data={'study_word': 'Police', 'thisN': 5, 'thisTrialN': 5, 'thisRepN': 0}>
7.7045 	EXP 	text: autoDraw = False
7.7045 	EXP 	slider: autoDraw = False
7.7045 	EXP 	text: height = np.float64(0.05)
7.7045 	EXP 	text: height = np.float64(0.05)
7.7045 	EXP 	text: height = np.float64(0.05)
7.7045 	EXP 	text: text = 'Police'
7.7045 	EXP 	slider: markerPos = None
7.7045 	EXP 	slider: markerPos = None
7.7045 	EXP 	text: autoDraw = True
7.7045 	EXP 	slider: autoDraw = True
8.4545 	DATA 	Mouse: Left button down, pos=(444,214)
8.4696 	EXP 	slider: markerPos = np.float64(1.0888888888888888)
8.4867 	EXP 	slider: markerPos = np.float64(1.0888888888888888)
8.5028 	EXP 	slider: markerPos = np.float64(1.0888888888888888)
8.5192 	EXP 	slider: markerPos = np.float64(1.0888888888888888)
8.5361 	EXP 	slider: markerPos = np.float64(1.0888888888888888)
8.5527 	EXP 	slider: markerPos = np.float64(1.0888888888888888)
8.5705 	EXP 	slider: markerPos = np.float64(1.0888888888888888)
8.5801 	DATA 	Mouse:  Left button up, pos=(444,214)
8.5862 	EXP 	slider: markerPos = np.float64(1.0888888888888888)
8.6026 	EXP 	slider: markerPos = np.float64(1.0888888888888888)
8.6037 	EXP 	New trial (rep=0, index=6): <Trial 6 (6 in rep 0) data={'study_word': 'Keys', 'thisN': 6, 'thisTrialN': 6, 'thisRepN': 0}>
8.6236 	EXP 	text: autoDraw = False
8.6236 	EXP 	slider: autoDraw = False
8.6236 	EXP 	text: height = np.float64(0.05)
8.6236 	EXP 	text: height = np.float64(0.05)
8.6236 	EXP 	text: height = np.float64(0.05)
8.6236 	EXP 	text: text = 'Keys'
8.6236 	EXP 	slider: markerPos = None
8.6236 	EXP 	slider: markerPos = None
8.6236 	EXP 	text: autoDraw = True
8.6236 	EXP 	slider: autoDraw = True
9.1708 	DATA 	Mouse: Left button down, pos=(732,203)
9.1859 	EXP 	slider: markerPos = np.float64(2.1555555555555554)
9.2031 	EXP 	slider: markerPos = np.float64(2.1555555555555554)
9.2194 	EXP 	slider: markerPos = np.float64(2.1555555555555554)
9.2359 	EXP 	slider: markerPos = np.float64(2.1555555555555554)
9.2532 	EXP 	slider: markerPos = np.float64(2.1555555555555554)
9.2636 	DATA 	Mouse:  Left button up, pos=(732,203)
9.2700 	EXP 	slider: markerPos = np.float64(2.1555555555555554)
9.2860 	EXP 	slider: markerPos = np.float64(2.1555555555555554)
9.2871 	EXP 	New trial (rep=0, index=7): <Trial 7 (7 in rep 0) data={'study_word': 'Poster', 'thisN': 7, 'thisTrialN': 7, 'thisRepN': 0}>
9.3040 	EXP 	text: autoDraw = False
9.3040 	EXP 	slider: autoDraw = False
9.3040 	EXP 	text: height = np.float64(0.05)
9.3040 	EXP 	text: height = np.float64(0.05)
9.3040 	EXP 	text: height = np.float64(0.05)
9.3040 	EXP 	text: text = 'Poster'
9.3040 	EXP 	slider: markerPos = None
9.3040 	EXP 	slider: markerPos = None
9.3040 	EXP 	text: autoDraw = True
9.3040 	EXP 	slider: autoDraw = True
9.8442 	DATA 	Mouse: Left button down, pos=(554,220)
9.8694 	EXP 	slider: markerPos = np.float64(1.4962962962962962)
9.8861 	EXP 	slider: markerPos = np.float64(1.4962962962962962)
9.9027 	EXP 	slider: markerPos = np.float64(1.4962962962962962)
9.9197 	EXP 	slider: markerPos = np.float64(1.4962962962962962)
9.9360 	EXP 	slider: markerPos = np.float64(1.4962962962962962)
9.9528 	EXP 	slider: markerPos = np.float64(1.4962962962962962)
9.9626 	DATA 	Mouse:  Left button up, pos=(554,220)
9.9696 	EXP 	slider: markerPos = np.float64(1.4962962962962962)
9.9860 	EXP 	slider: markerPos = np.float64(1.4962962962962962)
9.9872 	EXP 	New trial (rep=0, index=8): <Trial 8 (8 in rep 0) data={'study_word': 'Pastry', 'thisN': 8, 'thisTrialN': 8, 'thisRepN': 0}>
10.0044 	EXP 	text: autoDraw = False
10.0044 	EXP 	slider: autoDraw = False
10.0044 	EXP 	text: height = np.float64(0.05)
10.0044 	EXP 	text: height = np.float64(0.05)
10.0044 	EXP 	text: height = np.float64(0.05)
10.0044 	EXP 	text: text = 'Pastry'
10.0044 	EXP 	slider: markerPos = None
10.0044 	EXP 	slider: markerPos = None
10.0044 	EXP 	text: autoDraw = True
10.0044 	EXP 	slider: autoDraw = True
10.9607 	DATA 	Mouse: Left button down, pos=(868,231)
10.9862 	EXP 	slider: markerPos = np.float64(2.659259259259259)
11.0031 	EXP 	slider: markerPos = np.float64(2.659259259259259)
11.0196 	EXP 	slider: markerPos = np.float64(2.659259259259259)
11.0363 	EXP 	slider: markerPos = np.float64(2.659259259259259)
11.0545 	EXP 	slider: markerPos = np.float64(2.659259259259259)
11.0736 	EXP 	slider: markerPos = np.float64(2.659259259259259)
11.0893 	EXP 	slider: markerPos = np.float64(2.659259259259259)
11.1050 	EXP 	slider: markerPos = np.float64(2.659259259259259)
11.1196 	EXP 	slider: markerPos = np.float64(2.659259259259259)
11.1205 	DATA 	Mouse:  Left button up, pos=(868,231)
11.1366 	EXP 	slider: markerPos = np.float64(2.659259259259259)
11.1378 	EXP 	New trial (rep=0, index=9): <Trial 9 (9 in rep 0) data={'study_word': 'Mouse', 'thisN': 9, 'thisTrialN': 9, 'thisRepN': 0}>
11.1591 	EXP 	text: autoDraw = False
11.1591 	EXP 	slider: autoDraw = False
11.1591 	EXP 	text: height = np.float64(0.05)
11.1591 	EXP 	text: height = np.float64(0.05)
11.1591 	EXP 	text: height = np.float64(0.05)
11.1591 	EXP 	text: text = 'Mouse'
11.1591 	EXP 	slider: markerPos = None
11.1591 	EXP 	slider: markerPos = None
11.1591 	EXP 	text: autoDraw = True
11.1591 	EXP 	slider: autoDraw = True
11.9301 	DATA 	Mouse: Left button down, pos=(555,236)
11.9531 	EXP 	slider: markerPos = np.float64(1.5)
11.9695 	EXP 	slider: markerPos = np.float64(1.5)
11.9872 	EXP 	slider: markerPos = np.float64(1.5)
12.0051 	EXP 	slider: markerPos = np.float64(1.5)
12.0254 	EXP 	slider: markerPos = np.float64(1.5)
12.0419 	EXP 	slider: markerPos = np.float64(1.5)
12.0433 	DATA 	Mouse:  Left button up, pos=(555,236)
12.0606 	EXP 	slider: markerPos = np.float64(1.5)
12.0622 	EXP 	New trial (rep=0, index=10): <Trial 10 (10 in rep 0) data={'study_word': 'T-shirt ', 'thisN': 10, 'thisTrialN': 10, 'thisRepN': 0}>
12.0877 	EXP 	text: autoDraw = False
12.0877 	EXP 	slider: autoDraw = False
12.0877 	EXP 	text: height = np.float64(0.05)
12.0877 	EXP 	text: height = np.float64(0.05)
12.0877 	EXP 	text: height = np.float64(0.05)
12.0877 	EXP 	text: text = 'T-shirt '
12.0877 	EXP 	slider: markerPos = None
12.0877 	EXP 	slider: markerPos = None
12.0877 	EXP 	text: autoDraw = True
12.0877 	EXP 	slider: autoDraw = True
12.6113 	DATA 	Mouse: Left button down, pos=(812,206)
12.6360 	EXP 	slider: markerPos = np.float64(2.4518518518518517)
12.6527 	EXP 	slider: markerPos = np.float64(2.4518518518518517)
12.6695 	EXP 	slider: markerPos = np.float64(2.4518518518518517)
12.6867 	EXP 	slider: markerPos = np.float64(2.4518518518518517)
12.7027 	EXP 	slider: markerPos = np.float64(2.4518518518518517)
12.7136 	DATA 	Mouse:  Left button up, pos=(812,206)
12.7196 	EXP 	slider: markerPos = np.float64(2.4518518518518517)
12.7361 	EXP 	slider: markerPos = np.float64(2.4518518518518517)
12.7372 	EXP 	New trial (rep=0, index=11): <Trial 11 (11 in rep 0) data={'study_word': 'Chart', 'thisN': 11, 'thisTrialN': 11, 'thisRepN': 0}>
12.7556 	EXP 	text: autoDraw = False
12.7556 	EXP 	slider: autoDraw = False
12.7556 	EXP 	text: height = np.float64(0.05)
12.7556 	EXP 	text: height = np.float64(0.05)
12.7556 	EXP 	text: height = np.float64(0.05)
12.7556 	EXP 	text: text = 'Chart'
12.7556 	EXP 	slider: markerPos = None
12.7556 	EXP 	slider: markerPos = None
12.7556 	EXP 	text: autoDraw = True
12.7556 	EXP 	slider: autoDraw = True
13.3786 	DATA 	Mouse: Left button down, pos=(442,200)
13.4031 	EXP 	slider: markerPos = np.float64(1.0814814814814815)
13.4197 	EXP 	slider: markerPos = np.float64(1.0814814814814815)
13.4363 	EXP 	slider: markerPos = np.float64(1.0814814814814815)
13.4532 	EXP 	slider: markerPos = np.float64(1.0814814814814815)
13.4542 	DATA 	Mouse:  Left button up, pos=(442,200)
13.4701 	EXP 	slider: markerPos = np.float64(1.0814814814814815)
13.4713 	EXP 	New trial (rep=0, index=12): <Trial 12 (12 in rep 0) data={'study_word': 'Book', 'thisN': 12, 'thisTrialN': 12, 'thisRepN': 0}>
13.4880 	EXP 	text: autoDraw = False
13.4880 	EXP 	slider: autoDraw = False
13.4880 	EXP 	text: height = np.float64(0.05)
13.4880 	EXP 	text: height = np.float64(0.05)
13.4880 	EXP 	text: height = np.float64(0.05)
13.4880 	EXP 	text: text = 'Book'
13.4880 	EXP 	slider: markerPos = None
13.4880 	EXP 	slider: markerPos = None
13.4880 	EXP 	text: autoDraw = True
13.4880 	EXP 	slider: autoDraw = True
14.4540 	DATA 	Mouse: Left button down, pos=(728,205)
14.4692 	EXP 	slider: markerPos = np.float64(2.140740740740741)
14.4861 	EXP 	slider: markerPos = np.float64(2.140740740740741)
14.5027 	EXP 	slider: markerPos = np.float64(2.140740740740741)
14.5192 	EXP 	slider: markerPos = np.float64(2.140740740740741)
14.5362 	EXP 	slider: markerPos = np.float64(2.140740740740741)
14.5373 	DATA 	Mouse:  Left button up, pos=(728,205)
14.5530 	EXP 	slider: markerPos = np.float64(2.140740740740741)
14.5541 	EXP 	New trial (rep=0, index=13): <Trial 13 (13 in rep 0) data={'study_word': 'Marble', 'thisN': 13, 'thisTrialN': 13, 'thisRepN': 0}>
14.5727 	EXP 	text: autoDraw = False
14.5727 	EXP 	slider: autoDraw = False
14.5727 	EXP 	text: height = np.float64(0.05)
14.5727 	EXP 	text: height = np.float64(0.05)
14.5727 	EXP 	text: height = np.float64(0.05)
14.5727 	EXP 	text: text = 'Marble'
14.5727 	EXP 	slider: markerPos = None
14.5727 	EXP 	slider: markerPos = None
14.5727 	EXP 	text: autoDraw = True
14.5727 	EXP 	slider: autoDraw = True
16.7043 	DATA 	Mouse: Left button down, pos=(438,216)
16.7192 	EXP 	slider: markerPos = np.float64(1.0666666666666667)
16.7360 	EXP 	slider: markerPos = np.float64(1.0666666666666667)
16.7525 	EXP 	slider: markerPos = np.float64(1.0666666666666667)
16.7693 	EXP 	slider: markerPos = np.float64(1.0666666666666667)
16.7862 	EXP 	slider: markerPos = np.float64(1.0666666666666667)
16.7957 	DATA 	Mouse:  Left button up, pos=(438,216)
16.8031 	EXP 	slider: markerPos = np.float64(1.0666666666666667)
16.8195 	EXP 	slider: markerPos = np.float64(1.0666666666666667)
16.8209 	EXP 	New trial (rep=0, index=14): <Trial 14 (14 in rep 0) data={'study_word': 'Laptop', 'thisN': 14, 'thisTrialN': 14, 'thisRepN': 0}>
16.8443 	EXP 	text: autoDraw = False
16.8443 	EXP 	slider: autoDraw = False
16.8443 	EXP 	text: height = np.float64(0.05)
16.8443 	EXP 	text: height = np.float64(0.05)
16.8443 	EXP 	text: height = np.float64(0.05)
16.8443 	EXP 	text: text = 'Laptop'
16.8443 	EXP 	slider: markerPos = None
16.8443 	EXP 	slider: markerPos = None
16.8443 	EXP 	text: autoDraw = True
16.8443 	EXP 	slider: autoDraw = True
17.6212 	DATA 	Mouse: Left button down, pos=(696,198)
17.6363 	EXP 	slider: markerPos = np.float64(2.022222222222222)
17.6527 	EXP 	slider: markerPos = np.float64(2.022222222222222)
17.6698 	EXP 	slider: markerPos = np.float64(2.022222222222222)
17.6859 	EXP 	slider: markerPos = np.float64(2.022222222222222)
17.7027 	EXP 	slider: markerPos = np.float64(2.022222222222222)
17.7193 	EXP 	slider: markerPos = np.float64(2.022222222222222)
17.7286 	DATA 	Mouse:  Left button up, pos=(696,198)
17.7361 	EXP 	slider: markerPos = np.float64(2.022222222222222)
17.7530 	EXP 	slider: markerPos = np.float64(2.022222222222222)
17.7645 	EXP 	Imported test.xlsx as conditions, 20 conditions, 3 params
17.7651 	EXP 	New trial (rep=0, index=0): <Trial 0 (0 in rep 0) data={'test': 'C_s_io_', 'References': 'Cushion', 'Old_New': 'Old', 'thisN': 0, 'thisTrialN': 0, 'thisRepN': 0}>
17.7881 	EXP 	text: autoDraw = False
17.7881 	EXP 	slider: autoDraw = False
17.7881 	EXP 	text_2: height = np.float64(0.05)
17.7881 	EXP 	text_2: height = np.float64(0.05)
17.7881 	EXP 	text_2: height = np.float64(0.05)
17.7881 	EXP 	text_2: text = 'C_s_io_'
17.7881 	EXP 	text_2: autoDraw = True
17.7881 	EXP 	textbox: autoDraw = True
17.7881 	EXP 	text_3: autoDraw = True
19.3376 	DATA 	Keypress: v
19.4599 	EXP 	Device response: <KeyPress from None: t=19.335350500000004, value=v, duration=None>
19.5041 	EXP 	Device response: <KeyPress from None: t=19.335350500000004, value=v, duration=0.16305269999998018>
20.1063 	DATA 	Keypress: backspace
20.1073 	EXP 	Device response: <KeyPress from None: t=20.09555039999998, value=backspace, duration=None>
20.2583 	EXP 	Device response: <KeyPress from None: t=20.09555039999998, value=backspace, duration=0.15416510000000017>
20.8378 	DATA 	Keypress: c
20.8465 	EXP 	Device response: <KeyPress from None: t=20.837306000000012, value=c, duration=None>
20.9375 	EXP 	Device response: <KeyPress from None: t=20.837306000000012, value=c, duration=0.09514050000001362>
21.0923 	DATA 	Keypress: u
21.1100 	EXP 	Device response: <KeyPress from None: t=21.08859050000001, value=u, duration=None>
21.1708 	EXP 	Device response: <KeyPress from None: t=21.08859050000001, value=u, duration=0.06787459999998191>
21.2415 	DATA 	Keypress: s
21.2854 	EXP 	Device response: <KeyPress from None: t=21.239223600000003, value=s, duration=None>
21.3882 	EXP 	Device response: <KeyPress from None: t=21.239223600000003, value=s, duration=0.14803660000001173>
21.4709 	DATA 	Keypress: h
21.4726 	EXP 	Device response: <KeyPress from None: t=21.46849689999999, value=h, duration=None>
21.5532 	EXP 	Device response: <KeyPress from None: t=21.46849689999999, value=h, duration=0.07012520000000677>
21.6758 	DATA 	Keypress: i
21.6900 	EXP 	Device response: <KeyPress from None: t=21.674109999999985, value=i, duration=None>
21.7737 	EXP 	Device response: <KeyPress from None: t=21.674109999999985, value=i, duration=0.09853700000002164>
21.8773 	DATA 	Keypress: o
21.8980 	EXP 	Device response: <KeyPress from None: t=21.873850500000003, value=o, duration=None>
21.9900 	EXP 	Device response: <KeyPress from None: t=21.873850500000003, value=o, duration=0.11515190000000075>
22.1066 	DATA 	Keypress: n
22.1157 	EXP 	Device response: <KeyPress from None: t=22.10384449999998, value=n, duration=None>
22.2068 	EXP 	Device response: <KeyPress from None: t=22.10384449999998, value=n, duration=0.09986330000003818>
22.9053 	DATA 	Mouse: Left button down, pos=(1001,239)
22.9072 	EXP 	New trial (rep=0, index=1): <Trial 1 (1 in rep 0) data={'test': 'C_m_ra', 'References': 'Camera', 'Old_New': 'New', 'thisN': 1, 'thisTrialN': 1, 'thisRepN': 0}>
22.9291 	EXP 	text_2: autoDraw = False
22.9291 	EXP 	textbox: autoDraw = False
22.9291 	EXP 	text_3: autoDraw = False
22.9291 	EXP 	text_2: height = np.float64(0.05)
22.9291 	EXP 	text_2: height = np.float64(0.05)
22.9291 	EXP 	text_2: height = np.float64(0.05)
22.9291 	EXP 	text_2: text = 'C_m_ra'
22.9291 	EXP 	text_2: autoDraw = True
22.9291 	EXP 	textbox: autoDraw = True
22.9291 	EXP 	text_3: autoDraw = True
23.0147 	DATA 	Mouse:  Left button up, pos=(1001,239)
24.2390 	DATA 	Keypress: c
24.2403 	EXP 	Device response: <KeyPress from None: t=24.23265630000003, value=c, duration=None>
24.3063 	EXP 	Device response: <KeyPress from None: t=24.23265630000003, value=c, duration=0.07057379999997693>
24.4272 	DATA 	Keypress: a
24.4474 	EXP 	Device response: <KeyPress from None: t=24.426709000000017, value=a, duration=None>
24.5397 	EXP 	Device response: <KeyPress from None: t=24.426709000000017, value=a, duration=0.10186740000000327>
24.8603 	DATA 	Keypress: m
24.8808 	EXP 	Device response: <KeyPress from None: t=24.85688879999998, value=m, duration=None>
24.9729 	EXP 	Device response: <KeyPress from None: t=24.85688879999998, value=m, duration=0.11305180000005066>
25.0608 	DATA 	Keypress: e
25.0722 	EXP 	Device response: <KeyPress from None: t=25.056481700000006, value=e, duration=None>
25.1718 	EXP 	Device response: <KeyPress from None: t=25.056481700000006, value=e, duration=0.10191099999997277>
25.7891 	DATA 	Keypress: r
25.7911 	EXP 	Device response: <KeyPress from None: t=25.786239299999977, value=r, duration=None>
25.8896 	EXP 	Device response: <KeyPress from None: t=25.786239299999977, value=r, duration=0.09169010000005073>
26.1391 	DATA 	Keypress: a
26.1407 	EXP 	Device response: <KeyPress from None: t=26.13165730000003, value=a, duration=None>
26.3065 	EXP 	Device response: <KeyPress from None: t=26.13165730000003, value=a, duration=0.1614994999999908>
26.5782 	DATA 	Mouse: Left button down, pos=(1001,239)
26.5905 	EXP 	New trial (rep=0, index=2): <Trial 2 (2 in rep 0) data={'test': '_ru_s_', 'References': 'Cruise', 'Old_New': 'Old', 'thisN': 2, 'thisTrialN': 2, 'thisRepN': 0}>
26.6137 	EXP 	text_2: autoDraw = False
26.6137 	EXP 	textbox: autoDraw = False
26.6137 	EXP 	text_3: autoDraw = False
26.6137 	EXP 	text_2: height = np.float64(0.05)
26.6137 	EXP 	text_2: height = np.float64(0.05)
26.6137 	EXP 	text_2: height = np.float64(0.05)
26.6137 	EXP 	text_2: text = '_ru_s_'
26.6137 	EXP 	text_2: autoDraw = True
26.6137 	EXP 	textbox: autoDraw = True
26.6137 	EXP 	text_3: autoDraw = True
26.6408 	DATA 	Mouse:  Left button up, pos=(1001,239)
29.5895 	DATA 	Keypress: c
29.5908 	EXP 	Device response: <KeyPress from None: t=29.587922600000013, value=c, duration=None>
29.6558 	EXP 	Device response: <KeyPress from None: t=29.587922600000013, value=c, duration=0.05237269999997807>
29.9561 	DATA 	Keypress: r
29.9577 	EXP 	Device response: <KeyPress from None: t=29.953259000000003, value=r, duration=None>
30.0393 	EXP 	Device response: <KeyPress from None: t=29.953259000000003, value=r, duration=0.07333970000001955>
30.2264 	DATA 	Keypress: u
30.2386 	EXP 	Device response: <KeyPress from None: t=30.22491580000002, value=u, duration=None>
30.3063 	EXP 	Device response: <KeyPress from None: t=30.22491580000002, value=u, duration=0.07334779999996499>
30.4566 	DATA 	Keypress: i
30.4580 	EXP 	Device response: <KeyPress from None: t=30.45214420000002, value=i, duration=None>
30.5396 	EXP 	Device response: <KeyPress from None: t=30.45214420000002, value=i, duration=0.08066900000000032>
31.0059 	DATA 	Keypress: s
31.0073 	EXP 	Device response: <KeyPress from None: t=31.004024200000003, value=s, duration=None>
31.1572 	EXP 	Device response: <KeyPress from None: t=31.004024200000003, value=s, duration=0.14044680000000653>
31.2733 	DATA 	Keypress: e
31.2750 	EXP 	Device response: <KeyPress from None: t=31.262830399999984, value=e, duration=None>
31.3569 	EXP 	Device response: <KeyPress from None: t=31.262830399999984, value=e, duration=0.0887356000000068>
31.6772 	DATA 	Mouse: Left button down, pos=(1001,239)
31.6893 	EXP 	New trial (rep=0, index=3): <Trial 3 (3 in rep 0) data={'test': 'Bo_t_e', 'References': 'Bottle ', 'Old_New': 'New', 'thisN': 3, 'thisTrialN': 3, 'thisRepN': 0}>
31.7085 	EXP 	text_2: autoDraw = False
31.7085 	EXP 	textbox: autoDraw = False
31.7085 	EXP 	text_3: autoDraw = False
31.7085 	EXP 	text_2: height = np.float64(0.05)
31.7085 	EXP 	text_2: height = np.float64(0.05)
31.7085 	EXP 	text_2: height = np.float64(0.05)
31.7085 	EXP 	text_2: text = 'Bo_t_e'
31.7085 	EXP 	text_2: autoDraw = True
31.7085 	EXP 	textbox: autoDraw = True
31.7085 	EXP 	text_3: autoDraw = True
31.7886 	DATA 	Mouse:  Left button up, pos=(1001,239)
41.7066 	EXP 	New trial (rep=0, index=4): <Trial 4 (4 in rep 0) data={'test': '_oo_', 'References': 'Book', 'Old_New': 'Old', 'thisN': 4, 'thisTrialN': 4, 'thisRepN': 0}>
41.7228 	EXP 	text_2: autoDraw = False
41.7228 	EXP 	textbox: autoDraw = False
41.7228 	EXP 	text_3: autoDraw = False
41.7228 	EXP 	text_2: height = np.float64(0.05)
41.7228 	EXP 	text_2: height = np.float64(0.05)
41.7228 	EXP 	text_2: height = np.float64(0.05)
41.7228 	EXP 	text_2: text = '_oo_'
41.7228 	EXP 	text_2: autoDraw = True
41.7228 	EXP 	textbox: autoDraw = True
41.7228 	EXP 	text_3: autoDraw = True
43.3459 	DATA 	Keypress: b
43.3672 	EXP 	Device response: <KeyPress from None: t=43.34375729999999, value=b, duration=None>
43.4217 	EXP 	Device response: <KeyPress from None: t=43.34375729999999, value=b, duration=0.0651569000000336>
43.8065 	DATA 	Keypress: o
43.8078 	EXP 	Device response: <KeyPress from None: t=43.80562839999999, value=o, duration=None>
43.8899 	EXP 	Device response: <KeyPress from None: t=43.80562839999999, value=o, duration=0.08300730000001977>
43.9765 	DATA 	Keypress: o
43.9887 	EXP 	Device response: <KeyPress from None: t=43.9727517, value=o, duration=None>
44.0401 	EXP 	Device response: <KeyPress from None: t=43.9727517, value=o, duration=0.06022500000000264>
44.1730 	DATA 	Keypress: k
44.1834 	EXP 	Device response: <KeyPress from None: t=44.16669030000003, value=k, duration=None>
44.2400 	EXP 	Device response: <KeyPress from None: t=44.16669030000003, value=k, duration=0.07118029999998043>
45.3554 	DATA 	Mouse: Left button down, pos=(1001,239)
45.3567 	EXP 	New trial (rep=0, index=5): <Trial 5 (5 in rep 0) data={'test': 'Ta_l_', 'References': 'Table', 'Old_New': 'New', 'thisN': 5, 'thisTrialN': 5, 'thisRepN': 0}>
45.3758 	EXP 	text_2: autoDraw = False
45.3758 	EXP 	textbox: autoDraw = False
45.3758 	EXP 	text_3: autoDraw = False
45.3758 	EXP 	text_2: height = np.float64(0.05)
45.3758 	EXP 	text_2: height = np.float64(0.05)
45.3758 	EXP 	text_2: height = np.float64(0.05)
45.3758 	EXP 	text_2: text = 'Ta_l_'
45.3758 	EXP 	text_2: autoDraw = True
45.3758 	EXP 	textbox: autoDraw = True
45.3758 	EXP 	text_3: autoDraw = True
45.4554 	DATA 	Mouse:  Left button up, pos=(1001,239)
46.6878 	DATA 	Keypress: t
46.6951 	EXP 	Device response: <KeyPress from None: t=46.68698699999999, value=t, duration=None>
46.7736 	EXP 	Device response: <KeyPress from None: t=46.68698699999999, value=t, duration=0.08564419999999018>
46.9108 	DATA 	Keypress: a
46.9222 	EXP 	Device response: <KeyPress from None: t=46.910097199999996, value=a, duration=None>
47.1898 	EXP 	Device response: <KeyPress from None: t=46.910097199999996, value=a, duration=0.2725584000000367>
49.0058 	DATA 	Keypress: l
49.0135 	EXP 	Device response: <KeyPress from None: t=49.00302579999999, value=l, duration=None>
49.1900 	EXP 	Device response: <KeyPress from None: t=49.00302579999999, value=l, duration=0.185545100000013>
49.2394 	DATA 	Keypress: e
49.2408 	EXP 	Device response: <KeyPress from None: t=49.22861210000002, value=e, duration=None>
49.4399 	EXP 	Device response: <KeyPress from None: t=49.22861210000002, value=e, duration=0.2058240000000069>
49.8732 	DATA 	Mouse: Left button down, pos=(1001,239)
49.8745 	EXP 	New trial (rep=0, index=6): <Trial 6 (6 in rep 0) data={'test': 'K_y_', 'References': 'Keys', 'Old_New': 'Old', 'thisN': 6, 'thisTrialN': 6, 'thisRepN': 0}>
49.8946 	EXP 	text_2: autoDraw = False
49.8946 	EXP 	textbox: autoDraw = False
49.8946 	EXP 	text_3: autoDraw = False
49.8946 	EXP 	text_2: height = np.float64(0.05)
49.8946 	EXP 	text_2: height = np.float64(0.05)
49.8946 	EXP 	text_2: height = np.float64(0.05)
49.8946 	EXP 	text_2: text = 'K_y_'
49.8946 	EXP 	text_2: autoDraw = True
49.8946 	EXP 	textbox: autoDraw = True
49.8946 	EXP 	text_3: autoDraw = True
50.0008 	DATA 	Mouse:  Left button up, pos=(1001,239)
50.8934 	DATA 	Keypress: k
50.8948 	EXP 	Device response: <KeyPress from None: t=50.88892679999998, value=k, duration=None>
50.9567 	EXP 	Device response: <KeyPress from None: t=50.88892679999998, value=k, duration=0.06334270000002107>
51.1228 	DATA 	Keypress: e
51.1241 	EXP 	Device response: <KeyPress from None: t=51.11844980000001, value=e, duration=None>
51.2063 	EXP 	Device response: <KeyPress from None: t=51.11844980000001, value=e, duration=0.07262600000001385>
51.2765 	DATA 	Keypress: y
51.2895 	EXP 	Device response: <KeyPress from None: t=51.27600580000001, value=y, duration=None>
51.3566 	EXP 	Device response: <KeyPress from None: t=51.27600580000001, value=y, duration=0.07733109999998078>
51.4440 	DATA 	Keypress: s
51.4563 	EXP 	Device response: <KeyPress from None: t=51.44131570000002, value=s, duration=None>
51.5568 	EXP 	Device response: <KeyPress from None: t=51.44131570000002, value=s, duration=0.10809899999998152>
51.9611 	DATA 	Mouse: Left button down, pos=(1001,239)
51.9729 	EXP 	New trial (rep=0, index=7): <Trial 7 (7 in rep 0) data={'test': 'P_s_r_', 'References': 'Pastry', 'Old_New': 'Old', 'thisN': 7, 'thisTrialN': 7, 'thisRepN': 0}>
51.9923 	EXP 	text_2: autoDraw = False
51.9923 	EXP 	textbox: autoDraw = False
51.9923 	EXP 	text_3: autoDraw = False
51.9923 	EXP 	text_2: height = np.float64(0.05)
51.9923 	EXP 	text_2: height = np.float64(0.05)
51.9923 	EXP 	text_2: height = np.float64(0.05)
51.9923 	EXP 	text_2: text = 'P_s_r_'
51.9923 	EXP 	text_2: autoDraw = True
51.9923 	EXP 	textbox: autoDraw = True
51.9923 	EXP 	text_3: autoDraw = True
52.0480 	DATA 	Mouse:  Left button up, pos=(1001,239)
53.1560 	DATA 	Keypress: p
53.1576 	EXP 	Device response: <KeyPress from None: t=53.1480464, value=p, duration=None>
53.2386 	EXP 	Device response: <KeyPress from None: t=53.1480464, value=p, duration=0.07603130000001102>
53.3101 	DATA 	Keypress: a
53.3246 	EXP 	Device response: <KeyPress from None: t=53.308620700000006, value=a, duration=None>
53.4734 	EXP 	Device response: <KeyPress from None: t=53.308620700000006, value=a, duration=0.15865769999999202>
53.9394 	DATA 	Keypress: s
53.9409 	EXP 	Device response: <KeyPress from None: t=53.93272810000002, value=s, duration=None>
54.0730 	EXP 	Device response: <KeyPress from None: t=53.93272810000002, value=s, duration=0.12789490000000114>
54.1962 	DATA 	Keypress: t
54.2087 	EXP 	Device response: <KeyPress from None: t=54.19526890000003, value=t, duration=None>
54.3541 	EXP 	Device response: <KeyPress from None: t=54.19526890000003, value=t, duration=0.15431699999999182>
55.0561 	DATA 	Keypress: r
55.0575 	EXP 	Device response: <KeyPress from None: t=55.05089859999998, value=r, duration=None>
55.1232 	EXP 	Device response: <KeyPress from None: t=55.05089859999998, value=r, duration=0.06070529999999508>
55.2108 	DATA 	Keypress: y
55.2221 	EXP 	Device response: <KeyPress from None: t=55.21036750000002, value=y, duration=None>
55.2898 	EXP 	Device response: <KeyPress from None: t=55.21036750000002, value=y, duration=0.07615309999999909>
56.6461 	DATA 	Mouse: Left button down, pos=(1003,215)
56.6590 	EXP 	New trial (rep=0, index=8): <Trial 8 (8 in rep 0) data={'test': '_ho_e', 'References': 'Phone', 'Old_New': 'Old', 'thisN': 8, 'thisTrialN': 8, 'thisRepN': 0}>
56.6848 	EXP 	text_2: autoDraw = False
56.6848 	EXP 	textbox: autoDraw = False
56.6848 	EXP 	text_3: autoDraw = False
56.6848 	EXP 	text_2: height = np.float64(0.05)
56.6848 	EXP 	text_2: height = np.float64(0.05)
56.6848 	EXP 	text_2: height = np.float64(0.05)
56.6848 	EXP 	text_2: text = '_ho_e'
56.6848 	EXP 	text_2: autoDraw = True
56.6848 	EXP 	textbox: autoDraw = True
56.6848 	EXP 	text_3: autoDraw = True
56.8619 	DATA 	Mouse:  Left button up, pos=(1003,215)
58.7968 	DATA 	Keypress: p
58.8074 	EXP 	Device response: <KeyPress from None: t=58.7939609, value=p, duration=None>
58.8423 	EXP 	Device response: <KeyPress from None: t=58.7939609, value=p, duration=0.04596020000002454>
59.1291 	DATA 	Keypress: h
59.1308 	EXP 	Device response: <KeyPress from None: t=59.12824790000002, value=h, duration=None>
59.2050 	EXP 	Device response: <KeyPress from None: t=59.12824790000002, value=h, duration=0.06903479999999718>
59.9591 	DATA 	Keypress: o
59.9719 	EXP 	Device response: <KeyPress from None: t=59.95868740000003, value=o, duration=None>
60.0217 	EXP 	Device response: <KeyPress from None: t=59.95868740000003, value=o, duration=0.0530713999999648>
60.2251 	DATA 	Keypress: n
60.2375 	EXP 	Device response: <KeyPress from None: t=60.222015699999986, value=n, duration=None>
60.2883 	EXP 	Device response: <KeyPress from None: t=60.222015699999986, value=n, duration=0.0639470000000415>
60.4431 	DATA 	Keypress: e
60.4556 	EXP 	Device response: <KeyPress from None: t=60.44030150000003, value=e, duration=None>
60.5722 	EXP 	Device response: <KeyPress from None: t=60.44030150000003, value=e, duration=0.13065399999999272>
61.0378 	DATA 	Mouse: Left button down, pos=(1003,215)
61.0388 	EXP 	New trial (rep=0, index=9): <Trial 9 (9 in rep 0) data={'test': '_o_rd', 'References': 'Board', 'Old_New': 'Old', 'thisN': 9, 'thisTrialN': 9, 'thisRepN': 0}>
61.0613 	EXP 	text_2: autoDraw = False
61.0613 	EXP 	textbox: autoDraw = False
61.0613 	EXP 	text_3: autoDraw = False
61.0613 	EXP 	text_2: height = np.float64(0.05)
61.0613 	EXP 	text_2: height = np.float64(0.05)
61.0613 	EXP 	text_2: height = np.float64(0.05)
61.0613 	EXP 	text_2: text = '_o_rd'
61.0613 	EXP 	text_2: autoDraw = True
61.0613 	EXP 	textbox: autoDraw = True
61.0613 	EXP 	text_3: autoDraw = True
61.1616 	DATA 	Mouse:  Left button up, pos=(1003,215)
62.5467 	DATA 	Keypress: b
62.5551 	EXP 	Device response: <KeyPress from None: t=62.538807099999985, value=b, duration=None>
62.6046 	EXP 	Device response: <KeyPress from None: t=62.538807099999985, value=b, duration=0.06230650000003379>
63.0045 	DATA 	Keypress: o
63.0057 	EXP 	Device response: <KeyPress from None: t=63.0034407, value=o, duration=None>
63.1050 	EXP 	Device response: <KeyPress from None: t=63.0034407, value=o, duration=0.09759420000000318>
63.2376 	DATA 	Keypress: a
63.2391 	EXP 	Device response: <KeyPress from None: t=63.2349251, value=a, duration=None>
63.3389 	EXP 	Device response: <KeyPress from None: t=63.2349251, value=a, duration=0.09933169999999336>
63.6879 	DATA 	Keypress: r
63.6895 	EXP 	Device response: <KeyPress from None: t=63.68507269999998, value=r, duration=None>
63.8042 	EXP 	Device response: <KeyPress from None: t=63.68507269999998, value=r, duration=0.10194000000001324>
63.9542 	DATA 	Keypress: d
63.9649 	EXP 	Device response: <KeyPress from None: t=63.94325200000003, value=d, duration=None>
64.0048 	EXP 	Device response: <KeyPress from None: t=63.94325200000003, value=d, duration=0.055812699999989945>
64.5877 	DATA 	Mouse: Left button down, pos=(1003,215)
64.5887 	EXP 	New trial (rep=0, index=10): <Trial 10 (10 in rep 0) data={'test': '_o_se', 'References': 'Mouse', 'Old_New': 'Old', 'thisN': 10, 'thisTrialN': 10, 'thisRepN': 0}>
64.6079 	EXP 	text_2: autoDraw = False
64.6079 	EXP 	textbox: autoDraw = False
64.6079 	EXP 	text_3: autoDraw = False
64.6079 	EXP 	text_2: height = np.float64(0.05)
64.6079 	EXP 	text_2: height = np.float64(0.05)
64.6079 	EXP 	text_2: height = np.float64(0.05)
64.6079 	EXP 	text_2: text = '_o_se'
64.6079 	EXP 	text_2: autoDraw = True
64.6079 	EXP 	textbox: autoDraw = True
64.6079 	EXP 	text_3: autoDraw = True
64.7224 	DATA 	Mouse:  Left button up, pos=(1003,215)
67.9932 	DATA 	Keypress: m
68.0040 	EXP 	Device response: <KeyPress from None: t=67.98926440000002, value=m, duration=None>
68.1035 	EXP 	Device response: <KeyPress from None: t=67.98926440000002, value=m, duration=0.1000398999999561>
68.1919 	DATA 	Keypress: o
68.2040 	EXP 	Device response: <KeyPress from None: t=68.18918259999998, value=o, duration=None>
68.3211 	EXP 	Device response: <KeyPress from None: t=68.18918259999998, value=o, duration=0.12733300000002146>
68.4539 	DATA 	Keypress: u
68.4554 	EXP 	Device response: <KeyPress from None: t=68.44332689999999, value=u, duration=None>
68.5382 	EXP 	Device response: <KeyPress from None: t=68.44332689999999, value=u, duration=0.09363550000000487>
68.5584 	DATA 	Keypress: s
68.5708 	EXP 	Device response: <KeyPress from None: t=68.55723549999999, value=s, duration=None>
68.7374 	EXP 	Device response: <KeyPress from None: t=68.55723549999999, value=s, duration=0.16426269999999477>
68.8578 	DATA 	Keypress: e
68.8703 	EXP 	Device response: <KeyPress from None: t=68.85576880000002, value=e, duration=None>
69.0044 	EXP 	Device response: <KeyPress from None: t=68.85576880000002, value=e, duration=0.14726450000000568>
70.5392 	DATA 	Mouse: Left button down, pos=(1000,235)
70.5404 	EXP 	New trial (rep=0, index=11): <Trial 11 (11 in rep 0) data={'test': '_a_bl_', 'References': 'Marble', 'Old_New': 'Old', 'thisN': 11, 'thisTrialN': 11, 'thisRepN': 0}>
70.5575 	EXP 	text_2: autoDraw = False
70.5575 	EXP 	textbox: autoDraw = False
70.5575 	EXP 	text_3: autoDraw = False
70.5575 	EXP 	text_2: height = np.float64(0.05)
70.5575 	EXP 	text_2: height = np.float64(0.05)
70.5575 	EXP 	text_2: height = np.float64(0.05)
70.5575 	EXP 	text_2: text = '_a_bl_'
70.5575 	EXP 	text_2: autoDraw = True
70.5575 	EXP 	textbox: autoDraw = True
70.5575 	EXP 	text_3: autoDraw = True
70.7542 	DATA 	Mouse:  Left button up, pos=(1000,235)
72.2716 	DATA 	Keypress: m
72.2730 	EXP 	Device response: <KeyPress from None: t=72.26086420000001, value=m, duration=None>
72.3730 	DATA 	Keypress: a
72.3744 	EXP 	Device response: <KeyPress from None: t=72.37154379999998, value=a, duration=None>
72.4059 	EXP 	Device response: <KeyPress from None: t=72.26086420000001, value=m, duration=0.13208249999996724>
72.5395 	EXP 	Device response: <KeyPress from None: t=72.37154379999998, value=a, duration=0.15324789999999666>
72.7063 	DATA 	Keypress: r
72.7078 	EXP 	Device response: <KeyPress from None: t=72.69539450000002, value=r, duration=None>
72.8226 	EXP 	Device response: <KeyPress from None: t=72.69539450000002, value=r, duration=0.11119009999998752>
73.2726 	DATA 	Keypress: b
73.2744 	EXP 	Device response: <KeyPress from None: t=73.26876820000001, value=b, duration=None>
73.3398 	EXP 	Device response: <KeyPress from None: t=73.26876820000001, value=b, duration=0.06800340000000915>
73.7395 	DATA 	Keypress: l
73.7411 	EXP 	Device response: <KeyPress from None: t=73.7294824, value=l, duration=None>
73.8233 	EXP 	Device response: <KeyPress from None: t=73.7294824, value=l, duration=0.08230320000001257>
73.8726 	DATA 	Keypress: e
73.8741 	EXP 	Device response: <KeyPress from None: t=73.8632518, value=e, duration=None>
74.0225 	EXP 	Device response: <KeyPress from None: t=73.8632518, value=e, duration=0.14696500000002288>
74.3563 	DATA 	Mouse: Left button down, pos=(1000,235)
74.3576 	EXP 	New trial (rep=0, index=12): <Trial 12 (12 in rep 0) data={'test': 'P_st_r', 'References': 'Poster', 'Old_New': 'Old', 'thisN': 12, 'thisTrialN': 12, 'thisRepN': 0}>
74.3758 	EXP 	text_2: autoDraw = False
74.3758 	EXP 	textbox: autoDraw = False
74.3758 	EXP 	text_3: autoDraw = False
74.3758 	EXP 	text_2: height = np.float64(0.05)
74.3758 	EXP 	text_2: height = np.float64(0.05)
74.3758 	EXP 	text_2: height = np.float64(0.05)
74.3758 	EXP 	text_2: text = 'P_st_r'
74.3758 	EXP 	text_2: autoDraw = True
74.3758 	EXP 	textbox: autoDraw = True
74.3758 	EXP 	text_3: autoDraw = True
74.4453 	DATA 	Mouse:  Left button up, pos=(1000,235)
75.5992 	DATA 	Keypress: p
75.6086 	EXP 	Device response: <KeyPress from None: t=75.59853249999998, value=p, duration=None>
75.7230 	EXP 	Device response: <KeyPress from None: t=75.59853249999998, value=p, duration=0.11703540000002022>
76.4078 	DATA 	Keypress: a
76.4092 	EXP 	Device response: <KeyPress from None: t=76.40170340000003, value=a, duration=None>
76.5066 	EXP 	Device response: <KeyPress from None: t=76.40170340000003, value=a, duration=0.09329789999998184>
76.6743 	DATA 	Keypress: s
76.6763 	EXP 	Device response: <KeyPress from None: t=76.67239119999999, value=s, duration=None>
76.8399 	EXP 	Device response: <KeyPress from None: t=76.67239119999999, value=s, duration=0.15848510000000715>
76.9218 	DATA 	Keypress: t
76.9232 	EXP 	Device response: <KeyPress from None: t=76.9122117, value=t, duration=None>
77.0062 	EXP 	Device response: <KeyPress from None: t=76.9122117, value=t, duration=0.0853513999999791>
77.1400 	DATA 	Keypress: r
77.1419 	EXP 	Device response: <KeyPress from None: t=77.1296959, value=r, duration=None>
77.2563 	EXP 	Device response: <KeyPress from None: t=77.1296959, value=r, duration=0.12241510000001199>
78.0774 	DATA 	Keypress: y
78.0889 	EXP 	Device response: <KeyPress from None: t=78.0739534, value=y, duration=None>
78.1561 	EXP 	Device response: <KeyPress from None: t=78.0739534, value=y, duration=0.06702860000001465>
78.5726 	DATA 	Mouse: Left button down, pos=(1000,235)
78.5738 	EXP 	New trial (rep=0, index=13): <Trial 13 (13 in rep 0) data={'test': 'L_pt_p', 'References': 'Laptop', 'Old_New': 'Old', 'thisN': 13, 'thisTrialN': 13, 'thisRepN': 0}>
78.5946 	EXP 	text_2: autoDraw = False
78.5946 	EXP 	textbox: autoDraw = False
78.5946 	EXP 	text_3: autoDraw = False
78.5946 	EXP 	text_2: height = np.float64(0.05)
78.5946 	EXP 	text_2: height = np.float64(0.05)
78.5946 	EXP 	text_2: height = np.float64(0.05)
78.5946 	EXP 	text_2: text = 'L_pt_p'
78.5946 	EXP 	text_2: autoDraw = True
78.5946 	EXP 	textbox: autoDraw = True
78.5946 	EXP 	text_3: autoDraw = True
78.6865 	DATA 	Mouse:  Left button up, pos=(1000,235)
79.5561 	DATA 	Keypress: l
79.5585 	EXP 	Device response: <KeyPress from None: t=79.55372410000001, value=l, duration=None>
79.6898 	EXP 	Device response: <KeyPress from None: t=79.55372410000001, value=l, duration=0.12441589999997404>
80.0725 	DATA 	Keypress: a
80.0739 	EXP 	Device response: <KeyPress from None: t=80.06468610000002, value=a, duration=None>
80.2402 	EXP 	Device response: <KeyPress from None: t=80.06468610000002, value=a, duration=0.17294229999998834>
80.2909 	DATA 	Keypress: p
80.2922 	EXP 	Device response: <KeyPress from None: t=80.29031150000003, value=p, duration=None>
80.4060 	EXP 	Device response: <KeyPress from None: t=80.29031150000003, value=p, duration=0.10266699999999673>
81.7118 	DATA 	Keypress: t
81.7223 	EXP 	Device response: <KeyPress from None: t=81.70849520000002, value=t, duration=None>
81.7908 	EXP 	Device response: <KeyPress from None: t=81.70849520000002, value=t, duration=0.07970050000000128>
82.1430 	DATA 	Keypress: o
82.1557 	EXP 	Device response: <KeyPress from None: t=82.14163239999999, value=o, duration=None>
82.2718 	EXP 	Device response: <KeyPress from None: t=82.14163239999999, value=o, duration=0.11439060000003565>
82.3232 	DATA 	Keypress: p
82.3247 	EXP 	Device response: <KeyPress from None: t=82.31779740000002, value=p, duration=None>
82.4555 	EXP 	Device response: <KeyPress from None: t=82.31779740000002, value=p, duration=0.12347849999997607>
82.8447 	DATA 	Mouse: Left button down, pos=(1000,235)
82.8562 	EXP 	New trial (rep=0, index=14): <Trial 14 (14 in rep 0) data={'test': 'C_s_', 'References': 'Case', 'Old_New': 'Old', 'thisN': 14, 'thisTrialN': 14, 'thisRepN': 0}>
82.8777 	EXP 	text_2: autoDraw = False
82.8777 	EXP 	textbox: autoDraw = False
82.8777 	EXP 	text_3: autoDraw = False
82.8777 	EXP 	text_2: height = np.float64(0.05)
82.8777 	EXP 	text_2: height = np.float64(0.05)
82.8777 	EXP 	text_2: height = np.float64(0.05)
82.8777 	EXP 	text_2: text = 'C_s_'
82.8777 	EXP 	text_2: autoDraw = True
82.8777 	EXP 	textbox: autoDraw = True
82.8777 	EXP 	text_3: autoDraw = True
82.9768 	DATA 	Mouse:  Left button up, pos=(1000,235)
83.8392 	DATA 	Keypress: c
83.8405 	EXP 	Device response: <KeyPress from None: t=83.83626470000002, value=c, duration=None>
83.9235 	EXP 	Device response: <KeyPress from None: t=83.83626470000002, value=c, duration=0.07998240000000578>
83.9895 	DATA 	Keypress: a
83.9910 	EXP 	Device response: <KeyPress from None: t=83.97822869999999, value=a, duration=None>
84.1242 	EXP 	Device response: <KeyPress from None: t=83.97822869999999, value=a, duration=0.13936570000004167>
84.7558 	DATA 	Keypress: s
84.7574 	EXP 	Device response: <KeyPress from None: t=84.74737579999999, value=s, duration=None>
84.9559 	EXP 	Device response: <KeyPress from None: t=84.74737579999999, value=s, duration=0.19424639999999727>
85.0061 	DATA 	Keypress: e
85.0078 	EXP 	Device response: <KeyPress from None: t=85.0032435, value=e, duration=None>
85.2056 	EXP 	Device response: <KeyPress from None: t=85.0032435, value=e, duration=0.19107839999998077>
85.6064 	DATA 	Mouse: Left button down, pos=(1000,235)
85.6076 	EXP 	New trial (rep=0, index=15): <Trial 15 (15 in rep 0) data={'test': 'V_s_', 'References': 'Vase', 'Old_New': 'New', 'thisN': 15, 'thisTrialN': 15, 'thisRepN': 0}>
85.6312 	EXP 	text_2: autoDraw = False
85.6312 	EXP 	textbox: autoDraw = False
85.6312 	EXP 	text_3: autoDraw = False
85.6312 	EXP 	text_2: height = np.float64(0.05)
85.6312 	EXP 	text_2: height = np.float64(0.05)
85.6312 	EXP 	text_2: height = np.float64(0.05)
85.6312 	EXP 	text_2: text = 'V_s_'
85.6312 	EXP 	text_2: autoDraw = True
85.6312 	EXP 	textbox: autoDraw = True
85.6312 	EXP 	text_3: autoDraw = True
85.7175 	DATA 	Mouse:  Left button up, pos=(1000,235)
86.6301 	DATA 	Keypress: v
86.6400 	EXP 	Device response: <KeyPress from None: t=86.62635069999999, value=v, duration=None>
86.7228 	EXP 	Device response: <KeyPress from None: t=86.62635069999999, value=v, duration=0.0800198000000023>
86.7780 	DATA 	Keypress: a
86.7894 	EXP 	Device response: <KeyPress from None: t=86.77611489999998, value=a, duration=None>
86.8900 	EXP 	Device response: <KeyPress from None: t=86.77611489999998, value=a, duration=0.09991110000004255>
87.1938 	DATA 	Keypress: s
87.2058 	EXP 	Device response: <KeyPress from None: t=87.19136709999998, value=s, duration=None>
87.3236 	EXP 	Device response: <KeyPress from None: t=87.19136709999998, value=s, duration=0.12483790000004547>
87.4072 	DATA 	Keypress: e
87.4086 	EXP 	Device response: <KeyPress from None: t=87.40071890000002, value=e, duration=None>
87.5902 	EXP 	Device response: <KeyPress from None: t=87.40071890000002, value=e, duration=0.18837489999998525>
90.1377 	DATA 	Mouse: Left button down, pos=(998,201)
90.1387 	EXP 	New trial (rep=0, index=16): <Trial 16 (16 in rep 0) data={'test': 'P_nc_l', 'References': 'Pencil', 'Old_New': 'New', 'thisN': 16, 'thisTrialN': 16, 'thisRepN': 0}>
90.1548 	EXP 	text_2: autoDraw = False
90.1548 	EXP 	textbox: autoDraw = False
90.1548 	EXP 	text_3: autoDraw = False
90.1548 	EXP 	text_2: height = np.float64(0.05)
90.1548 	EXP 	text_2: height = np.float64(0.05)
90.1548 	EXP 	text_2: height = np.float64(0.05)
90.1548 	EXP 	text_2: text = 'P_nc_l'
90.1548 	EXP 	text_2: autoDraw = True
90.1548 	EXP 	textbox: autoDraw = True
90.1548 	EXP 	text_3: autoDraw = True
90.3613 	DATA 	Mouse:  Left button up, pos=(998,201)
94.3727 	DATA 	Keypress: p
94.3742 	EXP 	Device response: <KeyPress from None: t=94.36985379999999, value=p, duration=None>
94.5227 	EXP 	Device response: <KeyPress from None: t=94.36985379999999, value=p, duration=0.13661360000003242>
94.5729 	DATA 	Keypress: e
94.5745 	EXP 	Device response: <KeyPress from None: t=94.57027640000001, value=e, duration=None>
94.6899 	EXP 	Device response: <KeyPress from None: t=94.57027640000001, value=e, duration=0.1028208000000177>
95.1394 	DATA 	Keypress: n
95.1410 	EXP 	Device response: <KeyPress from None: t=95.13516090000002, value=n, duration=None>
95.2073 	EXP 	Device response: <KeyPress from None: t=95.13516090000002, value=n, duration=0.07146349999999302>
95.4068 	DATA 	Keypress: c
95.4083 	EXP 	Device response: <KeyPress from None: t=95.4062404, value=c, duration=None>
95.5061 	EXP 	Device response: <KeyPress from None: t=95.4062404, value=c, duration=0.09200099999998201>
95.6106 	DATA 	Keypress: i
95.6234 	EXP 	Device response: <KeyPress from None: t=95.60934980000002, value=i, duration=None>
95.7399 	EXP 	Device response: <KeyPress from None: t=95.60934980000002, value=i, duration=0.1234286000000111>
95.9909 	DATA 	Keypress: l
95.9924 	EXP 	Device response: <KeyPress from None: t=95.98824769999999, value=l, duration=None>
96.1061 	EXP 	Device response: <KeyPress from None: t=95.98824769999999, value=l, duration=0.1024689000000194>
96.5890 	DATA 	Mouse: Left button down, pos=(998,201)
96.5906 	EXP 	New trial (rep=0, index=17): <Trial 17 (17 in rep 0) data={'test': '_ha_t', 'References': 'Chart ', 'Old_New': 'Old', 'thisN': 17, 'thisTrialN': 17, 'thisRepN': 0}>
96.6112 	EXP 	text_2: autoDraw = False
96.6112 	EXP 	textbox: autoDraw = False
96.6112 	EXP 	text_3: autoDraw = False
96.6112 	EXP 	text_2: height = np.float64(0.05)
96.6112 	EXP 	text_2: height = np.float64(0.05)
96.6112 	EXP 	text_2: height = np.float64(0.05)
96.6112 	EXP 	text_2: text = '_ha_t'
96.6112 	EXP 	text_2: autoDraw = True
96.6112 	EXP 	textbox: autoDraw = True
96.6112 	EXP 	text_3: autoDraw = True
96.7146 	DATA 	Mouse:  Left button up, pos=(998,201)
98.1729 	DATA 	Keypress: c
98.1742 	EXP 	Device response: <KeyPress from None: t=98.1715977, value=c, duration=None>
98.2402 	EXP 	Device response: <KeyPress from None: t=98.1715977, value=c, duration=0.05891600000001063>
98.5735 	DATA 	Keypress: h
98.5748 	EXP 	Device response: <KeyPress from None: t=98.56782249999998, value=h, duration=None>
98.6731 	EXP 	Device response: <KeyPress from None: t=98.56782249999998, value=h, duration=0.10281980000002022>
98.7442 	DATA 	Keypress: a
98.7557 	EXP 	Device response: <KeyPress from None: t=98.74003390000001, value=a, duration=None>
98.8895 	EXP 	Device response: <KeyPress from None: t=98.74003390000001, value=a, duration=0.14111950000000206>
98.9565 	DATA 	Keypress: r
98.9580 	EXP 	Device response: <KeyPress from None: t=98.95491020000003, value=r, duration=None>
99.0404 	EXP 	Device response: <KeyPress from None: t=98.95491020000003, value=r, duration=0.08019559999996773>
99.1397 	DATA 	Keypress: t
99.1411 	EXP 	Device response: <KeyPress from None: t=99.12913600000002, value=t, duration=None>
99.2394 	EXP 	Device response: <KeyPress from None: t=99.12913600000002, value=t, duration=0.09830819999996265>
99.6055 	DATA 	Mouse: Left button down, pos=(998,201)
99.6067 	EXP 	New trial (rep=0, index=18): <Trial 18 (18 in rep 0) data={'test': 'T_hi_t', 'References': 'T-shirt', 'Old_New': 'Old', 'thisN': 18, 'thisTrialN': 18, 'thisRepN': 0}>
99.6271 	EXP 	text_2: autoDraw = False
99.6271 	EXP 	textbox: autoDraw = False
99.6271 	EXP 	text_3: autoDraw = False
99.6271 	EXP 	text_2: height = np.float64(0.05)
99.6271 	EXP 	text_2: height = np.float64(0.05)
99.6271 	EXP 	text_2: height = np.float64(0.05)
99.6271 	EXP 	text_2: text = 'T_hi_t'
99.6271 	EXP 	text_2: autoDraw = True
99.6271 	EXP 	textbox: autoDraw = True
99.6271 	EXP 	text_3: autoDraw = True
99.7084 	DATA 	Mouse:  Left button up, pos=(998,201)
101.5230 	DATA 	Keypress: t
101.5246 	EXP 	Device response: <KeyPress from None: t=101.52217539999998, value=t, duration=None>
101.6061 	EXP 	Device response: <KeyPress from None: t=101.52217539999998, value=t, duration=0.06757010000001173>
101.6938 	DATA 	Keypress: s
101.7056 	EXP 	Device response: <KeyPress from None: t=101.69230570000002, value=s, duration=None>
101.8570 	EXP 	Device response: <KeyPress from None: t=101.69230570000002, value=s, duration=0.16258840000000419>
101.8617 	DATA 	Keypress: h
101.8722 	EXP 	Device response: <KeyPress from None: t=101.8610233, value=h, duration=None>
101.9561 	EXP 	Device response: <KeyPress from None: t=101.8610233, value=h, duration=0.0810094999999933>
102.3227 	DATA 	Keypress: i
102.3242 	EXP 	Device response: <KeyPress from None: t=102.31482369999998, value=i, duration=None>
102.4244 	EXP 	Device response: <KeyPress from None: t=102.31482369999998, value=i, duration=0.09947480000005271>
102.5894 	DATA 	Keypress: r
102.5909 	EXP 	Device response: <KeyPress from None: t=102.58198449999998, value=r, duration=None>
102.7230 	DATA 	Keypress: t
102.7246 	EXP 	Device response: <KeyPress from None: t=102.71366749999999, value=t, duration=None>
102.7396 	EXP 	Device response: <KeyPress from None: t=102.58198449999998, value=r, duration=0.15325950000004696>
102.8065 	EXP 	Device response: <KeyPress from None: t=102.71366749999999, value=t, duration=0.08289540000004081>
103.2721 	DATA 	Mouse: Left button down, pos=(998,201)
103.2734 	EXP 	New trial (rep=0, index=19): <Trial 19 (19 in rep 0) data={'test': 'P_li_e', 'References': 'Police', 'Old_New': 'Old', 'thisN': 19, 'thisTrialN': 19, 'thisRepN': 0}>
103.2927 	EXP 	text_2: autoDraw = False
103.2927 	EXP 	textbox: autoDraw = False
103.2927 	EXP 	text_3: autoDraw = False
103.2927 	EXP 	text_2: height = np.float64(0.05)
103.2927 	EXP 	text_2: height = np.float64(0.05)
103.2927 	EXP 	text_2: height = np.float64(0.05)
103.2927 	EXP 	text_2: text = 'P_li_e'
103.2927 	EXP 	text_2: autoDraw = True
103.2927 	EXP 	textbox: autoDraw = True
103.2927 	EXP 	text_3: autoDraw = True
103.3723 	DATA 	Mouse:  Left button up, pos=(998,201)
104.7561 	DATA 	Keypress: p
104.7576 	EXP 	Device response: <KeyPress from None: t=104.74920370000001, value=p, duration=None>
104.8399 	EXP 	Device response: <KeyPress from None: t=104.74920370000001, value=p, duration=0.08161510000002181>
105.1401 	DATA 	Keypress: l
105.1414 	EXP 	Device response: <KeyPress from None: t=105.1346479, value=l, duration=None>
105.1722 	EXP 	Device response: <KeyPress from None: t=105.1346479, value=l, duration=0.02177169999998796>
105.3602 	DATA 	Keypress: o
105.3724 	EXP 	Device response: <KeyPress from None: t=105.35683080000001, value=o, duration=None>
105.3897 	EXP 	Device response: <KeyPress from None: t=105.35683080000001, value=o, duration=0.029139600000007704>
105.7557 	DATA 	Keypress: backspace
105.7574 	EXP 	Device response: <KeyPress from None: t=105.7510514, value=backspace, duration=None>
105.9062 	EXP 	Device response: <KeyPress from None: t=105.7510514, value=backspace, duration=0.143009300000017>
106.0940 	DATA 	Keypress: backspace
106.1059 	EXP 	Device response: <KeyPress from None: t=106.09050400000001, value=backspace, duration=None>
106.1894 	EXP 	Device response: <KeyPress from None: t=106.09050400000001, value=backspace, duration=0.08507589999999254>
106.6397 	DATA 	Keypress: o
106.6411 	EXP 	Device response: <KeyPress from None: t=106.63895439999999, value=o, duration=None>
106.7053 	EXP 	Device response: <KeyPress from None: t=106.63895439999999, value=o, duration=0.05472400000002153>
106.8397 	DATA 	Keypress: l
106.8411 	EXP 	Device response: <KeyPress from None: t=106.837108, value=l, duration=None>
106.9559 	EXP 	Device response: <KeyPress from None: t=106.837108, value=l, duration=0.10495919999999614>
107.0562 	DATA 	Keypress: i
107.0576 	EXP 	Device response: <KeyPress from None: t=107.04473990000002, value=i, duration=None>
107.1234 	EXP 	Device response: <KeyPress from None: t=107.04473990000002, value=i, duration=0.06700889999996207>
107.3775 	DATA 	Keypress: c
107.3889 	EXP 	Device response: <KeyPress from None: t=107.3731373, value=c, duration=None>
107.5233 	EXP 	Device response: <KeyPress from None: t=107.3731373, value=c, duration=0.146927699999992>
107.6396 	DATA 	Keypress: e
107.6411 	EXP 	Device response: <KeyPress from None: t=107.63692910000003, value=e, duration=None>
107.7565 	EXP 	Device response: <KeyPress from None: t=107.63692910000003, value=e, duration=0.11590289999998049>
108.4444 	DATA 	Mouse: Left button down, pos=(998,201)
108.4723 	EXP 	text_2: autoDraw = False
108.4723 	EXP 	textbox: autoDraw = False
108.4723 	EXP 	text_3: autoDraw = False
108.4726 	EXP 	word priming: status = STOPPED
108.5061 	INFO 	saved data to 'C:\\Users\\DELL\\Desktop\\psychopie_final\\word_priming\\data\\4444_word priming_2025-10-14_14h18.45.196.csv'
108.5102 	INFO 	saved data to C:\Users\DELL\Desktop\psychopie_final\word_priming\data\4444_word priming_2025-10-14_14h18.45.196.psydat
108.8846 	WARNING 	Stopping key buffers but this could be dangerous ifother keyboards rely on the same.
