11.8995 	INFO 	Loaded monitor calibration from ['2025_08_11 19:48']
11.9126 	WARNING 	User requested fullscreen with size [1024  768], but screen is actually [1920, 1080]. Using actual size
12.2540 	INFO 	Using renderer 'AMD Radeon(TM) Graphics' for graphics
12.2540 	INFO 	OpenGL version supported by driver is 4..
12.3259 	EXP 	Created window1 = Window(allowGUI=False, allowStencil=False, autoLog=True, backendConf=UNKNOWN, backgroundFit=<method-wrapper '__getattribute__' of attributeSetter object at 0x000001D538FACE20>, backgroundImage=<method-wrapper '__getattribute__' of attributeSetter object at 0x000001D538FACDC0>, bitsMode=UNKNOWN, blendMode='avg', bpc=(8, 8, 8), color=array([0, 0, 0]), colorSpace='rgb', depthBits=8, fullscr=True, gamma=None, gammaErrorPolicy='raise', infoMsg=UNKNOWN, lms=UNKNOWN, monitor=<psychopy.monitors.calibTools.Monitor object at 0x000001D53905E680>, multiSample=False, name='window1', numSamples=2, pos=[np.float64(0.0), np.float64(0.0)], screen=0, size=array([1920, 1080]), stencilBits=0, stereo=False, title='PsychoPy', units='height', useFBO=True, useRetina=False, viewOri=0.0, viewPos=None, viewScale=None, waitBlanking=True, winType='pyglet')
12.3262 	EXP 	window1: backgroundImage = ''
12.3262 	EXP 	window1: backgroundFit = 'none'
13.1846 	EXP 	window1: Attempting to measure frame rate of screen (0) ...
13.1848 	EXP 	window1: recordFrameIntervals = False
13.4914 	EXP 	window1: recordFrameIntervals = True
13.6738 	EXP 	Screen (0) actual frame rate measured at 60.42Hz
13.6738 	EXP 	window1: recordFrameIntervals = False
13.7536 	INFO 	keyboard.Keyboard is using ptb backend.
13.7539 	INFO 	keyboard.Keyboard is using ptb backend.
13.7540 	EXP 	delay_discounting: status = STARTED
13.7608 	EXP 	Created fixation = ShapeStim(__class__=<class 'psychopy.visual.shape.ShapeStim'>, anchor=('center', 'center'), autoDraw=False, autoLog=True, closeShape=True, color=method-wrapper(...), colorSpace='rgb', contrast=None, depth=0.0, draggable=False, fillColor=array([1, 1, 1]), fillColorSpace='rgb', fillRGB=array([1, 1, 1]), interpolate=True, lineColor=array([1., 1., 1.]), lineColorSpace='rgb', lineRGB=array([1, 1, 1]), lineWidth=1.0, name='fixation', opacity=1, ori=0.0, pos=array([0., 0.]), size=array([0.05, 0.05]), units='height', vertices=ndarray(...), win=Window(...), windingRule=None)
13.7985 	EXP 	Created text = TextStim(__class__=<class 'psychopy.visual.text.TextStim'>, alignHoriz=method-wrapper(...), alignText='center', alignVert=method-wrapper(...), anchorHoriz='center', anchorVert='center', antialias=True, autoDraw=False, autoLog=True, bold=False, color=array([1., 1., 1.]), colorSpace='rgb', contrast=1.0, depth=-1.0, draggable=False, flipHoriz=False, flipVert=False, font='Arial', fontFiles=[], height=0.05, italic=False, languageStyle='LTR', name='text', opacity=1, ori=0.0, pos=array([0., 0.]), rgb=UNKNOWN, text='', units='height', win=Window(...), wrapWidth=1)
0.0329 	EXP 	Imported conditions.xlsx as conditions, 100 conditions, 3 params
0.0348 	EXP 	New trial (rep=0, index=0): <Trial 0 (0 in rep 0) data={'reward_today': 11, 'future_reward': 24, 'delay': 90, 'thisN': 0, 'thisTrialN': 0, 'thisRepN': 0}>
0.1131 	EXP 	text: height = np.float64(0.05)
0.1131 	EXP 	text: height = np.float64(0.05)
0.1131 	EXP 	text: height = np.float64(0.05)
0.1131 	EXP 	text: text = 'GBP 11 today  or GBP 24 after 90 days'
0.1131 	EXP 	fixation: autoDraw = True
1.0082 	INFO 	Keyboard events cleared
1.0080 	EXP 	text: autoDraw = True
1.1247 	EXP 	fixation: autoDraw = False
2.7340 	EXP 	Device response: <KeyPress from None: t=2.7156519999998636, value=l, duration=None>
2.7345 	EXP 	New trial (rep=0, index=1): <Trial 1 (1 in rep 0) data={'reward_today': 52, 'future_reward': 67, 'delay': 30, 'thisN': 1, 'thisTrialN': 1, 'thisRepN': 0}>
2.7449 	DATA 	Keypress: l
2.7524 	EXP 	fixation: autoDraw = False
2.7524 	EXP 	text: autoDraw = False
2.7524 	EXP 	text: height = np.float64(0.05)
2.7524 	EXP 	text: height = np.float64(0.05)
2.7524 	EXP 	text: height = np.float64(0.05)
2.7524 	EXP 	text: text = 'GBP 52 today  or GBP 67 after 30 days'
2.7524 	EXP 	fixation: autoDraw = True
2.8418 	EXP 	Device response: <KeyPress from None: t=2.7156519999998636, value=l, duration=0.11310720000028596>
3.7415 	INFO 	Keyboard events cleared
3.7413 	EXP 	text: autoDraw = True
3.7590 	EXP 	fixation: autoDraw = False
4.0250 	EXP 	Device response: <KeyPress from None: t=4.010924000000159, value=t, duration=None>
4.0254 	EXP 	New trial (rep=0, index=2): <Trial 2 (2 in rep 0) data={'reward_today': 69, 'future_reward': 90, 'delay': 30, 'thisN': 2, 'thisTrialN': 2, 'thisRepN': 0}>
4.0306 	DATA 	Keypress: t
4.0413 	EXP 	fixation: autoDraw = False
4.0413 	EXP 	text: autoDraw = False
4.0413 	EXP 	text: height = np.float64(0.05)
4.0413 	EXP 	text: height = np.float64(0.05)
4.0413 	EXP 	text: height = np.float64(0.05)
4.0413 	EXP 	text: text = 'GBP 69 today  or GBP 90 after 30 days'
4.0413 	EXP 	fixation: autoDraw = True
4.1919 	EXP 	Device response: <KeyPress from None: t=4.010924000000159, value=t, duration=0.17200980000006894>
5.0256 	INFO 	Keyboard events cleared
5.0254 	EXP 	text: autoDraw = True
5.0414 	EXP 	fixation: autoDraw = False
5.9087 	EXP 	Device response: <KeyPress from None: t=5.897089900000083, value=l, duration=None>
5.9091 	EXP 	New trial (rep=0, index=3): <Trial 3 (3 in rep 0) data={'reward_today': 64, 'future_reward': 80, 'delay': 76, 'thisN': 3, 'thisTrialN': 3, 'thisRepN': 0}>
5.9174 	DATA 	Keypress: l
5.9254 	EXP 	fixation: autoDraw = False
5.9254 	EXP 	text: autoDraw = False
5.9254 	EXP 	text: height = np.float64(0.05)
5.9254 	EXP 	text: height = np.float64(0.05)
5.9254 	EXP 	text: height = np.float64(0.05)
5.9254 	EXP 	text: text = 'GBP 64 today  or GBP 80 after 76 days'
5.9254 	EXP 	fixation: autoDraw = True
6.0260 	EXP 	Device response: <KeyPress from None: t=5.897089900000083, value=l, duration=0.11311939999995957>
6.9241 	INFO 	Keyboard events cleared
6.9239 	EXP 	fixation: autoDraw = False
6.9239 	EXP 	text: autoDraw = True
7.6417 	EXP 	Device response: <KeyPress from None: t=7.6390151000000515, value=l, duration=None>
7.6420 	EXP 	New trial (rep=0, index=4): <Trial 4 (4 in rep 0) data={'reward_today': 20, 'future_reward': 30, 'delay': 30, 'thisN': 4, 'thisTrialN': 4, 'thisRepN': 0}>
7.6473 	DATA 	Keypress: l
7.6591 	EXP 	fixation: autoDraw = False
7.6591 	EXP 	text: autoDraw = False
7.6591 	EXP 	text: height = np.float64(0.05)
7.6591 	EXP 	text: height = np.float64(0.05)
7.6591 	EXP 	text: height = np.float64(0.05)
7.6591 	EXP 	text: text = 'GBP 20 today  or GBP 30 after 30 days'
7.6591 	EXP 	fixation: autoDraw = True
7.8751 	EXP 	Device response: <KeyPress from None: t=7.6390151000000515, value=l, duration=0.2276609999998982>
8.6417 	INFO 	Keyboard events cleared
8.6415 	EXP 	text: autoDraw = True
8.6581 	EXP 	fixation: autoDraw = False
9.6421 	EXP 	Device response: <KeyPress from None: t=9.639106099999935, value=l, duration=None>
9.6424 	EXP 	New trial (rep=0, index=5): <Trial 5 (5 in rep 0) data={'reward_today': 70, 'future_reward': 105, 'delay': 117, 'thisN': 5, 'thisTrialN': 5, 'thisRepN': 0}>
9.6477 	DATA 	Keypress: l
9.6579 	EXP 	fixation: autoDraw = False
9.6579 	EXP 	text: autoDraw = False
9.6579 	EXP 	text: height = np.float64(0.05)
9.6579 	EXP 	text: height = np.float64(0.05)
9.6579 	EXP 	text: height = np.float64(0.05)
9.6579 	EXP 	text: text = 'GBP 70 today  or GBP 105 after 117 days'
9.6579 	EXP 	fixation: autoDraw = True
9.8416 	EXP 	Device response: <KeyPress from None: t=9.639106099999935, value=l, duration=0.19475850000026185>
10.6417 	INFO 	Keyboard events cleared
10.6416 	EXP 	text: autoDraw = True
10.6582 	EXP 	fixation: autoDraw = False
13.1088 	EXP 	Device response: <KeyPress from None: t=13.09262949999993, value=l, duration=None>
13.1092 	EXP 	New trial (rep=0, index=6): <Trial 6 (6 in rep 0) data={'reward_today': 60, 'future_reward': 112, 'delay': 55, 'thisN': 6, 'thisTrialN': 6, 'thisRepN': 0}>
13.1148 	DATA 	Keypress: l
13.1244 	EXP 	fixation: autoDraw = False
13.1244 	EXP 	text: autoDraw = False
13.1244 	EXP 	text: height = np.float64(0.05)
13.1244 	EXP 	text: height = np.float64(0.05)
13.1244 	EXP 	text: height = np.float64(0.05)
13.1244 	EXP 	text: text = 'GBP 60 today  or GBP 112 after 55 days'
13.1244 	EXP 	fixation: autoDraw = True
13.3085 	EXP 	Device response: <KeyPress from None: t=13.09262949999993, value=l, duration=0.20925050000005285>
14.1249 	INFO 	Keyboard events cleared
14.1248 	EXP 	fixation: autoDraw = False
14.1248 	EXP 	text: autoDraw = True
15.5766 	DATA 	Keypress: l
15.5919 	EXP 	Device response: <KeyPress from None: t=15.575884200000019, value=l, duration=None>
15.5922 	EXP 	New trial (rep=0, index=7): <Trial 7 (7 in rep 0) data={'reward_today': 38, 'future_reward': 54, 'delay': 64, 'thisN': 7, 'thisTrialN': 7, 'thisRepN': 0}>
15.6082 	EXP 	fixation: autoDraw = False
15.6082 	EXP 	text: autoDraw = False
15.6082 	EXP 	text: height = np.float64(0.05)
15.6082 	EXP 	text: height = np.float64(0.05)
15.6082 	EXP 	text: height = np.float64(0.05)
15.6082 	EXP 	text: text = 'GBP 38 today  or GBP 54 after 64 days'
15.6082 	EXP 	fixation: autoDraw = True
15.7752 	EXP 	Device response: <KeyPress from None: t=15.575884200000019, value=l, duration=0.1843666999998277>
16.5914 	INFO 	Keyboard events cleared
16.5913 	EXP 	text: autoDraw = True
16.6079 	EXP 	fixation: autoDraw = False
17.7412 	EXP 	Device response: <KeyPress from None: t=17.734115499999916, value=l, duration=None>
17.7415 	EXP 	New trial (rep=0, index=8): <Trial 8 (8 in rep 0) data={'reward_today': 44, 'future_reward': 69, 'delay': 3, 'thisN': 8, 'thisTrialN': 8, 'thisRepN': 0}>
17.7472 	DATA 	Keypress: l
17.7580 	EXP 	fixation: autoDraw = False
17.7580 	EXP 	text: autoDraw = False
17.7580 	EXP 	text: height = np.float64(0.05)
17.7580 	EXP 	text: height = np.float64(0.05)
17.7580 	EXP 	text: height = np.float64(0.05)
17.7580 	EXP 	text: text = 'GBP 44 today  or GBP 69 after 3 days'
17.7580 	EXP 	fixation: autoDraw = True
17.9248 	EXP 	Device response: <KeyPress from None: t=17.734115499999916, value=l, duration=0.1766248000003543>
18.7416 	INFO 	Keyboard events cleared
18.7415 	EXP 	text: autoDraw = True
18.7583 	EXP 	fixation: autoDraw = False
20.4252 	EXP 	Device response: <KeyPress from None: t=20.41173660000004, value=l, duration=None>
20.4255 	EXP 	New trial (rep=0, index=9): <Trial 9 (9 in rep 0) data={'reward_today': 49, 'future_reward': 86, 'delay': 45, 'thisN': 9, 'thisTrialN': 9, 'thisRepN': 0}>
20.4305 	DATA 	Keypress: l
20.4414 	EXP 	fixation: autoDraw = False
20.4414 	EXP 	text: autoDraw = False
20.4414 	EXP 	text: height = np.float64(0.05)
20.4414 	EXP 	text: height = np.float64(0.05)
20.4414 	EXP 	text: height = np.float64(0.05)
20.4414 	EXP 	text: text = 'GBP 49 today  or GBP 86 after 45 days'
20.4414 	EXP 	fixation: autoDraw = True
20.6086 	EXP 	Device response: <KeyPress from None: t=20.41173660000004, value=l, duration=0.18499199999996563>
21.4249 	INFO 	Keyboard events cleared
21.4248 	EXP 	text: autoDraw = True
21.4417 	EXP 	fixation: autoDraw = False
22.6083 	EXP 	Device response: <KeyPress from None: t=22.60523090000015, value=t, duration=None>
22.6087 	EXP 	New trial (rep=0, index=10): <Trial 10 (10 in rep 0) data={'reward_today': 68, 'future_reward': 155, 'delay': 160, 'thisN': 10, 'thisTrialN': 10, 'thisRepN': 0}>
22.6140 	DATA 	Keypress: t
22.6250 	EXP 	fixation: autoDraw = False
22.6250 	EXP 	text: autoDraw = False
22.6250 	EXP 	text: height = np.float64(0.05)
22.6250 	EXP 	text: height = np.float64(0.05)
22.6250 	EXP 	text: height = np.float64(0.05)
22.6250 	EXP 	text: text = 'GBP 68 today  or GBP 155 after 160 days'
22.6250 	EXP 	fixation: autoDraw = True
22.7085 	EXP 	Device response: <KeyPress from None: t=22.60523090000015, value=t, duration=0.0964203999997153>
23.6087 	INFO 	Keyboard events cleared
23.6085 	EXP 	text: autoDraw = True
23.6248 	EXP 	fixation: autoDraw = False
24.6590 	EXP 	Device response: <KeyPress from None: t=24.653866200000266, value=t, duration=None>
24.6593 	EXP 	New trial (rep=0, index=11): <Trial 11 (11 in rep 0) data={'reward_today': 41, 'future_reward': 45, 'delay': 60, 'thisN': 11, 'thisTrialN': 11, 'thisRepN': 0}>
24.6645 	DATA 	Keypress: t
24.6743 	EXP 	fixation: autoDraw = False
24.6743 	EXP 	text: autoDraw = False
24.6743 	EXP 	text: height = np.float64(0.05)
24.6743 	EXP 	text: height = np.float64(0.05)
24.6743 	EXP 	text: height = np.float64(0.05)
24.6743 	EXP 	text: text = 'GBP 41 today  or GBP 45 after 60 days'
24.6743 	EXP 	fixation: autoDraw = True
24.8090 	EXP 	Device response: <KeyPress from None: t=24.653866200000266, value=t, duration=0.14837989999978163>
25.6585 	INFO 	Keyboard events cleared
25.6584 	EXP 	text: autoDraw = True
25.6750 	EXP 	fixation: autoDraw = False
26.7757 	EXP 	Device response: <KeyPress from None: t=26.770532699999876, value=l, duration=None>
26.7760 	EXP 	New trial (rep=0, index=12): <Trial 12 (12 in rep 0) data={'reward_today': 49, 'future_reward': 61, 'delay': 50, 'thisN': 12, 'thisTrialN': 12, 'thisRepN': 0}>
26.7813 	DATA 	Keypress: l
26.7911 	EXP 	fixation: autoDraw = False
26.7911 	EXP 	text: autoDraw = False
26.7911 	EXP 	text: height = np.float64(0.05)
26.7911 	EXP 	text: height = np.float64(0.05)
26.7911 	EXP 	text: height = np.float64(0.05)
26.7911 	EXP 	text: text = 'GBP 49 today  or GBP 61 after 50 days'
26.7911 	EXP 	fixation: autoDraw = True
26.9598 	EXP 	Device response: <KeyPress from None: t=26.770532699999876, value=l, duration=0.18366379999997662>
27.7915 	INFO 	Keyboard events cleared
27.7913 	EXP 	fixation: autoDraw = False
27.7913 	EXP 	text: autoDraw = True
29.2257 	EXP 	Device response: <KeyPress from None: t=29.224663299999975, value=l, duration=None>
29.2260 	EXP 	New trial (rep=0, index=13): <Trial 13 (13 in rep 0) data={'reward_today': 54, 'future_reward': 99, 'delay': 111, 'thisN': 13, 'thisTrialN': 13, 'thisRepN': 0}>
29.2313 	DATA 	Keypress: l
29.2410 	EXP 	fixation: autoDraw = False
29.2410 	EXP 	text: autoDraw = False
29.2410 	EXP 	text: height = np.float64(0.05)
29.2410 	EXP 	text: height = np.float64(0.05)
29.2410 	EXP 	text: height = np.float64(0.05)
29.2410 	EXP 	text: text = 'GBP 54 today  or GBP 99 after 111 days'
29.2410 	EXP 	fixation: autoDraw = True
29.4253 	EXP 	Device response: <KeyPress from None: t=29.224663299999975, value=l, duration=0.18415839999988748>
30.2418 	INFO 	Keyboard events cleared
30.2416 	EXP 	fixation: autoDraw = False
30.2416 	EXP 	text: autoDraw = True
32.4752 	EXP 	Device response: <KeyPress from None: t=32.46903259999999, value=l, duration=None>
32.4755 	EXP 	New trial (rep=0, index=14): <Trial 14 (14 in rep 0) data={'reward_today': 11, 'future_reward': 46, 'delay': 21, 'thisN': 14, 'thisTrialN': 14, 'thisRepN': 0}>
32.6505 	DATA 	Keypress: l
32.6604 	EXP 	fixation: autoDraw = False
32.6604 	EXP 	text: autoDraw = False
32.6604 	EXP 	text: height = np.float64(0.05)
32.6604 	EXP 	text: height = np.float64(0.05)
32.6604 	EXP 	text: height = np.float64(0.05)
32.6604 	EXP 	text: text = 'GBP 11 today  or GBP 46 after 21 days'
32.6604 	EXP 	fixation: autoDraw = True
32.6610 	EXP 	Device response: <KeyPress from None: t=32.46903259999999, value=l, duration=0.18010319999984858>
33.4918 	INFO 	Keyboard events cleared
33.4916 	EXP 	text: autoDraw = True
33.6750 	EXP 	fixation: autoDraw = False
34.3415 	EXP 	Device response: <KeyPress from None: t=34.330315600000176, value=l, duration=None>
34.3418 	EXP 	New trial (rep=0, index=15): <Trial 15 (15 in rep 0) data={'reward_today': 28, 'future_reward': 33, 'delay': 41, 'thisN': 15, 'thisTrialN': 15, 'thisRepN': 0}>
34.3472 	DATA 	Keypress: l
34.3581 	EXP 	fixation: autoDraw = False
34.3581 	EXP 	text: autoDraw = False
34.3581 	EXP 	text: height = np.float64(0.05)
34.3581 	EXP 	text: height = np.float64(0.05)
34.3581 	EXP 	text: height = np.float64(0.05)
34.3581 	EXP 	text: text = 'GBP 28 today  or GBP 33 after 41 days'
34.3581 	EXP 	fixation: autoDraw = True
34.5256 	EXP 	Device response: <KeyPress from None: t=34.330315600000176, value=l, duration=0.19260899999972025>
35.3419 	INFO 	Keyboard events cleared
35.3417 	EXP 	text: autoDraw = True
35.3582 	EXP 	fixation: autoDraw = False
36.0085 	EXP 	Device response: <KeyPress from None: t=36.00167580000016, value=l, duration=None>
36.0088 	EXP 	New trial (rep=0, index=16): <Trial 16 (16 in rep 0) data={'reward_today': 43, 'future_reward': 68, 'delay': 76, 'thisN': 16, 'thisTrialN': 16, 'thisRepN': 0}>
36.0141 	DATA 	Keypress: l
36.0247 	EXP 	fixation: autoDraw = False
36.0247 	EXP 	text: autoDraw = False
36.0247 	EXP 	text: height = np.float64(0.05)
36.0247 	EXP 	text: height = np.float64(0.05)
36.0247 	EXP 	text: height = np.float64(0.05)
36.0247 	EXP 	text: text = 'GBP 43 today  or GBP 68 after 76 days'
36.0247 	EXP 	fixation: autoDraw = True
36.1916 	EXP 	Device response: <KeyPress from None: t=36.00167580000016, value=l, duration=0.18667679999998654>
37.0084 	INFO 	Keyboard events cleared
37.0082 	EXP 	text: autoDraw = True
37.0252 	EXP 	fixation: autoDraw = False
38.2086 	EXP 	Device response: <KeyPress from None: t=38.20599990000028, value=l, duration=None>
38.2090 	EXP 	New trial (rep=0, index=17): <Trial 17 (17 in rep 0) data={'reward_today': 40, 'future_reward': 78, 'delay': 20, 'thisN': 17, 'thisTrialN': 17, 'thisRepN': 0}>
38.2141 	DATA 	Keypress: l
38.2250 	EXP 	fixation: autoDraw = False
38.2250 	EXP 	text: autoDraw = False
38.2250 	EXP 	text: height = np.float64(0.05)
38.2250 	EXP 	text: height = np.float64(0.05)
38.2250 	EXP 	text: height = np.float64(0.05)
38.2250 	EXP 	text: text = 'GBP 40 today  or GBP 78 after 20 days'
38.2250 	EXP 	fixation: autoDraw = True
38.4087 	EXP 	Device response: <KeyPress from None: t=38.20599990000028, value=l, duration=0.2021202999999332>
39.2081 	INFO 	Keyboard events cleared
39.2080 	EXP 	text: autoDraw = True
39.2246 	EXP 	fixation: autoDraw = False
40.2587 	EXP 	Device response: <KeyPress from None: t=40.24850040000001, value=l, duration=None>
40.2591 	EXP 	New trial (rep=0, index=18): <Trial 18 (18 in rep 0) data={'reward_today': 49, 'future_reward': 79, 'delay': 88, 'thisN': 18, 'thisTrialN': 18, 'thisRepN': 0}>
40.2644 	DATA 	Keypress: l
40.2745 	EXP 	fixation: autoDraw = False
40.2745 	EXP 	text: autoDraw = False
40.2745 	EXP 	text: height = np.float64(0.05)
40.2745 	EXP 	text: height = np.float64(0.05)
40.2745 	EXP 	text: height = np.float64(0.05)
40.2745 	EXP 	text: text = 'GBP 49 today  or GBP 79 after 88 days'
40.2745 	EXP 	fixation: autoDraw = True
40.4586 	EXP 	Device response: <KeyPress from None: t=40.24850040000001, value=l, duration=0.1949309000001449>
41.2582 	INFO 	Keyboard events cleared
41.2581 	EXP 	text: autoDraw = True
41.2751 	EXP 	fixation: autoDraw = False
42.0588 	EXP 	Device response: <KeyPress from None: t=42.05606220000027, value=l, duration=None>
42.0591 	EXP 	New trial (rep=0, index=19): <Trial 19 (19 in rep 0) data={'reward_today': 17, 'future_reward': 54, 'delay': 64, 'thisN': 19, 'thisTrialN': 19, 'thisRepN': 0}>
42.0644 	DATA 	Keypress: l
42.0753 	EXP 	fixation: autoDraw = False
42.0753 	EXP 	text: autoDraw = False
42.0753 	EXP 	text: height = np.float64(0.05)
42.0753 	EXP 	text: height = np.float64(0.05)
42.0753 	EXP 	text: height = np.float64(0.05)
42.0753 	EXP 	text: text = 'GBP 17 today  or GBP 54 after 64 days'
42.0753 	EXP 	fixation: autoDraw = True
42.2587 	EXP 	Device response: <KeyPress from None: t=42.05606220000027, value=l, duration=0.19365809999999328>
43.0586 	INFO 	Keyboard events cleared
43.0584 	EXP 	text: autoDraw = True
43.0749 	EXP 	fixation: autoDraw = False
43.9255 	EXP 	Device response: <KeyPress from None: t=43.92041150000023, value=t, duration=None>
43.9259 	EXP 	New trial (rep=0, index=20): <Trial 20 (20 in rep 0) data={'reward_today': 48, 'future_reward': 95, 'delay': 121, 'thisN': 20, 'thisTrialN': 20, 'thisRepN': 0}>
43.9315 	DATA 	Keypress: t
43.9414 	EXP 	fixation: autoDraw = False
43.9414 	EXP 	text: autoDraw = False
43.9414 	EXP 	text: height = np.float64(0.05)
43.9414 	EXP 	text: height = np.float64(0.05)
43.9414 	EXP 	text: height = np.float64(0.05)
43.9414 	EXP 	text: text = 'GBP 48 today  or GBP 95 after 121 days'
43.9414 	EXP 	fixation: autoDraw = True
44.1089 	EXP 	Device response: <KeyPress from None: t=43.92041150000023, value=t, duration=0.18166039999960049>
44.9251 	INFO 	Keyboard events cleared
44.9249 	EXP 	text: autoDraw = True
44.9414 	EXP 	fixation: autoDraw = False
45.3090 	EXP 	Device response: <KeyPress from None: t=45.30660540000008, value=l, duration=None>
45.3093 	EXP 	New trial (rep=0, index=21): <Trial 21 (21 in rep 0) data={'reward_today': 33, 'future_reward': 58, 'delay': 90, 'thisN': 21, 'thisTrialN': 21, 'thisRepN': 0}>
45.3146 	DATA 	Keypress: l
45.3245 	EXP 	fixation: autoDraw = False
45.3245 	EXP 	text: autoDraw = False
45.3245 	EXP 	text: height = np.float64(0.05)
45.3245 	EXP 	text: height = np.float64(0.05)
45.3245 	EXP 	text: height = np.float64(0.05)
45.3245 	EXP 	text: text = 'GBP 33 today  or GBP 58 after 90 days'
45.3245 	EXP 	fixation: autoDraw = True
45.5418 	EXP 	Device response: <KeyPress from None: t=45.30660540000008, value=l, duration=0.22112060000017664>
46.3279 	INFO 	Keyboard events cleared
46.3277 	EXP 	fixation: autoDraw = False
46.3277 	EXP 	text: autoDraw = True
47.7755 	EXP 	Device response: <KeyPress from None: t=47.76554810000016, value=l, duration=None>
47.7758 	EXP 	New trial (rep=0, index=22): <Trial 22 (22 in rep 0) data={'reward_today': 42, 'future_reward': 80, 'delay': 3, 'thisN': 22, 'thisTrialN': 22, 'thisRepN': 0}>
47.7812 	DATA 	Keypress: l
47.7912 	EXP 	fixation: autoDraw = False
47.7912 	EXP 	text: autoDraw = False
47.7912 	EXP 	text: height = np.float64(0.05)
47.7912 	EXP 	text: height = np.float64(0.05)
47.7912 	EXP 	text: height = np.float64(0.05)
47.7912 	EXP 	text: text = 'GBP 42 today  or GBP 80 after 3 days'
47.7912 	EXP 	fixation: autoDraw = True
47.9750 	EXP 	Device response: <KeyPress from None: t=47.76554810000016, value=l, duration=0.20213979999971343>
48.7748 	INFO 	Keyboard events cleared
48.7747 	EXP 	text: autoDraw = True
48.7920 	EXP 	fixation: autoDraw = False
53.4752 	EXP 	Device response: <KeyPress from None: t=53.46019179999985, value=l, duration=None>
53.4755 	EXP 	New trial (rep=0, index=23): <Trial 23 (23 in rep 0) data={'reward_today': 43, 'future_reward': 63, 'delay': 76, 'thisN': 23, 'thisTrialN': 23, 'thisRepN': 0}>
53.4810 	DATA 	Keypress: l
53.4917 	EXP 	fixation: autoDraw = False
53.4917 	EXP 	text: autoDraw = False
53.4917 	EXP 	text: height = np.float64(0.05)
53.4917 	EXP 	text: height = np.float64(0.05)
53.4917 	EXP 	text: height = np.float64(0.05)
53.4917 	EXP 	text: text = 'GBP 43 today  or GBP 63 after 76 days'
53.4917 	EXP 	fixation: autoDraw = True
53.6922 	EXP 	Device response: <KeyPress from None: t=53.46019179999985, value=l, duration=0.22342490000028192>
54.4749 	INFO 	Keyboard events cleared
54.4747 	EXP 	text: autoDraw = True
54.4925 	EXP 	fixation: autoDraw = False
56.0588 	EXP 	Device response: <KeyPress from None: t=56.044649700000264, value=l, duration=None>
56.0592 	EXP 	New trial (rep=0, index=24): <Trial 24 (24 in rep 0) data={'reward_today': 13, 'future_reward': 24, 'delay': 14, 'thisN': 24, 'thisTrialN': 24, 'thisRepN': 0}>
56.0648 	DATA 	Keypress: l
56.0746 	EXP 	fixation: autoDraw = False
56.0746 	EXP 	text: autoDraw = False
56.0746 	EXP 	text: height = np.float64(0.05)
56.0746 	EXP 	text: height = np.float64(0.05)
56.0746 	EXP 	text: height = np.float64(0.05)
56.0746 	EXP 	text: text = 'GBP 13 today  or GBP 24 after 14 days'
56.0746 	EXP 	fixation: autoDraw = True
56.2586 	EXP 	Device response: <KeyPress from None: t=56.044649700000264, value=l, duration=0.21135389999972176>
57.0584 	INFO 	Keyboard events cleared
57.0583 	EXP 	text: autoDraw = True
57.0751 	EXP 	fixation: autoDraw = False
57.4919 	EXP 	Device response: <KeyPress from None: t=57.482677200000126, value=l, duration=None>
57.4922 	EXP 	New trial (rep=0, index=25): <Trial 25 (25 in rep 0) data={'reward_today': 42, 'future_reward': 56, 'delay': 67, 'thisN': 25, 'thisTrialN': 25, 'thisRepN': 0}>
57.4974 	DATA 	Keypress: l
57.5080 	EXP 	fixation: autoDraw = False
57.5080 	EXP 	text: autoDraw = False
57.5080 	EXP 	text: height = np.float64(0.05)
57.5080 	EXP 	text: height = np.float64(0.05)
57.5080 	EXP 	text: height = np.float64(0.05)
57.5080 	EXP 	text: text = 'GBP 42 today  or GBP 56 after 67 days'
57.5080 	EXP 	fixation: autoDraw = True
57.6931 	EXP 	Device response: <KeyPress from None: t=57.482677200000126, value=l, duration=0.2082946999998967>
58.4920 	INFO 	Keyboard events cleared
58.4918 	EXP 	text: autoDraw = True
58.5081 	EXP 	fixation: autoDraw = False
61.9423 	EXP 	Device response: <KeyPress from None: t=61.93695149999985, value=l, duration=None>
61.9426 	EXP 	New trial (rep=0, index=26): <Trial 26 (26 in rep 0) data={'reward_today': 69, 'future_reward': 94, 'delay': 143, 'thisN': 26, 'thisTrialN': 26, 'thisRepN': 0}>
61.9481 	DATA 	Keypress: l
61.9579 	EXP 	fixation: autoDraw = False
61.9579 	EXP 	text: autoDraw = False
61.9579 	EXP 	text: height = np.float64(0.05)
61.9579 	EXP 	text: height = np.float64(0.05)
61.9579 	EXP 	text: height = np.float64(0.05)
61.9579 	EXP 	text: text = 'GBP 69 today  or GBP 94 after 143 days'
61.9579 	EXP 	fixation: autoDraw = True
62.1420 	EXP 	Device response: <KeyPress from None: t=61.93695149999985, value=l, duration=0.188566499999979>
62.9420 	INFO 	Keyboard events cleared
62.9419 	EXP 	text: autoDraw = True
62.9583 	EXP 	fixation: autoDraw = False
64.1768 	DATA 	Keypress: l
64.1925 	EXP 	Device response: <KeyPress from None: t=64.17602560000023, value=l, duration=None>
64.1928 	EXP 	New trial (rep=0, index=27): <Trial 27 (27 in rep 0) data={'reward_today': 74, 'future_reward': 124, 'delay': 160, 'thisN': 27, 'thisTrialN': 27, 'thisRepN': 0}>
64.2086 	EXP 	fixation: autoDraw = False
64.2086 	EXP 	text: autoDraw = False
64.2086 	EXP 	text: height = np.float64(0.05)
64.2086 	EXP 	text: height = np.float64(0.05)
64.2086 	EXP 	text: height = np.float64(0.05)
64.2086 	EXP 	text: text = 'GBP 74 today  or GBP 124 after 160 days'
64.2086 	EXP 	fixation: autoDraw = True
64.3590 	EXP 	Device response: <KeyPress from None: t=64.17602560000023, value=l, duration=0.1808082999996259>
65.2086 	INFO 	Keyboard events cleared
65.2084 	EXP 	fixation: autoDraw = False
65.2084 	EXP 	text: autoDraw = True
66.5088 	EXP 	Device response: <KeyPress from None: t=66.50206490000028, value=l, duration=None>
66.5092 	EXP 	New trial (rep=0, index=28): <Trial 28 (28 in rep 0) data={'reward_today': 32, 'future_reward': 78, 'delay': 14, 'thisN': 28, 'thisTrialN': 28, 'thisRepN': 0}>
66.5149 	DATA 	Keypress: l
66.5247 	EXP 	fixation: autoDraw = False
66.5247 	EXP 	text: autoDraw = False
66.5247 	EXP 	text: height = np.float64(0.05)
66.5247 	EXP 	text: height = np.float64(0.05)
66.5247 	EXP 	text: height = np.float64(0.05)
66.5247 	EXP 	text: text = 'GBP 32 today  or GBP 78 after 14 days'
66.5247 	EXP 	fixation: autoDraw = True
66.6421 	EXP 	Device response: <KeyPress from None: t=66.50206490000028, value=l, duration=0.13216449999981705>
67.5086 	INFO 	Keyboard events cleared
67.5084 	EXP 	text: autoDraw = True
67.5253 	EXP 	fixation: autoDraw = False
68.4750 	EXP 	Device response: <KeyPress from None: t=68.47110310000016, value=l, duration=None>
68.4754 	EXP 	New trial (rep=0, index=29): <Trial 29 (29 in rep 0) data={'reward_today': 59, 'future_reward': 89, 'delay': 100, 'thisN': 29, 'thisTrialN': 29, 'thisRepN': 0}>
68.4811 	DATA 	Keypress: l
68.4918 	EXP 	fixation: autoDraw = False
68.4918 	EXP 	text: autoDraw = False
68.4918 	EXP 	text: height = np.float64(0.05)
68.4918 	EXP 	text: height = np.float64(0.05)
68.4918 	EXP 	text: height = np.float64(0.05)
68.4918 	EXP 	text: text = 'GBP 59 today  or GBP 89 after 100 days'
68.4918 	EXP 	fixation: autoDraw = True
68.6422 	EXP 	Device response: <KeyPress from None: t=68.47110310000016, value=l, duration=0.16223850000005768>
69.4751 	INFO 	Keyboard events cleared
69.4749 	EXP 	text: autoDraw = True
69.4913 	EXP 	fixation: autoDraw = False
71.2923 	EXP 	Device response: <KeyPress from None: t=71.28349030000027, value=l, duration=None>
71.2926 	EXP 	New trial (rep=0, index=30): <Trial 30 (30 in rep 0) data={'reward_today': 60, 'future_reward': 91, 'delay': 112, 'thisN': 30, 'thisTrialN': 30, 'thisRepN': 0}>
71.2980 	DATA 	Keypress: l
71.3080 	EXP 	fixation: autoDraw = False
71.3080 	EXP 	text: autoDraw = False
71.3080 	EXP 	text: height = np.float64(0.05)
71.3080 	EXP 	text: height = np.float64(0.05)
71.3080 	EXP 	text: height = np.float64(0.05)
71.3080 	EXP 	text: text = 'GBP 60 today  or GBP 91 after 112 days'
71.3080 	EXP 	fixation: autoDraw = True
71.4918 	EXP 	Device response: <KeyPress from None: t=71.28349030000027, value=l, duration=0.19414229999983945>
72.2921 	INFO 	Keyboard events cleared
72.2919 	EXP 	text: autoDraw = True
72.3087 	EXP 	fixation: autoDraw = False
74.0090 	EXP 	Device response: <KeyPress from None: t=73.99809039999991, value=l, duration=None>
74.0093 	EXP 	New trial (rep=0, index=31): <Trial 31 (31 in rep 0) data={'reward_today': 21, 'future_reward': 49, 'delay': 50, 'thisN': 31, 'thisTrialN': 31, 'thisRepN': 0}>
74.0147 	DATA 	Keypress: l
74.0255 	EXP 	fixation: autoDraw = False
74.0255 	EXP 	text: autoDraw = False
74.0255 	EXP 	text: height = np.float64(0.05)
74.0255 	EXP 	text: height = np.float64(0.05)
74.0255 	EXP 	text: height = np.float64(0.05)
74.0255 	EXP 	text: text = 'GBP 21 today  or GBP 49 after 50 days'
74.0255 	EXP 	fixation: autoDraw = True
74.1753 	EXP 	Device response: <KeyPress from None: t=73.99809039999991, value=l, duration=0.17406690000007075>
75.0096 	INFO 	Keyboard events cleared
75.0094 	EXP 	text: autoDraw = True
75.0252 	EXP 	fixation: autoDraw = False
76.0921 	EXP 	Device response: <KeyPress from None: t=76.08883089999972, value=l, duration=None>
76.0924 	EXP 	New trial (rep=0, index=32): <Trial 32 (32 in rep 0) data={'reward_today': 17, 'future_reward': 84, 'delay': 90, 'thisN': 32, 'thisTrialN': 32, 'thisRepN': 0}>
76.0977 	DATA 	Keypress: l
76.1088 	EXP 	fixation: autoDraw = False
76.1088 	EXP 	text: autoDraw = False
76.1088 	EXP 	text: height = np.float64(0.05)
76.1088 	EXP 	text: height = np.float64(0.05)
76.1088 	EXP 	text: height = np.float64(0.05)
76.1088 	EXP 	text: text = 'GBP 17 today  or GBP 84 after 90 days'
76.1088 	EXP 	fixation: autoDraw = True
76.2752 	EXP 	Device response: <KeyPress from None: t=76.08883089999972, value=l, duration=0.18326109999998152>
77.0920 	INFO 	Keyboard events cleared
77.0919 	EXP 	text: autoDraw = True
77.1086 	EXP 	fixation: autoDraw = False
77.9927 	EXP 	Device response: <KeyPress from None: t=77.98382429999992, value=l, duration=None>
77.9930 	EXP 	New trial (rep=0, index=33): <Trial 33 (33 in rep 0) data={'reward_today': 75, 'future_reward': 119, 'delay': 132, 'thisN': 33, 'thisTrialN': 33, 'thisRepN': 0}>
77.9983 	DATA 	Keypress: l
78.0081 	EXP 	fixation: autoDraw = False
78.0081 	EXP 	text: autoDraw = False
78.0081 	EXP 	text: height = np.float64(0.05)
78.0081 	EXP 	text: height = np.float64(0.05)
78.0081 	EXP 	text: height = np.float64(0.05)
78.0081 	EXP 	text: text = 'GBP 75 today  or GBP 119 after 132 days'
78.0081 	EXP 	fixation: autoDraw = True
78.1594 	EXP 	Device response: <KeyPress from None: t=77.98382429999992, value=l, duration=0.170808500000021>
79.0087 	INFO 	Keyboard events cleared
79.0085 	EXP 	fixation: autoDraw = False
79.0085 	EXP 	text: autoDraw = True
80.2089 	EXP 	Device response: <KeyPress from None: t=80.20357379999996, value=t, duration=None>
80.2093 	EXP 	New trial (rep=0, index=34): <Trial 34 (34 in rep 0) data={'reward_today': 66, 'future_reward': 135, 'delay': 14, 'thisN': 34, 'thisTrialN': 34, 'thisRepN': 0}>
80.2150 	DATA 	Keypress: t
80.2247 	EXP 	fixation: autoDraw = False
80.2247 	EXP 	text: autoDraw = False
80.2247 	EXP 	text: height = np.float64(0.05)
80.2247 	EXP 	text: height = np.float64(0.05)
80.2247 	EXP 	text: height = np.float64(0.05)
80.2247 	EXP 	text: text = 'GBP 66 today  or GBP 135 after 14 days'
80.2247 	EXP 	fixation: autoDraw = True
80.4255 	EXP 	Device response: <KeyPress from None: t=80.20357379999996, value=t, duration=0.2084090999996988>
81.2085 	INFO 	Keyboard events cleared
81.2084 	EXP 	text: autoDraw = True
81.2252 	EXP 	fixation: autoDraw = False
85.3757 	EXP 	Device response: <KeyPress from None: t=85.36727110000038, value=l, duration=None>
85.3761 	EXP 	New trial (rep=0, index=35): <Trial 35 (35 in rep 0) data={'reward_today': 24, 'future_reward': 69, 'delay': 7, 'thisN': 35, 'thisTrialN': 35, 'thisRepN': 0}>
85.3817 	DATA 	Keypress: l
85.3915 	EXP 	fixation: autoDraw = False
85.3915 	EXP 	text: autoDraw = False
85.3915 	EXP 	text: height = np.float64(0.05)
85.3915 	EXP 	text: height = np.float64(0.05)
85.3915 	EXP 	text: height = np.float64(0.05)
85.3915 	EXP 	text: text = 'GBP 24 today  or GBP 69 after 7 days'
85.3915 	EXP 	fixation: autoDraw = True
85.4089 	EXP 	Device response: <KeyPress from None: t=85.36727110000038, value=l, duration=0.03894949999994424>
86.3753 	INFO 	Keyboard events cleared
86.3752 	EXP 	text: autoDraw = True
86.3920 	EXP 	fixation: autoDraw = False
87.9921 	EXP 	Device response: <KeyPress from None: t=87.98892099999966, value=t, duration=None>
87.9924 	EXP 	New trial (rep=0, index=36): <Trial 36 (36 in rep 0) data={'reward_today': 68, 'future_reward': 93, 'delay': 1, 'thisN': 36, 'thisTrialN': 36, 'thisRepN': 0}>
87.9981 	DATA 	Keypress: t
88.0083 	EXP 	fixation: autoDraw = False
88.0083 	EXP 	text: autoDraw = False
88.0083 	EXP 	text: height = np.float64(0.05)
88.0083 	EXP 	text: height = np.float64(0.05)
88.0083 	EXP 	text: height = np.float64(0.05)
88.0083 	EXP 	text: text = 'GBP 68 today  or GBP 93 after 1 days'
88.0083 	EXP 	fixation: autoDraw = True
88.1590 	EXP 	Device response: <KeyPress from None: t=87.98892099999966, value=t, duration=0.16079090000039287>
88.9921 	INFO 	Keyboard events cleared
88.9920 	EXP 	text: autoDraw = True
89.0085 	EXP 	fixation: autoDraw = False
90.0592 	EXP 	Device response: <KeyPress from None: t=90.05466589999969, value=l, duration=None>
90.0595 	EXP 	New trial (rep=0, index=37): <Trial 37 (37 in rep 0) data={'reward_today': 63, 'future_reward': 135, 'delay': 101, 'thisN': 37, 'thisTrialN': 37, 'thisRepN': 0}>
90.0651 	DATA 	Keypress: l
90.0747 	EXP 	fixation: autoDraw = False
90.0747 	EXP 	text: autoDraw = False
90.0747 	EXP 	text: height = np.float64(0.05)
90.0747 	EXP 	text: height = np.float64(0.05)
90.0747 	EXP 	text: height = np.float64(0.05)
90.0747 	EXP 	text: text = 'GBP 63 today  or GBP 135 after 101 days'
90.0747 	EXP 	fixation: autoDraw = True
90.2757 	EXP 	Device response: <KeyPress from None: t=90.05466589999969, value=l, duration=0.20657040000060078>
91.0584 	INFO 	Keyboard events cleared
91.0583 	EXP 	text: autoDraw = True
91.0759 	EXP 	fixation: autoDraw = False
92.6921 	EXP 	Device response: <KeyPress from None: t=92.67802009999969, value=l, duration=None>
92.6925 	EXP 	New trial (rep=0, index=38): <Trial 38 (38 in rep 0) data={'reward_today': 20, 'future_reward': 50, 'delay': 14, 'thisN': 38, 'thisTrialN': 38, 'thisRepN': 0}>
92.6989 	DATA 	Keypress: l
92.7084 	EXP 	fixation: autoDraw = False
92.7084 	EXP 	text: autoDraw = False
92.7084 	EXP 	text: height = np.float64(0.05)
92.7084 	EXP 	text: height = np.float64(0.05)
92.7084 	EXP 	text: height = np.float64(0.05)
92.7084 	EXP 	text: text = 'GBP 20 today  or GBP 50 after 14 days'
92.7084 	EXP 	fixation: autoDraw = True
92.8930 	EXP 	Device response: <KeyPress from None: t=92.67802009999969, value=l, duration=0.2039930999999342>
93.6919 	INFO 	Keyboard events cleared
93.6917 	EXP 	text: autoDraw = True
93.7087 	EXP 	fixation: autoDraw = False
95.5591 	EXP 	Device response: <KeyPress from None: t=95.54523019999988, value=l, duration=None>
95.5594 	EXP 	New trial (rep=0, index=39): <Trial 39 (39 in rep 0) data={'reward_today': 69, 'future_reward': 112, 'delay': 150, 'thisN': 39, 'thisTrialN': 39, 'thisRepN': 0}>
95.5644 	DATA 	Keypress: l
95.5754 	EXP 	fixation: autoDraw = False
95.5754 	EXP 	text: autoDraw = False
95.5754 	EXP 	text: height = np.float64(0.05)
95.5754 	EXP 	text: height = np.float64(0.05)
95.5754 	EXP 	text: height = np.float64(0.05)
95.5754 	EXP 	text: text = 'GBP 69 today  or GBP 112 after 150 days'
95.5754 	EXP 	fixation: autoDraw = True
95.7260 	EXP 	Device response: <KeyPress from None: t=95.54523019999988, value=l, duration=0.17915530000027502>
96.5588 	INFO 	Keyboard events cleared
96.5587 	EXP 	text: autoDraw = True
96.5753 	EXP 	fixation: autoDraw = False
97.3425 	EXP 	Device response: <KeyPress from None: t=97.33987949999982, value=l, duration=None>
97.3429 	EXP 	New trial (rep=0, index=40): <Trial 40 (40 in rep 0) data={'reward_today': 49, 'future_reward': 82, 'delay': 85, 'thisN': 40, 'thisTrialN': 40, 'thisRepN': 0}>
97.3487 	DATA 	Keypress: l
97.3585 	EXP 	fixation: autoDraw = False
97.3585 	EXP 	text: autoDraw = False
97.3585 	EXP 	text: height = np.float64(0.05)
97.3585 	EXP 	text: height = np.float64(0.05)
97.3585 	EXP 	text: height = np.float64(0.05)
97.3585 	EXP 	text: text = 'GBP 49 today  or GBP 82 after 85 days'
97.3585 	EXP 	fixation: autoDraw = True
97.5424 	EXP 	Device response: <KeyPress from None: t=97.33987949999982, value=l, duration=0.18819119999989198>
98.3421 	INFO 	Keyboard events cleared
98.3420 	EXP 	text: autoDraw = True
98.3593 	EXP 	fixation: autoDraw = False
99.4261 	EXP 	Device response: <KeyPress from None: t=99.41533560000016, value=l, duration=None>
99.4264 	EXP 	New trial (rep=0, index=41): <Trial 41 (41 in rep 0) data={'reward_today': 74, 'future_reward': 99, 'delay': 131, 'thisN': 41, 'thisTrialN': 41, 'thisRepN': 0}>
99.4314 	DATA 	Keypress: l
99.4417 	EXP 	fixation: autoDraw = False
99.4417 	EXP 	text: autoDraw = False
99.4417 	EXP 	text: height = np.float64(0.05)
99.4417 	EXP 	text: height = np.float64(0.05)
99.4417 	EXP 	text: height = np.float64(0.05)
99.4417 	EXP 	text: text = 'GBP 74 today  or GBP 99 after 131 days'
99.4417 	EXP 	fixation: autoDraw = True
99.6088 	EXP 	Device response: <KeyPress from None: t=99.41533560000016, value=l, duration=0.1900567000002411>
100.4421 	INFO 	Keyboard events cleared
100.4419 	EXP 	fixation: autoDraw = False
100.4419 	EXP 	text: autoDraw = True
103.6426 	EXP 	Device response: <KeyPress from None: t=103.63590799999974, value=l, duration=None>
103.6430 	EXP 	New trial (rep=0, index=42): <Trial 42 (42 in rep 0) data={'reward_today': 77, 'future_reward': 126, 'delay': 143, 'thisN': 42, 'thisTrialN': 42, 'thisRepN': 0}>
103.6489 	DATA 	Keypress: l
103.6582 	EXP 	fixation: autoDraw = False
103.6582 	EXP 	text: autoDraw = False
103.6582 	EXP 	text: height = np.float64(0.05)
103.6582 	EXP 	text: height = np.float64(0.05)
103.6582 	EXP 	text: height = np.float64(0.05)
103.6582 	EXP 	text: text = 'GBP 77 today  or GBP 126 after 143 days'
103.6582 	EXP 	fixation: autoDraw = True
103.8591 	EXP 	Device response: <KeyPress from None: t=103.63590799999974, value=l, duration=0.20697440000003553>
104.6590 	INFO 	Keyboard events cleared
104.6588 	EXP 	fixation: autoDraw = False
104.6588 	EXP 	text: autoDraw = True
105.8095 	EXP 	Device response: <KeyPress from None: t=105.80322959999967, value=t, duration=None>
105.8099 	EXP 	New trial (rep=0, index=43): <Trial 43 (43 in rep 0) data={'reward_today': 34, 'future_reward': 82, 'delay': 90, 'thisN': 43, 'thisTrialN': 43, 'thisRepN': 0}>
105.8153 	DATA 	Keypress: t
105.8250 	EXP 	fixation: autoDraw = False
105.8250 	EXP 	text: autoDraw = False
105.8250 	EXP 	text: height = np.float64(0.05)
105.8250 	EXP 	text: height = np.float64(0.05)
105.8250 	EXP 	text: height = np.float64(0.05)
105.8250 	EXP 	text: text = 'GBP 34 today  or GBP 82 after 90 days'
105.8250 	EXP 	fixation: autoDraw = True
105.9935 	EXP 	Device response: <KeyPress from None: t=105.80322959999967, value=t, duration=0.18841890000021522>
106.8255 	INFO 	Keyboard events cleared
106.8254 	EXP 	fixation: autoDraw = False
106.8254 	EXP 	text: autoDraw = True
108.4594 	EXP 	Device response: <KeyPress from None: t=108.45349450000003, value=l, duration=None>
108.4596 	EXP 	New trial (rep=0, index=44): <Trial 44 (44 in rep 0) data={'reward_today': 53, 'future_reward': 76, 'delay': 121, 'thisN': 44, 'thisTrialN': 44, 'thisRepN': 0}>
108.4660 	DATA 	Keypress: l
108.4752 	EXP 	fixation: autoDraw = False
108.4752 	EXP 	text: autoDraw = False
108.4752 	EXP 	text: height = np.float64(0.05)
108.4752 	EXP 	text: height = np.float64(0.05)
108.4752 	EXP 	text: height = np.float64(0.05)
108.4752 	EXP 	text: text = 'GBP 53 today  or GBP 76 after 121 days'
108.4752 	EXP 	fixation: autoDraw = True
108.6427 	EXP 	Device response: <KeyPress from None: t=108.45349450000003, value=l, duration=0.18349029999990307>
109.4588 	INFO 	Keyboard events cleared
109.4587 	EXP 	text: autoDraw = True
109.4753 	EXP 	fixation: autoDraw = False
110.4757 	EXP 	Device response: <KeyPress from None: t=110.46021739999969, value=l, duration=None>
110.4760 	EXP 	New trial (rep=0, index=45): <Trial 45 (45 in rep 0) data={'reward_today': 22, 'future_reward': 41, 'delay': 17, 'thisN': 45, 'thisTrialN': 45, 'thisRepN': 0}>
110.4811 	DATA 	Keypress: l
110.4921 	EXP 	fixation: autoDraw = False
110.4921 	EXP 	text: autoDraw = False
110.4921 	EXP 	text: height = np.float64(0.05)
110.4921 	EXP 	text: height = np.float64(0.05)
110.4921 	EXP 	text: height = np.float64(0.05)
110.4921 	EXP 	text: text = 'GBP 22 today  or GBP 41 after 17 days'
110.4921 	EXP 	fixation: autoDraw = True
110.6759 	EXP 	Device response: <KeyPress from None: t=110.46021739999969, value=l, duration=0.20023630000014236>
111.4753 	INFO 	Keyboard events cleared
111.4751 	EXP 	text: autoDraw = True
111.4924 	EXP 	fixation: autoDraw = False
112.3593 	EXP 	Device response: <KeyPress from None: t=112.34847899999977, value=l, duration=None>
112.3596 	EXP 	New trial (rep=0, index=46): <Trial 46 (46 in rep 0) data={'reward_today': 35, 'future_reward': 54, 'delay': 101, 'thisN': 46, 'thisTrialN': 46, 'thisRepN': 0}>
112.3651 	DATA 	Keypress: l
112.3750 	EXP 	fixation: autoDraw = False
112.3750 	EXP 	text: autoDraw = False
112.3750 	EXP 	text: height = np.float64(0.05)
112.3750 	EXP 	text: height = np.float64(0.05)
112.3750 	EXP 	text: height = np.float64(0.05)
112.3750 	EXP 	text: text = 'GBP 35 today  or GBP 54 after 101 days'
112.3750 	EXP 	fixation: autoDraw = True
112.5592 	EXP 	Device response: <KeyPress from None: t=112.34847899999977, value=l, duration=0.19849060000069585>
113.3590 	INFO 	Keyboard events cleared
113.3589 	EXP 	text: autoDraw = True
113.3753 	EXP 	fixation: autoDraw = False
114.6259 	EXP 	Device response: <KeyPress from None: t=114.62327320000031, value=l, duration=None>
114.6262 	EXP 	New trial (rep=0, index=47): <Trial 47 (47 in rep 0) data={'reward_today': 61, 'future_reward': 95, 'delay': 90, 'thisN': 47, 'thisTrialN': 47, 'thisRepN': 0}>
114.6314 	DATA 	Keypress: l
114.6417 	EXP 	fixation: autoDraw = False
114.6417 	EXP 	text: autoDraw = False
114.6417 	EXP 	text: height = np.float64(0.05)
114.6417 	EXP 	text: height = np.float64(0.05)
114.6417 	EXP 	text: height = np.float64(0.05)
114.6417 	EXP 	text: text = 'GBP 61 today  or GBP 95 after 90 days'
114.6417 	EXP 	fixation: autoDraw = True
114.8259 	EXP 	Device response: <KeyPress from None: t=114.62327320000031, value=l, duration=0.1859718999994584>
115.6255 	INFO 	Keyboard events cleared
115.6254 	EXP 	text: autoDraw = True
115.6422 	EXP 	fixation: autoDraw = False
116.8109 	DATA 	Keypress: l
116.8260 	EXP 	Device response: <KeyPress from None: t=116.80896369999982, value=l, duration=None>
116.8264 	EXP 	New trial (rep=0, index=48): <Trial 48 (48 in rep 0) data={'reward_today': 54, 'future_reward': 98, 'delay': 111, 'thisN': 48, 'thisTrialN': 48, 'thisRepN': 0}>
116.8414 	EXP 	fixation: autoDraw = False
116.8414 	EXP 	text: autoDraw = False
116.8414 	EXP 	text: height = np.float64(0.05)
116.8414 	EXP 	text: height = np.float64(0.05)
116.8414 	EXP 	text: height = np.float64(0.05)
116.8414 	EXP 	text: text = 'GBP 54 today  or GBP 98 after 111 days'
116.8414 	EXP 	fixation: autoDraw = True
117.0258 	EXP 	Device response: <KeyPress from None: t=116.80896369999982, value=l, duration=0.2065944000005402>
117.8257 	INFO 	Keyboard events cleared
117.8256 	EXP 	text: autoDraw = True
117.8421 	EXP 	fixation: autoDraw = False
120.3757 	EXP 	Device response: <KeyPress from None: t=120.36949010000035, value=l, duration=None>
120.3761 	EXP 	New trial (rep=0, index=49): <Trial 49 (49 in rep 0) data={'reward_today': 78, 'future_reward': 166, 'delay': 130, 'thisN': 49, 'thisTrialN': 49, 'thisRepN': 0}>
120.3814 	DATA 	Keypress: l
120.3928 	EXP 	fixation: autoDraw = False
120.3928 	EXP 	text: autoDraw = False
120.3928 	EXP 	text: height = np.float64(0.05)
120.3928 	EXP 	text: height = np.float64(0.05)
120.3928 	EXP 	text: height = np.float64(0.05)
120.3928 	EXP 	text: text = 'GBP 78 today  or GBP 166 after 130 days'
120.3928 	EXP 	fixation: autoDraw = True
120.5925 	EXP 	Device response: <KeyPress from None: t=120.36949010000035, value=l, duration=0.20760359999985667>
121.3756 	INFO 	Keyboard events cleared
121.3754 	EXP 	text: autoDraw = True
121.3921 	EXP 	fixation: autoDraw = False
122.8090 	EXP 	Device response: <KeyPress from None: t=122.80518940000047, value=l, duration=None>
122.8093 	EXP 	New trial (rep=0, index=50): <Trial 50 (50 in rep 0) data={'reward_today': 46, 'future_reward': 63, 'delay': 60, 'thisN': 50, 'thisTrialN': 50, 'thisRepN': 0}>
122.8148 	DATA 	Keypress: l
122.8251 	EXP 	fixation: autoDraw = False
122.8251 	EXP 	text: autoDraw = False
122.8251 	EXP 	text: height = np.float64(0.05)
122.8251 	EXP 	text: height = np.float64(0.05)
122.8251 	EXP 	text: height = np.float64(0.05)
122.8251 	EXP 	text: text = 'GBP 46 today  or GBP 63 after 60 days'
122.8251 	EXP 	fixation: autoDraw = True
122.9424 	EXP 	Device response: <KeyPress from None: t=122.80518940000047, value=l, duration=0.12519739999970625>
123.8087 	INFO 	Keyboard events cleared
123.8085 	EXP 	text: autoDraw = True
123.8254 	EXP 	fixation: autoDraw = False
124.2262 	EXP 	Device response: <KeyPress from None: t=124.22559219999994, value=t, duration=None>
124.2265 	EXP 	New trial (rep=0, index=51): <Trial 51 (51 in rep 0) data={'reward_today': 29, 'future_reward': 37, 'delay': 10, 'thisN': 51, 'thisTrialN': 51, 'thisRepN': 0}>
124.2318 	DATA 	Keypress: t
124.2418 	EXP 	fixation: autoDraw = False
124.2418 	EXP 	text: autoDraw = False
124.2418 	EXP 	text: height = np.float64(0.05)
124.2418 	EXP 	text: height = np.float64(0.05)
124.2418 	EXP 	text: height = np.float64(0.05)
124.2418 	EXP 	text: text = 'GBP 29 today  or GBP 37 after 10 days'
124.2418 	EXP 	fixation: autoDraw = True
124.3753 	EXP 	Device response: <KeyPress from None: t=124.22559219999994, value=t, duration=0.14251620000050025>
125.2257 	INFO 	Keyboard events cleared
125.2256 	EXP 	text: autoDraw = True
125.2421 	EXP 	fixation: autoDraw = False
126.4421 	EXP 	Device response: <KeyPress from None: t=126.43618070000002, value=l, duration=None>
126.4424 	EXP 	New trial (rep=0, index=52): <Trial 52 (52 in rep 0) data={'reward_today': 59, 'future_reward': 91, 'delay': 7, 'thisN': 52, 'thisTrialN': 52, 'thisRepN': 0}>
126.4490 	DATA 	Keypress: l
126.4584 	EXP 	fixation: autoDraw = False
126.4584 	EXP 	text: autoDraw = False
126.4584 	EXP 	text: height = np.float64(0.05)
126.4584 	EXP 	text: height = np.float64(0.05)
126.4584 	EXP 	text: height = np.float64(0.05)
126.4584 	EXP 	text: text = 'GBP 59 today  or GBP 91 after 7 days'
126.4584 	EXP 	fixation: autoDraw = True
126.5591 	EXP 	Device response: <KeyPress from None: t=126.43618070000002, value=l, duration=0.11473999999998341>
127.4422 	INFO 	Keyboard events cleared
127.4421 	EXP 	text: autoDraw = True
127.4587 	EXP 	fixation: autoDraw = False
130.9095 	EXP 	Device response: <KeyPress from None: t=130.89424110000027, value=l, duration=None>
130.9099 	EXP 	New trial (rep=0, index=53): <Trial 53 (53 in rep 0) data={'reward_today': 39, 'future_reward': 46, 'delay': 52, 'thisN': 53, 'thisTrialN': 53, 'thisRepN': 0}>
130.9152 	DATA 	Keypress: l
130.9256 	EXP 	fixation: autoDraw = False
130.9256 	EXP 	text: autoDraw = False
130.9256 	EXP 	text: height = np.float64(0.05)
130.9256 	EXP 	text: height = np.float64(0.05)
130.9256 	EXP 	text: height = np.float64(0.05)
130.9256 	EXP 	text: text = 'GBP 39 today  or GBP 46 after 52 days'
130.9256 	EXP 	fixation: autoDraw = True
131.0095 	EXP 	Device response: <KeyPress from None: t=130.89424110000027, value=l, duration=0.11052039999958652>
131.9091 	INFO 	Keyboard events cleared
131.9089 	EXP 	text: autoDraw = True
131.9255 	EXP 	fixation: autoDraw = False
132.6272 	DATA 	Keypress: l
132.6429 	EXP 	Device response: <KeyPress from None: t=132.62624240000014, value=l, duration=None>
132.6445 	EXP 	New trial (rep=0, index=54): <Trial 54 (54 in rep 0) data={'reward_today': 19, 'future_reward': 109, 'delay': 89, 'thisN': 54, 'thisTrialN': 54, 'thisRepN': 0}>
132.6588 	EXP 	fixation: autoDraw = False
132.6588 	EXP 	text: autoDraw = False
132.6588 	EXP 	text: height = np.float64(0.05)
132.6588 	EXP 	text: height = np.float64(0.05)
132.6588 	EXP 	text: height = np.float64(0.05)
132.6588 	EXP 	text: text = 'GBP 19 today  or GBP 109 after 89 days'
132.6588 	EXP 	fixation: autoDraw = True
132.8262 	EXP 	Device response: <KeyPress from None: t=132.62624240000014, value=l, duration=0.18334189999950468>
133.6591 	INFO 	Keyboard events cleared
133.6590 	EXP 	fixation: autoDraw = False
133.6590 	EXP 	text: autoDraw = True
135.3258 	EXP 	Device response: <KeyPress from None: t=135.32199600000013, value=t, duration=None>
135.3262 	EXP 	New trial (rep=0, index=55): <Trial 55 (55 in rep 0) data={'reward_today': 59, 'future_reward': 119, 'delay': 127, 'thisN': 55, 'thisTrialN': 55, 'thisRepN': 0}>
135.3314 	DATA 	Keypress: t
135.3424 	EXP 	fixation: autoDraw = False
135.3424 	EXP 	text: autoDraw = False
135.3424 	EXP 	text: height = np.float64(0.05)
135.3424 	EXP 	text: height = np.float64(0.05)
135.3424 	EXP 	text: height = np.float64(0.05)
135.3424 	EXP 	text: text = 'GBP 59 today  or GBP 119 after 127 days'
135.3424 	EXP 	fixation: autoDraw = True
135.5426 	EXP 	Device response: <KeyPress from None: t=135.32199600000013, value=t, duration=0.20401760000004288>
136.3259 	INFO 	Keyboard events cleared
136.3257 	EXP 	text: autoDraw = True
136.3421 	EXP 	fixation: autoDraw = False
136.9434 	EXP 	Device response: <KeyPress from None: t=136.94216710000046, value=l, duration=None>
136.9437 	EXP 	New trial (rep=0, index=56): <Trial 56 (56 in rep 0) data={'reward_today': 46, 'future_reward': 52, 'delay': 30, 'thisN': 56, 'thisTrialN': 56, 'thisRepN': 0}>
136.9494 	DATA 	Keypress: l
136.9586 	EXP 	fixation: autoDraw = False
136.9586 	EXP 	text: autoDraw = False
136.9586 	EXP 	text: height = np.float64(0.05)
136.9586 	EXP 	text: height = np.float64(0.05)
136.9586 	EXP 	text: height = np.float64(0.05)
136.9586 	EXP 	text: text = 'GBP 46 today  or GBP 52 after 30 days'
136.9586 	EXP 	fixation: autoDraw = True
137.1261 	EXP 	Device response: <KeyPress from None: t=136.94216710000046, value=l, duration=0.1753733999994438>
137.9597 	INFO 	Keyboard events cleared
137.9595 	EXP 	fixation: autoDraw = False
137.9595 	EXP 	text: autoDraw = True
139.6587 	EXP 	Device response: <KeyPress from None: t=139.64798999999994, value=l, duration=None>
139.6590 	EXP 	New trial (rep=0, index=57): <Trial 57 (57 in rep 0) data={'reward_today': 60, 'future_reward': 94, 'delay': 111, 'thisN': 57, 'thisTrialN': 57, 'thisRepN': 0}>
139.6647 	DATA 	Keypress: l
139.6754 	EXP 	fixation: autoDraw = False
139.6754 	EXP 	text: autoDraw = False
139.6754 	EXP 	text: height = np.float64(0.05)
139.6754 	EXP 	text: height = np.float64(0.05)
139.6754 	EXP 	text: height = np.float64(0.05)
139.6754 	EXP 	text: text = 'GBP 60 today  or GBP 94 after 111 days'
139.6754 	EXP 	fixation: autoDraw = True
139.8276 	EXP 	Device response: <KeyPress from None: t=139.64798999999994, value=l, duration=0.17678840000007767>
140.6591 	INFO 	Keyboard events cleared
140.6590 	EXP 	text: autoDraw = True
140.6757 	EXP 	fixation: autoDraw = False
142.2773 	DATA 	Keypress: l
142.2926 	EXP 	Device response: <KeyPress from None: t=142.27654659999962, value=l, duration=None>
142.2929 	EXP 	New trial (rep=0, index=58): <Trial 58 (58 in rep 0) data={'reward_today': 60, 'future_reward': 66, 'delay': 90, 'thisN': 58, 'thisTrialN': 58, 'thisRepN': 0}>
142.3092 	EXP 	fixation: autoDraw = False
142.3092 	EXP 	text: autoDraw = False
142.3092 	EXP 	text: height = np.float64(0.05)
142.3092 	EXP 	text: height = np.float64(0.05)
142.3092 	EXP 	text: height = np.float64(0.05)
142.3092 	EXP 	text: text = 'GBP 60 today  or GBP 66 after 90 days'
142.3092 	EXP 	fixation: autoDraw = True
142.4427 	EXP 	Device response: <KeyPress from None: t=142.27654659999962, value=l, duration=0.16519390000030398>
143.2924 	INFO 	Keyboard events cleared
143.2922 	EXP 	text: autoDraw = True
143.3091 	EXP 	fixation: autoDraw = False
145.1441 	DATA 	Keypress: l
145.1594 	EXP 	Device response: <KeyPress from None: t=145.14270960000022, value=l, duration=None>
145.1598 	EXP 	New trial (rep=0, index=59): <Trial 59 (59 in rep 0) data={'reward_today': 65, 'future_reward': 71, 'delay': 83, 'thisN': 59, 'thisTrialN': 59, 'thisRepN': 0}>
145.1758 	EXP 	fixation: autoDraw = False
145.1758 	EXP 	text: autoDraw = False
145.1758 	EXP 	text: height = np.float64(0.05)
145.1758 	EXP 	text: height = np.float64(0.05)
145.1758 	EXP 	text: height = np.float64(0.05)
145.1758 	EXP 	text: text = 'GBP 65 today  or GBP 71 after 83 days'
145.1758 	EXP 	fixation: autoDraw = True
146.1423 	EXP 	Device response: <KeyPress from None: t=145.14270960000022, value=l, duration=0.983305400000063>
146.1759 	INFO 	Keyboard events cleared
146.1757 	EXP 	text: autoDraw = True
146.1923 	EXP 	fixation: autoDraw = False
147.5592 	EXP 	Device response: <KeyPress from None: t=147.54517970000006, value=t, duration=None>
147.5594 	EXP 	New trial (rep=0, index=60): <Trial 60 (60 in rep 0) data={'reward_today': 37, 'future_reward': 69, 'delay': 74, 'thisN': 60, 'thisTrialN': 60, 'thisRepN': 0}>
147.5649 	DATA 	Keypress: t
147.5755 	EXP 	fixation: autoDraw = False
147.5755 	EXP 	text: autoDraw = False
147.5755 	EXP 	text: height = np.float64(0.05)
147.5755 	EXP 	text: height = np.float64(0.05)
147.5755 	EXP 	text: height = np.float64(0.05)
147.5755 	EXP 	text: text = 'GBP 37 today  or GBP 69 after 74 days'
147.5755 	EXP 	fixation: autoDraw = True
147.7430 	EXP 	Device response: <KeyPress from None: t=147.54517970000006, value=t, duration=0.19719050000003335>
148.5589 	INFO 	Keyboard events cleared
148.5588 	EXP 	text: autoDraw = True
148.5756 	EXP 	fixation: autoDraw = False
149.8926 	EXP 	Device response: <KeyPress from None: t=149.88844159999962, value=l, duration=None>
149.8929 	EXP 	New trial (rep=0, index=61): <Trial 61 (61 in rep 0) data={'reward_today': 16, 'future_reward': 30, 'delay': 14, 'thisN': 61, 'thisTrialN': 61, 'thisRepN': 0}>
149.8982 	DATA 	Keypress: l
149.9100 	EXP 	fixation: autoDraw = False
149.9100 	EXP 	text: autoDraw = False
149.9100 	EXP 	text: height = np.float64(0.05)
149.9100 	EXP 	text: height = np.float64(0.05)
149.9100 	EXP 	text: height = np.float64(0.05)
149.9100 	EXP 	text: text = 'GBP 16 today  or GBP 30 after 14 days'
149.9100 	EXP 	fixation: autoDraw = True
150.1924 	EXP 	Device response: <KeyPress from None: t=149.88844159999962, value=l, duration=0.29123020000042743>
150.8922 	INFO 	Keyboard events cleared
150.8920 	EXP 	text: autoDraw = True
150.9257 	EXP 	fixation: autoDraw = False
152.9095 	EXP 	Device response: <KeyPress from None: t=152.9061514, value=l, duration=None>
152.9098 	EXP 	New trial (rep=0, index=62): <Trial 62 (62 in rep 0) data={'reward_today': 50, 'future_reward': 59, 'delay': 40, 'thisN': 62, 'thisTrialN': 62, 'thisRepN': 0}>
152.9167 	DATA 	Keypress: l
152.9251 	EXP 	fixation: autoDraw = False
152.9251 	EXP 	text: autoDraw = False
152.9251 	EXP 	text: height = np.float64(0.05)
152.9251 	EXP 	text: height = np.float64(0.05)
152.9251 	EXP 	text: height = np.float64(0.05)
152.9251 	EXP 	text: text = 'GBP 50 today  or GBP 59 after 40 days'
152.9251 	EXP 	fixation: autoDraw = True
153.0929 	EXP 	Device response: <KeyPress from None: t=152.9061514, value=l, duration=0.17273070000010193>
153.9087 	INFO 	Keyboard events cleared
153.9085 	EXP 	text: autoDraw = True
153.9250 	EXP 	fixation: autoDraw = False
155.7761 	EXP 	Device response: <KeyPress from None: t=155.7638262000005, value=l, duration=None>
155.7764 	EXP 	New trial (rep=0, index=63): <Trial 63 (63 in rep 0) data={'reward_today': 68, 'future_reward': 101, 'delay': 121, 'thisN': 63, 'thisTrialN': 63, 'thisRepN': 0}>
155.7818 	DATA 	Keypress: l
155.7920 	EXP 	fixation: autoDraw = False
155.7920 	EXP 	text: autoDraw = False
155.7920 	EXP 	text: height = np.float64(0.05)
155.7920 	EXP 	text: height = np.float64(0.05)
155.7920 	EXP 	text: height = np.float64(0.05)
155.7920 	EXP 	text: text = 'GBP 68 today  or GBP 101 after 121 days'
155.7920 	EXP 	fixation: autoDraw = True
156.0263 	EXP 	Device response: <KeyPress from None: t=155.7638262000005, value=l, duration=0.2569385999995575>
156.7758 	INFO 	Keyboard events cleared
156.7756 	EXP 	text: autoDraw = True
156.7924 	EXP 	fixation: autoDraw = False
158.8097 	EXP 	Device response: <KeyPress from None: t=158.79794970000012, value=l, duration=None>
158.8101 	EXP 	New trial (rep=0, index=64): <Trial 64 (64 in rep 0) data={'reward_today': 36, 'future_reward': 88, 'delay': 75, 'thisN': 64, 'thisTrialN': 64, 'thisRepN': 0}>
158.8159 	DATA 	Keypress: l
158.8254 	EXP 	fixation: autoDraw = False
158.8254 	EXP 	text: autoDraw = False
158.8254 	EXP 	text: height = np.float64(0.05)
158.8254 	EXP 	text: height = np.float64(0.05)
158.8254 	EXP 	text: height = np.float64(0.05)
158.8254 	EXP 	text: text = 'GBP 36 today  or GBP 88 after 75 days'
158.8254 	EXP 	fixation: autoDraw = True
158.9927 	EXP 	Device response: <KeyPress from None: t=158.79794970000012, value=l, duration=0.19359259999964706>
159.8093 	INFO 	Keyboard events cleared
159.8091 	EXP 	text: autoDraw = True
159.8249 	EXP 	fixation: autoDraw = False
161.1423 	EXP 	Device response: <KeyPress from None: t=161.13858589999973, value=l, duration=None>
161.1427 	EXP 	New trial (rep=0, index=65): <Trial 65 (65 in rep 0) data={'reward_today': 70, 'future_reward': 150, 'delay': 14, 'thisN': 65, 'thisTrialN': 65, 'thisRepN': 0}>
161.1482 	DATA 	Keypress: l
161.1597 	EXP 	fixation: autoDraw = False
161.1597 	EXP 	text: autoDraw = False
161.1597 	EXP 	text: height = np.float64(0.05)
161.1597 	EXP 	text: height = np.float64(0.05)
161.1597 	EXP 	text: height = np.float64(0.05)
161.1597 	EXP 	text: text = 'GBP 70 today  or GBP 150 after 14 days'
161.1597 	EXP 	fixation: autoDraw = True
161.3759 	EXP 	Device response: <KeyPress from None: t=161.13858589999973, value=l, duration=0.22584869999991497>
162.1424 	INFO 	Keyboard events cleared
162.1422 	EXP 	text: autoDraw = True
162.1595 	EXP 	fixation: autoDraw = False
163.8617 	DATA 	Keypress: t
163.8759 	EXP 	Device response: <KeyPress from None: t=163.8601709999998, value=t, duration=None>
163.8762 	EXP 	New trial (rep=0, index=66): <Trial 66 (66 in rep 0) data={'reward_today': 26, 'future_reward': 59, 'delay': 60, 'thisN': 66, 'thisTrialN': 66, 'thisRepN': 0}>
163.8926 	EXP 	fixation: autoDraw = False
163.8926 	EXP 	text: autoDraw = False
163.8926 	EXP 	text: height = np.float64(0.05)
163.8926 	EXP 	text: height = np.float64(0.05)
163.8926 	EXP 	text: height = np.float64(0.05)
163.8926 	EXP 	text: text = 'GBP 26 today  or GBP 59 after 60 days'
163.8926 	EXP 	fixation: autoDraw = True
164.0765 	EXP 	Device response: <KeyPress from None: t=163.8601709999998, value=t, duration=0.21129819999987376>
164.8758 	INFO 	Keyboard events cleared
164.8756 	EXP 	text: autoDraw = True
164.8921 	EXP 	fixation: autoDraw = False
166.3428 	EXP 	Device response: <KeyPress from None: t=166.32798030000004, value=l, duration=None>
166.3431 	EXP 	New trial (rep=0, index=67): <Trial 67 (67 in rep 0) data={'reward_today': 20, 'future_reward': 35, 'delay': 30, 'thisN': 67, 'thisTrialN': 67, 'thisRepN': 0}>
166.3484 	DATA 	Keypress: l
166.3583 	EXP 	fixation: autoDraw = False
166.3583 	EXP 	text: autoDraw = False
166.3583 	EXP 	text: height = np.float64(0.05)
166.3583 	EXP 	text: height = np.float64(0.05)
166.3583 	EXP 	text: height = np.float64(0.05)
166.3583 	EXP 	text: text = 'GBP 20 today  or GBP 35 after 30 days'
166.3583 	EXP 	fixation: autoDraw = True
166.5596 	EXP 	Device response: <KeyPress from None: t=166.32798030000004, value=l, duration=0.21544019999964803>
167.3419 	INFO 	Keyboard events cleared
167.3418 	EXP 	text: autoDraw = True
167.3588 	EXP 	fixation: autoDraw = False
168.6262 	EXP 	Device response: <KeyPress from None: t=168.61666139999988, value=l, duration=None>
168.6266 	EXP 	New trial (rep=0, index=68): <Trial 68 (68 in rep 0) data={'reward_today': 16, 'future_reward': 27, 'delay': 101, 'thisN': 68, 'thisTrialN': 68, 'thisRepN': 0}>
168.6329 	DATA 	Keypress: l
168.6425 	EXP 	fixation: autoDraw = False
168.6425 	EXP 	text: autoDraw = False
168.6425 	EXP 	text: height = np.float64(0.05)
168.6425 	EXP 	text: height = np.float64(0.05)
168.6425 	EXP 	text: height = np.float64(0.05)
168.6425 	EXP 	text: text = 'GBP 16 today  or GBP 27 after 101 days'
168.6425 	EXP 	fixation: autoDraw = True
168.8429 	EXP 	Device response: <KeyPress from None: t=168.61666139999988, value=l, duration=0.22348200000033103>
169.6258 	INFO 	Keyboard events cleared
169.6256 	EXP 	text: autoDraw = True
169.6419 	EXP 	fixation: autoDraw = False
170.4926 	EXP 	Device response: <KeyPress from None: t=170.49064250000038, value=l, duration=None>
170.4929 	EXP 	New trial (rep=0, index=69): <Trial 69 (69 in rep 0) data={'reward_today': 33, 'future_reward': 46, 'delay': 41, 'thisN': 69, 'thisTrialN': 69, 'thisRepN': 0}>
170.4982 	DATA 	Keypress: l
170.5084 	EXP 	fixation: autoDraw = False
170.5084 	EXP 	text: autoDraw = False
170.5084 	EXP 	text: height = np.float64(0.05)
170.5084 	EXP 	text: height = np.float64(0.05)
170.5084 	EXP 	text: height = np.float64(0.05)
170.5084 	EXP 	text: text = 'GBP 33 today  or GBP 46 after 41 days'
170.5084 	EXP 	fixation: autoDraw = True
170.6593 	EXP 	Device response: <KeyPress from None: t=170.49064250000038, value=l, duration=0.16476139999940642>
171.4920 	INFO 	Keyboard events cleared
171.4918 	EXP 	text: autoDraw = True
171.5087 	EXP 	fixation: autoDraw = False
172.3089 	EXP 	Device response: <KeyPress from None: t=172.2993395999997, value=l, duration=None>
172.3092 	EXP 	New trial (rep=0, index=70): <Trial 70 (70 in rep 0) data={'reward_today': 47, 'future_reward': 72, 'delay': 87, 'thisN': 70, 'thisTrialN': 70, 'thisRepN': 0}>
172.3150 	DATA 	Keypress: l
172.3251 	EXP 	fixation: autoDraw = False
172.3251 	EXP 	text: autoDraw = False
172.3251 	EXP 	text: height = np.float64(0.05)
172.3251 	EXP 	text: height = np.float64(0.05)
172.3251 	EXP 	text: height = np.float64(0.05)
172.3251 	EXP 	text: text = 'GBP 47 today  or GBP 72 after 87 days'
172.3251 	EXP 	fixation: autoDraw = True
172.4925 	EXP 	Device response: <KeyPress from None: t=172.2993395999997, value=l, duration=0.17866930000036518>
173.3089 	INFO 	Keyboard events cleared
173.3088 	EXP 	text: autoDraw = True
173.3256 	EXP 	fixation: autoDraw = False
174.0423 	EXP 	Device response: <KeyPress from None: t=174.02877920000037, value=l, duration=None>
174.0427 	EXP 	New trial (rep=0, index=71): <Trial 71 (71 in rep 0) data={'reward_today': 42, 'future_reward': 65, 'delay': 60, 'thisN': 71, 'thisTrialN': 71, 'thisRepN': 0}>
174.0479 	DATA 	Keypress: l
174.0598 	EXP 	fixation: autoDraw = False
174.0598 	EXP 	text: autoDraw = False
174.0598 	EXP 	text: height = np.float64(0.05)
174.0598 	EXP 	text: height = np.float64(0.05)
174.0598 	EXP 	text: height = np.float64(0.05)
174.0598 	EXP 	text: text = 'GBP 42 today  or GBP 65 after 60 days'
174.0598 	EXP 	fixation: autoDraw = True
174.2767 	EXP 	Device response: <KeyPress from None: t=174.02877920000037, value=l, duration=0.23784840000007534>
175.0429 	INFO 	Keyboard events cleared
175.0427 	EXP 	text: autoDraw = True
175.0593 	EXP 	fixation: autoDraw = False
176.2595 	EXP 	Device response: <KeyPress from None: t=176.24547959999973, value=l, duration=None>
176.2598 	EXP 	New trial (rep=0, index=72): <Trial 72 (72 in rep 0) data={'reward_today': 63, 'future_reward': 101, 'delay': 131, 'thisN': 72, 'thisTrialN': 72, 'thisRepN': 0}>
176.2657 	DATA 	Keypress: l
176.2752 	EXP 	fixation: autoDraw = False
176.2752 	EXP 	text: autoDraw = False
176.2752 	EXP 	text: height = np.float64(0.05)
176.2752 	EXP 	text: height = np.float64(0.05)
176.2752 	EXP 	text: height = np.float64(0.05)
176.2752 	EXP 	text: text = 'GBP 63 today  or GBP 101 after 131 days'
176.2752 	EXP 	fixation: autoDraw = True
176.4755 	EXP 	Device response: <KeyPress from None: t=176.24547959999973, value=l, duration=0.21375190000071598>
177.2763 	INFO 	Keyboard events cleared
177.2761 	EXP 	fixation: autoDraw = False
177.2761 	EXP 	text: autoDraw = True
179.3761 	EXP 	Device response: <KeyPress from None: t=179.36624880000045, value=l, duration=None>
179.3764 	EXP 	New trial (rep=0, index=73): <Trial 73 (73 in rep 0) data={'reward_today': 33, 'future_reward': 46, 'delay': 90, 'thisN': 73, 'thisTrialN': 73, 'thisRepN': 0}>
179.3821 	DATA 	Keypress: l
179.3916 	EXP 	fixation: autoDraw = False
179.3916 	EXP 	text: autoDraw = False
179.3916 	EXP 	text: height = np.float64(0.05)
179.3916 	EXP 	text: height = np.float64(0.05)
179.3916 	EXP 	text: height = np.float64(0.05)
179.3916 	EXP 	text: text = 'GBP 33 today  or GBP 46 after 90 days'
179.3916 	EXP 	fixation: autoDraw = True
179.5432 	EXP 	Device response: <KeyPress from None: t=179.36624880000045, value=l, duration=0.17616009999983362>
180.3759 	INFO 	Keyboard events cleared
180.3757 	EXP 	text: autoDraw = True
180.3923 	EXP 	fixation: autoDraw = False
183.0431 	EXP 	Device response: <KeyPress from None: t=183.04042419999996, value=l, duration=None>
183.0434 	EXP 	New trial (rep=0, index=74): <Trial 74 (74 in rep 0) data={'reward_today': 32, 'future_reward': 69, 'delay': 60, 'thisN': 74, 'thisTrialN': 74, 'thisRepN': 0}>
183.0492 	DATA 	Keypress: l
183.0587 	EXP 	fixation: autoDraw = False
183.0587 	EXP 	text: autoDraw = False
183.0587 	EXP 	text: height = np.float64(0.05)
183.0587 	EXP 	text: height = np.float64(0.05)
183.0587 	EXP 	text: height = np.float64(0.05)
183.0587 	EXP 	text: text = 'GBP 32 today  or GBP 69 after 60 days'
183.0587 	EXP 	fixation: autoDraw = True
183.1785 	EXP 	Device response: <KeyPress from None: t=183.04042419999996, value=l, duration=0.1335441000001083>
184.0594 	INFO 	Keyboard events cleared
184.0593 	EXP 	fixation: autoDraw = False
184.0593 	EXP 	text: autoDraw = True
187.0592 	EXP 	Device response: <KeyPress from None: t=187.0508930000001, value=capslock, duration=None>
187.0602 	DATA 	Keypress: capslock
187.1093 	EXP 	Device response: <KeyPress from None: t=187.0508930000001, value=capslock, duration=0.04856629999994766>
187.6094 	EXP 	Device response: <KeyPress from None: t=187.59958159999996, value=l, duration=None>
187.6097 	EXP 	New trial (rep=0, index=75): <Trial 75 (75 in rep 0) data={'reward_today': 24, 'future_reward': 41, 'delay': 45, 'thisN': 75, 'thisTrialN': 75, 'thisRepN': 0}>
187.6148 	DATA 	Keypress: l
187.6257 	EXP 	fixation: autoDraw = False
187.6257 	EXP 	text: autoDraw = False
187.6257 	EXP 	text: height = np.float64(0.05)
187.6257 	EXP 	text: height = np.float64(0.05)
187.6257 	EXP 	text: height = np.float64(0.05)
187.6257 	EXP 	text: text = 'GBP 24 today  or GBP 41 after 45 days'
187.6257 	EXP 	fixation: autoDraw = True
187.6762 	EXP 	Device response: <KeyPress from None: t=187.59958159999996, value=l, duration=0.07121600000027684>
188.6093 	INFO 	Keyboard events cleared
188.6091 	EXP 	text: autoDraw = True
188.6259 	EXP 	fixation: autoDraw = False
191.8433 	EXP 	Device response: <KeyPress from None: t=191.83657410000023, value=l, duration=None>
191.8437 	EXP 	New trial (rep=0, index=76): <Trial 76 (76 in rep 0) data={'reward_today': 60, 'future_reward': 118, 'delay': 90, 'thisN': 76, 'thisTrialN': 76, 'thisRepN': 0}>
191.8496 	DATA 	Keypress: l
191.8589 	EXP 	fixation: autoDraw = False
191.8589 	EXP 	text: autoDraw = False
191.8589 	EXP 	text: height = np.float64(0.05)
191.8589 	EXP 	text: height = np.float64(0.05)
191.8589 	EXP 	text: height = np.float64(0.05)
191.8589 	EXP 	text: text = 'GBP 60 today  or GBP 118 after 90 days'
191.8589 	EXP 	fixation: autoDraw = True
191.8595 	EXP 	Device response: <KeyPress from None: t=191.83657410000023, value=l, duration=0.015964499999427062>
191.8610 	DATA 	Keypress: l
191.8763 	EXP 	Device response: <KeyPress from None: t=191.86021260000007, value=l, duration=None>
191.9594 	EXP 	Device response: <KeyPress from None: t=191.86021260000007, value=l, duration=0.0965489999998681>
192.8593 	INFO 	Keyboard events cleared
192.8592 	EXP 	fixation: autoDraw = False
192.8592 	EXP 	text: autoDraw = True
195.1931 	EXP 	Device response: <KeyPress from None: t=195.17910170000005, value=t, duration=None>
195.1934 	EXP 	New trial (rep=0, index=77): <Trial 77 (77 in rep 0) data={'reward_today': 55, 'future_reward': 69, 'delay': 60, 'thisN': 77, 'thisTrialN': 77, 'thisRepN': 0}>
195.1984 	DATA 	Keypress: t
195.2091 	EXP 	fixation: autoDraw = False
195.2091 	EXP 	text: autoDraw = False
195.2091 	EXP 	text: height = np.float64(0.05)
195.2091 	EXP 	text: height = np.float64(0.05)
195.2091 	EXP 	text: height = np.float64(0.05)
195.2091 	EXP 	text: text = 'GBP 55 today  or GBP 69 after 60 days'
195.2091 	EXP 	fixation: autoDraw = True
195.3763 	EXP 	Device response: <KeyPress from None: t=195.17910170000005, value=t, duration=0.1816220999999132>
196.1927 	INFO 	Keyboard events cleared
196.1926 	EXP 	text: autoDraw = True
196.2093 	EXP 	fixation: autoDraw = False
198.7097 	EXP 	Device response: <KeyPress from None: t=198.6996377999999, value=l, duration=None>
198.7100 	EXP 	New trial (rep=0, index=78): <Trial 78 (78 in rep 0) data={'reward_today': 33, 'future_reward': 41, 'delay': 15, 'thisN': 78, 'thisTrialN': 78, 'thisRepN': 0}>
198.7166 	DATA 	Keypress: l
198.7256 	EXP 	fixation: autoDraw = False
198.7256 	EXP 	text: autoDraw = False
198.7256 	EXP 	text: height = np.float64(0.05)
198.7256 	EXP 	text: height = np.float64(0.05)
198.7256 	EXP 	text: height = np.float64(0.05)
198.7256 	EXP 	text: text = 'GBP 33 today  or GBP 41 after 15 days'
198.7256 	EXP 	fixation: autoDraw = True
198.8933 	EXP 	Device response: <KeyPress from None: t=198.6996377999999, value=l, duration=0.17812469999989844>
199.7094 	INFO 	Keyboard events cleared
199.7092 	EXP 	text: autoDraw = True
199.7261 	EXP 	fixation: autoDraw = False
200.6596 	EXP 	Device response: <KeyPress from None: t=200.64417980000007, value=l, duration=None>
200.6599 	EXP 	New trial (rep=0, index=79): <Trial 79 (79 in rep 0) data={'reward_today': 40, 'future_reward': 49, 'delay': 90, 'thisN': 79, 'thisTrialN': 79, 'thisRepN': 0}>
200.6648 	DATA 	Keypress: l
200.6761 	EXP 	fixation: autoDraw = False
200.6761 	EXP 	text: autoDraw = False
200.6761 	EXP 	text: height = np.float64(0.05)
200.6761 	EXP 	text: height = np.float64(0.05)
200.6761 	EXP 	text: height = np.float64(0.05)
200.6761 	EXP 	text: text = 'GBP 40 today  or GBP 49 after 90 days'
200.6761 	EXP 	fixation: autoDraw = True
200.8097 	EXP 	Device response: <KeyPress from None: t=200.64417980000007, value=l, duration=0.15145990000019083>
201.6592 	INFO 	Keyboard events cleared
201.6590 	EXP 	text: autoDraw = True
201.6760 	EXP 	fixation: autoDraw = False
207.3932 	EXP 	Device response: <KeyPress from None: t=207.38172030000032, value=t, duration=None>
207.3935 	EXP 	New trial (rep=0, index=80): <Trial 80 (80 in rep 0) data={'reward_today': 65, 'future_reward': 70, 'delay': 90, 'thisN': 80, 'thisTrialN': 80, 'thisRepN': 0}>
207.3992 	DATA 	Keypress: t
207.4089 	EXP 	fixation: autoDraw = False
207.4089 	EXP 	text: autoDraw = False
207.4089 	EXP 	text: height = np.float64(0.05)
207.4089 	EXP 	text: height = np.float64(0.05)
207.4089 	EXP 	text: height = np.float64(0.05)
207.4089 	EXP 	text: text = 'GBP 65 today  or GBP 70 after 90 days'
207.4089 	EXP 	fixation: autoDraw = True
207.5774 	EXP 	Device response: <KeyPress from None: t=207.38172030000032, value=t, duration=0.1932781999994404>
208.4095 	INFO 	Keyboard events cleared
208.4093 	EXP 	fixation: autoDraw = False
208.4093 	EXP 	text: autoDraw = True
209.6935 	EXP 	Device response: <KeyPress from None: t=209.69218990000036, value=l, duration=None>
209.6938 	EXP 	New trial (rep=0, index=81): <Trial 81 (81 in rep 0) data={'reward_today': 38, 'future_reward': 61, 'delay': 67, 'thisN': 81, 'thisTrialN': 81, 'thisRepN': 0}>
209.6989 	DATA 	Keypress: l
209.7090 	EXP 	fixation: autoDraw = False
209.7090 	EXP 	text: autoDraw = False
209.7090 	EXP 	text: height = np.float64(0.05)
209.7090 	EXP 	text: height = np.float64(0.05)
209.7090 	EXP 	text: height = np.float64(0.05)
209.7090 	EXP 	text: text = 'GBP 38 today  or GBP 61 after 67 days'
209.7090 	EXP 	fixation: autoDraw = True
209.8438 	EXP 	Device response: <KeyPress from None: t=209.69218990000036, value=l, duration=0.13836979999996402>
210.6923 	INFO 	Keyboard events cleared
210.6922 	EXP 	text: autoDraw = True
210.7095 	EXP 	fixation: autoDraw = False
212.0433 	EXP 	Device response: <KeyPress from None: t=212.04172530000005, value=l, duration=None>
212.0437 	EXP 	New trial (rep=0, index=82): <Trial 82 (82 in rep 0) data={'reward_today': 78, 'future_reward': 101, 'delay': 30, 'thisN': 82, 'thisTrialN': 82, 'thisRepN': 0}>
212.0493 	DATA 	Keypress: l
212.0589 	EXP 	fixation: autoDraw = False
212.0589 	EXP 	text: autoDraw = False
212.0589 	EXP 	text: height = np.float64(0.05)
212.0589 	EXP 	text: height = np.float64(0.05)
212.0589 	EXP 	text: height = np.float64(0.05)
212.0589 	EXP 	text: text = 'GBP 78 today  or GBP 101 after 30 days'
212.0589 	EXP 	fixation: autoDraw = True
212.2266 	EXP 	Device response: <KeyPress from None: t=212.04172530000005, value=l, duration=0.17448679999961314>
213.0428 	INFO 	Keyboard events cleared
213.0427 	EXP 	text: autoDraw = True
213.0593 	EXP 	fixation: autoDraw = False
214.7767 	EXP 	Device response: <KeyPress from None: t=214.76246200000014, value=l, duration=None>
214.7770 	EXP 	New trial (rep=0, index=83): <Trial 83 (83 in rep 0) data={'reward_today': 33, 'future_reward': 56, 'delay': 65, 'thisN': 83, 'thisTrialN': 83, 'thisRepN': 0}>
214.7822 	DATA 	Keypress: l
214.7929 	EXP 	fixation: autoDraw = False
214.7929 	EXP 	text: autoDraw = False
214.7929 	EXP 	text: height = np.float64(0.05)
214.7929 	EXP 	text: height = np.float64(0.05)
214.7929 	EXP 	text: height = np.float64(0.05)
214.7929 	EXP 	text: text = 'GBP 33 today  or GBP 56 after 65 days'
214.7929 	EXP 	fixation: autoDraw = True
214.9431 	EXP 	Device response: <KeyPress from None: t=214.76246200000014, value=l, duration=0.16465569999945728>
215.7764 	INFO 	Keyboard events cleared
215.7763 	EXP 	text: autoDraw = True
215.7927 	EXP 	fixation: autoDraw = False
217.4932 	EXP 	Device response: <KeyPress from None: t=217.49055569999973, value=l, duration=None>
217.4935 	EXP 	New trial (rep=0, index=84): <Trial 84 (84 in rep 0) data={'reward_today': 77, 'future_reward': 91, 'delay': 101, 'thisN': 84, 'thisTrialN': 84, 'thisRepN': 0}>
217.4989 	DATA 	Keypress: l
217.5089 	EXP 	fixation: autoDraw = False
217.5089 	EXP 	text: autoDraw = False
217.5089 	EXP 	text: height = np.float64(0.05)
217.5089 	EXP 	text: height = np.float64(0.05)
217.5089 	EXP 	text: height = np.float64(0.05)
217.5089 	EXP 	text: text = 'GBP 77 today  or GBP 91 after 101 days'
217.5089 	EXP 	fixation: autoDraw = True
217.6926 	EXP 	Device response: <KeyPress from None: t=217.49055569999973, value=l, duration=0.18686210000032588>
218.5098 	INFO 	Keyboard events cleared
218.5096 	EXP 	fixation: autoDraw = False
218.5096 	EXP 	text: autoDraw = True
219.7265 	EXP 	Device response: <KeyPress from None: t=219.71072010000034, value=l, duration=None>
219.7268 	EXP 	New trial (rep=0, index=85): <Trial 85 (85 in rep 0) data={'reward_today': 57, 'future_reward': 102, 'delay': 132, 'thisN': 85, 'thisTrialN': 85, 'thisRepN': 0}>
219.7324 	DATA 	Keypress: l
219.7422 	EXP 	fixation: autoDraw = False
219.7422 	EXP 	text: autoDraw = False
219.7422 	EXP 	text: height = np.float64(0.05)
219.7422 	EXP 	text: height = np.float64(0.05)
219.7422 	EXP 	text: height = np.float64(0.05)
219.7422 	EXP 	text: text = 'GBP 57 today  or GBP 102 after 132 days'
219.7422 	EXP 	fixation: autoDraw = True
219.9096 	EXP 	Device response: <KeyPress from None: t=219.71072010000034, value=l, duration=0.19654819999959727>
220.7260 	INFO 	Keyboard events cleared
220.7258 	EXP 	text: autoDraw = True
220.7426 	EXP 	fixation: autoDraw = False
222.8266 	EXP 	Device response: <KeyPress from None: t=222.81113289999985, value=l, duration=None>
222.8269 	EXP 	New trial (rep=0, index=86): <Trial 86 (86 in rep 0) data={'reward_today': 18, 'future_reward': 97, 'delay': 101, 'thisN': 86, 'thisTrialN': 86, 'thisRepN': 0}>
222.8332 	DATA 	Keypress: l
222.8423 	EXP 	fixation: autoDraw = False
222.8423 	EXP 	text: autoDraw = False
222.8423 	EXP 	text: height = np.float64(0.05)
222.8423 	EXP 	text: height = np.float64(0.05)
222.8423 	EXP 	text: height = np.float64(0.05)
222.8423 	EXP 	text: text = 'GBP 18 today  or GBP 97 after 101 days'
222.8423 	EXP 	fixation: autoDraw = True
222.9933 	EXP 	Device response: <KeyPress from None: t=222.81113289999985, value=l, duration=0.17971589999979187>
223.8263 	INFO 	Keyboard events cleared
223.8262 	EXP 	text: autoDraw = True
223.8428 	EXP 	fixation: autoDraw = False
225.0099 	EXP 	Device response: <KeyPress from None: t=224.9951100000003, value=l, duration=None>
225.0103 	EXP 	New trial (rep=0, index=87): <Trial 87 (87 in rep 0) data={'reward_today': 37, 'future_reward': 74, 'delay': 81, 'thisN': 87, 'thisTrialN': 87, 'thisRepN': 0}>
225.0154 	DATA 	Keypress: l
225.0263 	EXP 	fixation: autoDraw = False
225.0263 	EXP 	text: autoDraw = False
225.0263 	EXP 	text: height = np.float64(0.05)
225.0263 	EXP 	text: height = np.float64(0.05)
225.0263 	EXP 	text: height = np.float64(0.05)
225.0263 	EXP 	text: text = 'GBP 37 today  or GBP 74 after 81 days'
225.0263 	EXP 	fixation: autoDraw = True
225.1929 	EXP 	Device response: <KeyPress from None: t=224.9951100000003, value=l, duration=0.19001339999977063>
226.0096 	INFO 	Keyboard events cleared
226.0095 	EXP 	text: autoDraw = True
226.0263 	EXP 	fixation: autoDraw = False
227.2601 	EXP 	Device response: <KeyPress from None: t=227.24479629999996, value=l, duration=None>
227.2605 	EXP 	New trial (rep=0, index=88): <Trial 88 (88 in rep 0) data={'reward_today': 20, 'future_reward': 62, 'delay': 60, 'thisN': 88, 'thisTrialN': 88, 'thisRepN': 0}>
227.2671 	DATA 	Keypress: l
227.2757 	EXP 	fixation: autoDraw = False
227.2757 	EXP 	text: autoDraw = False
227.2757 	EXP 	text: height = np.float64(0.05)
227.2757 	EXP 	text: height = np.float64(0.05)
227.2757 	EXP 	text: height = np.float64(0.05)
227.2757 	EXP 	text: text = 'GBP 20 today  or GBP 62 after 60 days'
227.2757 	EXP 	fixation: autoDraw = True
227.4436 	EXP 	Device response: <KeyPress from None: t=227.24479629999996, value=l, duration=0.19002389999968727>
228.2762 	INFO 	Keyboard events cleared
228.2761 	EXP 	fixation: autoDraw = False
228.2761 	EXP 	text: autoDraw = True
229.2604 	EXP 	Device response: <KeyPress from None: t=229.25436349999973, value=l, duration=None>
229.2608 	EXP 	New trial (rep=0, index=89): <Trial 89 (89 in rep 0) data={'reward_today': 72, 'future_reward': 86, 'delay': 79, 'thisN': 89, 'thisTrialN': 89, 'thisRepN': 0}>
229.2661 	DATA 	Keypress: l
229.2759 	EXP 	fixation: autoDraw = False
229.2759 	EXP 	text: autoDraw = False
229.2759 	EXP 	text: height = np.float64(0.05)
229.2759 	EXP 	text: height = np.float64(0.05)
229.2759 	EXP 	text: height = np.float64(0.05)
229.2759 	EXP 	text: text = 'GBP 72 today  or GBP 86 after 79 days'
229.2759 	EXP 	fixation: autoDraw = True
229.4269 	EXP 	Device response: <KeyPress from None: t=229.25436349999973, value=l, duration=0.17007730000023003>
230.2762 	INFO 	Keyboard events cleared
230.2761 	EXP 	fixation: autoDraw = False
230.2761 	EXP 	text: autoDraw = True
233.3768 	EXP 	Device response: <KeyPress from None: t=233.36477140000034, value=l, duration=None>
233.3771 	EXP 	New trial (rep=0, index=90): <Trial 90 (90 in rep 0) data={'reward_today': 75, 'future_reward': 92, 'delay': 3, 'thisN': 90, 'thisTrialN': 90, 'thisRepN': 0}>
233.3830 	DATA 	Keypress: l
233.3926 	EXP 	fixation: autoDraw = False
233.3926 	EXP 	text: autoDraw = False
233.3926 	EXP 	text: height = np.float64(0.05)
233.3926 	EXP 	text: height = np.float64(0.05)
233.3926 	EXP 	text: height = np.float64(0.05)
233.3926 	EXP 	text: text = 'GBP 75 today  or GBP 92 after 3 days'
233.3926 	EXP 	fixation: autoDraw = True
233.5598 	EXP 	Device response: <KeyPress from None: t=233.36477140000034, value=l, duration=0.19369869999991352>
234.3762 	INFO 	Keyboard events cleared
234.3760 	EXP 	text: autoDraw = True
234.3928 	EXP 	fixation: autoDraw = False
236.2433 	EXP 	Device response: <KeyPress from None: t=236.2294949000002, value=l, duration=None>
236.2436 	EXP 	New trial (rep=0, index=91): <Trial 91 (91 in rep 0) data={'reward_today': 45, 'future_reward': 77, 'delay': 94, 'thisN': 91, 'thisTrialN': 91, 'thisRepN': 0}>
236.2488 	DATA 	Keypress: l
236.2595 	EXP 	fixation: autoDraw = False
236.2595 	EXP 	text: autoDraw = False
236.2595 	EXP 	text: height = np.float64(0.05)
236.2595 	EXP 	text: height = np.float64(0.05)
236.2595 	EXP 	text: height = np.float64(0.05)
236.2595 	EXP 	text: text = 'GBP 45 today  or GBP 77 after 94 days'
236.2595 	EXP 	fixation: autoDraw = True
236.4265 	EXP 	Device response: <KeyPress from None: t=236.2294949000002, value=l, duration=0.18697960000008607>
237.2430 	INFO 	Keyboard events cleared
237.2429 	EXP 	text: autoDraw = True
237.2594 	EXP 	fixation: autoDraw = False
239.4269 	EXP 	Device response: <KeyPress from None: t=239.41516170000023, value=l, duration=None>
239.4272 	EXP 	New trial (rep=0, index=92): <Trial 92 (92 in rep 0) data={'reward_today': 21, 'future_reward': 44, 'delay': 90, 'thisN': 92, 'thisTrialN': 92, 'thisRepN': 0}>
239.4327 	DATA 	Keypress: l
239.4431 	EXP 	fixation: autoDraw = False
239.4431 	EXP 	text: autoDraw = False
239.4431 	EXP 	text: height = np.float64(0.05)
239.4431 	EXP 	text: height = np.float64(0.05)
239.4431 	EXP 	text: height = np.float64(0.05)
239.4431 	EXP 	text: text = 'GBP 21 today  or GBP 44 after 90 days'
239.4431 	EXP 	fixation: autoDraw = True
239.6096 	EXP 	Device response: <KeyPress from None: t=239.41516170000023, value=l, duration=0.19122189999961847>
240.4266 	INFO 	Keyboard events cleared
240.4264 	EXP 	text: autoDraw = True
240.4429 	EXP 	fixation: autoDraw = False
241.6268 	EXP 	Device response: <KeyPress from None: t=241.61522389999982, value=l, duration=None>
241.6272 	EXP 	New trial (rep=0, index=93): <Trial 93 (93 in rep 0) data={'reward_today': 55, 'future_reward': 69, 'delay': 14, 'thisN': 93, 'thisTrialN': 93, 'thisRepN': 0}>
241.6334 	DATA 	Keypress: l
241.6423 	EXP 	fixation: autoDraw = False
241.6423 	EXP 	text: autoDraw = False
241.6423 	EXP 	text: height = np.float64(0.05)
241.6423 	EXP 	text: height = np.float64(0.05)
241.6423 	EXP 	text: height = np.float64(0.05)
241.6423 	EXP 	text: text = 'GBP 55 today  or GBP 69 after 14 days'
241.6423 	EXP 	fixation: autoDraw = True
241.8599 	EXP 	Device response: <KeyPress from None: t=241.61522389999982, value=l, duration=0.23342390000016167>
242.6264 	INFO 	Keyboard events cleared
242.6262 	EXP 	text: autoDraw = True
242.6429 	EXP 	fixation: autoDraw = False
244.0098 	EXP 	Device response: <KeyPress from None: t=244.00656750000007, value=t, duration=None>
244.0102 	EXP 	New trial (rep=0, index=94): <Trial 94 (94 in rep 0) data={'reward_today': 25, 'future_reward': 50, 'delay': 62, 'thisN': 94, 'thisTrialN': 94, 'thisRepN': 0}>
244.0158 	DATA 	Keypress: t
244.0258 	EXP 	fixation: autoDraw = False
244.0258 	EXP 	text: autoDraw = False
244.0258 	EXP 	text: height = np.float64(0.05)
244.0258 	EXP 	text: height = np.float64(0.05)
244.0258 	EXP 	text: height = np.float64(0.05)
244.0258 	EXP 	text: text = 'GBP 25 today  or GBP 50 after 62 days'
244.0258 	EXP 	fixation: autoDraw = True
244.2766 	EXP 	Device response: <KeyPress from None: t=244.00656750000007, value=t, duration=0.2539451000002373>
245.0097 	INFO 	Keyboard events cleared
245.0095 	EXP 	text: autoDraw = True
245.0271 	EXP 	fixation: autoDraw = False
247.3770 	EXP 	Device response: <KeyPress from None: t=247.3760589999997, value=l, duration=None>
247.3773 	EXP 	New trial (rep=0, index=95): <Trial 95 (95 in rep 0) data={'reward_today': 23, 'future_reward': 61, 'delay': 60, 'thisN': 95, 'thisTrialN': 95, 'thisRepN': 0}>
247.3827 	DATA 	Keypress: l
247.3933 	EXP 	fixation: autoDraw = False
247.3933 	EXP 	text: autoDraw = False
247.3933 	EXP 	text: height = np.float64(0.05)
247.3933 	EXP 	text: height = np.float64(0.05)
247.3933 	EXP 	text: height = np.float64(0.05)
247.3933 	EXP 	text: text = 'GBP 23 today  or GBP 61 after 60 days'
247.3933 	EXP 	fixation: autoDraw = True
247.5599 	EXP 	Device response: <KeyPress from None: t=247.3760589999997, value=l, duration=0.1811758000003465>
248.3930 	INFO 	Keyboard events cleared
248.3929 	EXP 	fixation: autoDraw = False
248.3929 	EXP 	text: autoDraw = True
250.7100 	EXP 	Device response: <KeyPress from None: t=250.6985924000005, value=l, duration=None>
250.7103 	EXP 	New trial (rep=0, index=96): <Trial 96 (96 in rep 0) data={'reward_today': 44, 'future_reward': 83, 'delay': 76, 'thisN': 96, 'thisTrialN': 96, 'thisRepN': 0}>
250.7162 	DATA 	Keypress: l
250.7258 	EXP 	fixation: autoDraw = False
250.7258 	EXP 	text: autoDraw = False
250.7258 	EXP 	text: height = np.float64(0.05)
250.7258 	EXP 	text: height = np.float64(0.05)
250.7258 	EXP 	text: height = np.float64(0.05)
250.7258 	EXP 	text: text = 'GBP 44 today  or GBP 83 after 76 days'
250.7258 	EXP 	fixation: autoDraw = True
250.9100 	EXP 	Device response: <KeyPress from None: t=250.6985924000005, value=l, duration=0.19803849999971135>
251.7099 	INFO 	Keyboard events cleared
251.7097 	EXP 	text: autoDraw = True
251.7265 	EXP 	fixation: autoDraw = False
253.6437 	EXP 	Device response: <KeyPress from None: t=253.6384081000001, value=l, duration=None>
253.6440 	EXP 	New trial (rep=0, index=97): <Trial 97 (97 in rep 0) data={'reward_today': 54, 'future_reward': 76, 'delay': 67, 'thisN': 97, 'thisTrialN': 97, 'thisRepN': 0}>
253.6489 	DATA 	Keypress: l
253.6605 	EXP 	fixation: autoDraw = False
253.6605 	EXP 	text: autoDraw = False
253.6605 	EXP 	text: height = np.float64(0.05)
253.6605 	EXP 	text: height = np.float64(0.05)
253.6605 	EXP 	text: height = np.float64(0.05)
253.6605 	EXP 	text: text = 'GBP 54 today  or GBP 76 after 67 days'
253.6605 	EXP 	fixation: autoDraw = True
253.8433 	EXP 	Device response: <KeyPress from None: t=253.6384081000001, value=l, duration=0.18964129999949364>
254.6606 	INFO 	Keyboard events cleared
254.6605 	EXP 	fixation: autoDraw = False
254.6605 	EXP 	text: autoDraw = True
257.7932 	EXP 	Device response: <KeyPress from None: t=257.78233370000044, value=l, duration=None>
257.7935 	EXP 	New trial (rep=0, index=98): <Trial 98 (98 in rep 0) data={'reward_today': 54, 'future_reward': 56, 'delay': 90, 'thisN': 98, 'thisTrialN': 98, 'thisRepN': 0}>
257.7990 	DATA 	Keypress: l
257.8098 	EXP 	fixation: autoDraw = False
257.8098 	EXP 	text: autoDraw = False
257.8098 	EXP 	text: height = np.float64(0.05)
257.8098 	EXP 	text: height = np.float64(0.05)
257.8098 	EXP 	text: height = np.float64(0.05)
257.8098 	EXP 	text: text = 'GBP 54 today  or GBP 56 after 90 days'
257.8098 	EXP 	fixation: autoDraw = True
258.0101 	EXP 	Device response: <KeyPress from None: t=257.78233370000044, value=l, duration=0.21297839999988355>
258.7934 	INFO 	Keyboard events cleared
258.7932 	EXP 	text: autoDraw = True
258.8096 	EXP 	fixation: autoDraw = False
260.2770 	EXP 	Device response: <KeyPress from None: t=260.2686851000003, value=t, duration=None>
260.2774 	EXP 	New trial (rep=0, index=99): <Trial 99 (99 in rep 0) data={'reward_today': 42, 'future_reward': 52, 'delay': 60, 'thisN': 99, 'thisTrialN': 99, 'thisRepN': 0}>
260.2825 	DATA 	Keypress: t
260.2927 	EXP 	fixation: autoDraw = False
260.2927 	EXP 	text: autoDraw = False
260.2927 	EXP 	text: height = np.float64(0.05)
260.2927 	EXP 	text: height = np.float64(0.05)
260.2927 	EXP 	text: height = np.float64(0.05)
260.2927 	EXP 	text: text = 'GBP 42 today  or GBP 52 after 60 days'
260.2927 	EXP 	fixation: autoDraw = True
260.4769 	EXP 	Device response: <KeyPress from None: t=260.2686851000003, value=t, duration=0.19402979999995296>
261.2762 	INFO 	Keyboard events cleared
261.2761 	EXP 	text: autoDraw = True
261.2931 	EXP 	fixation: autoDraw = False
263.8770 	EXP 	Device response: <KeyPress from None: t=263.8759624999998, value=t, duration=None>
263.8780 	DATA 	Keypress: t
263.8931 	EXP 	fixation: autoDraw = False
263.8931 	EXP 	text: autoDraw = False
263.8933 	EXP 	delay_discounting: status = STOPPED
263.9378 	INFO 	saved data to 'C:\\Users\\DELL\\Desktop\\psychopie_final\\delay discounting\\data\\876_delay_discounting_2025-10-30_12h31.35.528.csv'
263.9416 	INFO 	saved data to C:\Users\DELL\Desktop\psychopie_final\delay discounting\data\876_delay_discounting_2025-10-30_12h31.35.528.psydat
264.3693 	WARNING 	Stopping key buffers but this could be dangerous ifother keyboards rely on the same.
264.3958 	WARNING 	Stopping key buffers but this could be dangerous ifother keyboards rely on the same.
