15.6539 	INFO 	Loaded monitor calibration from ['2025_08_11 19:48']
15.6765 	WARNING 	User requested fullscreen with size [1024  768], but screen is actually [1920, 1080]. Using actual size
16.2195 	INFO 	Using renderer 'AMD Radeon(TM) Graphics' for graphics
16.2195 	INFO 	OpenGL version supported by driver is 4..
16.3663 	EXP 	Created window1 = Window(allowGUI=False, allowStencil=False, autoLog=True, backendConf=UNKNOWN, backgroundFit=<method-wrapper '__getattribute__' of attributeSetter object at 0x000001CAB9C4D1E0>, backgroundImage=<method-wrapper '__getattribute__' of attributeSetter object at 0x000001CAB9C4D180>, bitsMode=UNKNOWN, blendMode='avg', bpc=(8, 8, 8), color=array([0, 0, 0]), colorSpace='rgb', depthBits=8, fullscr=True, gamma=None, gammaErrorPolicy='raise', infoMsg=UNKNOWN, lms=UNKNOWN, monitor=<psychopy.monitors.calibTools.Monitor object at 0x000001CAB9CFEA40>, multiSample=False, name='window1', numSamples=2, pos=[np.float64(0.0), np.float64(0.0)], screen=0, size=array([1920, 1080]), stencilBits=0, stereo=False, title='PsychoPy', units='height', useFBO=True, useRetina=False, viewOri=0.0, viewPos=None, viewScale=None, waitBlanking=True, winType='pyglet')
16.3665 	EXP 	window1: backgroundImage = ''
16.3665 	EXP 	window1: backgroundFit = 'none'
17.3103 	EXP 	window1: Attempting to measure frame rate of screen (0) ...
17.3104 	EXP 	window1: recordFrameIntervals = False
17.6014 	EXP 	window1: recordFrameIntervals = True
17.7850 	EXP 	Screen (0) actual frame rate measured at 60.10Hz
17.7850 	EXP 	window1: recordFrameIntervals = False
17.9612 	INFO 	keyboard.Keyboard is using ptb backend.
17.9616 	INFO 	keyboard.Keyboard is using ptb backend.
17.9617 	EXP 	flankers_task_final: status = STARTED
17.9712 	EXP 	Created fixation = ShapeStim(__class__=<class 'psychopy.visual.shape.ShapeStim'>, anchor=('center', 'center'), autoDraw=False, autoLog=True, closeShape=True, color=method-wrapper(...), colorSpace='rgb', contrast=None, depth=0.0, draggable=False, fillColor=array([1, 1, 1]), fillColorSpace='rgb', fillRGB=array([1, 1, 1]), interpolate=True, lineColor=array([1., 1., 1.]), lineColorSpace='rgb', lineRGB=array([1, 1, 1]), lineWidth=1.0, name='fixation', opacity=1, ori=0.0, pos=array([0., 0.]), size=array([0.05, 0.05]), units='height', vertices=ndarray(...), win=Window(...), windingRule=None)
18.0181 	EXP 	Created stimulus = TextStim(__class__=<class 'psychopy.visual.text.TextStim'>, alignHoriz=method-wrapper(...), alignText='center', alignVert=method-wrapper(...), anchorHoriz='center', anchorVert='center', antialias=True, autoDraw=False, autoLog=True, bold=False, color=array([1., 1., 1.]), colorSpace='rgb', contrast=1.0, depth=-1.0, draggable=False, flipHoriz=False, flipVert=False, font='Consolas', fontFiles=[], height=0.2, italic=False, languageStyle='LTR', name='stimulus', opacity=1, ori=0.0, pos=array([0., 0.]), rgb=UNKNOWN, text='', units='height', win=Window(...), wrapWidth=1)
0.0206 	EXP 	Imported conditions.csv as conditions, 4 conditions, 5 params
0.0222 	EXP 	New trial (rep=0, index=0): <Trial 0 (0 in rep 0) data={'trialno': np.int64(2), 'Condition': 'C', 'Stimulus': '>>>>>', 'Target': '> ', 'Correct_resp': 'right', 'thisN': 0, 'thisTrialN': 0, 'thisRepN': 0}>
0.1250 	INFO 	Keyboard events cleared
0.1247 	EXP 	stimulus: height = np.float64(0.2)
0.1247 	EXP 	stimulus: height = np.float64(0.2)
0.1247 	EXP 	stimulus: height = np.float64(0.2)
0.1247 	EXP 	stimulus: text = '>>>>>'
0.1247 	EXP 	fixation: autoDraw = True
0.5166 	EXP 	stimulus: autoDraw = True
0.6319 	EXP 	fixation: autoDraw = False
1.6373 	EXP 	Device response: <KeyPress from None: t=1.5455717999998342, value=right, duration=None>
1.6377 	EXP 	New trial (rep=0, index=1): <Trial 1 (1 in rep 0) data={'trialno': np.int64(3), 'Condition': 'I', 'Stimulus': '>>><>', 'Target': '<', 'Correct_resp': 'left', 'thisN': 1, 'thisTrialN': 1, 'thisRepN': 0}>
1.6477 	DATA 	Keypress: right
1.6535 	INFO 	Keyboard events cleared
1.6533 	EXP 	fixation: autoDraw = False
1.6533 	EXP 	stimulus: autoDraw = False
1.6533 	EXP 	stimulus: height = np.float64(0.2)
1.6533 	EXP 	stimulus: height = np.float64(0.2)
1.6533 	EXP 	stimulus: height = np.float64(0.2)
1.6533 	EXP 	stimulus: text = '>>><>'
1.6533 	EXP 	fixation: autoDraw = True
1.7477 	EXP 	Device response: <KeyPress from None: t=1.5455717999998342, value=right, duration=0.19713290000026973>
2.1472 	EXP 	stimulus: autoDraw = True
2.1651 	EXP 	fixation: autoDraw = False
3.7489 	EXP 	Device response: <KeyPress from None: t=3.7414702000000943, value=left, duration=None>
3.7493 	EXP 	New trial (rep=0, index=2): <Trial 2 (2 in rep 0) data={'trialno': np.int64(4), 'Condition': 'I', 'Stimulus': '<<><<', 'Target': '> ', 'Correct_resp': 'right', 'thisN': 2, 'thisTrialN': 2, 'thisRepN': 0}>
3.7532 	DATA 	Keypress: left
3.7656 	INFO 	Keyboard events cleared
3.7655 	EXP 	fixation: autoDraw = False
3.7655 	EXP 	stimulus: autoDraw = False
3.7655 	EXP 	stimulus: height = np.float64(0.2)
3.7655 	EXP 	stimulus: height = np.float64(0.2)
3.7655 	EXP 	stimulus: height = np.float64(0.2)
3.7655 	EXP 	stimulus: text = '<<><<'
3.7655 	EXP 	fixation: autoDraw = True
3.9160 	EXP 	Device response: <KeyPress from None: t=3.7414702000000943, value=left, duration=0.17327089999980672>
4.2487 	EXP 	stimulus: autoDraw = True
4.2657 	EXP 	fixation: autoDraw = False
6.5492 	EXP 	Device response: <KeyPress from None: t=6.546644199999719, value=right, duration=None>
6.5496 	EXP 	New trial (rep=0, index=3): <Trial 3 (3 in rep 0) data={'trialno': np.int64(1), 'Condition': 'C', 'Stimulus': '<<<<<', 'Target': '<', 'Correct_resp': 'left', 'thisN': 3, 'thisTrialN': 3, 'thisRepN': 0}>
6.5536 	DATA 	Keypress: right
6.5656 	INFO 	Keyboard events cleared
6.5654 	EXP 	fixation: autoDraw = False
6.5654 	EXP 	stimulus: autoDraw = False
6.5654 	EXP 	stimulus: height = np.float64(0.2)
6.5654 	EXP 	stimulus: height = np.float64(0.2)
6.5654 	EXP 	stimulus: height = np.float64(0.2)
6.5654 	EXP 	stimulus: text = '<<<<<'
6.5654 	EXP 	fixation: autoDraw = True
6.7991 	EXP 	Device response: <KeyPress from None: t=6.546644199999719, value=right, duration=0.24500720000014553>
7.0491 	EXP 	stimulus: autoDraw = True
7.0655 	EXP 	fixation: autoDraw = False
8.2824 	EXP 	Device response: <KeyPress from None: t=8.273697300000094, value=left, duration=None>
8.2827 	EXP 	New trial (rep=1, index=0): <Trial 4 (0 in rep 1) data={'trialno': np.int64(1), 'Condition': 'C', 'Stimulus': '<<<<<', 'Target': '<', 'Correct_resp': 'left', 'thisN': 4, 'thisTrialN': 0, 'thisRepN': 1}>
8.2837 	DATA 	Keypress: left
8.2990 	INFO 	Keyboard events cleared
8.2989 	EXP 	fixation: autoDraw = False
8.2989 	EXP 	stimulus: autoDraw = False
8.2989 	EXP 	stimulus: text = '<<<<<'
8.2989 	EXP 	fixation: autoDraw = True
8.4327 	EXP 	Device response: <KeyPress from None: t=8.273697300000094, value=left, duration=0.1508122000000185>
8.7820 	EXP 	stimulus: autoDraw = True
8.7988 	EXP 	fixation: autoDraw = False
9.8826 	EXP 	Device response: <KeyPress from None: t=9.880009299999983, value=left, duration=None>
9.8830 	EXP 	New trial (rep=1, index=1): <Trial 5 (1 in rep 1) data={'trialno': np.int64(3), 'Condition': 'I', 'Stimulus': '>>><>', 'Target': '<', 'Correct_resp': 'left', 'thisN': 5, 'thisTrialN': 1, 'thisRepN': 1}>
9.8870 	DATA 	Keypress: left
9.8989 	INFO 	Keyboard events cleared
9.8987 	EXP 	fixation: autoDraw = False
9.8987 	EXP 	stimulus: autoDraw = False
9.8987 	EXP 	stimulus: height = np.float64(0.2)
9.8987 	EXP 	stimulus: height = np.float64(0.2)
9.8987 	EXP 	stimulus: height = np.float64(0.2)
9.8987 	EXP 	stimulus: text = '>>><>'
9.8987 	EXP 	fixation: autoDraw = True
10.0323 	EXP 	Device response: <KeyPress from None: t=9.880009299999983, value=left, duration=0.1487372999999934>
10.3818 	EXP 	stimulus: autoDraw = True
10.3990 	EXP 	fixation: autoDraw = False
11.3993 	EXP 	Device response: <KeyPress from None: t=11.385895099999743, value=left, duration=None>
11.3997 	EXP 	New trial (rep=1, index=2): <Trial 6 (2 in rep 1) data={'trialno': np.int64(2), 'Condition': 'C', 'Stimulus': '>>>>>', 'Target': '> ', 'Correct_resp': 'right', 'thisN': 6, 'thisTrialN': 2, 'thisRepN': 1}>
11.4038 	DATA 	Keypress: left
11.4155 	INFO 	Keyboard events cleared
11.4153 	EXP 	fixation: autoDraw = False
11.4153 	EXP 	stimulus: autoDraw = False
11.4153 	EXP 	stimulus: height = np.float64(0.2)
11.4153 	EXP 	stimulus: height = np.float64(0.2)
11.4153 	EXP 	stimulus: height = np.float64(0.2)
11.4153 	EXP 	stimulus: text = '>>>>>'
11.4153 	EXP 	fixation: autoDraw = True
11.5659 	EXP 	Device response: <KeyPress from None: t=11.385895099999743, value=left, duration=0.1685870999999679>
11.8988 	EXP 	stimulus: autoDraw = True
11.9155 	EXP 	fixation: autoDraw = False
13.0823 	EXP 	Device response: <KeyPress from None: t=13.07827989999987, value=left, duration=None>
13.0827 	EXP 	New trial (rep=1, index=3): <Trial 7 (3 in rep 1) data={'trialno': np.int64(4), 'Condition': 'I', 'Stimulus': '<<><<', 'Target': '> ', 'Correct_resp': 'right', 'thisN': 7, 'thisTrialN': 3, 'thisRepN': 1}>
13.0867 	DATA 	Keypress: left
13.0990 	INFO 	Keyboard events cleared
13.0988 	EXP 	fixation: autoDraw = False
13.0988 	EXP 	stimulus: autoDraw = False
13.0988 	EXP 	stimulus: height = np.float64(0.2)
13.0988 	EXP 	stimulus: height = np.float64(0.2)
13.0988 	EXP 	stimulus: height = np.float64(0.2)
13.0988 	EXP 	stimulus: text = '<<><<'
13.0988 	EXP 	fixation: autoDraw = True
13.2489 	EXP 	Device response: <KeyPress from None: t=13.07827989999987, value=left, duration=0.16793319999987943>
13.5822 	EXP 	stimulus: autoDraw = True
13.5989 	EXP 	fixation: autoDraw = False
15.1660 	EXP 	Device response: <KeyPress from None: t=15.153043700000126, value=right, duration=None>
15.1663 	EXP 	New trial (rep=2, index=0): <Trial 8 (0 in rep 2) data={'trialno': np.int64(1), 'Condition': 'C', 'Stimulus': '<<<<<', 'Target': '<', 'Correct_resp': 'left', 'thisN': 8, 'thisTrialN': 0, 'thisRepN': 2}>
15.1700 	DATA 	Keypress: right
15.1822 	INFO 	Keyboard events cleared
15.1820 	EXP 	fixation: autoDraw = False
15.1820 	EXP 	stimulus: autoDraw = False
15.1820 	EXP 	stimulus: height = np.float64(0.2)
15.1820 	EXP 	stimulus: height = np.float64(0.2)
15.1820 	EXP 	stimulus: height = np.float64(0.2)
15.1820 	EXP 	stimulus: text = '<<<<<'
15.1820 	EXP 	fixation: autoDraw = True
15.3660 	EXP 	Device response: <KeyPress from None: t=15.153043700000126, value=right, duration=0.20712539999976798>
15.6658 	EXP 	stimulus: autoDraw = True
15.6818 	EXP 	fixation: autoDraw = False
16.3329 	EXP 	Device response: <KeyPress from None: t=16.33032009999988, value=left, duration=None>
16.3333 	EXP 	New trial (rep=2, index=1): <Trial 9 (1 in rep 2) data={'trialno': np.int64(2), 'Condition': 'C', 'Stimulus': '>>>>>', 'Target': '> ', 'Correct_resp': 'right', 'thisN': 9, 'thisTrialN': 1, 'thisRepN': 2}>
16.3372 	DATA 	Keypress: left
16.3488 	INFO 	Keyboard events cleared
16.3486 	EXP 	fixation: autoDraw = False
16.3486 	EXP 	stimulus: autoDraw = False
16.3486 	EXP 	stimulus: height = np.float64(0.2)
16.3486 	EXP 	stimulus: height = np.float64(0.2)
16.3486 	EXP 	stimulus: height = np.float64(0.2)
16.3486 	EXP 	stimulus: text = '>>>>>'
16.3486 	EXP 	fixation: autoDraw = True
16.4661 	EXP 	Device response: <KeyPress from None: t=16.33032009999988, value=left, duration=0.12540020000005825>
16.8488 	EXP 	fixation: autoDraw = False
16.8488 	EXP 	stimulus: autoDraw = True
17.5661 	EXP 	Device response: <KeyPress from None: t=17.56565210000008, value=right, duration=None>
17.5666 	EXP 	New trial (rep=2, index=2): <Trial 10 (2 in rep 2) data={'trialno': np.int64(4), 'Condition': 'I', 'Stimulus': '<<><<', 'Target': '> ', 'Correct_resp': 'right', 'thisN': 10, 'thisTrialN': 2, 'thisRepN': 2}>
17.5703 	DATA 	Keypress: right
17.5821 	INFO 	Keyboard events cleared
17.5819 	EXP 	fixation: autoDraw = False
17.5819 	EXP 	stimulus: autoDraw = False
17.5819 	EXP 	stimulus: height = np.float64(0.2)
17.5819 	EXP 	stimulus: height = np.float64(0.2)
17.5819 	EXP 	stimulus: height = np.float64(0.2)
17.5819 	EXP 	stimulus: text = '<<><<'
17.5819 	EXP 	fixation: autoDraw = True
18.0818 	EXP 	fixation: autoDraw = False
18.0818 	EXP 	stimulus: autoDraw = True
18.0823 	EXP 	Device response: <KeyPress from None: t=17.56565210000008, value=right, duration=0.5021311999998943>
20.0661 	EXP 	Device response: <KeyPress from None: t=20.059447099999943, value=right, duration=None>
20.0665 	EXP 	New trial (rep=2, index=3): <Trial 11 (3 in rep 2) data={'trialno': np.int64(3), 'Condition': 'I', 'Stimulus': '>>><>', 'Target': '<', 'Correct_resp': 'left', 'thisN': 11, 'thisTrialN': 3, 'thisRepN': 2}>
20.0704 	DATA 	Keypress: right
20.0823 	INFO 	Keyboard events cleared
20.0821 	EXP 	fixation: autoDraw = False
20.0821 	EXP 	stimulus: autoDraw = False
20.0821 	EXP 	stimulus: height = np.float64(0.2)
20.0821 	EXP 	stimulus: height = np.float64(0.2)
20.0821 	EXP 	stimulus: height = np.float64(0.2)
20.0821 	EXP 	stimulus: text = '>>><>'
20.0821 	EXP 	fixation: autoDraw = True
20.2824 	EXP 	Device response: <KeyPress from None: t=20.059447099999943, value=right, duration=0.20810589999973672>
20.5824 	EXP 	fixation: autoDraw = False
20.5824 	EXP 	stimulus: autoDraw = True
21.6492 	EXP 	Device response: <KeyPress from None: t=21.6386093000001, value=left, duration=None>
21.6496 	EXP 	New trial (rep=3, index=0): <Trial 12 (0 in rep 3) data={'trialno': np.int64(2), 'Condition': 'C', 'Stimulus': '>>>>>', 'Target': '> ', 'Correct_resp': 'right', 'thisN': 12, 'thisTrialN': 0, 'thisRepN': 3}>
21.6539 	DATA 	Keypress: left
21.6657 	INFO 	Keyboard events cleared
21.6656 	EXP 	fixation: autoDraw = False
21.6656 	EXP 	stimulus: autoDraw = False
21.6656 	EXP 	stimulus: height = np.float64(0.2)
21.6656 	EXP 	stimulus: height = np.float64(0.2)
21.6656 	EXP 	stimulus: height = np.float64(0.2)
21.6656 	EXP 	stimulus: text = '>>>>>'
21.6656 	EXP 	fixation: autoDraw = True
21.7993 	EXP 	Device response: <KeyPress from None: t=21.6386093000001, value=left, duration=0.14649239999971542>
22.1487 	EXP 	stimulus: autoDraw = True
22.1655 	EXP 	fixation: autoDraw = False
23.8995 	EXP 	Device response: <KeyPress from None: t=23.89691619999985, value=right, duration=None>
23.8998 	EXP 	New trial (rep=3, index=1): <Trial 13 (1 in rep 3) data={'trialno': np.int64(3), 'Condition': 'I', 'Stimulus': '>>><>', 'Target': '<', 'Correct_resp': 'left', 'thisN': 13, 'thisTrialN': 1, 'thisRepN': 3}>
23.9035 	DATA 	Keypress: right
23.9154 	INFO 	Keyboard events cleared
23.9153 	EXP 	fixation: autoDraw = False
23.9153 	EXP 	stimulus: autoDraw = False
23.9153 	EXP 	stimulus: height = np.float64(0.2)
23.9153 	EXP 	stimulus: height = np.float64(0.2)
23.9153 	EXP 	stimulus: height = np.float64(0.2)
23.9153 	EXP 	stimulus: text = '>>><>'
23.9153 	EXP 	fixation: autoDraw = True
24.0820 	EXP 	Device response: <KeyPress from None: t=23.89691619999985, value=right, duration=0.17370930000015505>
24.4156 	EXP 	fixation: autoDraw = False
24.4156 	EXP 	stimulus: autoDraw = True
25.9992 	EXP 	Device response: <KeyPress from None: t=25.995840900000076, value=left, duration=None>
25.9995 	EXP 	New trial (rep=3, index=2): <Trial 14 (2 in rep 3) data={'trialno': np.int64(1), 'Condition': 'C', 'Stimulus': '<<<<<', 'Target': '<', 'Correct_resp': 'left', 'thisN': 14, 'thisTrialN': 2, 'thisRepN': 3}>
26.0032 	DATA 	Keypress: left
26.0154 	INFO 	Keyboard events cleared
26.0153 	EXP 	fixation: autoDraw = False
26.0153 	EXP 	stimulus: autoDraw = False
26.0153 	EXP 	stimulus: height = np.float64(0.2)
26.0153 	EXP 	stimulus: height = np.float64(0.2)
26.0153 	EXP 	stimulus: height = np.float64(0.2)
26.0153 	EXP 	stimulus: text = '<<<<<'
26.0153 	EXP 	fixation: autoDraw = True
26.1155 	EXP 	Device response: <KeyPress from None: t=25.995840900000076, value=left, duration=0.11652929999991102>
26.4991 	EXP 	stimulus: autoDraw = True
26.5154 	EXP 	fixation: autoDraw = False
27.8494 	EXP 	Device response: <KeyPress from None: t=27.840115999999853, value=left, duration=None>
27.8497 	EXP 	New trial (rep=3, index=3): <Trial 15 (3 in rep 3) data={'trialno': np.int64(4), 'Condition': 'I', 'Stimulus': '<<><<', 'Target': '> ', 'Correct_resp': 'right', 'thisN': 15, 'thisTrialN': 3, 'thisRepN': 3}>
27.8541 	DATA 	Keypress: left
27.8657 	INFO 	Keyboard events cleared
27.8656 	EXP 	fixation: autoDraw = False
27.8656 	EXP 	stimulus: autoDraw = False
27.8656 	EXP 	stimulus: height = np.float64(0.2)
27.8656 	EXP 	stimulus: height = np.float64(0.2)
27.8656 	EXP 	stimulus: height = np.float64(0.2)
27.8656 	EXP 	stimulus: text = '<<><<'
27.8656 	EXP 	fixation: autoDraw = True
27.9659 	EXP 	Device response: <KeyPress from None: t=27.840115999999853, value=left, duration=0.12274370000022827>
28.3488 	EXP 	stimulus: autoDraw = True
28.3658 	EXP 	fixation: autoDraw = False
31.6496 	EXP 	Device response: <KeyPress from None: t=31.644799299999704, value=right, duration=None>
31.6499 	EXP 	New trial (rep=4, index=0): <Trial 16 (0 in rep 4) data={'trialno': np.int64(4), 'Condition': 'I', 'Stimulus': '<<><<', 'Target': '> ', 'Correct_resp': 'right', 'thisN': 16, 'thisTrialN': 0, 'thisRepN': 4}>
31.6510 	DATA 	Keypress: right
31.6656 	INFO 	Keyboard events cleared
31.6654 	EXP 	fixation: autoDraw = False
31.6654 	EXP 	stimulus: autoDraw = False
31.6654 	EXP 	stimulus: text = '<<><<'
31.6654 	EXP 	fixation: autoDraw = True
31.8329 	EXP 	Device response: <KeyPress from None: t=31.644799299999704, value=right, duration=0.1758227000000261>
32.1487 	EXP 	stimulus: autoDraw = True
32.1658 	EXP 	fixation: autoDraw = False
34.0162 	EXP 	Device response: <KeyPress from None: t=34.013762999999926, value=right, duration=None>
34.0165 	EXP 	New trial (rep=4, index=1): <Trial 17 (1 in rep 4) data={'trialno': np.int64(3), 'Condition': 'I', 'Stimulus': '>>><>', 'Target': '<', 'Correct_resp': 'left', 'thisN': 17, 'thisTrialN': 1, 'thisRepN': 4}>
34.0203 	DATA 	Keypress: right
34.0320 	INFO 	Keyboard events cleared
34.0318 	EXP 	fixation: autoDraw = False
34.0318 	EXP 	stimulus: autoDraw = False
34.0318 	EXP 	stimulus: height = np.float64(0.2)
34.0318 	EXP 	stimulus: height = np.float64(0.2)
34.0318 	EXP 	stimulus: height = np.float64(0.2)
34.0318 	EXP 	stimulus: text = '>>><>'
34.0318 	EXP 	fixation: autoDraw = True
34.1654 	EXP 	Device response: <KeyPress from None: t=34.013762999999926, value=right, duration=0.13759570000001986>
34.5155 	EXP 	stimulus: autoDraw = True
34.5323 	EXP 	fixation: autoDraw = False
39.9496 	EXP 	Device response: <KeyPress from None: t=39.9434997999997, value=right, duration=None>
39.9500 	EXP 	New trial (rep=4, index=2): <Trial 18 (2 in rep 4) data={'trialno': np.int64(2), 'Condition': 'C', 'Stimulus': '>>>>>', 'Target': '> ', 'Correct_resp': 'right', 'thisN': 18, 'thisTrialN': 2, 'thisRepN': 4}>
39.9536 	DATA 	Keypress: right
39.9656 	INFO 	Keyboard events cleared
39.9655 	EXP 	fixation: autoDraw = False
39.9655 	EXP 	stimulus: autoDraw = False
39.9655 	EXP 	stimulus: height = np.float64(0.2)
39.9655 	EXP 	stimulus: height = np.float64(0.2)
39.9655 	EXP 	stimulus: height = np.float64(0.2)
39.9655 	EXP 	stimulus: text = '>>>>>'
39.9655 	EXP 	fixation: autoDraw = True
40.1322 	EXP 	Device response: <KeyPress from None: t=39.9434997999997, value=right, duration=0.18186830000013288>
40.4485 	EXP 	stimulus: autoDraw = True
40.4656 	EXP 	fixation: autoDraw = False
41.0332 	EXP 	Device response: <KeyPress from None: t=41.0318514999999, value=right, duration=None>
41.0336 	EXP 	New trial (rep=4, index=3): <Trial 19 (3 in rep 4) data={'trialno': np.int64(1), 'Condition': 'C', 'Stimulus': '<<<<<', 'Target': '<', 'Correct_resp': 'left', 'thisN': 19, 'thisTrialN': 3, 'thisRepN': 4}>
41.0382 	DATA 	Keypress: right
41.0488 	INFO 	Keyboard events cleared
41.0486 	EXP 	fixation: autoDraw = False
41.0486 	EXP 	stimulus: autoDraw = False
41.0486 	EXP 	stimulus: height = np.float64(0.2)
41.0486 	EXP 	stimulus: height = np.float64(0.2)
41.0486 	EXP 	stimulus: height = np.float64(0.2)
41.0486 	EXP 	stimulus: text = '<<<<<'
41.0486 	EXP 	fixation: autoDraw = True
41.1994 	EXP 	Device response: <KeyPress from None: t=41.0318514999999, value=right, duration=0.15129160000014963>
41.5493 	EXP 	fixation: autoDraw = False
41.5493 	EXP 	stimulus: autoDraw = True
42.4157 	EXP 	Device response: <KeyPress from None: t=42.4122540999997, value=left, duration=None>
42.4160 	EXP 	New trial (rep=5, index=0): <Trial 20 (0 in rep 5) data={'trialno': np.int64(4), 'Condition': 'I', 'Stimulus': '<<><<', 'Target': '> ', 'Correct_resp': 'right', 'thisN': 20, 'thisTrialN': 0, 'thisRepN': 5}>
42.4198 	DATA 	Keypress: left
42.4330 	INFO 	Keyboard events cleared
42.4328 	EXP 	fixation: autoDraw = False
42.4328 	EXP 	stimulus: autoDraw = False
42.4328 	EXP 	stimulus: height = np.float64(0.2)
42.4328 	EXP 	stimulus: height = np.float64(0.2)
42.4328 	EXP 	stimulus: height = np.float64(0.2)
42.4328 	EXP 	stimulus: text = '<<><<'
42.4328 	EXP 	fixation: autoDraw = True
42.5329 	EXP 	Device response: <KeyPress from None: t=42.4122540999997, value=left, duration=0.11817030000020168>
42.9160 	EXP 	stimulus: autoDraw = True
42.9323 	EXP 	fixation: autoDraw = False
46.5994 	EXP 	Device response: <KeyPress from None: t=46.585305199999766, value=right, duration=None>
46.6000 	EXP 	New trial (rep=5, index=1): <Trial 21 (1 in rep 5) data={'trialno': np.int64(3), 'Condition': 'I', 'Stimulus': '>>><>', 'Target': '<', 'Correct_resp': 'left', 'thisN': 21, 'thisTrialN': 1, 'thisRepN': 5}>
46.6053 	DATA 	Keypress: right
46.6158 	INFO 	Keyboard events cleared
46.6155 	EXP 	fixation: autoDraw = False
46.6155 	EXP 	stimulus: autoDraw = False
46.6155 	EXP 	stimulus: height = np.float64(0.2)
46.6155 	EXP 	stimulus: height = np.float64(0.2)
46.6155 	EXP 	stimulus: height = np.float64(0.2)
46.6155 	EXP 	stimulus: text = '>>><>'
46.6155 	EXP 	fixation: autoDraw = True
46.7326 	EXP 	Device response: <KeyPress from None: t=46.585305199999766, value=right, duration=0.13408320000007734>
47.1153 	EXP 	fixation: autoDraw = False
47.1153 	EXP 	stimulus: autoDraw = True
49.7493 	EXP 	Device response: <KeyPress from None: t=49.7398619999999, value=left, duration=None>
49.7497 	EXP 	New trial (rep=5, index=2): <Trial 22 (2 in rep 5) data={'trialno': np.int64(1), 'Condition': 'C', 'Stimulus': '<<<<<', 'Target': '<', 'Correct_resp': 'left', 'thisN': 22, 'thisTrialN': 2, 'thisRepN': 5}>
49.7551 	DATA 	Keypress: left
49.7654 	INFO 	Keyboard events cleared
49.7652 	EXP 	fixation: autoDraw = False
49.7652 	EXP 	stimulus: autoDraw = False
49.7652 	EXP 	stimulus: height = np.float64(0.2)
49.7652 	EXP 	stimulus: height = np.float64(0.2)
49.7652 	EXP 	stimulus: height = np.float64(0.2)
49.7652 	EXP 	stimulus: text = '<<<<<'
49.7652 	EXP 	fixation: autoDraw = True
49.8659 	EXP 	Device response: <KeyPress from None: t=49.7398619999999, value=left, duration=0.12243730000000141>
50.2655 	EXP 	fixation: autoDraw = False
50.2655 	EXP 	stimulus: autoDraw = True
51.8827 	EXP 	Device response: <KeyPress from None: t=51.874184799999966, value=left, duration=None>
51.8832 	EXP 	New trial (rep=5, index=3): <Trial 23 (3 in rep 5) data={'trialno': np.int64(2), 'Condition': 'C', 'Stimulus': '>>>>>', 'Target': '> ', 'Correct_resp': 'right', 'thisN': 23, 'thisTrialN': 3, 'thisRepN': 5}>
51.8893 	DATA 	Keypress: left
51.8988 	INFO 	Keyboard events cleared
51.8986 	EXP 	fixation: autoDraw = False
51.8986 	EXP 	stimulus: autoDraw = False
51.8986 	EXP 	stimulus: height = np.float64(0.2)
51.8986 	EXP 	stimulus: height = np.float64(0.2)
51.8986 	EXP 	stimulus: height = np.float64(0.2)
51.8986 	EXP 	stimulus: text = '>>>>>'
51.8986 	EXP 	fixation: autoDraw = True
52.0159 	EXP 	Device response: <KeyPress from None: t=51.874184799999966, value=left, duration=0.1309587000000647>
52.3820 	EXP 	stimulus: autoDraw = True
52.3988 	EXP 	fixation: autoDraw = False
53.8993 	EXP 	Device response: <KeyPress from None: t=53.88730779999969, value=right, duration=None>
53.8997 	EXP 	New trial (rep=6, index=0): <Trial 24 (0 in rep 6) data={'trialno': np.int64(1), 'Condition': 'C', 'Stimulus': '<<<<<', 'Target': '<', 'Correct_resp': 'left', 'thisN': 24, 'thisTrialN': 0, 'thisRepN': 6}>
53.9049 	DATA 	Keypress: right
53.9152 	INFO 	Keyboard events cleared
53.9149 	EXP 	fixation: autoDraw = False
53.9149 	EXP 	stimulus: autoDraw = False
53.9149 	EXP 	stimulus: height = np.float64(0.2)
53.9149 	EXP 	stimulus: height = np.float64(0.2)
53.9149 	EXP 	stimulus: height = np.float64(0.2)
53.9149 	EXP 	stimulus: text = '<<<<<'
53.9149 	EXP 	fixation: autoDraw = True
54.1159 	EXP 	Device response: <KeyPress from None: t=53.88730779999969, value=right, duration=0.2170302000004085>
54.4154 	EXP 	fixation: autoDraw = False
54.4154 	EXP 	stimulus: autoDraw = True
55.7329 	EXP 	Device response: <KeyPress from None: t=55.73029820000011, value=left, duration=None>
55.7332 	EXP 	New trial (rep=6, index=1): <Trial 25 (1 in rep 6) data={'trialno': np.int64(3), 'Condition': 'I', 'Stimulus': '>>><>', 'Target': '<', 'Correct_resp': 'left', 'thisN': 25, 'thisTrialN': 1, 'thisRepN': 6}>
55.7374 	DATA 	Keypress: left
55.7491 	INFO 	Keyboard events cleared
55.7489 	EXP 	fixation: autoDraw = False
55.7489 	EXP 	stimulus: autoDraw = False
55.7489 	EXP 	stimulus: height = np.float64(0.2)
55.7489 	EXP 	stimulus: height = np.float64(0.2)
55.7489 	EXP 	stimulus: height = np.float64(0.2)
55.7489 	EXP 	stimulus: text = '>>><>'
55.7489 	EXP 	fixation: autoDraw = True
55.8495 	EXP 	Device response: <KeyPress from None: t=55.73029820000011, value=left, duration=0.11452779999990526>
56.2323 	EXP 	stimulus: autoDraw = True
56.2488 	EXP 	fixation: autoDraw = False
59.3996 	EXP 	Device response: <KeyPress from None: t=59.39690440000004, value=left, duration=None>
59.4000 	EXP 	New trial (rep=6, index=2): <Trial 26 (2 in rep 6) data={'trialno': np.int64(4), 'Condition': 'I', 'Stimulus': '<<><<', 'Target': '> ', 'Correct_resp': 'right', 'thisN': 26, 'thisTrialN': 2, 'thisRepN': 6}>
59.4057 	DATA 	Keypress: left
59.4153 	INFO 	Keyboard events cleared
59.4151 	EXP 	fixation: autoDraw = False
59.4151 	EXP 	stimulus: autoDraw = False
59.4151 	EXP 	stimulus: height = np.float64(0.2)
59.4151 	EXP 	stimulus: height = np.float64(0.2)
59.4151 	EXP 	stimulus: height = np.float64(0.2)
59.4151 	EXP 	stimulus: text = '<<><<'
59.4151 	EXP 	fixation: autoDraw = True
59.5329 	EXP 	Device response: <KeyPress from None: t=59.39690440000004, value=left, duration=0.1218682999997327>
59.9154 	EXP 	fixation: autoDraw = False
59.9154 	EXP 	stimulus: autoDraw = True
62.5329 	EXP 	Device response: <KeyPress from None: t=62.527011799999855, value=right, duration=None>
62.5333 	EXP 	New trial (rep=6, index=3): <Trial 27 (3 in rep 6) data={'trialno': np.int64(2), 'Condition': 'C', 'Stimulus': '>>>>>', 'Target': '> ', 'Correct_resp': 'right', 'thisN': 27, 'thisTrialN': 3, 'thisRepN': 6}>
62.5378 	DATA 	Keypress: right
62.5487 	INFO 	Keyboard events cleared
62.5484 	EXP 	fixation: autoDraw = False
62.5484 	EXP 	stimulus: autoDraw = False
62.5484 	EXP 	stimulus: height = np.float64(0.2)
62.5484 	EXP 	stimulus: height = np.float64(0.2)
62.5484 	EXP 	stimulus: height = np.float64(0.2)
62.5484 	EXP 	stimulus: text = '>>>>>'
62.5484 	EXP 	fixation: autoDraw = True
62.7494 	EXP 	Device response: <KeyPress from None: t=62.527011799999855, value=right, duration=0.21666439999989962>
63.0486 	EXP 	fixation: autoDraw = False
63.0486 	EXP 	stimulus: autoDraw = True
63.8344 	DATA 	Keypress: right
63.8489 	EXP 	Device response: <KeyPress from None: t=63.833727700000054, value=right, duration=None>
63.8493 	EXP 	New trial (rep=7, index=0): <Trial 28 (0 in rep 7) data={'trialno': np.int64(3), 'Condition': 'I', 'Stimulus': '>>><>', 'Target': '<', 'Correct_resp': 'left', 'thisN': 28, 'thisTrialN': 0, 'thisRepN': 7}>
63.8657 	INFO 	Keyboard events cleared
63.8656 	EXP 	fixation: autoDraw = False
63.8656 	EXP 	stimulus: autoDraw = False
63.8656 	EXP 	stimulus: height = np.float64(0.2)
63.8656 	EXP 	stimulus: height = np.float64(0.2)
63.8656 	EXP 	stimulus: height = np.float64(0.2)
63.8656 	EXP 	stimulus: text = '>>><>'
63.8656 	EXP 	fixation: autoDraw = True
63.9995 	EXP 	Device response: <KeyPress from None: t=63.833727700000054, value=right, duration=0.1544619999999668>
64.3489 	EXP 	stimulus: autoDraw = True
64.3662 	EXP 	fixation: autoDraw = False
66.0505 	DATA 	Keypress: left
66.0664 	EXP 	Device response: <KeyPress from None: t=66.04983880000009, value=left, duration=None>
66.0668 	EXP 	New trial (rep=7, index=1): <Trial 29 (1 in rep 7) data={'trialno': np.int64(1), 'Condition': 'C', 'Stimulus': '<<<<<', 'Target': '<', 'Correct_resp': 'left', 'thisN': 29, 'thisTrialN': 1, 'thisRepN': 7}>
66.0822 	INFO 	Keyboard events cleared
66.0820 	EXP 	fixation: autoDraw = False
66.0820 	EXP 	stimulus: autoDraw = False
66.0820 	EXP 	stimulus: height = np.float64(0.2)
66.0820 	EXP 	stimulus: height = np.float64(0.2)
66.0820 	EXP 	stimulus: height = np.float64(0.2)
66.0820 	EXP 	stimulus: text = '<<<<<'
66.0820 	EXP 	fixation: autoDraw = True
66.2494 	EXP 	Device response: <KeyPress from None: t=66.04983880000009, value=left, duration=0.197411899999679>
66.5821 	EXP 	fixation: autoDraw = False
66.5821 	EXP 	stimulus: autoDraw = True
67.5342 	DATA 	Keypress: left
67.5490 	EXP 	Device response: <KeyPress from None: t=67.53277470000012, value=left, duration=None>
67.5493 	EXP 	New trial (rep=7, index=2): <Trial 30 (2 in rep 7) data={'trialno': np.int64(2), 'Condition': 'C', 'Stimulus': '>>>>>', 'Target': '> ', 'Correct_resp': 'right', 'thisN': 30, 'thisTrialN': 2, 'thisRepN': 7}>
67.5661 	INFO 	Keyboard events cleared
67.5659 	EXP 	fixation: autoDraw = False
67.5659 	EXP 	stimulus: autoDraw = False
67.5659 	EXP 	stimulus: height = np.float64(0.2)
67.5659 	EXP 	stimulus: height = np.float64(0.2)
67.5659 	EXP 	stimulus: height = np.float64(0.2)
67.5659 	EXP 	stimulus: text = '>>>>>'
67.5659 	EXP 	fixation: autoDraw = True
67.6993 	EXP 	Device response: <KeyPress from None: t=67.53277470000012, value=left, duration=0.150893300000007>
68.0489 	EXP 	stimulus: autoDraw = True
68.0659 	EXP 	fixation: autoDraw = False
68.5161 	EXP 	Device response: <KeyPress from None: t=68.50485819999994, value=right, duration=None>
68.5165 	EXP 	New trial (rep=7, index=3): <Trial 31 (3 in rep 7) data={'trialno': np.int64(4), 'Condition': 'I', 'Stimulus': '<<><<', 'Target': '> ', 'Correct_resp': 'right', 'thisN': 31, 'thisTrialN': 3, 'thisRepN': 7}>
68.5202 	DATA 	Keypress: right
68.5324 	INFO 	Keyboard events cleared
68.5323 	EXP 	fixation: autoDraw = False
68.5323 	EXP 	stimulus: autoDraw = False
68.5323 	EXP 	stimulus: height = np.float64(0.2)
68.5323 	EXP 	stimulus: height = np.float64(0.2)
68.5323 	EXP 	stimulus: height = np.float64(0.2)
68.5323 	EXP 	stimulus: text = '<<><<'
68.5323 	EXP 	fixation: autoDraw = True
68.8891 	EXP 	Device response: <KeyPress from None: t=68.50485819999994, value=right, duration=0.2509429000001546>
69.0158 	EXP 	stimulus: autoDraw = True
69.0321 	EXP 	fixation: autoDraw = False
70.4662 	EXP 	Device response: <KeyPress from None: t=70.45176790000005, value=right, duration=None>
70.4665 	EXP 	New trial (rep=8, index=0): <Trial 32 (0 in rep 8) data={'trialno': np.int64(1), 'Condition': 'C', 'Stimulus': '<<<<<', 'Target': '<', 'Correct_resp': 'left', 'thisN': 32, 'thisTrialN': 0, 'thisRepN': 8}>
70.4703 	DATA 	Keypress: right
70.4824 	INFO 	Keyboard events cleared
70.4822 	EXP 	fixation: autoDraw = False
70.4822 	EXP 	stimulus: autoDraw = False
70.4822 	EXP 	stimulus: height = np.float64(0.2)
70.4822 	EXP 	stimulus: height = np.float64(0.2)
70.4822 	EXP 	stimulus: height = np.float64(0.2)
70.4822 	EXP 	stimulus: text = '<<<<<'
70.4822 	EXP 	fixation: autoDraw = True
70.6657 	EXP 	Device response: <KeyPress from None: t=70.45176790000005, value=right, duration=0.19860239999979967>
70.9824 	EXP 	fixation: autoDraw = False
70.9824 	EXP 	stimulus: autoDraw = True
71.5495 	EXP 	Device response: <KeyPress from None: t=71.53958430000012, value=left, duration=None>
71.5499 	EXP 	New trial (rep=8, index=1): <Trial 33 (1 in rep 8) data={'trialno': np.int64(4), 'Condition': 'I', 'Stimulus': '<<><<', 'Target': '> ', 'Correct_resp': 'right', 'thisN': 33, 'thisTrialN': 1, 'thisRepN': 8}>
71.5542 	DATA 	Keypress: left
71.5656 	INFO 	Keyboard events cleared
71.5654 	EXP 	fixation: autoDraw = False
71.5654 	EXP 	stimulus: autoDraw = False
71.5654 	EXP 	stimulus: height = np.float64(0.2)
71.5654 	EXP 	stimulus: height = np.float64(0.2)
71.5654 	EXP 	stimulus: height = np.float64(0.2)
71.5654 	EXP 	stimulus: text = '<<><<'
71.5654 	EXP 	fixation: autoDraw = True
71.6823 	EXP 	Device response: <KeyPress from None: t=71.53958430000012, value=left, duration=0.1339095999996971>
72.0491 	EXP 	stimulus: autoDraw = True
72.0655 	EXP 	fixation: autoDraw = False
75.6995 	EXP 	Device response: <KeyPress from None: t=75.69694010000012, value=left, duration=None>
75.6998 	EXP 	New trial (rep=8, index=2): <Trial 34 (2 in rep 8) data={'trialno': np.int64(2), 'Condition': 'C', 'Stimulus': '>>>>>', 'Target': '> ', 'Correct_resp': 'right', 'thisN': 34, 'thisTrialN': 2, 'thisRepN': 8}>
75.7041 	DATA 	Keypress: left
75.7157 	INFO 	Keyboard events cleared
75.7156 	EXP 	fixation: autoDraw = False
75.7156 	EXP 	stimulus: autoDraw = False
75.7156 	EXP 	stimulus: height = np.float64(0.2)
75.7156 	EXP 	stimulus: height = np.float64(0.2)
75.7156 	EXP 	stimulus: height = np.float64(0.2)
75.7156 	EXP 	stimulus: text = '>>>>>'
75.7156 	EXP 	fixation: autoDraw = True
75.8496 	EXP 	Device response: <KeyPress from None: t=75.69694010000012, value=left, duration=0.14406419999977516>
76.1990 	EXP 	stimulus: autoDraw = True
76.2159 	EXP 	fixation: autoDraw = False
77.6998 	EXP 	Device response: <KeyPress from None: t=77.69866400000001, value=right, duration=None>
77.7001 	EXP 	New trial (rep=8, index=3): <Trial 35 (3 in rep 8) data={'trialno': np.int64(3), 'Condition': 'I', 'Stimulus': '>>><>', 'Target': '<', 'Correct_resp': 'left', 'thisN': 35, 'thisTrialN': 3, 'thisRepN': 8}>
77.7040 	DATA 	Keypress: right
77.7159 	INFO 	Keyboard events cleared
77.7158 	EXP 	fixation: autoDraw = False
77.7158 	EXP 	stimulus: autoDraw = False
77.7158 	EXP 	stimulus: height = np.float64(0.2)
77.7158 	EXP 	stimulus: height = np.float64(0.2)
77.7158 	EXP 	stimulus: height = np.float64(0.2)
77.7158 	EXP 	stimulus: text = '>>><>'
77.7158 	EXP 	fixation: autoDraw = True
77.9159 	EXP 	Device response: <KeyPress from None: t=77.69866400000001, value=right, duration=0.21463300000004892>
78.2158 	EXP 	fixation: autoDraw = False
78.2158 	EXP 	stimulus: autoDraw = True
79.3992 	EXP 	Device response: <KeyPress from None: t=79.3926336999998, value=left, duration=None>
79.3995 	EXP 	New trial (rep=9, index=0): <Trial 36 (0 in rep 9) data={'trialno': np.int64(4), 'Condition': 'I', 'Stimulus': '<<><<', 'Target': '> ', 'Correct_resp': 'right', 'thisN': 36, 'thisTrialN': 0, 'thisRepN': 9}>
79.4032 	DATA 	Keypress: left
79.4157 	INFO 	Keyboard events cleared
79.4156 	EXP 	fixation: autoDraw = False
79.4156 	EXP 	stimulus: autoDraw = False
79.4156 	EXP 	stimulus: height = np.float64(0.2)
79.4156 	EXP 	stimulus: height = np.float64(0.2)
79.4156 	EXP 	stimulus: height = np.float64(0.2)
79.4156 	EXP 	stimulus: text = '<<><<'
79.4156 	EXP 	fixation: autoDraw = True
79.5327 	EXP 	Device response: <KeyPress from None: t=79.3926336999998, value=left, duration=0.13100170000006983>
79.8993 	EXP 	stimulus: autoDraw = True
79.9157 	EXP 	fixation: autoDraw = False
81.9162 	EXP 	Device response: <KeyPress from None: t=81.90503799999988, value=right, duration=None>
81.9165 	EXP 	New trial (rep=9, index=1): <Trial 37 (1 in rep 9) data={'trialno': np.int64(3), 'Condition': 'I', 'Stimulus': '>>><>', 'Target': '<', 'Correct_resp': 'left', 'thisN': 37, 'thisTrialN': 1, 'thisRepN': 9}>
81.9210 	DATA 	Keypress: right
81.9321 	INFO 	Keyboard events cleared
81.9320 	EXP 	fixation: autoDraw = False
81.9320 	EXP 	stimulus: autoDraw = False
81.9320 	EXP 	stimulus: height = np.float64(0.2)
81.9320 	EXP 	stimulus: height = np.float64(0.2)
81.9320 	EXP 	stimulus: height = np.float64(0.2)
81.9320 	EXP 	stimulus: text = '>>><>'
81.9320 	EXP 	fixation: autoDraw = True
82.1506 	EXP 	Device response: <KeyPress from None: t=81.90503799999988, value=right, duration=0.2382259000000886>
82.4322 	EXP 	fixation: autoDraw = False
82.4322 	EXP 	stimulus: autoDraw = True
83.9995 	EXP 	Device response: <KeyPress from None: t=83.98637800000006, value=right, duration=None>
83.9998 	EXP 	New trial (rep=9, index=2): <Trial 38 (2 in rep 9) data={'trialno': np.int64(1), 'Condition': 'C', 'Stimulus': '<<<<<', 'Target': '<', 'Correct_resp': 'left', 'thisN': 38, 'thisTrialN': 2, 'thisRepN': 9}>
84.0037 	DATA 	Keypress: right
84.0159 	INFO 	Keyboard events cleared
84.0157 	EXP 	fixation: autoDraw = False
84.0157 	EXP 	stimulus: autoDraw = False
84.0157 	EXP 	stimulus: height = np.float64(0.2)
84.0157 	EXP 	stimulus: height = np.float64(0.2)
84.0157 	EXP 	stimulus: height = np.float64(0.2)
84.0157 	EXP 	stimulus: text = '<<<<<'
84.0157 	EXP 	fixation: autoDraw = True
84.2659 	EXP 	Device response: <KeyPress from None: t=83.98637800000006, value=right, duration=0.26423350000004575>
84.4993 	EXP 	stimulus: autoDraw = True
84.5159 	EXP 	fixation: autoDraw = False
85.2500 	EXP 	Device response: <KeyPress from None: t=85.24777510000013, value=left, duration=None>
85.2503 	EXP 	New trial (rep=9, index=3): <Trial 39 (3 in rep 9) data={'trialno': np.int64(2), 'Condition': 'C', 'Stimulus': '>>>>>', 'Target': '> ', 'Correct_resp': 'right', 'thisN': 39, 'thisTrialN': 3, 'thisRepN': 9}>
85.2541 	DATA 	Keypress: left
85.2657 	INFO 	Keyboard events cleared
85.2655 	EXP 	fixation: autoDraw = False
85.2655 	EXP 	stimulus: autoDraw = False
85.2655 	EXP 	stimulus: height = np.float64(0.2)
85.2655 	EXP 	stimulus: height = np.float64(0.2)
85.2655 	EXP 	stimulus: height = np.float64(0.2)
85.2655 	EXP 	stimulus: text = '>>>>>'
85.2655 	EXP 	fixation: autoDraw = True
85.3994 	EXP 	Device response: <KeyPress from None: t=85.24777510000013, value=left, duration=0.13734309999972538>
85.7657 	EXP 	fixation: autoDraw = False
85.7657 	EXP 	stimulus: autoDraw = True
86.7501 	EXP 	Device response: <KeyPress from None: t=86.74929870000005, value=right, duration=None>
86.7505 	EXP 	New trial (rep=10, index=0): <Trial 40 (0 in rep 10) data={'trialno': np.int64(1), 'Condition': 'C', 'Stimulus': '<<<<<', 'Target': '<', 'Correct_resp': 'left', 'thisN': 40, 'thisTrialN': 0, 'thisRepN': 10}>
86.7547 	DATA 	Keypress: right
86.7654 	INFO 	Keyboard events cleared
86.7652 	EXP 	fixation: autoDraw = False
86.7652 	EXP 	stimulus: autoDraw = False
86.7652 	EXP 	stimulus: height = np.float64(0.2)
86.7652 	EXP 	stimulus: height = np.float64(0.2)
86.7652 	EXP 	stimulus: height = np.float64(0.2)
86.7652 	EXP 	stimulus: text = '<<<<<'
86.7652 	EXP 	fixation: autoDraw = True
86.9989 	EXP 	Device response: <KeyPress from None: t=86.74929870000005, value=right, duration=0.24149209999995946>
87.2655 	EXP 	fixation: autoDraw = False
87.2655 	EXP 	stimulus: autoDraw = True
88.2658 	EXP 	Device response: <KeyPress from None: t=88.2621208999999, value=left, duration=None>
88.2661 	EXP 	New trial (rep=10, index=1): <Trial 41 (1 in rep 10) data={'trialno': np.int64(4), 'Condition': 'I', 'Stimulus': '<<><<', 'Target': '> ', 'Correct_resp': 'right', 'thisN': 41, 'thisTrialN': 1, 'thisRepN': 10}>
88.2699 	DATA 	Keypress: left
88.2828 	INFO 	Keyboard events cleared
88.2826 	EXP 	fixation: autoDraw = False
88.2826 	EXP 	stimulus: autoDraw = False
88.2826 	EXP 	stimulus: height = np.float64(0.2)
88.2826 	EXP 	stimulus: height = np.float64(0.2)
88.2826 	EXP 	stimulus: height = np.float64(0.2)
88.2826 	EXP 	stimulus: text = '<<><<'
88.2826 	EXP 	fixation: autoDraw = True
88.3497 	EXP 	Device response: <KeyPress from None: t=88.2621208999999, value=left, duration=0.08560559999978068>
88.7656 	EXP 	stimulus: autoDraw = True
88.7825 	EXP 	fixation: autoDraw = False
89.7828 	EXP 	Device response: <KeyPress from None: t=89.77859910000006, value=left, duration=None>
89.7831 	EXP 	New trial (rep=10, index=2): <Trial 42 (2 in rep 10) data={'trialno': np.int64(3), 'Condition': 'I', 'Stimulus': '>>><>', 'Target': '<', 'Correct_resp': 'left', 'thisN': 42, 'thisTrialN': 2, 'thisRepN': 10}>
89.7868 	DATA 	Keypress: left
89.7990 	INFO 	Keyboard events cleared
89.7988 	EXP 	fixation: autoDraw = False
89.7988 	EXP 	stimulus: autoDraw = False
89.7988 	EXP 	stimulus: height = np.float64(0.2)
89.7988 	EXP 	stimulus: height = np.float64(0.2)
89.7988 	EXP 	stimulus: height = np.float64(0.2)
89.7988 	EXP 	stimulus: text = '>>><>'
89.7988 	EXP 	fixation: autoDraw = True
89.9329 	EXP 	Device response: <KeyPress from None: t=89.77859910000006, value=left, duration=0.15296009999974558>
90.2995 	EXP 	fixation: autoDraw = False
90.2995 	EXP 	stimulus: autoDraw = True
92.0843 	DATA 	Keypress: right
92.0992 	EXP 	Device response: <KeyPress from None: t=92.0830520999998, value=right, duration=None>
92.0997 	EXP 	New trial (rep=10, index=3): <Trial 43 (3 in rep 10) data={'trialno': np.int64(2), 'Condition': 'C', 'Stimulus': '>>>>>', 'Target': '> ', 'Correct_resp': 'right', 'thisN': 43, 'thisTrialN': 3, 'thisRepN': 10}>
92.1162 	INFO 	Keyboard events cleared
92.1159 	EXP 	fixation: autoDraw = False
92.1159 	EXP 	stimulus: autoDraw = False
92.1159 	EXP 	stimulus: height = np.float64(0.2)
92.1159 	EXP 	stimulus: height = np.float64(0.2)
92.1159 	EXP 	stimulus: height = np.float64(0.2)
92.1159 	EXP 	stimulus: text = '>>>>>'
92.1159 	EXP 	fixation: autoDraw = True
92.2995 	EXP 	Device response: <KeyPress from None: t=92.0830520999998, value=right, duration=0.2039308000003075>
92.5989 	EXP 	stimulus: autoDraw = True
92.6160 	EXP 	fixation: autoDraw = False
93.2500 	EXP 	Device response: <KeyPress from None: t=93.24733049999986, value=right, duration=None>
93.2503 	EXP 	New trial (rep=11, index=0): <Trial 44 (0 in rep 11) data={'trialno': np.int64(3), 'Condition': 'I', 'Stimulus': '>>><>', 'Target': '<', 'Correct_resp': 'left', 'thisN': 44, 'thisTrialN': 0, 'thisRepN': 11}>
93.2541 	DATA 	Keypress: right
93.2656 	INFO 	Keyboard events cleared
93.2654 	EXP 	fixation: autoDraw = False
93.2654 	EXP 	stimulus: autoDraw = False
93.2654 	EXP 	stimulus: height = np.float64(0.2)
93.2654 	EXP 	stimulus: height = np.float64(0.2)
93.2654 	EXP 	stimulus: height = np.float64(0.2)
93.2654 	EXP 	stimulus: text = '>>><>'
93.2654 	EXP 	fixation: autoDraw = True
93.4829 	EXP 	Device response: <KeyPress from None: t=93.24733049999986, value=right, duration=0.21868480000011914>
93.7489 	EXP 	stimulus: autoDraw = True
93.7653 	EXP 	fixation: autoDraw = False
95.0325 	EXP 	Device response: <KeyPress from None: t=95.02970899999991, value=left, duration=None>
95.0328 	EXP 	New trial (rep=11, index=1): <Trial 45 (1 in rep 11) data={'trialno': np.int64(4), 'Condition': 'I', 'Stimulus': '<<><<', 'Target': '> ', 'Correct_resp': 'right', 'thisN': 45, 'thisTrialN': 1, 'thisRepN': 11}>
95.0366 	DATA 	Keypress: left
95.0491 	INFO 	Keyboard events cleared
95.0490 	EXP 	fixation: autoDraw = False
95.0490 	EXP 	stimulus: autoDraw = False
95.0490 	EXP 	stimulus: height = np.float64(0.2)
95.0490 	EXP 	stimulus: height = np.float64(0.2)
95.0490 	EXP 	stimulus: height = np.float64(0.2)
95.0490 	EXP 	stimulus: text = '<<><<'
95.0490 	EXP 	fixation: autoDraw = True
95.1831 	EXP 	Device response: <KeyPress from None: t=95.02970899999991, value=left, duration=0.15015519999997196>
95.5325 	EXP 	stimulus: autoDraw = True
95.5491 	EXP 	fixation: autoDraw = False
97.4660 	EXP 	Device response: <KeyPress from None: t=97.45799230000011, value=right, duration=None>
97.4664 	EXP 	New trial (rep=11, index=2): <Trial 46 (2 in rep 11) data={'trialno': np.int64(1), 'Condition': 'C', 'Stimulus': '<<<<<', 'Target': '<', 'Correct_resp': 'left', 'thisN': 46, 'thisTrialN': 2, 'thisRepN': 11}>
97.4725 	DATA 	Keypress: right
97.4822 	INFO 	Keyboard events cleared
97.4820 	EXP 	fixation: autoDraw = False
97.4820 	EXP 	stimulus: autoDraw = False
97.4820 	EXP 	stimulus: height = np.float64(0.2)
97.4820 	EXP 	stimulus: height = np.float64(0.2)
97.4820 	EXP 	stimulus: height = np.float64(0.2)
97.4820 	EXP 	stimulus: text = '<<<<<'
97.4820 	EXP 	fixation: autoDraw = True
97.6661 	EXP 	Device response: <KeyPress from None: t=97.45799230000011, value=right, duration=0.19687749999957305>
97.9653 	EXP 	stimulus: autoDraw = True
97.9824 	EXP 	fixation: autoDraw = False
98.7496 	EXP 	Device response: <KeyPress from None: t=98.73653459999969, value=right, duration=None>
98.7500 	EXP 	New trial (rep=11, index=3): <Trial 47 (3 in rep 11) data={'trialno': np.int64(2), 'Condition': 'C', 'Stimulus': '>>>>>', 'Target': '> ', 'Correct_resp': 'right', 'thisN': 47, 'thisTrialN': 3, 'thisRepN': 11}>
98.7538 	DATA 	Keypress: right
98.7659 	INFO 	Keyboard events cleared
98.7657 	EXP 	fixation: autoDraw = False
98.7657 	EXP 	stimulus: autoDraw = False
98.7657 	EXP 	stimulus: height = np.float64(0.2)
98.7657 	EXP 	stimulus: height = np.float64(0.2)
98.7657 	EXP 	stimulus: height = np.float64(0.2)
98.7657 	EXP 	stimulus: text = '>>>>>'
98.7657 	EXP 	fixation: autoDraw = True
98.8991 	EXP 	Device response: <KeyPress from None: t=98.73653459999969, value=right, duration=0.15566730000000462>
99.2491 	EXP 	stimulus: autoDraw = True
99.2658 	EXP 	fixation: autoDraw = False
100.4671 	DATA 	Keypress: left
100.4830 	EXP 	Device response: <KeyPress from None: t=100.46596539999973, value=left, duration=None>
100.4834 	EXP 	New trial (rep=12, index=0): <Trial 48 (0 in rep 12) data={'trialno': np.int64(1), 'Condition': 'C', 'Stimulus': '<<<<<', 'Target': '<', 'Correct_resp': 'left', 'thisN': 48, 'thisTrialN': 0, 'thisRepN': 12}>
100.4991 	INFO 	Keyboard events cleared
100.4990 	EXP 	fixation: autoDraw = False
100.4990 	EXP 	stimulus: autoDraw = False
100.4990 	EXP 	stimulus: height = np.float64(0.2)
100.4990 	EXP 	stimulus: height = np.float64(0.2)
100.4990 	EXP 	stimulus: height = np.float64(0.2)
100.4990 	EXP 	stimulus: text = '<<<<<'
100.4990 	EXP 	fixation: autoDraw = True
100.6328 	EXP 	Device response: <KeyPress from None: t=100.46596539999973, value=left, duration=0.15167220000012094>
100.9992 	EXP 	fixation: autoDraw = False
100.9992 	EXP 	stimulus: autoDraw = True
102.0829 	EXP 	Device response: <KeyPress from None: t=102.06985219999979, value=right, duration=None>
102.0833 	EXP 	New trial (rep=12, index=1): <Trial 49 (1 in rep 12) data={'trialno': np.int64(3), 'Condition': 'I', 'Stimulus': '>>><>', 'Target': '<', 'Correct_resp': 'left', 'thisN': 49, 'thisTrialN': 1, 'thisRepN': 12}>
102.0878 	DATA 	Keypress: right
102.0989 	INFO 	Keyboard events cleared
102.0987 	EXP 	fixation: autoDraw = False
102.0987 	EXP 	stimulus: autoDraw = False
102.0987 	EXP 	stimulus: height = np.float64(0.2)
102.0987 	EXP 	stimulus: height = np.float64(0.2)
102.0987 	EXP 	stimulus: height = np.float64(0.2)
102.0987 	EXP 	stimulus: text = '>>><>'
102.0987 	EXP 	fixation: autoDraw = True
102.2838 	EXP 	Device response: <KeyPress from None: t=102.06985219999979, value=right, duration=0.20232160000023214>
102.5822 	EXP 	stimulus: autoDraw = True
102.5988 	EXP 	fixation: autoDraw = False
105.1661 	EXP 	Device response: <KeyPress from None: t=105.15367839999999, value=left, duration=None>
105.1664 	EXP 	New trial (rep=12, index=2): <Trial 50 (2 in rep 12) data={'trialno': np.int64(2), 'Condition': 'C', 'Stimulus': '>>>>>', 'Target': '> ', 'Correct_resp': 'right', 'thisN': 50, 'thisTrialN': 2, 'thisRepN': 12}>
105.1703 	DATA 	Keypress: left
105.1828 	INFO 	Keyboard events cleared
105.1826 	EXP 	fixation: autoDraw = False
105.1826 	EXP 	stimulus: autoDraw = False
105.1826 	EXP 	stimulus: height = np.float64(0.2)
105.1826 	EXP 	stimulus: height = np.float64(0.2)
105.1826 	EXP 	stimulus: height = np.float64(0.2)
105.1826 	EXP 	stimulus: text = '>>>>>'
105.1826 	EXP 	fixation: autoDraw = True
105.2993 	EXP 	Device response: <KeyPress from None: t=105.15367839999999, value=left, duration=0.1320677999997315>
105.6656 	EXP 	stimulus: autoDraw = True
105.6825 	EXP 	fixation: autoDraw = False
106.3833 	EXP 	Device response: <KeyPress from None: t=106.38085319999982, value=right, duration=None>
106.3836 	EXP 	New trial (rep=12, index=3): <Trial 51 (3 in rep 12) data={'trialno': np.int64(4), 'Condition': 'I', 'Stimulus': '<<><<', 'Target': '> ', 'Correct_resp': 'right', 'thisN': 51, 'thisTrialN': 3, 'thisRepN': 12}>
106.3874 	DATA 	Keypress: right
106.3990 	INFO 	Keyboard events cleared
106.3988 	EXP 	fixation: autoDraw = False
106.3988 	EXP 	stimulus: autoDraw = False
106.3988 	EXP 	stimulus: height = np.float64(0.2)
106.3988 	EXP 	stimulus: height = np.float64(0.2)
106.3988 	EXP 	stimulus: height = np.float64(0.2)
106.3988 	EXP 	stimulus: text = '<<><<'
106.3988 	EXP 	fixation: autoDraw = True
106.5832 	EXP 	Device response: <KeyPress from None: t=106.38085319999982, value=right, duration=0.2013627000001179>
106.8988 	EXP 	fixation: autoDraw = False
106.8988 	EXP 	stimulus: autoDraw = True
108.4163 	EXP 	Device response: <KeyPress from None: t=108.40222790000007, value=right, duration=None>
108.4167 	EXP 	New trial (rep=13, index=0): <Trial 52 (0 in rep 13) data={'trialno': np.int64(3), 'Condition': 'I', 'Stimulus': '>>><>', 'Target': '<', 'Correct_resp': 'left', 'thisN': 52, 'thisTrialN': 0, 'thisRepN': 13}>
108.4213 	DATA 	Keypress: right
108.4323 	INFO 	Keyboard events cleared
108.4322 	EXP 	fixation: autoDraw = False
108.4322 	EXP 	stimulus: autoDraw = False
108.4322 	EXP 	stimulus: height = np.float64(0.2)
108.4322 	EXP 	stimulus: height = np.float64(0.2)
108.4322 	EXP 	stimulus: height = np.float64(0.2)
108.4322 	EXP 	stimulus: text = '>>><>'
108.4322 	EXP 	fixation: autoDraw = True
108.6161 	EXP 	Device response: <KeyPress from None: t=108.40222790000007, value=right, duration=0.19826259999990725>
108.9323 	EXP 	fixation: autoDraw = False
108.9323 	EXP 	stimulus: autoDraw = True
111.5994 	EXP 	Device response: <KeyPress from None: t=111.59657259999994, value=left, duration=None>
111.5997 	EXP 	New trial (rep=13, index=1): <Trial 53 (1 in rep 13) data={'trialno': np.int64(4), 'Condition': 'I', 'Stimulus': '<<><<', 'Target': '> ', 'Correct_resp': 'right', 'thisN': 53, 'thisTrialN': 1, 'thisRepN': 13}>
111.6036 	DATA 	Keypress: left
111.6157 	INFO 	Keyboard events cleared
111.6155 	EXP 	fixation: autoDraw = False
111.6155 	EXP 	stimulus: autoDraw = False
111.6155 	EXP 	stimulus: height = np.float64(0.2)
111.6155 	EXP 	stimulus: height = np.float64(0.2)
111.6155 	EXP 	stimulus: height = np.float64(0.2)
111.6155 	EXP 	stimulus: text = '<<><<'
111.6155 	EXP 	fixation: autoDraw = True
111.7324 	EXP 	Device response: <KeyPress from None: t=111.59657259999994, value=left, duration=0.1331611000000521>
112.0987 	EXP 	stimulus: autoDraw = True
112.1157 	EXP 	fixation: autoDraw = False
114.1834 	EXP 	Device response: <KeyPress from None: t=114.18160859999989, value=right, duration=None>
114.1837 	EXP 	New trial (rep=13, index=2): <Trial 54 (2 in rep 13) data={'trialno': np.int64(1), 'Condition': 'C', 'Stimulus': '<<<<<', 'Target': '<', 'Correct_resp': 'left', 'thisN': 54, 'thisTrialN': 2, 'thisRepN': 13}>
114.1874 	DATA 	Keypress: right
114.1991 	INFO 	Keyboard events cleared
114.1990 	EXP 	fixation: autoDraw = False
114.1990 	EXP 	stimulus: autoDraw = False
114.1990 	EXP 	stimulus: height = np.float64(0.2)
114.1990 	EXP 	stimulus: height = np.float64(0.2)
114.1990 	EXP 	stimulus: height = np.float64(0.2)
114.1990 	EXP 	stimulus: text = '<<<<<'
114.1990 	EXP 	fixation: autoDraw = True
114.3660 	EXP 	Device response: <KeyPress from None: t=114.18160859999989, value=right, duration=0.18163460000005216>
114.6992 	EXP 	fixation: autoDraw = False
114.6992 	EXP 	stimulus: autoDraw = True
115.4663 	EXP 	Device response: <KeyPress from None: t=115.45132669999975, value=left, duration=None>
115.4667 	EXP 	New trial (rep=13, index=3): <Trial 55 (3 in rep 13) data={'trialno': np.int64(2), 'Condition': 'C', 'Stimulus': '>>>>>', 'Target': '> ', 'Correct_resp': 'right', 'thisN': 55, 'thisTrialN': 3, 'thisRepN': 13}>
115.4709 	DATA 	Keypress: left
115.4827 	INFO 	Keyboard events cleared
115.4825 	EXP 	fixation: autoDraw = False
115.4825 	EXP 	stimulus: autoDraw = False
115.4825 	EXP 	stimulus: height = np.float64(0.2)
115.4825 	EXP 	stimulus: height = np.float64(0.2)
115.4825 	EXP 	stimulus: height = np.float64(0.2)
115.4825 	EXP 	stimulus: text = '>>>>>'
115.4825 	EXP 	fixation: autoDraw = True
115.6159 	EXP 	Device response: <KeyPress from None: t=115.45132669999975, value=left, duration=0.16139079999993555>
115.9656 	EXP 	stimulus: autoDraw = True
115.9829 	EXP 	fixation: autoDraw = False
117.0659 	EXP 	Device response: <KeyPress from None: t=117.05353539999987, value=right, duration=None>
117.0663 	EXP 	New trial (rep=14, index=0): <Trial 56 (0 in rep 14) data={'trialno': np.int64(4), 'Condition': 'I', 'Stimulus': '<<><<', 'Target': '> ', 'Correct_resp': 'right', 'thisN': 56, 'thisTrialN': 0, 'thisRepN': 14}>
117.0700 	DATA 	Keypress: right
117.0828 	INFO 	Keyboard events cleared
117.0826 	EXP 	fixation: autoDraw = False
117.0826 	EXP 	stimulus: autoDraw = False
117.0826 	EXP 	stimulus: height = np.float64(0.2)
117.0826 	EXP 	stimulus: height = np.float64(0.2)
117.0826 	EXP 	stimulus: height = np.float64(0.2)
117.0826 	EXP 	stimulus: text = '<<><<'
117.0826 	EXP 	fixation: autoDraw = True
117.2657 	EXP 	Device response: <KeyPress from None: t=117.05353539999987, value=right, duration=0.19735570000011649>
117.5657 	EXP 	stimulus: autoDraw = True
117.5827 	EXP 	fixation: autoDraw = False
118.7329 	EXP 	Device response: <KeyPress from None: t=118.71988439999996, value=right, duration=None>
118.7332 	EXP 	New trial (rep=14, index=1): <Trial 57 (1 in rep 14) data={'trialno': np.int64(1), 'Condition': 'C', 'Stimulus': '<<<<<', 'Target': '<', 'Correct_resp': 'left', 'thisN': 57, 'thisTrialN': 1, 'thisRepN': 14}>
118.7369 	DATA 	Keypress: right
118.7491 	INFO 	Keyboard events cleared
118.7490 	EXP 	fixation: autoDraw = False
118.7490 	EXP 	stimulus: autoDraw = False
118.7490 	EXP 	stimulus: height = np.float64(0.2)
118.7490 	EXP 	stimulus: height = np.float64(0.2)
118.7490 	EXP 	stimulus: height = np.float64(0.2)
118.7490 	EXP 	stimulus: text = '<<<<<'
118.7490 	EXP 	fixation: autoDraw = True
118.9162 	EXP 	Device response: <KeyPress from None: t=118.71988439999996, value=right, duration=0.17967540000017834>
119.2324 	EXP 	stimulus: autoDraw = True
119.2491 	EXP 	fixation: autoDraw = False
120.3997 	EXP 	Device response: <KeyPress from None: t=120.38505959999975, value=left, duration=None>
120.4001 	EXP 	New trial (rep=14, index=2): <Trial 58 (2 in rep 14) data={'trialno': np.int64(3), 'Condition': 'I', 'Stimulus': '>>><>', 'Target': '<', 'Correct_resp': 'left', 'thisN': 58, 'thisTrialN': 2, 'thisRepN': 14}>
120.4042 	DATA 	Keypress: left
120.4161 	INFO 	Keyboard events cleared
120.4159 	EXP 	fixation: autoDraw = False
120.4159 	EXP 	stimulus: autoDraw = False
120.4159 	EXP 	stimulus: height = np.float64(0.2)
120.4159 	EXP 	stimulus: height = np.float64(0.2)
120.4159 	EXP 	stimulus: height = np.float64(0.2)
120.4159 	EXP 	stimulus: text = '>>><>'
120.4159 	EXP 	fixation: autoDraw = True
120.5498 	EXP 	Device response: <KeyPress from None: t=120.38505959999975, value=left, duration=0.1484904000003553>
120.8990 	EXP 	stimulus: autoDraw = True
120.9160 	EXP 	fixation: autoDraw = False
121.9833 	EXP 	Device response: <KeyPress from None: t=121.97199330000012, value=left, duration=None>
121.9836 	EXP 	New trial (rep=14, index=3): <Trial 59 (3 in rep 14) data={'trialno': np.int64(2), 'Condition': 'C', 'Stimulus': '>>>>>', 'Target': '> ', 'Correct_resp': 'right', 'thisN': 59, 'thisTrialN': 3, 'thisRepN': 14}>
121.9882 	DATA 	Keypress: left
121.9995 	INFO 	Keyboard events cleared
121.9993 	EXP 	fixation: autoDraw = False
121.9993 	EXP 	stimulus: autoDraw = False
121.9993 	EXP 	stimulus: height = np.float64(0.2)
121.9993 	EXP 	stimulus: height = np.float64(0.2)
121.9993 	EXP 	stimulus: height = np.float64(0.2)
121.9993 	EXP 	stimulus: text = '>>>>>'
121.9993 	EXP 	fixation: autoDraw = True
122.1329 	EXP 	Device response: <KeyPress from None: t=121.97199330000012, value=left, duration=0.1465277999996033>
122.4992 	EXP 	fixation: autoDraw = False
122.4992 	EXP 	stimulus: autoDraw = True
124.6659 	EXP 	Device response: <KeyPress from None: t=124.66227249999974, value=right, duration=None>
124.6663 	EXP 	New trial (rep=15, index=0): <Trial 60 (0 in rep 15) data={'trialno': np.int64(1), 'Condition': 'C', 'Stimulus': '<<<<<', 'Target': '<', 'Correct_resp': 'left', 'thisN': 60, 'thisTrialN': 0, 'thisRepN': 15}>
124.6699 	DATA 	Keypress: right
124.6827 	INFO 	Keyboard events cleared
124.6825 	EXP 	fixation: autoDraw = False
124.6825 	EXP 	stimulus: autoDraw = False
124.6825 	EXP 	stimulus: height = np.float64(0.2)
124.6825 	EXP 	stimulus: height = np.float64(0.2)
124.6825 	EXP 	stimulus: height = np.float64(0.2)
124.6825 	EXP 	stimulus: text = '<<<<<'
124.6825 	EXP 	fixation: autoDraw = True
124.8495 	EXP 	Device response: <KeyPress from None: t=124.66227249999974, value=right, duration=0.1746491000003516>
125.1656 	EXP 	stimulus: autoDraw = True
125.1826 	EXP 	fixation: autoDraw = False
126.1495 	EXP 	Device response: <KeyPress from None: t=126.14579219999996, value=left, duration=None>
126.1498 	EXP 	New trial (rep=15, index=1): <Trial 61 (1 in rep 15) data={'trialno': np.int64(4), 'Condition': 'I', 'Stimulus': '<<><<', 'Target': '> ', 'Correct_resp': 'right', 'thisN': 61, 'thisTrialN': 1, 'thisRepN': 15}>
126.1538 	DATA 	Keypress: left
126.1657 	INFO 	Keyboard events cleared
126.1655 	EXP 	fixation: autoDraw = False
126.1655 	EXP 	stimulus: autoDraw = False
126.1655 	EXP 	stimulus: height = np.float64(0.2)
126.1655 	EXP 	stimulus: height = np.float64(0.2)
126.1655 	EXP 	stimulus: height = np.float64(0.2)
126.1655 	EXP 	stimulus: text = '<<><<'
126.1655 	EXP 	fixation: autoDraw = True
126.2837 	EXP 	Device response: <KeyPress from None: t=126.14579219999996, value=left, duration=0.1309996999998475>
126.6492 	EXP 	stimulus: autoDraw = True
126.6657 	EXP 	fixation: autoDraw = False
127.9839 	EXP 	Device response: <KeyPress from None: t=127.98279739999998, value=right, duration=None>
127.9843 	EXP 	New trial (rep=15, index=2): <Trial 62 (2 in rep 15) data={'trialno': np.int64(3), 'Condition': 'I', 'Stimulus': '>>><>', 'Target': '<', 'Correct_resp': 'left', 'thisN': 62, 'thisTrialN': 2, 'thisRepN': 15}>
127.9888 	DATA 	Keypress: right
127.9988 	INFO 	Keyboard events cleared
127.9987 	EXP 	fixation: autoDraw = False
127.9987 	EXP 	stimulus: autoDraw = False
127.9987 	EXP 	stimulus: height = np.float64(0.2)
127.9987 	EXP 	stimulus: height = np.float64(0.2)
127.9987 	EXP 	stimulus: height = np.float64(0.2)
127.9987 	EXP 	stimulus: text = '>>><>'
127.9987 	EXP 	fixation: autoDraw = True
128.1994 	EXP 	Device response: <KeyPress from None: t=127.98279739999998, value=right, duration=0.20773479999979827>
128.4989 	EXP 	fixation: autoDraw = False
128.4989 	EXP 	stimulus: autoDraw = True
129.9327 	EXP 	Device response: <KeyPress from None: t=129.9294018999999, value=left, duration=None>
129.9330 	EXP 	New trial (rep=15, index=3): <Trial 63 (3 in rep 15) data={'trialno': np.int64(2), 'Condition': 'C', 'Stimulus': '>>>>>', 'Target': '> ', 'Correct_resp': 'right', 'thisN': 63, 'thisTrialN': 3, 'thisRepN': 15}>
129.9368 	DATA 	Keypress: left
129.9492 	INFO 	Keyboard events cleared
129.9490 	EXP 	fixation: autoDraw = False
129.9490 	EXP 	stimulus: autoDraw = False
129.9490 	EXP 	stimulus: height = np.float64(0.2)
129.9490 	EXP 	stimulus: height = np.float64(0.2)
129.9490 	EXP 	stimulus: height = np.float64(0.2)
129.9490 	EXP 	stimulus: text = '>>>>>'
129.9490 	EXP 	fixation: autoDraw = True
130.0498 	EXP 	Device response: <KeyPress from None: t=129.9294018999999, value=left, duration=0.11960039999985383>
130.4324 	EXP 	stimulus: autoDraw = True
130.4493 	EXP 	fixation: autoDraw = False
131.9166 	EXP 	Device response: <KeyPress from None: t=131.91392959999985, value=right, duration=None>
131.9169 	EXP 	New trial (rep=16, index=0): <Trial 64 (0 in rep 16) data={'trialno': np.int64(4), 'Condition': 'I', 'Stimulus': '<<><<', 'Target': '> ', 'Correct_resp': 'right', 'thisN': 64, 'thisTrialN': 0, 'thisRepN': 16}>
131.9212 	DATA 	Keypress: right
131.9323 	INFO 	Keyboard events cleared
131.9322 	EXP 	fixation: autoDraw = False
131.9322 	EXP 	stimulus: autoDraw = False
131.9322 	EXP 	stimulus: height = np.float64(0.2)
131.9322 	EXP 	stimulus: height = np.float64(0.2)
131.9322 	EXP 	stimulus: height = np.float64(0.2)
131.9322 	EXP 	stimulus: text = '<<><<'
131.9322 	EXP 	fixation: autoDraw = True
132.1495 	EXP 	Device response: <KeyPress from None: t=131.91392959999985, value=right, duration=0.22627120000015566>
132.4324 	EXP 	fixation: autoDraw = False
132.4324 	EXP 	stimulus: autoDraw = True
134.6994 	EXP 	Device response: <KeyPress from None: t=134.69132889999992, value=left, duration=None>
134.6998 	EXP 	New trial (rep=16, index=1): <Trial 65 (1 in rep 16) data={'trialno': np.int64(1), 'Condition': 'C', 'Stimulus': '<<<<<', 'Target': '<', 'Correct_resp': 'left', 'thisN': 65, 'thisTrialN': 1, 'thisRepN': 16}>
134.7036 	DATA 	Keypress: left
134.7161 	INFO 	Keyboard events cleared
134.7160 	EXP 	fixation: autoDraw = False
134.7160 	EXP 	stimulus: autoDraw = False
134.7160 	EXP 	stimulus: height = np.float64(0.2)
134.7160 	EXP 	stimulus: height = np.float64(0.2)
134.7160 	EXP 	stimulus: height = np.float64(0.2)
134.7160 	EXP 	stimulus: text = '<<<<<'
134.7160 	EXP 	fixation: autoDraw = True
134.8165 	EXP 	Device response: <KeyPress from None: t=134.69132889999992, value=left, duration=0.11831200000005992>
135.1995 	EXP 	stimulus: autoDraw = True
135.2155 	EXP 	fixation: autoDraw = False
135.8817 	EXP 	Device response: <KeyPress from None: t=135.87171779999971, value=left, duration=None>
135.8820 	EXP 	New trial (rep=16, index=2): <Trial 66 (2 in rep 16) data={'trialno': np.int64(3), 'Condition': 'I', 'Stimulus': '>>><>', 'Target': '<', 'Correct_resp': 'left', 'thisN': 66, 'thisTrialN': 2, 'thisRepN': 16}>
135.8865 	DATA 	Keypress: left
135.8975 	INFO 	Keyboard events cleared
135.8973 	EXP 	fixation: autoDraw = False
135.8973 	EXP 	stimulus: autoDraw = False
135.8973 	EXP 	stimulus: height = np.float64(0.2)
135.8973 	EXP 	stimulus: height = np.float64(0.2)
135.8973 	EXP 	stimulus: height = np.float64(0.2)
135.8973 	EXP 	stimulus: text = '>>><>'
135.8973 	EXP 	fixation: autoDraw = True
136.0312 	EXP 	Device response: <KeyPress from None: t=135.87171779999971, value=left, duration=0.1556033000001662>
136.3976 	EXP 	fixation: autoDraw = False
136.3976 	EXP 	stimulus: autoDraw = True
137.6497 	EXP 	Device response: <KeyPress from None: t=137.63925749999999, value=right, duration=None>
137.6500 	EXP 	New trial (rep=16, index=3): <Trial 67 (3 in rep 16) data={'trialno': np.int64(2), 'Condition': 'C', 'Stimulus': '>>>>>', 'Target': '> ', 'Correct_resp': 'right', 'thisN': 67, 'thisTrialN': 3, 'thisRepN': 16}>
137.6550 	DATA 	Keypress: right
137.6659 	INFO 	Keyboard events cleared
137.6658 	EXP 	fixation: autoDraw = False
137.6658 	EXP 	stimulus: autoDraw = False
137.6658 	EXP 	stimulus: height = np.float64(0.2)
137.6658 	EXP 	stimulus: height = np.float64(0.2)
137.6658 	EXP 	stimulus: height = np.float64(0.2)
137.6658 	EXP 	stimulus: text = '>>>>>'
137.6658 	EXP 	fixation: autoDraw = True
137.8335 	EXP 	Device response: <KeyPress from None: t=137.63925749999999, value=right, duration=0.18926239999973404>
138.1494 	EXP 	stimulus: autoDraw = True
138.1657 	EXP 	fixation: autoDraw = False
139.0660 	EXP 	Device response: <KeyPress from None: t=139.0589428999997, value=right, duration=None>
139.0664 	EXP 	New trial (rep=17, index=0): <Trial 68 (0 in rep 17) data={'trialno': np.int64(2), 'Condition': 'C', 'Stimulus': '>>>>>', 'Target': '> ', 'Correct_resp': 'right', 'thisN': 68, 'thisTrialN': 0, 'thisRepN': 17}>
139.0677 	DATA 	Keypress: right
139.0827 	INFO 	Keyboard events cleared
139.0825 	EXP 	fixation: autoDraw = False
139.0825 	EXP 	stimulus: autoDraw = False
139.0825 	EXP 	stimulus: text = '>>>>>'
139.0825 	EXP 	fixation: autoDraw = True
139.2491 	EXP 	Device response: <KeyPress from None: t=139.0589428999997, value=right, duration=0.18695230000002994>
139.5656 	EXP 	stimulus: autoDraw = True
139.5825 	EXP 	fixation: autoDraw = False
140.8494 	EXP 	Device response: <KeyPress from None: t=140.84139199999981, value=right, duration=None>
140.8498 	EXP 	New trial (rep=17, index=1): <Trial 69 (1 in rep 17) data={'trialno': np.int64(3), 'Condition': 'I', 'Stimulus': '>>><>', 'Target': '<', 'Correct_resp': 'left', 'thisN': 69, 'thisTrialN': 1, 'thisRepN': 17}>
140.8536 	DATA 	Keypress: right
140.8657 	INFO 	Keyboard events cleared
140.8656 	EXP 	fixation: autoDraw = False
140.8656 	EXP 	stimulus: autoDraw = False
140.8656 	EXP 	stimulus: height = np.float64(0.2)
140.8656 	EXP 	stimulus: height = np.float64(0.2)
140.8656 	EXP 	stimulus: height = np.float64(0.2)
140.8656 	EXP 	stimulus: text = '>>><>'
140.8656 	EXP 	fixation: autoDraw = True
141.0328 	EXP 	Device response: <KeyPress from None: t=140.84139199999981, value=right, duration=0.18157819999987623>
141.3492 	EXP 	stimulus: autoDraw = True
141.3660 	EXP 	fixation: autoDraw = False
142.6326 	EXP 	Device response: <KeyPress from None: t=142.62988529999984, value=left, duration=None>
142.6330 	EXP 	New trial (rep=17, index=2): <Trial 70 (2 in rep 17) data={'trialno': np.int64(1), 'Condition': 'C', 'Stimulus': '<<<<<', 'Target': '<', 'Correct_resp': 'left', 'thisN': 70, 'thisTrialN': 2, 'thisRepN': 17}>
142.6367 	DATA 	Keypress: left
142.6496 	INFO 	Keyboard events cleared
142.6494 	EXP 	fixation: autoDraw = False
142.6494 	EXP 	stimulus: autoDraw = False
142.6494 	EXP 	stimulus: height = np.float64(0.2)
142.6494 	EXP 	stimulus: height = np.float64(0.2)
142.6494 	EXP 	stimulus: height = np.float64(0.2)
142.6494 	EXP 	stimulus: text = '<<<<<'
142.6494 	EXP 	fixation: autoDraw = True
142.7992 	EXP 	Device response: <KeyPress from None: t=142.62988529999984, value=left, duration=0.16602730000022348>
143.1324 	EXP 	stimulus: autoDraw = True
143.1493 	EXP 	fixation: autoDraw = False
143.8665 	EXP 	Device response: <KeyPress from None: t=143.85415740000008, value=left, duration=None>
143.8669 	EXP 	New trial (rep=17, index=3): <Trial 71 (3 in rep 17) data={'trialno': np.int64(4), 'Condition': 'I', 'Stimulus': '<<><<', 'Target': '> ', 'Correct_resp': 'right', 'thisN': 71, 'thisTrialN': 3, 'thisRepN': 17}>
143.8707 	DATA 	Keypress: left
143.8828 	INFO 	Keyboard events cleared
143.8826 	EXP 	fixation: autoDraw = False
143.8826 	EXP 	stimulus: autoDraw = False
143.8826 	EXP 	stimulus: height = np.float64(0.2)
143.8826 	EXP 	stimulus: height = np.float64(0.2)
143.8826 	EXP 	stimulus: height = np.float64(0.2)
143.8826 	EXP 	stimulus: text = '<<><<'
143.8826 	EXP 	fixation: autoDraw = True
143.9991 	EXP 	Device response: <KeyPress from None: t=143.85415740000008, value=left, duration=0.12963889999991807>
144.3657 	EXP 	stimulus: autoDraw = True
144.3829 	EXP 	fixation: autoDraw = False
146.2494 	EXP 	Device response: <KeyPress from None: t=146.24636109999983, value=left, duration=None>
146.2498 	EXP 	New trial (rep=18, index=0): <Trial 72 (0 in rep 18) data={'trialno': np.int64(3), 'Condition': 'I', 'Stimulus': '>>><>', 'Target': '<', 'Correct_resp': 'left', 'thisN': 72, 'thisTrialN': 0, 'thisRepN': 18}>
146.2537 	DATA 	Keypress: left
146.2657 	INFO 	Keyboard events cleared
146.2656 	EXP 	fixation: autoDraw = False
146.2656 	EXP 	stimulus: autoDraw = False
146.2656 	EXP 	stimulus: height = np.float64(0.2)
146.2656 	EXP 	stimulus: height = np.float64(0.2)
146.2656 	EXP 	stimulus: height = np.float64(0.2)
146.2656 	EXP 	stimulus: text = '>>><>'
146.2656 	EXP 	fixation: autoDraw = True
146.4328 	EXP 	Device response: <KeyPress from None: t=146.24636109999983, value=left, duration=0.1740125999999691>
146.7493 	EXP 	stimulus: autoDraw = True
146.7658 	EXP 	fixation: autoDraw = False
149.1832 	EXP 	Device response: <KeyPress from None: t=149.1811729000001, value=right, duration=None>
149.1835 	EXP 	New trial (rep=18, index=1): <Trial 73 (1 in rep 18) data={'trialno': np.int64(1), 'Condition': 'C', 'Stimulus': '<<<<<', 'Target': '<', 'Correct_resp': 'left', 'thisN': 73, 'thisTrialN': 1, 'thisRepN': 18}>
149.1871 	DATA 	Keypress: right
149.1996 	INFO 	Keyboard events cleared
149.1995 	EXP 	fixation: autoDraw = False
149.1995 	EXP 	stimulus: autoDraw = False
149.1995 	EXP 	stimulus: height = np.float64(0.2)
149.1995 	EXP 	stimulus: height = np.float64(0.2)
149.1995 	EXP 	stimulus: height = np.float64(0.2)
149.1995 	EXP 	stimulus: text = '<<<<<'
149.1995 	EXP 	fixation: autoDraw = True
149.3662 	EXP 	Device response: <KeyPress from None: t=149.1811729000001, value=right, duration=0.1690254999998615>
149.6995 	EXP 	fixation: autoDraw = False
149.6995 	EXP 	stimulus: autoDraw = True
153.2997 	EXP 	Device response: <KeyPress from None: t=153.29137300000002, value=left, duration=None>
153.3001 	EXP 	New trial (rep=18, index=2): <Trial 74 (2 in rep 18) data={'trialno': np.int64(4), 'Condition': 'I', 'Stimulus': '<<><<', 'Target': '> ', 'Correct_resp': 'right', 'thisN': 74, 'thisTrialN': 2, 'thisRepN': 18}>
153.3048 	DATA 	Keypress: left
153.3162 	INFO 	Keyboard events cleared
153.3161 	EXP 	fixation: autoDraw = False
153.3161 	EXP 	stimulus: autoDraw = False
153.3161 	EXP 	stimulus: height = np.float64(0.2)
153.3161 	EXP 	stimulus: height = np.float64(0.2)
153.3161 	EXP 	stimulus: height = np.float64(0.2)
153.3161 	EXP 	stimulus: text = '<<><<'
153.3161 	EXP 	fixation: autoDraw = True
153.4501 	EXP 	Device response: <KeyPress from None: t=153.29137300000002, value=left, duration=0.15388549999988754>
153.7992 	EXP 	stimulus: autoDraw = True
153.8161 	EXP 	fixation: autoDraw = False
155.6835 	EXP 	Device response: <KeyPress from None: t=155.6722592000001, value=right, duration=None>
155.6838 	EXP 	New trial (rep=18, index=3): <Trial 75 (3 in rep 18) data={'trialno': np.int64(2), 'Condition': 'C', 'Stimulus': '>>>>>', 'Target': '> ', 'Correct_resp': 'right', 'thisN': 75, 'thisTrialN': 3, 'thisRepN': 18}>
155.6876 	DATA 	Keypress: right
155.6990 	INFO 	Keyboard events cleared
155.6989 	EXP 	fixation: autoDraw = False
155.6989 	EXP 	stimulus: autoDraw = False
155.6989 	EXP 	stimulus: height = np.float64(0.2)
155.6989 	EXP 	stimulus: height = np.float64(0.2)
155.6989 	EXP 	stimulus: height = np.float64(0.2)
155.6989 	EXP 	stimulus: text = '>>>>>'
155.6989 	EXP 	fixation: autoDraw = True
155.8830 	EXP 	Device response: <KeyPress from None: t=155.6722592000001, value=right, duration=0.201683199999934>
156.1991 	EXP 	fixation: autoDraw = False
156.1991 	EXP 	stimulus: autoDraw = True
156.9498 	EXP 	Device response: <KeyPress from None: t=156.947177, value=right, duration=None>
156.9501 	EXP 	New trial (rep=19, index=0): <Trial 76 (0 in rep 19) data={'trialno': np.int64(3), 'Condition': 'I', 'Stimulus': '>>><>', 'Target': '<', 'Correct_resp': 'left', 'thisN': 76, 'thisTrialN': 0, 'thisRepN': 19}>
156.9540 	DATA 	Keypress: right
156.9661 	INFO 	Keyboard events cleared
156.9659 	EXP 	fixation: autoDraw = False
156.9659 	EXP 	stimulus: autoDraw = False
156.9659 	EXP 	stimulus: height = np.float64(0.2)
156.9659 	EXP 	stimulus: height = np.float64(0.2)
156.9659 	EXP 	stimulus: height = np.float64(0.2)
156.9659 	EXP 	stimulus: text = '>>><>'
156.9659 	EXP 	fixation: autoDraw = True
157.1163 	EXP 	Device response: <KeyPress from None: t=156.947177, value=right, duration=0.15785849999974744>
157.4659 	EXP 	fixation: autoDraw = False
157.4659 	EXP 	stimulus: autoDraw = True
158.3662 	EXP 	Device response: <KeyPress from None: t=158.35772899999984, value=left, duration=None>
158.3665 	EXP 	New trial (rep=19, index=1): <Trial 77 (1 in rep 19) data={'trialno': np.int64(1), 'Condition': 'C', 'Stimulus': '<<<<<', 'Target': '<', 'Correct_resp': 'left', 'thisN': 77, 'thisTrialN': 1, 'thisRepN': 19}>
158.3706 	DATA 	Keypress: left
158.3827 	INFO 	Keyboard events cleared
158.3825 	EXP 	fixation: autoDraw = False
158.3825 	EXP 	stimulus: autoDraw = False
158.3825 	EXP 	stimulus: height = np.float64(0.2)
158.3825 	EXP 	stimulus: height = np.float64(0.2)
158.3825 	EXP 	stimulus: height = np.float64(0.2)
158.3825 	EXP 	stimulus: text = '<<<<<'
158.3825 	EXP 	fixation: autoDraw = True
158.5331 	EXP 	Device response: <KeyPress from None: t=158.35772899999984, value=left, duration=0.17404050000004645>
158.8658 	EXP 	stimulus: autoDraw = True
158.8826 	EXP 	fixation: autoDraw = False
160.0009 	DATA 	Keypress: left
160.0166 	EXP 	Device response: <KeyPress from None: t=160.0003855, value=left, duration=None>
160.0170 	EXP 	New trial (rep=19, index=2): <Trial 78 (2 in rep 19) data={'trialno': np.int64(4), 'Condition': 'I', 'Stimulus': '<<><<', 'Target': '> ', 'Correct_resp': 'right', 'thisN': 78, 'thisTrialN': 2, 'thisRepN': 19}>
160.0324 	INFO 	Keyboard events cleared
160.0323 	EXP 	fixation: autoDraw = False
160.0323 	EXP 	stimulus: autoDraw = False
160.0323 	EXP 	stimulus: height = np.float64(0.2)
160.0323 	EXP 	stimulus: height = np.float64(0.2)
160.0323 	EXP 	stimulus: height = np.float64(0.2)
160.0323 	EXP 	stimulus: text = '<<><<'
160.0323 	EXP 	fixation: autoDraw = True
160.1494 	EXP 	Device response: <KeyPress from None: t=160.0003855, value=left, duration=0.1333236999998917>
160.5324 	EXP 	fixation: autoDraw = False
160.5324 	EXP 	stimulus: autoDraw = True
162.3836 	EXP 	Device response: <KeyPress from None: t=162.38178900000003, value=right, duration=None>
162.3840 	EXP 	New trial (rep=19, index=3): <Trial 79 (3 in rep 19) data={'trialno': np.int64(2), 'Condition': 'C', 'Stimulus': '>>>>>', 'Target': '> ', 'Correct_resp': 'right', 'thisN': 79, 'thisTrialN': 3, 'thisRepN': 19}>
162.3877 	DATA 	Keypress: right
162.3992 	INFO 	Keyboard events cleared
162.3990 	EXP 	fixation: autoDraw = False
162.3990 	EXP 	stimulus: autoDraw = False
162.3990 	EXP 	stimulus: height = np.float64(0.2)
162.3990 	EXP 	stimulus: height = np.float64(0.2)
162.3990 	EXP 	stimulus: height = np.float64(0.2)
162.3990 	EXP 	stimulus: text = '>>>>>'
162.3990 	EXP 	fixation: autoDraw = True
162.5666 	EXP 	Device response: <KeyPress from None: t=162.38178900000003, value=right, duration=0.18421730000000025>
162.8992 	EXP 	fixation: autoDraw = False
162.8992 	EXP 	stimulus: autoDraw = True
163.5832 	EXP 	Device response: <KeyPress from None: t=163.5764919999997, value=right, duration=None>
163.5835 	EXP 	New trial (rep=20, index=0): <Trial 80 (0 in rep 20) data={'trialno': np.int64(3), 'Condition': 'I', 'Stimulus': '>>><>', 'Target': '<', 'Correct_resp': 'left', 'thisN': 80, 'thisTrialN': 0, 'thisRepN': 20}>
163.5880 	DATA 	Keypress: right
163.5993 	INFO 	Keyboard events cleared
163.5991 	EXP 	fixation: autoDraw = False
163.5991 	EXP 	stimulus: autoDraw = False
163.5991 	EXP 	stimulus: height = np.float64(0.2)
163.5991 	EXP 	stimulus: height = np.float64(0.2)
163.5991 	EXP 	stimulus: height = np.float64(0.2)
163.5991 	EXP 	stimulus: text = '>>><>'
163.5991 	EXP 	fixation: autoDraw = True
163.7332 	EXP 	Device response: <KeyPress from None: t=163.5764919999997, value=right, duration=0.15594840000039767>
164.0991 	EXP 	fixation: autoDraw = False
164.0991 	EXP 	stimulus: autoDraw = True
165.4331 	EXP 	Device response: <KeyPress from None: t=165.41734959999985, value=left, duration=None>
165.4335 	EXP 	New trial (rep=20, index=1): <Trial 81 (1 in rep 20) data={'trialno': np.int64(1), 'Condition': 'C', 'Stimulus': '<<<<<', 'Target': '<', 'Correct_resp': 'left', 'thisN': 81, 'thisTrialN': 1, 'thisRepN': 20}>
165.4373 	DATA 	Keypress: left
165.4493 	INFO 	Keyboard events cleared
165.4492 	EXP 	fixation: autoDraw = False
165.4492 	EXP 	stimulus: autoDraw = False
165.4492 	EXP 	stimulus: height = np.float64(0.2)
165.4492 	EXP 	stimulus: height = np.float64(0.2)
165.4492 	EXP 	stimulus: height = np.float64(0.2)
165.4492 	EXP 	stimulus: text = '<<<<<'
165.4492 	EXP 	fixation: autoDraw = True
165.5665 	EXP 	Device response: <KeyPress from None: t=165.41734959999985, value=left, duration=0.14858760000015536>
165.9326 	EXP 	stimulus: autoDraw = True
165.9495 	EXP 	fixation: autoDraw = False
166.9835 	EXP 	Device response: <KeyPress from None: t=166.97686109999995, value=right, duration=None>
166.9838 	EXP 	New trial (rep=20, index=2): <Trial 82 (2 in rep 20) data={'trialno': np.int64(4), 'Condition': 'I', 'Stimulus': '<<><<', 'Target': '> ', 'Correct_resp': 'right', 'thisN': 82, 'thisTrialN': 2, 'thisRepN': 20}>
166.9876 	DATA 	Keypress: right
166.9991 	INFO 	Keyboard events cleared
166.9990 	EXP 	fixation: autoDraw = False
166.9990 	EXP 	stimulus: autoDraw = False
166.9990 	EXP 	stimulus: height = np.float64(0.2)
166.9990 	EXP 	stimulus: height = np.float64(0.2)
166.9990 	EXP 	stimulus: height = np.float64(0.2)
166.9990 	EXP 	stimulus: text = '<<><<'
166.9990 	EXP 	fixation: autoDraw = True
167.1500 	EXP 	Device response: <KeyPress from None: t=166.97686109999995, value=right, duration=0.16692509999984395>
167.4989 	EXP 	fixation: autoDraw = False
167.4989 	EXP 	stimulus: autoDraw = True
168.8830 	EXP 	Device response: <KeyPress from None: t=168.87250989999984, value=right, duration=None>
168.8833 	EXP 	New trial (rep=20, index=3): <Trial 83 (3 in rep 20) data={'trialno': np.int64(2), 'Condition': 'C', 'Stimulus': '>>>>>', 'Target': '> ', 'Correct_resp': 'right', 'thisN': 83, 'thisTrialN': 3, 'thisRepN': 20}>
168.8871 	DATA 	Keypress: right
168.8992 	INFO 	Keyboard events cleared
168.8991 	EXP 	fixation: autoDraw = False
168.8991 	EXP 	stimulus: autoDraw = False
168.8991 	EXP 	stimulus: height = np.float64(0.2)
168.8991 	EXP 	stimulus: height = np.float64(0.2)
168.8991 	EXP 	stimulus: height = np.float64(0.2)
168.8991 	EXP 	stimulus: text = '>>>>>'
168.8991 	EXP 	fixation: autoDraw = True
169.0162 	EXP 	Device response: <KeyPress from None: t=168.87250989999984, value=right, duration=0.1409243000002789>
169.3826 	EXP 	stimulus: autoDraw = True
169.3992 	EXP 	fixation: autoDraw = False
169.9165 	EXP 	Device response: <KeyPress from None: t=169.90610990000005, value=right, duration=None>
169.9168 	EXP 	New trial (rep=21, index=0): <Trial 84 (0 in rep 21) data={'trialno': np.int64(3), 'Condition': 'I', 'Stimulus': '>>><>', 'Target': '<', 'Correct_resp': 'left', 'thisN': 84, 'thisTrialN': 0, 'thisRepN': 21}>
169.9206 	DATA 	Keypress: right
169.9325 	INFO 	Keyboard events cleared
169.9323 	EXP 	fixation: autoDraw = False
169.9323 	EXP 	stimulus: autoDraw = False
169.9323 	EXP 	stimulus: height = np.float64(0.2)
169.9323 	EXP 	stimulus: height = np.float64(0.2)
169.9323 	EXP 	stimulus: height = np.float64(0.2)
169.9323 	EXP 	stimulus: text = '>>><>'
169.9323 	EXP 	fixation: autoDraw = True
170.0834 	EXP 	Device response: <KeyPress from None: t=169.90610990000005, value=right, duration=0.17063539999981003>
170.4161 	EXP 	stimulus: autoDraw = True
170.4324 	EXP 	fixation: autoDraw = False
171.9994 	EXP 	Device response: <KeyPress from None: t=171.9956099000001, value=left, duration=None>
171.9997 	EXP 	New trial (rep=21, index=1): <Trial 85 (1 in rep 21) data={'trialno': np.int64(2), 'Condition': 'C', 'Stimulus': '>>>>>', 'Target': '> ', 'Correct_resp': 'right', 'thisN': 85, 'thisTrialN': 1, 'thisRepN': 21}>
172.0036 	DATA 	Keypress: left
172.0161 	INFO 	Keyboard events cleared
172.0160 	EXP 	fixation: autoDraw = False
172.0160 	EXP 	stimulus: autoDraw = False
172.0160 	EXP 	stimulus: height = np.float64(0.2)
172.0160 	EXP 	stimulus: height = np.float64(0.2)
172.0160 	EXP 	stimulus: height = np.float64(0.2)
172.0160 	EXP 	stimulus: text = '>>>>>'
172.0160 	EXP 	fixation: autoDraw = True
172.1329 	EXP 	Device response: <KeyPress from None: t=171.9956099000001, value=left, duration=0.12366879999990488>
172.4994 	EXP 	stimulus: autoDraw = True
172.5160 	EXP 	fixation: autoDraw = False
173.3834 	EXP 	Device response: <KeyPress from None: t=173.38102219999973, value=right, duration=None>
173.3838 	EXP 	New trial (rep=21, index=2): <Trial 86 (2 in rep 21) data={'trialno': np.int64(1), 'Condition': 'C', 'Stimulus': '<<<<<', 'Target': '<', 'Correct_resp': 'left', 'thisN': 86, 'thisTrialN': 2, 'thisRepN': 21}>
173.3878 	DATA 	Keypress: right
173.3993 	INFO 	Keyboard events cleared
173.3991 	EXP 	fixation: autoDraw = False
173.3991 	EXP 	stimulus: autoDraw = False
173.3991 	EXP 	stimulus: height = np.float64(0.2)
173.3991 	EXP 	stimulus: height = np.float64(0.2)
173.3991 	EXP 	stimulus: height = np.float64(0.2)
173.3991 	EXP 	stimulus: text = '<<<<<'
173.3991 	EXP 	fixation: autoDraw = True
173.5328 	EXP 	Device response: <KeyPress from None: t=173.38102219999973, value=right, duration=0.1455905000002531>
173.8991 	EXP 	fixation: autoDraw = False
173.8991 	EXP 	stimulus: autoDraw = True
174.5496 	EXP 	Device response: <KeyPress from None: t=174.54204909999999, value=left, duration=None>
174.5499 	EXP 	New trial (rep=21, index=3): <Trial 87 (3 in rep 21) data={'trialno': np.int64(4), 'Condition': 'I', 'Stimulus': '<<><<', 'Target': '> ', 'Correct_resp': 'right', 'thisN': 87, 'thisTrialN': 3, 'thisRepN': 21}>
174.5535 	DATA 	Keypress: left
174.5656 	INFO 	Keyboard events cleared
174.5654 	EXP 	fixation: autoDraw = False
174.5654 	EXP 	stimulus: autoDraw = False
174.5654 	EXP 	stimulus: height = np.float64(0.2)
174.5654 	EXP 	stimulus: height = np.float64(0.2)
174.5654 	EXP 	stimulus: height = np.float64(0.2)
174.5654 	EXP 	stimulus: text = '<<><<'
174.5654 	EXP 	fixation: autoDraw = True
174.7164 	EXP 	Device response: <KeyPress from None: t=174.54204909999999, value=left, duration=0.16797889999998006>
175.0491 	EXP 	stimulus: autoDraw = True
175.0657 	EXP 	fixation: autoDraw = False
176.9835 	EXP 	Device response: <KeyPress from None: t=176.98061899999993, value=right, duration=None>
176.9839 	EXP 	New trial (rep=22, index=0): <Trial 88 (0 in rep 22) data={'trialno': np.int64(4), 'Condition': 'I', 'Stimulus': '<<><<', 'Target': '> ', 'Correct_resp': 'right', 'thisN': 88, 'thisTrialN': 0, 'thisRepN': 22}>
176.9853 	DATA 	Keypress: right
176.9990 	INFO 	Keyboard events cleared
176.9988 	EXP 	fixation: autoDraw = False
176.9988 	EXP 	stimulus: autoDraw = False
176.9988 	EXP 	stimulus: text = '<<><<'
176.9988 	EXP 	fixation: autoDraw = True
177.1337 	EXP 	Device response: <KeyPress from None: t=176.98061899999993, value=right, duration=0.14342570000007981>
177.4991 	EXP 	fixation: autoDraw = False
177.4991 	EXP 	stimulus: autoDraw = True
178.8496 	EXP 	Device response: <KeyPress from None: t=178.84643929999993, value=right, duration=None>
178.8499 	EXP 	New trial (rep=22, index=1): <Trial 89 (1 in rep 22) data={'trialno': np.int64(2), 'Condition': 'C', 'Stimulus': '>>>>>', 'Target': '> ', 'Correct_resp': 'right', 'thisN': 89, 'thisTrialN': 1, 'thisRepN': 22}>
178.8537 	DATA 	Keypress: right
178.8660 	INFO 	Keyboard events cleared
178.8658 	EXP 	fixation: autoDraw = False
178.8658 	EXP 	stimulus: autoDraw = False
178.8658 	EXP 	stimulus: height = np.float64(0.2)
178.8658 	EXP 	stimulus: height = np.float64(0.2)
178.8658 	EXP 	stimulus: height = np.float64(0.2)
178.8658 	EXP 	stimulus: text = '>>>>>'
178.8658 	EXP 	fixation: autoDraw = True
179.0828 	EXP 	Device response: <KeyPress from None: t=178.84643929999993, value=right, duration=0.2238593000001856>
179.3494 	EXP 	stimulus: autoDraw = True
179.3658 	EXP 	fixation: autoDraw = False
179.8668 	EXP 	Device response: <KeyPress from None: t=179.85774820000006, value=right, duration=None>
179.8671 	EXP 	New trial (rep=22, index=2): <Trial 90 (2 in rep 22) data={'trialno': np.int64(3), 'Condition': 'I', 'Stimulus': '>>><>', 'Target': '<', 'Correct_resp': 'left', 'thisN': 90, 'thisTrialN': 2, 'thisRepN': 22}>
179.8713 	DATA 	Keypress: right
179.8827 	INFO 	Keyboard events cleared
179.8825 	EXP 	fixation: autoDraw = False
179.8825 	EXP 	stimulus: autoDraw = False
179.8825 	EXP 	stimulus: height = np.float64(0.2)
179.8825 	EXP 	stimulus: height = np.float64(0.2)
179.8825 	EXP 	stimulus: height = np.float64(0.2)
179.8825 	EXP 	stimulus: text = '>>><>'
179.8825 	EXP 	fixation: autoDraw = True
179.9995 	EXP 	Device response: <KeyPress from None: t=179.85774820000006, value=right, duration=0.13884819999975662>
180.3660 	EXP 	stimulus: autoDraw = True
180.3827 	EXP 	fixation: autoDraw = False
182.6329 	EXP 	Device response: <KeyPress from None: t=182.62476419999985, value=left, duration=None>
182.6333 	EXP 	New trial (rep=22, index=3): <Trial 91 (3 in rep 22) data={'trialno': np.int64(1), 'Condition': 'C', 'Stimulus': '<<<<<', 'Target': '<', 'Correct_resp': 'left', 'thisN': 91, 'thisTrialN': 3, 'thisRepN': 22}>
182.6370 	DATA 	Keypress: left
182.6494 	INFO 	Keyboard events cleared
182.6493 	EXP 	fixation: autoDraw = False
182.6493 	EXP 	stimulus: autoDraw = False
182.6493 	EXP 	stimulus: height = np.float64(0.2)
182.6493 	EXP 	stimulus: height = np.float64(0.2)
182.6493 	EXP 	stimulus: height = np.float64(0.2)
182.6493 	EXP 	stimulus: text = '<<<<<'
182.6493 	EXP 	fixation: autoDraw = True
182.7998 	EXP 	Device response: <KeyPress from None: t=182.62476419999985, value=left, duration=0.169379200000094>
183.1325 	EXP 	stimulus: autoDraw = True
183.1495 	EXP 	fixation: autoDraw = False
183.8166 	EXP 	Device response: <KeyPress from None: t=183.80595369999992, value=left, duration=None>
183.8170 	EXP 	New trial (rep=23, index=0): <Trial 92 (0 in rep 23) data={'trialno': np.int64(2), 'Condition': 'C', 'Stimulus': '>>>>>', 'Target': '> ', 'Correct_resp': 'right', 'thisN': 92, 'thisTrialN': 0, 'thisRepN': 23}>
183.8207 	DATA 	Keypress: left
183.8326 	INFO 	Keyboard events cleared
183.8324 	EXP 	fixation: autoDraw = False
183.8324 	EXP 	stimulus: autoDraw = False
183.8324 	EXP 	stimulus: height = np.float64(0.2)
183.8324 	EXP 	stimulus: height = np.float64(0.2)
183.8324 	EXP 	stimulus: height = np.float64(0.2)
183.8324 	EXP 	stimulus: text = '>>>>>'
183.8324 	EXP 	fixation: autoDraw = True
183.9331 	EXP 	Device response: <KeyPress from None: t=183.80595369999992, value=left, duration=0.12577439999995477>
184.3179 	EXP 	stimulus: autoDraw = True
184.3331 	EXP 	fixation: autoDraw = False
185.0503 	EXP 	Device response: <KeyPress from None: t=185.04340920000004, value=right, duration=None>
185.0507 	EXP 	New trial (rep=23, index=1): <Trial 93 (1 in rep 23) data={'trialno': np.int64(4), 'Condition': 'I', 'Stimulus': '<<><<', 'Target': '> ', 'Correct_resp': 'right', 'thisN': 93, 'thisTrialN': 1, 'thisRepN': 23}>
185.0548 	DATA 	Keypress: right
185.0663 	INFO 	Keyboard events cleared
185.0662 	EXP 	fixation: autoDraw = False
185.0662 	EXP 	stimulus: autoDraw = False
185.0662 	EXP 	stimulus: height = np.float64(0.2)
185.0662 	EXP 	stimulus: height = np.float64(0.2)
185.0662 	EXP 	stimulus: height = np.float64(0.2)
185.0662 	EXP 	stimulus: text = '<<><<'
185.0662 	EXP 	fixation: autoDraw = True
185.3162 	EXP 	Device response: <KeyPress from None: t=185.04340920000004, value=right, duration=0.27017419999992853>
185.5660 	EXP 	fixation: autoDraw = False
185.5660 	EXP 	stimulus: autoDraw = True
186.8829 	EXP 	Device response: <KeyPress from None: t=186.87522480000007, value=right, duration=None>
186.8832 	EXP 	New trial (rep=23, index=2): <Trial 94 (2 in rep 23) data={'trialno': np.int64(1), 'Condition': 'C', 'Stimulus': '<<<<<', 'Target': '<', 'Correct_resp': 'left', 'thisN': 94, 'thisTrialN': 2, 'thisRepN': 23}>
186.8876 	DATA 	Keypress: right
186.8990 	INFO 	Keyboard events cleared
186.8989 	EXP 	fixation: autoDraw = False
186.8989 	EXP 	stimulus: autoDraw = False
186.8989 	EXP 	stimulus: height = np.float64(0.2)
186.8989 	EXP 	stimulus: height = np.float64(0.2)
186.8989 	EXP 	stimulus: height = np.float64(0.2)
186.8989 	EXP 	stimulus: text = '<<<<<'
186.8989 	EXP 	fixation: autoDraw = True
187.0502 	EXP 	Device response: <KeyPress from None: t=186.87522480000007, value=right, duration=0.17249119999996765>
187.3827 	EXP 	stimulus: autoDraw = True
187.3993 	EXP 	fixation: autoDraw = False
188.4831 	EXP 	Device response: <KeyPress from None: t=188.4697873, value=left, duration=None>
188.4835 	EXP 	New trial (rep=23, index=3): <Trial 95 (3 in rep 23) data={'trialno': np.int64(3), 'Condition': 'I', 'Stimulus': '>>><>', 'Target': '<', 'Correct_resp': 'left', 'thisN': 95, 'thisTrialN': 3, 'thisRepN': 23}>
188.4872 	DATA 	Keypress: left
188.4994 	INFO 	Keyboard events cleared
188.4992 	EXP 	fixation: autoDraw = False
188.4992 	EXP 	stimulus: autoDraw = False
188.4992 	EXP 	stimulus: height = np.float64(0.2)
188.4992 	EXP 	stimulus: height = np.float64(0.2)
188.4992 	EXP 	stimulus: height = np.float64(0.2)
188.4992 	EXP 	stimulus: text = '>>><>'
188.4992 	EXP 	fixation: autoDraw = True
188.6660 	EXP 	Device response: <KeyPress from None: t=188.4697873, value=left, duration=0.18860580000000482>
188.9829 	EXP 	stimulus: autoDraw = True
188.9993 	EXP 	fixation: autoDraw = False
191.2834 	EXP 	Device response: <KeyPress from None: t=191.26888299999973, value=left, duration=None>
191.2838 	EXP 	New trial (rep=24, index=0): <Trial 96 (0 in rep 24) data={'trialno': np.int64(1), 'Condition': 'C', 'Stimulus': '<<<<<', 'Target': '<', 'Correct_resp': 'left', 'thisN': 96, 'thisTrialN': 0, 'thisRepN': 24}>
191.2887 	DATA 	Keypress: left
191.2993 	INFO 	Keyboard events cleared
191.2991 	EXP 	fixation: autoDraw = False
191.2991 	EXP 	stimulus: autoDraw = False
191.2991 	EXP 	stimulus: height = np.float64(0.2)
191.2991 	EXP 	stimulus: height = np.float64(0.2)
191.2991 	EXP 	stimulus: height = np.float64(0.2)
191.2991 	EXP 	stimulus: text = '<<<<<'
191.2991 	EXP 	fixation: autoDraw = True
191.4668 	EXP 	Device response: <KeyPress from None: t=191.26888299999973, value=left, duration=0.19129259999999704>
191.7991 	EXP 	fixation: autoDraw = False
191.7991 	EXP 	stimulus: autoDraw = True
192.4667 	EXP 	Device response: <KeyPress from None: t=192.45180059999984, value=left, duration=None>
192.4671 	EXP 	New trial (rep=24, index=1): <Trial 97 (1 in rep 24) data={'trialno': np.int64(2), 'Condition': 'C', 'Stimulus': '>>>>>', 'Target': '> ', 'Correct_resp': 'right', 'thisN': 97, 'thisTrialN': 1, 'thisRepN': 24}>
192.4707 	DATA 	Keypress: left
192.4831 	INFO 	Keyboard events cleared
192.4829 	EXP 	fixation: autoDraw = False
192.4829 	EXP 	stimulus: autoDraw = False
192.4829 	EXP 	stimulus: height = np.float64(0.2)
192.4829 	EXP 	stimulus: height = np.float64(0.2)
192.4829 	EXP 	stimulus: height = np.float64(0.2)
192.4829 	EXP 	stimulus: text = '>>>>>'
192.4829 	EXP 	fixation: autoDraw = True
192.6499 	EXP 	Device response: <KeyPress from None: t=192.45180059999984, value=left, duration=0.18732360000012704>
192.9826 	EXP 	fixation: autoDraw = False
192.9826 	EXP 	stimulus: autoDraw = True
194.0832 	EXP 	Device response: <KeyPress from None: t=194.0689428999999, value=right, duration=None>
194.0836 	EXP 	New trial (rep=24, index=2): <Trial 98 (2 in rep 24) data={'trialno': np.int64(3), 'Condition': 'I', 'Stimulus': '>>><>', 'Target': '<', 'Correct_resp': 'left', 'thisN': 98, 'thisTrialN': 2, 'thisRepN': 24}>
194.0873 	DATA 	Keypress: right
194.0993 	INFO 	Keyboard events cleared
194.0991 	EXP 	fixation: autoDraw = False
194.0991 	EXP 	stimulus: autoDraw = False
194.0991 	EXP 	stimulus: height = np.float64(0.2)
194.0991 	EXP 	stimulus: height = np.float64(0.2)
194.0991 	EXP 	stimulus: height = np.float64(0.2)
194.0991 	EXP 	stimulus: text = '>>><>'
194.0991 	EXP 	fixation: autoDraw = True
194.5000 	EXP 	Device response: <KeyPress from None: t=194.0689428999999, value=right, duration=0.42918580000014117>
194.5993 	EXP 	fixation: autoDraw = False
194.5993 	EXP 	stimulus: autoDraw = True
196.9996 	EXP 	Device response: <KeyPress from None: t=196.98939429999973, value=left, duration=None>
197.0000 	EXP 	New trial (rep=24, index=3): <Trial 99 (3 in rep 24) data={'trialno': np.int64(4), 'Condition': 'I', 'Stimulus': '<<><<', 'Target': '> ', 'Correct_resp': 'right', 'thisN': 99, 'thisTrialN': 3, 'thisRepN': 24}>
197.0042 	DATA 	Keypress: left
197.0162 	INFO 	Keyboard events cleared
197.0161 	EXP 	fixation: autoDraw = False
197.0161 	EXP 	stimulus: autoDraw = False
197.0161 	EXP 	stimulus: height = np.float64(0.2)
197.0161 	EXP 	stimulus: height = np.float64(0.2)
197.0161 	EXP 	stimulus: height = np.float64(0.2)
197.0161 	EXP 	stimulus: text = '<<><<'
197.0161 	EXP 	fixation: autoDraw = True
197.2165 	EXP 	Device response: <KeyPress from None: t=196.98939429999973, value=left, duration=0.21087230000011914>
197.4993 	EXP 	stimulus: autoDraw = True
197.5158 	EXP 	fixation: autoDraw = False
199.3996 	EXP 	Device response: <KeyPress from None: t=199.38613929999974, value=right, duration=None>
199.4007 	DATA 	Keypress: right
199.4159 	EXP 	fixation: autoDraw = False
199.4159 	EXP 	stimulus: autoDraw = False
199.4162 	EXP 	flankers_task_final: status = STOPPED
199.4597 	INFO 	saved data to 'C:\\Users\\DELL\\Desktop\\psychopie_final\\solo project\\data\\_par_4_flankers_task_final_2025-11-10_23h27.15.853.csv'
199.4633 	INFO 	saved data to C:\Users\DELL\Desktop\psychopie_final\solo project\data\_par_4_flankers_task_final_2025-11-10_23h27.15.853.psydat
199.8364 	WARNING 	Stopping key buffers but this could be dangerous ifother keyboards rely on the same.
199.8677 	WARNING 	Stopping key buffers but this could be dangerous ifother keyboards rely on the same.
