23.3992 	INFO 	Loaded monitor calibration from ['2025_08_11 19:48']
23.4294 	WARNING 	User requested fullscreen with size [1024  768], but screen is actually [1920, 1080]. Using actual size
23.9451 	INFO 	Using renderer 'AMD Radeon(TM) Graphics' for graphics
23.9452 	INFO 	OpenGL version supported by driver is 4..
24.0550 	EXP 	Created window1 = Window(allowGUI=False, allowStencil=False, autoLog=True, backendConf=UNKNOWN, backgroundFit=<method-wrapper '__getattribute__' of attributeSetter object at 0x00000170176691E0>, backgroundImage=<method-wrapper '__getattribute__' of attributeSetter object at 0x0000017017669180>, bitsMode=UNKNOWN, blendMode='avg', bpc=(8, 8, 8), color=array([0, 0, 0]), colorSpace='rgb', depthBits=8, fullscr=True, gamma=None, gammaErrorPolicy='raise', infoMsg=UNKNOWN, lms=UNKNOWN, monitor=<psychopy.monitors.calibTools.Monitor object at 0x000001701771EA40>, multiSample=False, name='window1', numSamples=2, pos=[np.float64(0.0), np.float64(0.0)], screen=0, size=array([1920, 1080]), stencilBits=0, stereo=False, title='PsychoPy', units='height', useFBO=True, useRetina=False, viewOri=0.0, viewPos=None, viewScale=None, waitBlanking=True, winType='pyglet')
24.0552 	EXP 	window1: backgroundImage = ''
24.0553 	EXP 	window1: backgroundFit = 'none'
24.9125 	EXP 	window1: Attempting to measure frame rate of screen (0) ...
24.9126 	EXP 	window1: recordFrameIntervals = False
25.1941 	EXP 	window1: recordFrameIntervals = True
25.3775 	EXP 	Screen (0) actual frame rate measured at 60.06Hz
25.3775 	EXP 	window1: recordFrameIntervals = False
25.5348 	INFO 	keyboard.Keyboard is using ptb backend.
25.5352 	INFO 	keyboard.Keyboard is using ptb backend.
25.5352 	EXP 	flankers_task_final: status = STARTED
25.5434 	EXP 	Created fixation = ShapeStim(__class__=<class 'psychopy.visual.shape.ShapeStim'>, anchor=('center', 'center'), autoDraw=False, autoLog=True, closeShape=True, color=method-wrapper(...), colorSpace='rgb', contrast=None, depth=0.0, draggable=False, fillColor=array([1, 1, 1]), fillColorSpace='rgb', fillRGB=array([1, 1, 1]), interpolate=True, lineColor=array([1., 1., 1.]), lineColorSpace='rgb', lineRGB=array([1, 1, 1]), lineWidth=1.0, name='fixation', opacity=1, ori=0.0, pos=array([0., 0.]), size=array([0.05, 0.05]), units='height', vertices=ndarray(...), win=Window(...), windingRule=None)
25.5850 	EXP 	Created stimulus = TextStim(__class__=<class 'psychopy.visual.text.TextStim'>, alignHoriz=method-wrapper(...), alignText='center', alignVert=method-wrapper(...), anchorHoriz='center', anchorVert='center', antialias=True, autoDraw=False, autoLog=True, bold=False, color=array([1., 1., 1.]), colorSpace='rgb', contrast=1.0, depth=-1.0, draggable=False, flipHoriz=False, flipVert=False, font='Consolas', fontFiles=[], height=0.2, italic=False, languageStyle='LTR', name='stimulus', opacity=1, ori=0.0, pos=array([0., 0.]), rgb=UNKNOWN, text='', units='height', win=Window(...), wrapWidth=1)
0.0192 	EXP 	Imported conditions.csv as conditions, 4 conditions, 5 params
0.0208 	EXP 	New trial (rep=0, index=0): <Trial 0 (0 in rep 0) data={'trialno': np.int64(1), 'Condition': 'C', 'Stimulus': '<<<<<', 'Target': '<', 'Correct_resp': 'left', 'thisN': 0, 'thisTrialN': 0, 'thisRepN': 0}>
0.1172 	INFO 	Keyboard events cleared
0.1170 	EXP 	stimulus: height = np.float64(0.2)
0.1170 	EXP 	stimulus: height = np.float64(0.2)
0.1170 	EXP 	stimulus: height = np.float64(0.2)
0.1170 	EXP 	stimulus: text = '<<<<<'
0.1170 	EXP 	fixation: autoDraw = True
0.5112 	EXP 	stimulus: autoDraw = True
0.6255 	EXP 	fixation: autoDraw = False
1.4188 	EXP 	Device response: <KeyPress from None: t=1.322537699999998, value=left, duration=None>
1.4192 	EXP 	New trial (rep=0, index=1): <Trial 1 (1 in rep 0) data={'trialno': np.int64(2), 'Condition': 'C', 'Stimulus': '>>>>>', 'Target': '> ', 'Correct_resp': 'right', 'thisN': 1, 'thisTrialN': 1, 'thisRepN': 0}>
1.4298 	DATA 	Keypress: left
1.4379 	INFO 	Keyboard events cleared
1.4377 	EXP 	fixation: autoDraw = False
1.4377 	EXP 	stimulus: autoDraw = False
1.4377 	EXP 	stimulus: height = np.float64(0.2)
1.4377 	EXP 	stimulus: height = np.float64(0.2)
1.4377 	EXP 	stimulus: height = np.float64(0.2)
1.4377 	EXP 	stimulus: text = '>>>>>'
1.4377 	EXP 	fixation: autoDraw = True
1.4763 	EXP 	Device response: <KeyPress from None: t=1.322537699999998, value=left, duration=0.14680920000000697>
1.9255 	EXP 	stimulus: autoDraw = True
1.9421 	EXP 	fixation: autoDraw = False
2.3927 	EXP 	Device response: <KeyPress from None: t=2.377994900000033, value=right, duration=None>
2.3932 	EXP 	New trial (rep=0, index=2): <Trial 2 (2 in rep 0) data={'trialno': np.int64(3), 'Condition': 'I', 'Stimulus': '>>><>', 'Target': '<', 'Correct_resp': 'left', 'thisN': 2, 'thisTrialN': 2, 'thisRepN': 0}>
2.3983 	DATA 	Keypress: right
2.4085 	INFO 	Keyboard events cleared
2.4083 	EXP 	fixation: autoDraw = False
2.4083 	EXP 	stimulus: autoDraw = False
2.4083 	EXP 	stimulus: height = np.float64(0.2)
2.4083 	EXP 	stimulus: height = np.float64(0.2)
2.4083 	EXP 	stimulus: height = np.float64(0.2)
2.4083 	EXP 	stimulus: text = '>>><>'
2.4083 	EXP 	fixation: autoDraw = True
2.5929 	EXP 	Device response: <KeyPress from None: t=2.377994900000033, value=right, duration=0.21090849999995953>
2.8919 	EXP 	stimulus: autoDraw = True
2.9093 	EXP 	fixation: autoDraw = False
4.3430 	EXP 	Device response: <KeyPress from None: t=4.34185930000001, value=left, duration=None>
4.3433 	EXP 	New trial (rep=0, index=3): <Trial 3 (3 in rep 0) data={'trialno': np.int64(4), 'Condition': 'I', 'Stimulus': '<<><<', 'Target': '> ', 'Correct_resp': 'right', 'thisN': 3, 'thisTrialN': 3, 'thisRepN': 0}>
4.3471 	DATA 	Keypress: left
4.3589 	INFO 	Keyboard events cleared
4.3588 	EXP 	fixation: autoDraw = False
4.3588 	EXP 	stimulus: autoDraw = False
4.3588 	EXP 	stimulus: height = np.float64(0.2)
4.3588 	EXP 	stimulus: height = np.float64(0.2)
4.3588 	EXP 	stimulus: height = np.float64(0.2)
4.3588 	EXP 	stimulus: text = '<<><<'
4.3588 	EXP 	fixation: autoDraw = True
4.5092 	EXP 	Device response: <KeyPress from None: t=4.34185930000001, value=left, duration=0.16478660000001355>
4.8585 	EXP 	fixation: autoDraw = False
4.8585 	EXP 	stimulus: autoDraw = True
6.8593 	EXP 	Device response: <KeyPress from None: t=6.853161400000033, value=right, duration=None>
6.8596 	EXP 	New trial (rep=1, index=0): <Trial 4 (0 in rep 1) data={'trialno': np.int64(4), 'Condition': 'I', 'Stimulus': '<<><<', 'Target': '> ', 'Correct_resp': 'right', 'thisN': 4, 'thisTrialN': 0, 'thisRepN': 1}>
6.8610 	DATA 	Keypress: right
6.8747 	INFO 	Keyboard events cleared
6.8745 	EXP 	fixation: autoDraw = False
6.8745 	EXP 	stimulus: autoDraw = False
6.8745 	EXP 	stimulus: text = '<<><<'
6.8745 	EXP 	fixation: autoDraw = True
7.0258 	EXP 	Device response: <KeyPress from None: t=6.853161400000033, value=right, duration=0.1615170999999691>
7.3589 	EXP 	stimulus: autoDraw = True
7.3754 	EXP 	fixation: autoDraw = False
8.0763 	EXP 	Device response: <KeyPress from None: t=8.070250200000032, value=left, duration=None>
8.0766 	EXP 	New trial (rep=1, index=1): <Trial 5 (1 in rep 1) data={'trialno': np.int64(2), 'Condition': 'C', 'Stimulus': '>>>>>', 'Target': '> ', 'Correct_resp': 'right', 'thisN': 5, 'thisTrialN': 1, 'thisRepN': 1}>
8.0805 	DATA 	Keypress: left
8.0921 	INFO 	Keyboard events cleared
8.0920 	EXP 	fixation: autoDraw = False
8.0920 	EXP 	stimulus: autoDraw = False
8.0920 	EXP 	stimulus: height = np.float64(0.2)
8.0920 	EXP 	stimulus: height = np.float64(0.2)
8.0920 	EXP 	stimulus: height = np.float64(0.2)
8.0920 	EXP 	stimulus: text = '>>>>>'
8.0920 	EXP 	fixation: autoDraw = True
8.2924 	EXP 	Device response: <KeyPress from None: t=8.070250200000032, value=left, duration=0.2139767999999549>
8.5918 	EXP 	fixation: autoDraw = False
8.5918 	EXP 	stimulus: autoDraw = True
10.3594 	EXP 	Device response: <KeyPress from None: t=10.34780649999999, value=left, duration=None>
10.3598 	EXP 	New trial (rep=1, index=2): <Trial 6 (2 in rep 1) data={'trialno': np.int64(3), 'Condition': 'I', 'Stimulus': '>>><>', 'Target': '<', 'Correct_resp': 'left', 'thisN': 6, 'thisTrialN': 2, 'thisRepN': 1}>
10.3636 	DATA 	Keypress: left
10.3756 	INFO 	Keyboard events cleared
10.3754 	EXP 	fixation: autoDraw = False
10.3754 	EXP 	stimulus: autoDraw = False
10.3754 	EXP 	stimulus: height = np.float64(0.2)
10.3754 	EXP 	stimulus: height = np.float64(0.2)
10.3754 	EXP 	stimulus: height = np.float64(0.2)
10.3754 	EXP 	stimulus: text = '>>><>'
10.3754 	EXP 	fixation: autoDraw = True
10.5091 	EXP 	Device response: <KeyPress from None: t=10.34780649999999, value=left, duration=0.14765890000001036>
10.8589 	EXP 	stimulus: autoDraw = True
10.8754 	EXP 	fixation: autoDraw = False
12.9608 	DATA 	Keypress: right
12.9766 	EXP 	Device response: <KeyPress from None: t=12.960222200000032, value=right, duration=None>
12.9769 	EXP 	New trial (rep=1, index=3): <Trial 7 (3 in rep 1) data={'trialno': np.int64(1), 'Condition': 'C', 'Stimulus': '<<<<<', 'Target': '<', 'Correct_resp': 'left', 'thisN': 7, 'thisTrialN': 3, 'thisRepN': 1}>
12.9923 	INFO 	Keyboard events cleared
12.9922 	EXP 	fixation: autoDraw = False
12.9922 	EXP 	stimulus: autoDraw = False
12.9922 	EXP 	stimulus: height = np.float64(0.2)
12.9922 	EXP 	stimulus: height = np.float64(0.2)
12.9922 	EXP 	stimulus: height = np.float64(0.2)
12.9922 	EXP 	stimulus: text = '<<<<<'
12.9922 	EXP 	fixation: autoDraw = True
13.1925 	EXP 	Device response: <KeyPress from None: t=12.960222200000032, value=right, duration=0.2231233999999631>
13.4920 	EXP 	fixation: autoDraw = False
13.4920 	EXP 	stimulus: autoDraw = True
14.8093 	EXP 	Device response: <KeyPress from None: t=14.806720900000016, value=right, duration=None>
14.8097 	EXP 	New trial (rep=2, index=0): <Trial 8 (0 in rep 2) data={'trialno': np.int64(1), 'Condition': 'C', 'Stimulus': '<<<<<', 'Target': '<', 'Correct_resp': 'left', 'thisN': 8, 'thisTrialN': 0, 'thisRepN': 2}>
14.8110 	DATA 	Keypress: right
14.8258 	INFO 	Keyboard events cleared
14.8256 	EXP 	fixation: autoDraw = False
14.8256 	EXP 	stimulus: autoDraw = False
14.8256 	EXP 	stimulus: text = '<<<<<'
14.8256 	EXP 	fixation: autoDraw = True
14.9928 	EXP 	Device response: <KeyPress from None: t=14.806720900000016, value=right, duration=0.17947689999999739>
15.3254 	EXP 	fixation: autoDraw = False
15.3254 	EXP 	stimulus: autoDraw = True
16.0758 	EXP 	Device response: <KeyPress from None: t=16.06162870000003, value=left, duration=None>
16.0761 	EXP 	New trial (rep=2, index=1): <Trial 9 (1 in rep 2) data={'trialno': np.int64(2), 'Condition': 'C', 'Stimulus': '>>>>>', 'Target': '> ', 'Correct_resp': 'right', 'thisN': 9, 'thisTrialN': 1, 'thisRepN': 2}>
16.0801 	DATA 	Keypress: left
16.0924 	INFO 	Keyboard events cleared
16.0922 	EXP 	fixation: autoDraw = False
16.0922 	EXP 	stimulus: autoDraw = False
16.0922 	EXP 	stimulus: height = np.float64(0.2)
16.0922 	EXP 	stimulus: height = np.float64(0.2)
16.0922 	EXP 	stimulus: height = np.float64(0.2)
16.0922 	EXP 	stimulus: text = '>>>>>'
16.0922 	EXP 	fixation: autoDraw = True
16.2260 	EXP 	Device response: <KeyPress from None: t=16.06162870000003, value=left, duration=0.15342099999998027>
16.5755 	EXP 	stimulus: autoDraw = True
16.5920 	EXP 	fixation: autoDraw = False
17.4593 	EXP 	Device response: <KeyPress from None: t=17.45056249999999, value=left, duration=None>
17.4597 	EXP 	New trial (rep=2, index=2): <Trial 10 (2 in rep 2) data={'trialno': np.int64(4), 'Condition': 'I', 'Stimulus': '<<><<', 'Target': '> ', 'Correct_resp': 'right', 'thisN': 10, 'thisTrialN': 2, 'thisRepN': 2}>
17.4634 	DATA 	Keypress: left
17.4755 	INFO 	Keyboard events cleared
17.4753 	EXP 	fixation: autoDraw = False
17.4753 	EXP 	stimulus: autoDraw = False
17.4753 	EXP 	stimulus: height = np.float64(0.2)
17.4753 	EXP 	stimulus: height = np.float64(0.2)
17.4753 	EXP 	stimulus: height = np.float64(0.2)
17.4753 	EXP 	stimulus: text = '<<><<'
17.4753 	EXP 	fixation: autoDraw = True
17.6262 	EXP 	Device response: <KeyPress from None: t=17.45056249999999, value=left, duration=0.16235149999999976>
17.9588 	EXP 	stimulus: autoDraw = True
17.9756 	EXP 	fixation: autoDraw = False
22.1423 	EXP 	Device response: <KeyPress from None: t=22.139059400000008, value=right, duration=None>
22.1426 	EXP 	New trial (rep=2, index=3): <Trial 11 (3 in rep 2) data={'trialno': np.int64(3), 'Condition': 'I', 'Stimulus': '>>><>', 'Target': '<', 'Correct_resp': 'left', 'thisN': 11, 'thisTrialN': 3, 'thisRepN': 2}>
22.1465 	DATA 	Keypress: right
22.1592 	INFO 	Keyboard events cleared
22.1590 	EXP 	fixation: autoDraw = False
22.1590 	EXP 	stimulus: autoDraw = False
22.1590 	EXP 	stimulus: height = np.float64(0.2)
22.1590 	EXP 	stimulus: height = np.float64(0.2)
22.1590 	EXP 	stimulus: height = np.float64(0.2)
22.1590 	EXP 	stimulus: text = '>>><>'
22.1590 	EXP 	fixation: autoDraw = True
22.3422 	EXP 	Device response: <KeyPress from None: t=22.139059400000008, value=right, duration=0.1949334000000249>
22.6421 	EXP 	stimulus: autoDraw = True
22.6590 	EXP 	fixation: autoDraw = False
25.8927 	EXP 	Device response: <KeyPress from None: t=25.87957720000003, value=right, duration=None>
25.8931 	EXP 	New trial (rep=3, index=0): <Trial 12 (0 in rep 3) data={'trialno': np.int64(4), 'Condition': 'I', 'Stimulus': '<<><<', 'Target': '> ', 'Correct_resp': 'right', 'thisN': 12, 'thisTrialN': 0, 'thisRepN': 3}>
25.8972 	DATA 	Keypress: right
25.9096 	INFO 	Keyboard events cleared
25.9094 	EXP 	fixation: autoDraw = False
25.9094 	EXP 	stimulus: autoDraw = False
25.9094 	EXP 	stimulus: height = np.float64(0.2)
25.9094 	EXP 	stimulus: height = np.float64(0.2)
25.9094 	EXP 	stimulus: height = np.float64(0.2)
25.9094 	EXP 	stimulus: text = '<<><<'
25.9094 	EXP 	fixation: autoDraw = True
26.1261 	EXP 	Device response: <KeyPress from None: t=25.87957720000003, value=right, duration=0.2327768999999762>
26.3926 	EXP 	stimulus: autoDraw = True
26.4089 	EXP 	fixation: autoDraw = False
27.6920 	EXP 	Device response: <KeyPress from None: t=27.68205660000001, value=right, duration=None>
27.6925 	EXP 	New trial (rep=3, index=1): <Trial 13 (1 in rep 3) data={'trialno': np.int64(1), 'Condition': 'C', 'Stimulus': '<<<<<', 'Target': '<', 'Correct_resp': 'left', 'thisN': 13, 'thisTrialN': 1, 'thisRepN': 3}>
27.6977 	DATA 	Keypress: right
27.7082 	INFO 	Keyboard events cleared
27.7080 	EXP 	fixation: autoDraw = False
27.7080 	EXP 	stimulus: autoDraw = False
27.7080 	EXP 	stimulus: height = np.float64(0.2)
27.7080 	EXP 	stimulus: height = np.float64(0.2)
27.7080 	EXP 	stimulus: height = np.float64(0.2)
27.7080 	EXP 	stimulus: text = '<<<<<'
27.7080 	EXP 	fixation: autoDraw = True
27.9261 	EXP 	Device response: <KeyPress from None: t=27.68205660000001, value=right, duration=0.2414557999999829>
28.1918 	EXP 	stimulus: autoDraw = True
28.2097 	EXP 	fixation: autoDraw = False
29.1933 	EXP 	Device response: <KeyPress from None: t=29.187863600000014, value=left, duration=None>
29.1936 	EXP 	New trial (rep=3, index=2): <Trial 14 (2 in rep 3) data={'trialno': np.int64(2), 'Condition': 'C', 'Stimulus': '>>>>>', 'Target': '> ', 'Correct_resp': 'right', 'thisN': 14, 'thisTrialN': 2, 'thisRepN': 3}>
29.1972 	DATA 	Keypress: left
29.2091 	INFO 	Keyboard events cleared
29.2090 	EXP 	fixation: autoDraw = False
29.2090 	EXP 	stimulus: autoDraw = False
29.2090 	EXP 	stimulus: height = np.float64(0.2)
29.2090 	EXP 	stimulus: height = np.float64(0.2)
29.2090 	EXP 	stimulus: height = np.float64(0.2)
29.2090 	EXP 	stimulus: text = '>>>>>'
29.2090 	EXP 	fixation: autoDraw = True
29.3094 	EXP 	Device response: <KeyPress from None: t=29.187863600000014, value=left, duration=0.11521970000001147>
29.7089 	EXP 	fixation: autoDraw = False
29.7089 	EXP 	stimulus: autoDraw = True
31.3426 	EXP 	Device response: <KeyPress from None: t=31.329262900000003, value=right, duration=None>
31.3430 	EXP 	New trial (rep=3, index=3): <Trial 15 (3 in rep 3) data={'trialno': np.int64(3), 'Condition': 'I', 'Stimulus': '>>><>', 'Target': '<', 'Correct_resp': 'left', 'thisN': 15, 'thisTrialN': 3, 'thisRepN': 3}>
31.3471 	DATA 	Keypress: right
31.3592 	INFO 	Keyboard events cleared
31.3591 	EXP 	fixation: autoDraw = False
31.3591 	EXP 	stimulus: autoDraw = False
31.3591 	EXP 	stimulus: height = np.float64(0.2)
31.3591 	EXP 	stimulus: height = np.float64(0.2)
31.3591 	EXP 	stimulus: height = np.float64(0.2)
31.3591 	EXP 	stimulus: text = '>>><>'
31.3591 	EXP 	fixation: autoDraw = True
31.5259 	EXP 	Device response: <KeyPress from None: t=31.329262900000003, value=right, duration=0.18270080000002054>
31.8422 	EXP 	stimulus: autoDraw = True
31.8590 	EXP 	fixation: autoDraw = False
33.8594 	EXP 	Device response: <KeyPress from None: t=33.845706199999995, value=left, duration=None>
33.8598 	EXP 	New trial (rep=4, index=0): <Trial 16 (0 in rep 4) data={'trialno': np.int64(4), 'Condition': 'I', 'Stimulus': '<<><<', 'Target': '> ', 'Correct_resp': 'right', 'thisN': 16, 'thisTrialN': 0, 'thisRepN': 4}>
33.8637 	DATA 	Keypress: left
33.8758 	INFO 	Keyboard events cleared
33.8756 	EXP 	fixation: autoDraw = False
33.8756 	EXP 	stimulus: autoDraw = False
33.8756 	EXP 	stimulus: height = np.float64(0.2)
33.8756 	EXP 	stimulus: height = np.float64(0.2)
33.8756 	EXP 	stimulus: height = np.float64(0.2)
33.8756 	EXP 	stimulus: text = '<<><<'
33.8756 	EXP 	fixation: autoDraw = True
34.0424 	EXP 	Device response: <KeyPress from None: t=33.845706199999995, value=left, duration=0.1836312000000362>
34.3590 	EXP 	stimulus: autoDraw = True
34.3756 	EXP 	fixation: autoDraw = False
35.4095 	EXP 	Device response: <KeyPress from None: t=35.40699649999999, value=right, duration=None>
35.4099 	EXP 	New trial (rep=4, index=1): <Trial 17 (1 in rep 4) data={'trialno': np.int64(1), 'Condition': 'C', 'Stimulus': '<<<<<', 'Target': '<', 'Correct_resp': 'left', 'thisN': 17, 'thisTrialN': 1, 'thisRepN': 4}>
35.4138 	DATA 	Keypress: right
35.4257 	INFO 	Keyboard events cleared
35.4255 	EXP 	fixation: autoDraw = False
35.4255 	EXP 	stimulus: autoDraw = False
35.4255 	EXP 	stimulus: height = np.float64(0.2)
35.4255 	EXP 	stimulus: height = np.float64(0.2)
35.4255 	EXP 	stimulus: height = np.float64(0.2)
35.4255 	EXP 	stimulus: text = '<<<<<'
35.4255 	EXP 	fixation: autoDraw = True
35.5931 	EXP 	Device response: <KeyPress from None: t=35.40699649999999, value=right, duration=0.1713207999999895>
35.9089 	EXP 	stimulus: autoDraw = True
35.9256 	EXP 	fixation: autoDraw = False
37.2926 	EXP 	Device response: <KeyPress from None: t=37.281226000000004, value=left, duration=None>
37.2929 	EXP 	New trial (rep=4, index=2): <Trial 18 (2 in rep 4) data={'trialno': np.int64(2), 'Condition': 'C', 'Stimulus': '>>>>>', 'Target': '> ', 'Correct_resp': 'right', 'thisN': 18, 'thisTrialN': 2, 'thisRepN': 4}>
37.2972 	DATA 	Keypress: left
37.3089 	INFO 	Keyboard events cleared
37.3087 	EXP 	fixation: autoDraw = False
37.3087 	EXP 	stimulus: autoDraw = False
37.3087 	EXP 	stimulus: height = np.float64(0.2)
37.3087 	EXP 	stimulus: height = np.float64(0.2)
37.3087 	EXP 	stimulus: height = np.float64(0.2)
37.3087 	EXP 	stimulus: text = '>>>>>'
37.3087 	EXP 	fixation: autoDraw = True
37.4263 	EXP 	Device response: <KeyPress from None: t=37.281226000000004, value=left, duration=0.13035750000000235>
37.7923 	EXP 	stimulus: autoDraw = True
37.8089 	EXP 	fixation: autoDraw = False
38.6758 	EXP 	Device response: <KeyPress from None: t=38.67247759999998, value=left, duration=None>
38.6762 	EXP 	New trial (rep=4, index=3): <Trial 19 (3 in rep 4) data={'trialno': np.int64(3), 'Condition': 'I', 'Stimulus': '>>><>', 'Target': '<', 'Correct_resp': 'left', 'thisN': 19, 'thisTrialN': 3, 'thisRepN': 4}>
38.6798 	DATA 	Keypress: left
38.6924 	INFO 	Keyboard events cleared
38.6922 	EXP 	fixation: autoDraw = False
38.6922 	EXP 	stimulus: autoDraw = False
38.6922 	EXP 	stimulus: height = np.float64(0.2)
38.6922 	EXP 	stimulus: height = np.float64(0.2)
38.6922 	EXP 	stimulus: height = np.float64(0.2)
38.6922 	EXP 	stimulus: text = '>>><>'
38.6922 	EXP 	fixation: autoDraw = True
38.8595 	EXP 	Device response: <KeyPress from None: t=38.67247759999998, value=left, duration=0.1729641000000015>
39.1761 	EXP 	stimulus: autoDraw = True
39.1926 	EXP 	fixation: autoDraw = False
44.0423 	EXP 	Device response: <KeyPress from None: t=44.039299700000015, value=right, duration=None>
44.0426 	EXP 	New trial (rep=5, index=0): <Trial 20 (0 in rep 5) data={'trialno': np.int64(2), 'Condition': 'C', 'Stimulus': '>>>>>', 'Target': '> ', 'Correct_resp': 'right', 'thisN': 20, 'thisTrialN': 0, 'thisRepN': 5}>
44.0461 	DATA 	Keypress: right
44.0590 	INFO 	Keyboard events cleared
44.0588 	EXP 	fixation: autoDraw = False
44.0588 	EXP 	stimulus: autoDraw = False
44.0588 	EXP 	stimulus: height = np.float64(0.2)
44.0588 	EXP 	stimulus: height = np.float64(0.2)
44.0588 	EXP 	stimulus: height = np.float64(0.2)
44.0588 	EXP 	stimulus: text = '>>>>>'
44.0588 	EXP 	fixation: autoDraw = True
44.1774 	EXP 	Device response: <KeyPress from None: t=44.039299700000015, value=right, duration=0.1264201999999841>
44.5421 	EXP 	stimulus: autoDraw = True
44.5591 	EXP 	fixation: autoDraw = False
45.2095 	EXP 	Device response: <KeyPress from None: t=45.1977971, value=right, duration=None>
45.2099 	EXP 	New trial (rep=5, index=1): <Trial 21 (1 in rep 5) data={'trialno': np.int64(1), 'Condition': 'C', 'Stimulus': '<<<<<', 'Target': '<', 'Correct_resp': 'left', 'thisN': 21, 'thisTrialN': 1, 'thisRepN': 5}>
45.2142 	DATA 	Keypress: right
45.2256 	INFO 	Keyboard events cleared
45.2254 	EXP 	fixation: autoDraw = False
45.2254 	EXP 	stimulus: autoDraw = False
45.2254 	EXP 	stimulus: height = np.float64(0.2)
45.2254 	EXP 	stimulus: height = np.float64(0.2)
45.2254 	EXP 	stimulus: height = np.float64(0.2)
45.2254 	EXP 	stimulus: text = '<<<<<'
45.2254 	EXP 	fixation: autoDraw = True
45.3930 	EXP 	Device response: <KeyPress from None: t=45.1977971, value=right, duration=0.18574480000000904>
45.7090 	EXP 	stimulus: autoDraw = True
45.7258 	EXP 	fixation: autoDraw = False
46.7595 	EXP 	Device response: <KeyPress from None: t=46.746103800000014, value=left, duration=None>
46.7599 	EXP 	New trial (rep=5, index=2): <Trial 22 (2 in rep 5) data={'trialno': np.int64(3), 'Condition': 'I', 'Stimulus': '>>><>', 'Target': '<', 'Correct_resp': 'left', 'thisN': 22, 'thisTrialN': 2, 'thisRepN': 5}>
46.7637 	DATA 	Keypress: left
46.7759 	INFO 	Keyboard events cleared
46.7757 	EXP 	fixation: autoDraw = False
46.7757 	EXP 	stimulus: autoDraw = False
46.7757 	EXP 	stimulus: height = np.float64(0.2)
46.7757 	EXP 	stimulus: height = np.float64(0.2)
46.7757 	EXP 	stimulus: height = np.float64(0.2)
46.7757 	EXP 	stimulus: text = '>>><>'
46.7757 	EXP 	fixation: autoDraw = True
46.8925 	EXP 	Device response: <KeyPress from None: t=46.746103800000014, value=left, duration=0.1431359000000043>
47.2590 	EXP 	stimulus: autoDraw = True
47.2757 	EXP 	fixation: autoDraw = False
52.0094 	EXP 	Device response: <KeyPress from None: t=52.00059379999999, value=left, duration=None>
52.0097 	EXP 	New trial (rep=5, index=3): <Trial 23 (3 in rep 5) data={'trialno': np.int64(4), 'Condition': 'I', 'Stimulus': '<<><<', 'Target': '> ', 'Correct_resp': 'right', 'thisN': 23, 'thisTrialN': 3, 'thisRepN': 5}>
52.0134 	DATA 	Keypress: left
52.0257 	INFO 	Keyboard events cleared
52.0255 	EXP 	fixation: autoDraw = False
52.0255 	EXP 	stimulus: autoDraw = False
52.0255 	EXP 	stimulus: height = np.float64(0.2)
52.0255 	EXP 	stimulus: height = np.float64(0.2)
52.0255 	EXP 	stimulus: height = np.float64(0.2)
52.0255 	EXP 	stimulus: text = '<<><<'
52.0255 	EXP 	fixation: autoDraw = True
52.1598 	EXP 	Device response: <KeyPress from None: t=52.00059379999999, value=left, duration=0.15057319999999663>
52.5092 	EXP 	stimulus: autoDraw = True
52.5256 	EXP 	fixation: autoDraw = False
53.9928 	EXP 	Device response: <KeyPress from None: t=53.98689159999998, value=right, duration=None>
53.9931 	EXP 	New trial (rep=6, index=0): <Trial 24 (0 in rep 6) data={'trialno': np.int64(3), 'Condition': 'I', 'Stimulus': '>>><>', 'Target': '<', 'Correct_resp': 'left', 'thisN': 24, 'thisTrialN': 0, 'thisRepN': 6}>
53.9973 	DATA 	Keypress: right
54.0093 	INFO 	Keyboard events cleared
54.0091 	EXP 	fixation: autoDraw = False
54.0091 	EXP 	stimulus: autoDraw = False
54.0091 	EXP 	stimulus: height = np.float64(0.2)
54.0091 	EXP 	stimulus: height = np.float64(0.2)
54.0091 	EXP 	stimulus: height = np.float64(0.2)
54.0091 	EXP 	stimulus: text = '>>><>'
54.0091 	EXP 	fixation: autoDraw = True
54.1428 	EXP 	Device response: <KeyPress from None: t=53.98689159999998, value=right, duration=0.1418021000000067>
54.4924 	EXP 	stimulus: autoDraw = True
54.5091 	EXP 	fixation: autoDraw = False
58.7928 	EXP 	Device response: <KeyPress from None: t=58.77867040000001, value=left, duration=None>
58.7932 	EXP 	New trial (rep=6, index=1): <Trial 25 (1 in rep 6) data={'trialno': np.int64(1), 'Condition': 'C', 'Stimulus': '<<<<<', 'Target': '<', 'Correct_resp': 'left', 'thisN': 25, 'thisTrialN': 1, 'thisRepN': 6}>
58.7970 	DATA 	Keypress: left
58.8090 	INFO 	Keyboard events cleared
58.8089 	EXP 	fixation: autoDraw = False
58.8089 	EXP 	stimulus: autoDraw = False
58.8089 	EXP 	stimulus: height = np.float64(0.2)
58.8089 	EXP 	stimulus: height = np.float64(0.2)
58.8089 	EXP 	stimulus: height = np.float64(0.2)
58.8089 	EXP 	stimulus: text = '<<<<<'
58.8089 	EXP 	fixation: autoDraw = True
58.9596 	EXP 	Device response: <KeyPress from None: t=58.77867040000001, value=left, duration=0.17462810000000673>
59.2924 	EXP 	stimulus: autoDraw = True
59.3091 	EXP 	fixation: autoDraw = False
60.5602 	DATA 	Keypress: left
60.5753 	EXP 	Device response: <KeyPress from None: t=60.5588851, value=left, duration=None>
60.5758 	EXP 	New trial (rep=6, index=2): <Trial 26 (2 in rep 6) data={'trialno': np.int64(4), 'Condition': 'I', 'Stimulus': '<<><<', 'Target': '> ', 'Correct_resp': 'right', 'thisN': 26, 'thisTrialN': 2, 'thisRepN': 6}>
60.5923 	INFO 	Keyboard events cleared
60.5921 	EXP 	fixation: autoDraw = False
60.5921 	EXP 	stimulus: autoDraw = False
60.5921 	EXP 	stimulus: height = np.float64(0.2)
60.5921 	EXP 	stimulus: height = np.float64(0.2)
60.5921 	EXP 	stimulus: height = np.float64(0.2)
60.5921 	EXP 	stimulus: text = '<<><<'
60.5921 	EXP 	fixation: autoDraw = True
60.7258 	EXP 	Device response: <KeyPress from None: t=60.5588851, value=left, duration=0.1553347000000258>
61.0756 	EXP 	stimulus: autoDraw = True
61.0921 	EXP 	fixation: autoDraw = False
62.8428 	EXP 	Device response: <KeyPress from None: t=62.84013809999999, value=left, duration=None>
62.8432 	EXP 	New trial (rep=6, index=3): <Trial 27 (3 in rep 6) data={'trialno': np.int64(2), 'Condition': 'C', 'Stimulus': '>>>>>', 'Target': '> ', 'Correct_resp': 'right', 'thisN': 27, 'thisTrialN': 3, 'thisRepN': 6}>
62.8476 	DATA 	Keypress: left
62.8592 	INFO 	Keyboard events cleared
62.8591 	EXP 	fixation: autoDraw = False
62.8591 	EXP 	stimulus: autoDraw = False
62.8591 	EXP 	stimulus: height = np.float64(0.2)
62.8591 	EXP 	stimulus: height = np.float64(0.2)
62.8591 	EXP 	stimulus: height = np.float64(0.2)
62.8591 	EXP 	stimulus: text = '>>>>>'
62.8591 	EXP 	fixation: autoDraw = True
62.9764 	EXP 	Device response: <KeyPress from None: t=62.84013809999999, value=left, duration=0.13423060000002351>
63.3590 	EXP 	fixation: autoDraw = False
63.3590 	EXP 	stimulus: autoDraw = True
64.3759 	EXP 	Device response: <KeyPress from None: t=64.372726, value=right, duration=None>
64.3762 	EXP 	New trial (rep=7, index=0): <Trial 28 (0 in rep 7) data={'trialno': np.int64(1), 'Condition': 'C', 'Stimulus': '<<<<<', 'Target': '<', 'Correct_resp': 'left', 'thisN': 28, 'thisTrialN': 0, 'thisRepN': 7}>
64.3797 	DATA 	Keypress: right
64.3928 	INFO 	Keyboard events cleared
64.3927 	EXP 	fixation: autoDraw = False
64.3927 	EXP 	stimulus: autoDraw = False
64.3927 	EXP 	stimulus: height = np.float64(0.2)
64.3927 	EXP 	stimulus: height = np.float64(0.2)
64.3927 	EXP 	stimulus: height = np.float64(0.2)
64.3927 	EXP 	stimulus: text = '<<<<<'
64.3927 	EXP 	fixation: autoDraw = True
64.5261 	EXP 	Device response: <KeyPress from None: t=64.372726, value=right, duration=0.13919500000002927>
64.8762 	EXP 	stimulus: autoDraw = True
64.8924 	EXP 	fixation: autoDraw = False
65.6107 	DATA 	Keypress: left
65.6263 	EXP 	Device response: <KeyPress from None: t=65.61007640000003, value=left, duration=None>
65.6267 	EXP 	New trial (rep=7, index=1): <Trial 29 (1 in rep 7) data={'trialno': np.int64(4), 'Condition': 'I', 'Stimulus': '<<><<', 'Target': '> ', 'Correct_resp': 'right', 'thisN': 29, 'thisTrialN': 1, 'thisRepN': 7}>
65.6424 	INFO 	Keyboard events cleared
65.6422 	EXP 	fixation: autoDraw = False
65.6422 	EXP 	stimulus: autoDraw = False
65.6422 	EXP 	stimulus: height = np.float64(0.2)
65.6422 	EXP 	stimulus: height = np.float64(0.2)
65.6422 	EXP 	stimulus: height = np.float64(0.2)
65.6422 	EXP 	stimulus: text = '<<><<'
65.6422 	EXP 	fixation: autoDraw = True
65.7258 	EXP 	Device response: <KeyPress from None: t=65.61007640000003, value=left, duration=0.10847549999999728>
66.1257 	EXP 	stimulus: autoDraw = True
66.1425 	EXP 	fixation: autoDraw = False
68.0764 	EXP 	Device response: <KeyPress from None: t=68.07379129999998, value=right, duration=None>
68.0767 	EXP 	New trial (rep=7, index=2): <Trial 30 (2 in rep 7) data={'trialno': np.int64(2), 'Condition': 'C', 'Stimulus': '>>>>>', 'Target': '> ', 'Correct_resp': 'right', 'thisN': 30, 'thisTrialN': 2, 'thisRepN': 7}>
68.1903 	DATA 	Keypress: right
68.1980 	INFO 	Keyboard events cleared
68.1978 	EXP 	fixation: autoDraw = False
68.1978 	EXP 	stimulus: autoDraw = False
68.1978 	EXP 	stimulus: height = np.float64(0.2)
68.1978 	EXP 	stimulus: height = np.float64(0.2)
68.1978 	EXP 	stimulus: height = np.float64(0.2)
68.1978 	EXP 	stimulus: text = '>>>>>'
68.1978 	EXP 	fixation: autoDraw = True
68.2762 	EXP 	Device response: <KeyPress from None: t=68.07379129999998, value=right, duration=0.18777880000004643>
68.5924 	EXP 	stimulus: autoDraw = True
68.7090 	EXP 	fixation: autoDraw = False
69.2095 	EXP 	Device response: <KeyPress from None: t=69.19945439999998, value=right, duration=None>
69.2098 	EXP 	New trial (rep=7, index=3): <Trial 31 (3 in rep 7) data={'trialno': np.int64(3), 'Condition': 'I', 'Stimulus': '>>><>', 'Target': '<', 'Correct_resp': 'left', 'thisN': 31, 'thisTrialN': 3, 'thisRepN': 7}>
69.2138 	DATA 	Keypress: right
69.2259 	INFO 	Keyboard events cleared
69.2257 	EXP 	fixation: autoDraw = False
69.2257 	EXP 	stimulus: autoDraw = False
69.2257 	EXP 	stimulus: height = np.float64(0.2)
69.2257 	EXP 	stimulus: height = np.float64(0.2)
69.2257 	EXP 	stimulus: height = np.float64(0.2)
69.2257 	EXP 	stimulus: text = '>>><>'
69.2257 	EXP 	fixation: autoDraw = True
69.4760 	EXP 	Device response: <KeyPress from None: t=69.19945439999998, value=right, duration=0.2630572000000484>
69.7090 	EXP 	stimulus: autoDraw = True
69.7258 	EXP 	fixation: autoDraw = False
73.9608 	DATA 	Keypress: right
73.9766 	EXP 	Device response: <KeyPress from None: t=73.96029190000002, value=right, duration=None>
73.9770 	EXP 	New trial (rep=8, index=0): <Trial 32 (0 in rep 8) data={'trialno': np.int64(2), 'Condition': 'C', 'Stimulus': '>>>>>', 'Target': '> ', 'Correct_resp': 'right', 'thisN': 32, 'thisTrialN': 0, 'thisRepN': 8}>
73.9925 	INFO 	Keyboard events cleared
73.9923 	EXP 	fixation: autoDraw = False
73.9923 	EXP 	stimulus: autoDraw = False
73.9923 	EXP 	stimulus: height = np.float64(0.2)
73.9923 	EXP 	stimulus: height = np.float64(0.2)
73.9923 	EXP 	stimulus: height = np.float64(0.2)
73.9923 	EXP 	stimulus: text = '>>>>>'
73.9923 	EXP 	fixation: autoDraw = True
74.0761 	EXP 	Device response: <KeyPress from None: t=73.96029190000002, value=right, duration=0.10186709999999266>
74.4923 	EXP 	fixation: autoDraw = False
74.4923 	EXP 	stimulus: autoDraw = True
74.9762 	EXP 	Device response: <KeyPress from None: t=74.96959959999998, value=right, duration=None>
74.9765 	EXP 	New trial (rep=8, index=1): <Trial 33 (1 in rep 8) data={'trialno': np.int64(4), 'Condition': 'I', 'Stimulus': '<<><<', 'Target': '> ', 'Correct_resp': 'right', 'thisN': 33, 'thisTrialN': 1, 'thisRepN': 8}>
74.9811 	DATA 	Keypress: right
74.9916 	INFO 	Keyboard events cleared
74.9914 	EXP 	fixation: autoDraw = False
74.9914 	EXP 	stimulus: autoDraw = False
74.9914 	EXP 	stimulus: height = np.float64(0.2)
74.9914 	EXP 	stimulus: height = np.float64(0.2)
74.9914 	EXP 	stimulus: height = np.float64(0.2)
74.9914 	EXP 	stimulus: text = '<<><<'
74.9914 	EXP 	fixation: autoDraw = True
75.1761 	EXP 	Device response: <KeyPress from None: t=74.96959959999998, value=right, duration=0.19289050000003272>
75.4759 	EXP 	stimulus: autoDraw = True
75.4925 	EXP 	fixation: autoDraw = False
78.0101 	EXP 	Device response: <KeyPress from None: t=78.00681420000001, value=left, duration=None>
78.0105 	EXP 	New trial (rep=8, index=2): <Trial 34 (2 in rep 8) data={'trialno': np.int64(1), 'Condition': 'C', 'Stimulus': '<<<<<', 'Target': '<', 'Correct_resp': 'left', 'thisN': 34, 'thisTrialN': 2, 'thisRepN': 8}>
78.0165 	DATA 	Keypress: left
78.0264 	INFO 	Keyboard events cleared
78.0262 	EXP 	fixation: autoDraw = False
78.0262 	EXP 	stimulus: autoDraw = False
78.0262 	EXP 	stimulus: height = np.float64(0.2)
78.0262 	EXP 	stimulus: height = np.float64(0.2)
78.0262 	EXP 	stimulus: height = np.float64(0.2)
78.0262 	EXP 	stimulus: text = '<<<<<'
78.0262 	EXP 	fixation: autoDraw = True
78.1592 	EXP 	Device response: <KeyPress from None: t=78.00681420000001, value=left, duration=0.13936730000000352>
78.5257 	EXP 	fixation: autoDraw = False
78.5257 	EXP 	stimulus: autoDraw = True
79.2760 	EXP 	Device response: <KeyPress from None: t=79.26873210000002, value=left, duration=None>
79.2763 	EXP 	New trial (rep=8, index=3): <Trial 35 (3 in rep 8) data={'trialno': np.int64(3), 'Condition': 'I', 'Stimulus': '>>><>', 'Target': '<', 'Correct_resp': 'left', 'thisN': 35, 'thisTrialN': 3, 'thisRepN': 8}>
79.2800 	DATA 	Keypress: left
79.2929 	INFO 	Keyboard events cleared
79.2928 	EXP 	fixation: autoDraw = False
79.2928 	EXP 	stimulus: autoDraw = False
79.2928 	EXP 	stimulus: height = np.float64(0.2)
79.2928 	EXP 	stimulus: height = np.float64(0.2)
79.2928 	EXP 	stimulus: height = np.float64(0.2)
79.2928 	EXP 	stimulus: text = '>>><>'
79.2928 	EXP 	fixation: autoDraw = True
79.4592 	EXP 	Device response: <KeyPress from None: t=79.26873210000002, value=left, duration=0.17722369999995635>
79.7761 	EXP 	stimulus: autoDraw = True
79.7925 	EXP 	fixation: autoDraw = False
82.6427 	EXP 	Device response: <KeyPress from None: t=82.64014860000003, value=right, duration=None>
82.6430 	EXP 	New trial (rep=9, index=0): <Trial 36 (0 in rep 9) data={'trialno': np.int64(2), 'Condition': 'C', 'Stimulus': '>>>>>', 'Target': '> ', 'Correct_resp': 'right', 'thisN': 36, 'thisTrialN': 0, 'thisRepN': 9}>
82.6472 	DATA 	Keypress: right
82.6592 	INFO 	Keyboard events cleared
82.6590 	EXP 	fixation: autoDraw = False
82.6590 	EXP 	stimulus: autoDraw = False
82.6590 	EXP 	stimulus: height = np.float64(0.2)
82.6590 	EXP 	stimulus: height = np.float64(0.2)
82.6590 	EXP 	stimulus: height = np.float64(0.2)
82.6590 	EXP 	stimulus: text = '>>>>>'
82.6590 	EXP 	fixation: autoDraw = True
82.8605 	EXP 	Device response: <KeyPress from None: t=82.64014860000003, value=right, duration=0.20807279999996808>
83.1426 	EXP 	stimulus: autoDraw = True
83.1592 	EXP 	fixation: autoDraw = False
83.7929 	EXP 	Device response: <KeyPress from None: t=83.77742940000002, value=right, duration=None>
83.7933 	EXP 	New trial (rep=9, index=1): <Trial 37 (1 in rep 9) data={'trialno': np.int64(4), 'Condition': 'I', 'Stimulus': '<<><<', 'Target': '> ', 'Correct_resp': 'right', 'thisN': 37, 'thisTrialN': 1, 'thisRepN': 9}>
83.7973 	DATA 	Keypress: right
83.8094 	INFO 	Keyboard events cleared
83.8093 	EXP 	fixation: autoDraw = False
83.8093 	EXP 	stimulus: autoDraw = False
83.8093 	EXP 	stimulus: height = np.float64(0.2)
83.8093 	EXP 	stimulus: height = np.float64(0.2)
83.8093 	EXP 	stimulus: height = np.float64(0.2)
83.8093 	EXP 	stimulus: text = '<<><<'
83.8093 	EXP 	fixation: autoDraw = True
83.9761 	EXP 	Device response: <KeyPress from None: t=83.77742940000002, value=right, duration=0.18904979999996385>
84.2924 	EXP 	stimulus: autoDraw = True
84.3098 	EXP 	fixation: autoDraw = False
86.9276 	DATA 	Keypress: left
86.9430 	EXP 	Device response: <KeyPress from None: t=86.92671840000003, value=left, duration=None>
86.9433 	EXP 	New trial (rep=9, index=2): <Trial 38 (2 in rep 9) data={'trialno': np.int64(3), 'Condition': 'I', 'Stimulus': '>>><>', 'Target': '<', 'Correct_resp': 'left', 'thisN': 38, 'thisTrialN': 2, 'thisRepN': 9}>
86.9594 	INFO 	Keyboard events cleared
86.9592 	EXP 	fixation: autoDraw = False
86.9592 	EXP 	stimulus: autoDraw = False
86.9592 	EXP 	stimulus: height = np.float64(0.2)
86.9592 	EXP 	stimulus: height = np.float64(0.2)
86.9592 	EXP 	stimulus: height = np.float64(0.2)
86.9592 	EXP 	stimulus: text = '>>><>'
86.9592 	EXP 	fixation: autoDraw = True
87.1100 	EXP 	Device response: <KeyPress from None: t=86.92671840000003, value=left, duration=0.17438749999996617>
87.4423 	EXP 	stimulus: autoDraw = True
87.4599 	EXP 	fixation: autoDraw = False
89.2934 	EXP 	Device response: <KeyPress from None: t=89.29124039999999, value=right, duration=None>
89.2938 	EXP 	New trial (rep=9, index=3): <Trial 39 (3 in rep 9) data={'trialno': np.int64(1), 'Condition': 'C', 'Stimulus': '<<<<<', 'Target': '<', 'Correct_resp': 'left', 'thisN': 39, 'thisTrialN': 3, 'thisRepN': 9}>
89.2981 	DATA 	Keypress: right
89.3092 	INFO 	Keyboard events cleared
89.3091 	EXP 	fixation: autoDraw = False
89.3091 	EXP 	stimulus: autoDraw = False
89.3091 	EXP 	stimulus: height = np.float64(0.2)
89.3091 	EXP 	stimulus: height = np.float64(0.2)
89.3091 	EXP 	stimulus: height = np.float64(0.2)
89.3091 	EXP 	stimulus: text = '<<<<<'
89.3091 	EXP 	fixation: autoDraw = True
89.4764 	EXP 	Device response: <KeyPress from None: t=89.29124039999999, value=right, duration=0.17006270000001678>
89.8091 	EXP 	fixation: autoDraw = False
89.8091 	EXP 	stimulus: autoDraw = True
90.8427 	EXP 	Device response: <KeyPress from None: t=90.8352916, value=right, duration=None>
90.8431 	EXP 	New trial (rep=10, index=0): <Trial 40 (0 in rep 10) data={'trialno': np.int64(3), 'Condition': 'I', 'Stimulus': '>>><>', 'Target': '<', 'Correct_resp': 'left', 'thisN': 40, 'thisTrialN': 0, 'thisRepN': 10}>
90.8468 	DATA 	Keypress: right
90.8595 	INFO 	Keyboard events cleared
90.8593 	EXP 	fixation: autoDraw = False
90.8593 	EXP 	stimulus: autoDraw = False
90.8593 	EXP 	stimulus: height = np.float64(0.2)
90.8593 	EXP 	stimulus: height = np.float64(0.2)
90.8593 	EXP 	stimulus: height = np.float64(0.2)
90.8593 	EXP 	stimulus: text = '>>><>'
90.8593 	EXP 	fixation: autoDraw = True
91.0426 	EXP 	Device response: <KeyPress from None: t=90.8352916, value=right, duration=0.19966820000001917>
91.3427 	EXP 	stimulus: autoDraw = True
91.3589 	EXP 	fixation: autoDraw = False
93.3597 	EXP 	Device response: <KeyPress from None: t=93.34850549999999, value=right, duration=None>
93.3601 	EXP 	New trial (rep=10, index=1): <Trial 41 (1 in rep 10) data={'trialno': np.int64(2), 'Condition': 'C', 'Stimulus': '>>>>>', 'Target': '> ', 'Correct_resp': 'right', 'thisN': 41, 'thisTrialN': 1, 'thisRepN': 10}>
93.3638 	DATA 	Keypress: right
93.3760 	INFO 	Keyboard events cleared
93.3758 	EXP 	fixation: autoDraw = False
93.3758 	EXP 	stimulus: autoDraw = False
93.3758 	EXP 	stimulus: height = np.float64(0.2)
93.3758 	EXP 	stimulus: height = np.float64(0.2)
93.3758 	EXP 	stimulus: height = np.float64(0.2)
93.3758 	EXP 	stimulus: text = '>>>>>'
93.3758 	EXP 	fixation: autoDraw = True
93.5596 	EXP 	Device response: <KeyPress from None: t=93.34850549999999, value=right, duration=0.2015453000000207>
93.8591 	EXP 	stimulus: autoDraw = True
93.8758 	EXP 	fixation: autoDraw = False
94.4096 	EXP 	Device response: <KeyPress from None: t=94.39838040000001, value=right, duration=None>
94.4099 	EXP 	New trial (rep=10, index=2): <Trial 42 (2 in rep 10) data={'trialno': np.int64(4), 'Condition': 'I', 'Stimulus': '<<><<', 'Target': '> ', 'Correct_resp': 'right', 'thisN': 42, 'thisTrialN': 2, 'thisRepN': 10}>
94.4141 	DATA 	Keypress: right
94.4260 	INFO 	Keyboard events cleared
94.4259 	EXP 	fixation: autoDraw = False
94.4259 	EXP 	stimulus: autoDraw = False
94.4259 	EXP 	stimulus: height = np.float64(0.2)
94.4259 	EXP 	stimulus: height = np.float64(0.2)
94.4259 	EXP 	stimulus: height = np.float64(0.2)
94.4259 	EXP 	stimulus: text = '<<><<'
94.4259 	EXP 	fixation: autoDraw = True
94.5929 	EXP 	Device response: <KeyPress from None: t=94.39838040000001, value=right, duration=0.1778734999999756>
94.9092 	EXP 	stimulus: autoDraw = True
94.9261 	EXP 	fixation: autoDraw = False
96.4092 	EXP 	Device response: <KeyPress from None: t=96.40624240000005, value=left, duration=None>
96.4096 	EXP 	New trial (rep=10, index=3): <Trial 43 (3 in rep 10) data={'trialno': np.int64(1), 'Condition': 'C', 'Stimulus': '<<<<<', 'Target': '<', 'Correct_resp': 'left', 'thisN': 43, 'thisTrialN': 3, 'thisRepN': 10}>
96.4131 	DATA 	Keypress: left
96.4261 	INFO 	Keyboard events cleared
96.4259 	EXP 	fixation: autoDraw = False
96.4259 	EXP 	stimulus: autoDraw = False
96.4259 	EXP 	stimulus: height = np.float64(0.2)
96.4259 	EXP 	stimulus: height = np.float64(0.2)
96.4259 	EXP 	stimulus: height = np.float64(0.2)
96.4259 	EXP 	stimulus: text = '<<<<<'
96.4259 	EXP 	fixation: autoDraw = True
96.5765 	EXP 	Device response: <KeyPress from None: t=96.40624240000005, value=left, duration=0.16765299999997296>
96.9093 	EXP 	stimulus: autoDraw = True
96.9259 	EXP 	fixation: autoDraw = False
97.5764 	EXP 	Device response: <KeyPress from None: t=97.56588470000003, value=left, duration=None>
97.5767 	EXP 	New trial (rep=11, index=0): <Trial 44 (0 in rep 11) data={'trialno': np.int64(3), 'Condition': 'I', 'Stimulus': '>>><>', 'Target': '<', 'Correct_resp': 'left', 'thisN': 44, 'thisTrialN': 0, 'thisRepN': 11}>
97.5802 	DATA 	Keypress: left
97.5925 	INFO 	Keyboard events cleared
97.5923 	EXP 	fixation: autoDraw = False
97.5923 	EXP 	stimulus: autoDraw = False
97.5923 	EXP 	stimulus: height = np.float64(0.2)
97.5923 	EXP 	stimulus: height = np.float64(0.2)
97.5923 	EXP 	stimulus: height = np.float64(0.2)
97.5923 	EXP 	stimulus: text = '>>><>'
97.5923 	EXP 	fixation: autoDraw = True
97.7260 	EXP 	Device response: <KeyPress from None: t=97.56588470000003, value=left, duration=0.1562256999999363>
98.0760 	EXP 	stimulus: autoDraw = True
98.0927 	EXP 	fixation: autoDraw = False
99.9433 	EXP 	Device response: <KeyPress from None: t=99.9321081, value=right, duration=None>
99.9436 	EXP 	New trial (rep=11, index=1): <Trial 45 (1 in rep 11) data={'trialno': np.int64(4), 'Condition': 'I', 'Stimulus': '<<><<', 'Target': '> ', 'Correct_resp': 'right', 'thisN': 45, 'thisTrialN': 1, 'thisRepN': 11}>
99.9477 	DATA 	Keypress: right
99.9590 	INFO 	Keyboard events cleared
99.9588 	EXP 	fixation: autoDraw = False
99.9588 	EXP 	stimulus: autoDraw = False
99.9588 	EXP 	stimulus: height = np.float64(0.2)
99.9588 	EXP 	stimulus: height = np.float64(0.2)
99.9588 	EXP 	stimulus: height = np.float64(0.2)
99.9588 	EXP 	stimulus: text = '<<><<'
99.9588 	EXP 	fixation: autoDraw = True
100.0933 	EXP 	Device response: <KeyPress from None: t=99.9321081, value=right, duration=0.15863790000003064>
100.4595 	EXP 	fixation: autoDraw = False
100.4595 	EXP 	stimulus: autoDraw = True
103.4933 	EXP 	Device response: <KeyPress from None: t=103.49280219999997, value=left, duration=None>
103.4938 	EXP 	New trial (rep=11, index=2): <Trial 46 (2 in rep 11) data={'trialno': np.int64(2), 'Condition': 'C', 'Stimulus': '>>>>>', 'Target': '> ', 'Correct_resp': 'right', 'thisN': 46, 'thisTrialN': 2, 'thisRepN': 11}>
103.4974 	DATA 	Keypress: left
103.5094 	INFO 	Keyboard events cleared
103.5092 	EXP 	fixation: autoDraw = False
103.5092 	EXP 	stimulus: autoDraw = False
103.5092 	EXP 	stimulus: height = np.float64(0.2)
103.5092 	EXP 	stimulus: height = np.float64(0.2)
103.5092 	EXP 	stimulus: height = np.float64(0.2)
103.5092 	EXP 	stimulus: text = '>>>>>'
103.5092 	EXP 	fixation: autoDraw = True
103.6597 	EXP 	Device response: <KeyPress from None: t=103.49280219999997, value=left, duration=0.15096100000005208>
103.9927 	EXP 	stimulus: autoDraw = True
104.0095 	EXP 	fixation: autoDraw = False
104.6428 	EXP 	Device response: <KeyPress from None: t=104.63963910000001, value=right, duration=None>
104.6431 	EXP 	New trial (rep=11, index=3): <Trial 47 (3 in rep 11) data={'trialno': np.int64(1), 'Condition': 'C', 'Stimulus': '<<<<<', 'Target': '<', 'Correct_resp': 'left', 'thisN': 47, 'thisTrialN': 3, 'thisRepN': 11}>
104.6467 	DATA 	Keypress: right
104.6592 	INFO 	Keyboard events cleared
104.6590 	EXP 	fixation: autoDraw = False
104.6590 	EXP 	stimulus: autoDraw = False
104.6590 	EXP 	stimulus: height = np.float64(0.2)
104.6590 	EXP 	stimulus: height = np.float64(0.2)
104.6590 	EXP 	stimulus: height = np.float64(0.2)
104.6590 	EXP 	stimulus: text = '<<<<<'
104.6590 	EXP 	fixation: autoDraw = True
104.7932 	EXP 	Device response: <KeyPress from None: t=104.63963910000001, value=right, duration=0.1508089999999811>
105.1427 	EXP 	stimulus: autoDraw = True
105.1594 	EXP 	fixation: autoDraw = False
106.5265 	EXP 	Device response: <KeyPress from None: t=106.52590990000004, value=left, duration=None>
106.5268 	EXP 	New trial (rep=12, index=0): <Trial 48 (0 in rep 12) data={'trialno': np.int64(4), 'Condition': 'I', 'Stimulus': '<<><<', 'Target': '> ', 'Correct_resp': 'right', 'thisN': 48, 'thisTrialN': 0, 'thisRepN': 12}>
106.5309 	DATA 	Keypress: left
106.5427 	INFO 	Keyboard events cleared
106.5425 	EXP 	fixation: autoDraw = False
106.5425 	EXP 	stimulus: autoDraw = False
106.5425 	EXP 	stimulus: height = np.float64(0.2)
106.5425 	EXP 	stimulus: height = np.float64(0.2)
106.5425 	EXP 	stimulus: height = np.float64(0.2)
106.5425 	EXP 	stimulus: text = '<<><<'
106.5425 	EXP 	fixation: autoDraw = True
106.6931 	EXP 	Device response: <KeyPress from None: t=106.52590990000004, value=left, duration=0.15808989999993628>
107.0261 	EXP 	stimulus: autoDraw = True
107.0426 	EXP 	fixation: autoDraw = False
110.3430 	EXP 	Device response: <KeyPress from None: t=110.33240800000004, value=right, duration=None>
110.3434 	EXP 	New trial (rep=12, index=1): <Trial 49 (1 in rep 12) data={'trialno': np.int64(1), 'Condition': 'C', 'Stimulus': '<<<<<', 'Target': '<', 'Correct_resp': 'left', 'thisN': 49, 'thisTrialN': 1, 'thisRepN': 12}>
110.3471 	DATA 	Keypress: right
110.3593 	INFO 	Keyboard events cleared
110.3591 	EXP 	fixation: autoDraw = False
110.3591 	EXP 	stimulus: autoDraw = False
110.3591 	EXP 	stimulus: height = np.float64(0.2)
110.3591 	EXP 	stimulus: height = np.float64(0.2)
110.3591 	EXP 	stimulus: height = np.float64(0.2)
110.3591 	EXP 	stimulus: text = '<<<<<'
110.3591 	EXP 	fixation: autoDraw = True
110.5430 	EXP 	Device response: <KeyPress from None: t=110.33240800000004, value=right, duration=0.19970890000001873>
110.8429 	EXP 	stimulus: autoDraw = True
110.8593 	EXP 	fixation: autoDraw = False
111.5930 	EXP 	Device response: <KeyPress from None: t=111.578014, value=left, duration=None>
111.5933 	EXP 	New trial (rep=12, index=2): <Trial 50 (2 in rep 12) data={'trialno': np.int64(3), 'Condition': 'I', 'Stimulus': '>>><>', 'Target': '<', 'Correct_resp': 'left', 'thisN': 50, 'thisTrialN': 2, 'thisRepN': 12}>
111.5971 	DATA 	Keypress: left
111.6094 	INFO 	Keyboard events cleared
111.6092 	EXP 	fixation: autoDraw = False
111.6092 	EXP 	stimulus: autoDraw = False
111.6092 	EXP 	stimulus: height = np.float64(0.2)
111.6092 	EXP 	stimulus: height = np.float64(0.2)
111.6092 	EXP 	stimulus: height = np.float64(0.2)
111.6092 	EXP 	stimulus: text = '>>><>'
111.6092 	EXP 	fixation: autoDraw = True
111.7930 	EXP 	Device response: <KeyPress from None: t=111.578014, value=left, duration=0.21213330000000497>
112.0927 	EXP 	stimulus: autoDraw = True
112.1093 	EXP 	fixation: autoDraw = False
113.7467 	EXP 	Device response: <KeyPress from None: t=113.73438389999995, value=left, duration=None>
113.7471 	EXP 	New trial (rep=12, index=3): <Trial 51 (3 in rep 12) data={'trialno': np.int64(2), 'Condition': 'C', 'Stimulus': '>>>>>', 'Target': '> ', 'Correct_resp': 'right', 'thisN': 51, 'thisTrialN': 3, 'thisRepN': 12}>
113.7512 	DATA 	Keypress: left
113.7601 	INFO 	Keyboard events cleared
113.7599 	EXP 	fixation: autoDraw = False
113.7599 	EXP 	stimulus: autoDraw = False
113.7599 	EXP 	stimulus: height = np.float64(0.2)
113.7599 	EXP 	stimulus: height = np.float64(0.2)
113.7599 	EXP 	stimulus: height = np.float64(0.2)
113.7599 	EXP 	stimulus: text = '>>>>>'
113.7599 	EXP 	fixation: autoDraw = True
113.8939 	EXP 	Device response: <KeyPress from None: t=113.73438389999995, value=left, duration=0.15634060000002137>
114.2594 	EXP 	fixation: autoDraw = False
114.2594 	EXP 	stimulus: autoDraw = True
115.1096 	EXP 	Device response: <KeyPress from None: t=115.10567640000005, value=left, duration=None>
115.1100 	EXP 	New trial (rep=13, index=0): <Trial 52 (0 in rep 13) data={'trialno': np.int64(4), 'Condition': 'I', 'Stimulus': '<<><<', 'Target': '> ', 'Correct_resp': 'right', 'thisN': 52, 'thisTrialN': 0, 'thisRepN': 13}>
115.1135 	DATA 	Keypress: left
115.1262 	INFO 	Keyboard events cleared
115.1261 	EXP 	fixation: autoDraw = False
115.1261 	EXP 	stimulus: autoDraw = False
115.1261 	EXP 	stimulus: height = np.float64(0.2)
115.1261 	EXP 	stimulus: height = np.float64(0.2)
115.1261 	EXP 	stimulus: height = np.float64(0.2)
115.1261 	EXP 	stimulus: text = '<<><<'
115.1261 	EXP 	fixation: autoDraw = True
115.2760 	EXP 	Device response: <KeyPress from None: t=115.10567640000005, value=left, duration=0.15699769999991986>
115.6092 	EXP 	stimulus: autoDraw = True
115.6259 	EXP 	fixation: autoDraw = False
118.3098 	EXP 	Device response: <KeyPress from None: t=118.3028496, value=right, duration=None>
118.3102 	EXP 	New trial (rep=13, index=1): <Trial 53 (1 in rep 13) data={'trialno': np.int64(1), 'Condition': 'C', 'Stimulus': '<<<<<', 'Target': '<', 'Correct_resp': 'left', 'thisN': 53, 'thisTrialN': 1, 'thisRepN': 13}>
118.3141 	DATA 	Keypress: right
118.3260 	INFO 	Keyboard events cleared
118.3259 	EXP 	fixation: autoDraw = False
118.3259 	EXP 	stimulus: autoDraw = False
118.3259 	EXP 	stimulus: height = np.float64(0.2)
118.3259 	EXP 	stimulus: height = np.float64(0.2)
118.3259 	EXP 	stimulus: height = np.float64(0.2)
118.3259 	EXP 	stimulus: text = '<<<<<'
118.3259 	EXP 	fixation: autoDraw = True
118.5097 	EXP 	Device response: <KeyPress from None: t=118.3028496, value=right, duration=0.19670610000002853>
118.8094 	EXP 	stimulus: autoDraw = True
118.8261 	EXP 	fixation: autoDraw = False
119.3099 	EXP 	Device response: <KeyPress from None: t=119.3029747, value=left, duration=None>
119.3102 	EXP 	New trial (rep=13, index=2): <Trial 54 (2 in rep 13) data={'trialno': np.int64(3), 'Condition': 'I', 'Stimulus': '>>><>', 'Target': '<', 'Correct_resp': 'left', 'thisN': 54, 'thisTrialN': 2, 'thisRepN': 13}>
119.3144 	DATA 	Keypress: left
119.3261 	INFO 	Keyboard events cleared
119.3260 	EXP 	fixation: autoDraw = False
119.3260 	EXP 	stimulus: autoDraw = False
119.3260 	EXP 	stimulus: height = np.float64(0.2)
119.3260 	EXP 	stimulus: height = np.float64(0.2)
119.3260 	EXP 	stimulus: height = np.float64(0.2)
119.3260 	EXP 	stimulus: text = '>>><>'
119.3260 	EXP 	fixation: autoDraw = True
119.4763 	EXP 	Device response: <KeyPress from None: t=119.3029747, value=left, duration=0.15744170000004942>
119.8262 	EXP 	fixation: autoDraw = False
119.8262 	EXP 	stimulus: autoDraw = True
121.3768 	EXP 	Device response: <KeyPress from None: t=121.36986380000002, value=right, duration=None>
121.3771 	EXP 	New trial (rep=13, index=3): <Trial 55 (3 in rep 13) data={'trialno': np.int64(2), 'Condition': 'C', 'Stimulus': '>>>>>', 'Target': '> ', 'Correct_resp': 'right', 'thisN': 55, 'thisTrialN': 3, 'thisRepN': 13}>
121.3806 	DATA 	Keypress: right
121.3930 	INFO 	Keyboard events cleared
121.3928 	EXP 	fixation: autoDraw = False
121.3928 	EXP 	stimulus: autoDraw = False
121.3928 	EXP 	stimulus: height = np.float64(0.2)
121.3928 	EXP 	stimulus: height = np.float64(0.2)
121.3928 	EXP 	stimulus: height = np.float64(0.2)
121.3928 	EXP 	stimulus: text = '>>>>>'
121.3928 	EXP 	fixation: autoDraw = True
121.5601 	EXP 	Device response: <KeyPress from None: t=121.36986380000002, value=right, duration=0.1855378999999857>
121.8926 	EXP 	fixation: autoDraw = False
121.8926 	EXP 	stimulus: autoDraw = True
122.8762 	EXP 	Device response: <KeyPress from None: t=122.87305180000004, value=right, duration=None>
122.8766 	EXP 	New trial (rep=14, index=0): <Trial 56 (0 in rep 14) data={'trialno': np.int64(1), 'Condition': 'C', 'Stimulus': '<<<<<', 'Target': '<', 'Correct_resp': 'left', 'thisN': 56, 'thisTrialN': 0, 'thisRepN': 14}>
122.8801 	DATA 	Keypress: right
122.8925 	INFO 	Keyboard events cleared
122.8924 	EXP 	fixation: autoDraw = False
122.8924 	EXP 	stimulus: autoDraw = False
122.8924 	EXP 	stimulus: height = np.float64(0.2)
122.8924 	EXP 	stimulus: height = np.float64(0.2)
122.8924 	EXP 	stimulus: height = np.float64(0.2)
122.8924 	EXP 	stimulus: text = '<<<<<'
122.8924 	EXP 	fixation: autoDraw = True
123.0427 	EXP 	Device response: <KeyPress from None: t=122.87305180000004, value=right, duration=0.1548225999999886>
123.3761 	EXP 	stimulus: autoDraw = True
123.3929 	EXP 	fixation: autoDraw = False
124.4427 	EXP 	Device response: <KeyPress from None: t=124.44002470000004, value=left, duration=None>
124.4432 	EXP 	New trial (rep=14, index=1): <Trial 57 (1 in rep 14) data={'trialno': np.int64(3), 'Condition': 'I', 'Stimulus': '>>><>', 'Target': '<', 'Correct_resp': 'left', 'thisN': 57, 'thisTrialN': 1, 'thisRepN': 14}>
124.4472 	DATA 	Keypress: left
124.4595 	INFO 	Keyboard events cleared
124.4593 	EXP 	fixation: autoDraw = False
124.4593 	EXP 	stimulus: autoDraw = False
124.4593 	EXP 	stimulus: height = np.float64(0.2)
124.4593 	EXP 	stimulus: height = np.float64(0.2)
124.4593 	EXP 	stimulus: height = np.float64(0.2)
124.4593 	EXP 	stimulus: text = '>>><>'
124.4593 	EXP 	fixation: autoDraw = True
124.5931 	EXP 	Device response: <KeyPress from None: t=124.44002470000004, value=left, duration=0.1424982999999429>
124.9428 	EXP 	stimulus: autoDraw = True
124.9594 	EXP 	fixation: autoDraw = False
127.2611 	DATA 	Keypress: left
127.2767 	EXP 	Device response: <KeyPress from None: t=127.26054170000003, value=left, duration=None>
127.2770 	EXP 	New trial (rep=14, index=2): <Trial 58 (2 in rep 14) data={'trialno': np.int64(2), 'Condition': 'C', 'Stimulus': '>>>>>', 'Target': '> ', 'Correct_resp': 'right', 'thisN': 58, 'thisTrialN': 2, 'thisRepN': 14}>
127.2933 	INFO 	Keyboard events cleared
127.2931 	EXP 	fixation: autoDraw = False
127.2931 	EXP 	stimulus: autoDraw = False
127.2931 	EXP 	stimulus: height = np.float64(0.2)
127.2931 	EXP 	stimulus: height = np.float64(0.2)
127.2931 	EXP 	stimulus: height = np.float64(0.2)
127.2931 	EXP 	stimulus: text = '>>>>>'
127.2931 	EXP 	fixation: autoDraw = True
127.4099 	EXP 	Device response: <KeyPress from None: t=127.26054170000003, value=left, duration=0.1471217999999226>
127.7928 	EXP 	fixation: autoDraw = False
127.7928 	EXP 	stimulus: autoDraw = True
128.5931 	EXP 	Device response: <KeyPress from None: t=128.5804748, value=right, duration=None>
128.5934 	EXP 	New trial (rep=14, index=3): <Trial 59 (3 in rep 14) data={'trialno': np.int64(4), 'Condition': 'I', 'Stimulus': '<<><<', 'Target': '> ', 'Correct_resp': 'right', 'thisN': 59, 'thisTrialN': 3, 'thisRepN': 14}>
128.5971 	DATA 	Keypress: right
128.6095 	INFO 	Keyboard events cleared
128.6093 	EXP 	fixation: autoDraw = False
128.6093 	EXP 	stimulus: autoDraw = False
128.6093 	EXP 	stimulus: height = np.float64(0.2)
128.6093 	EXP 	stimulus: height = np.float64(0.2)
128.6093 	EXP 	stimulus: height = np.float64(0.2)
128.6093 	EXP 	stimulus: text = '<<><<'
128.6093 	EXP 	fixation: autoDraw = True
128.7769 	EXP 	Device response: <KeyPress from None: t=128.5804748, value=right, duration=0.18011060000003454>
129.0926 	EXP 	stimulus: autoDraw = True
129.1094 	EXP 	fixation: autoDraw = False
132.6598 	EXP 	Device response: <KeyPress from None: t=132.65008110000002, value=left, duration=None>
132.6601 	EXP 	New trial (rep=15, index=0): <Trial 60 (0 in rep 15) data={'trialno': np.int64(3), 'Condition': 'I', 'Stimulus': '>>><>', 'Target': '<', 'Correct_resp': 'left', 'thisN': 60, 'thisTrialN': 0, 'thisRepN': 15}>
132.6643 	DATA 	Keypress: left
132.6757 	INFO 	Keyboard events cleared
132.6756 	EXP 	fixation: autoDraw = False
132.6756 	EXP 	stimulus: autoDraw = False
132.6756 	EXP 	stimulus: height = np.float64(0.2)
132.6756 	EXP 	stimulus: height = np.float64(0.2)
132.6756 	EXP 	stimulus: height = np.float64(0.2)
132.6756 	EXP 	stimulus: text = '>>><>'
132.6756 	EXP 	fixation: autoDraw = True
132.8097 	EXP 	Device response: <KeyPress from None: t=132.65008110000002, value=left, duration=0.14362069999992855>
133.1595 	EXP 	stimulus: autoDraw = True
133.1764 	EXP 	fixation: autoDraw = False
134.5264 	EXP 	Device response: <KeyPress from None: t=134.52307860000002, value=right, duration=None>
134.5268 	EXP 	New trial (rep=15, index=1): <Trial 61 (1 in rep 15) data={'trialno': np.int64(2), 'Condition': 'C', 'Stimulus': '>>>>>', 'Target': '> ', 'Correct_resp': 'right', 'thisN': 61, 'thisTrialN': 1, 'thisRepN': 15}>
134.5304 	DATA 	Keypress: right
134.5430 	INFO 	Keyboard events cleared
134.5429 	EXP 	fixation: autoDraw = False
134.5429 	EXP 	stimulus: autoDraw = False
134.5429 	EXP 	stimulus: height = np.float64(0.2)
134.5429 	EXP 	stimulus: height = np.float64(0.2)
134.5429 	EXP 	stimulus: height = np.float64(0.2)
134.5429 	EXP 	stimulus: text = '>>>>>'
134.5429 	EXP 	fixation: autoDraw = True
134.6936 	EXP 	Device response: <KeyPress from None: t=134.52307860000002, value=right, duration=0.1623750999999629>
135.0261 	EXP 	stimulus: autoDraw = True
135.0429 	EXP 	fixation: autoDraw = False
135.6265 	EXP 	Device response: <KeyPress from None: t=135.6124395, value=right, duration=None>
135.6269 	EXP 	New trial (rep=15, index=2): <Trial 62 (2 in rep 15) data={'trialno': np.int64(1), 'Condition': 'C', 'Stimulus': '<<<<<', 'Target': '<', 'Correct_resp': 'left', 'thisN': 62, 'thisTrialN': 2, 'thisRepN': 15}>
135.6307 	DATA 	Keypress: right
135.6429 	INFO 	Keyboard events cleared
135.6428 	EXP 	fixation: autoDraw = False
135.6428 	EXP 	stimulus: autoDraw = False
135.6428 	EXP 	stimulus: height = np.float64(0.2)
135.6428 	EXP 	stimulus: height = np.float64(0.2)
135.6428 	EXP 	stimulus: height = np.float64(0.2)
135.6428 	EXP 	stimulus: text = '<<<<<'
135.6428 	EXP 	fixation: autoDraw = True
135.7930 	EXP 	Device response: <KeyPress from None: t=135.6124395, value=right, duration=0.17800920000001952>
136.1261 	EXP 	stimulus: autoDraw = True
136.1427 	EXP 	fixation: autoDraw = False
137.0100 	EXP 	Device response: <KeyPress from None: t=136.99851099999995, value=left, duration=None>
137.0103 	EXP 	New trial (rep=15, index=3): <Trial 63 (3 in rep 15) data={'trialno': np.int64(4), 'Condition': 'I', 'Stimulus': '<<><<', 'Target': '> ', 'Correct_resp': 'right', 'thisN': 63, 'thisTrialN': 3, 'thisRepN': 15}>
137.0143 	DATA 	Keypress: left
137.0261 	INFO 	Keyboard events cleared
137.0259 	EXP 	fixation: autoDraw = False
137.0259 	EXP 	stimulus: autoDraw = False
137.0259 	EXP 	stimulus: height = np.float64(0.2)
137.0259 	EXP 	stimulus: height = np.float64(0.2)
137.0259 	EXP 	stimulus: height = np.float64(0.2)
137.0259 	EXP 	stimulus: text = '<<><<'
137.0259 	EXP 	fixation: autoDraw = True
137.1268 	EXP 	Device response: <KeyPress from None: t=136.99851099999995, value=left, duration=0.1256716000000324>
137.5095 	EXP 	stimulus: autoDraw = True
137.5261 	EXP 	fixation: autoDraw = False
139.7102 	EXP 	Device response: <KeyPress from None: t=139.7091969, value=right, duration=None>
139.7106 	EXP 	New trial (rep=16, index=0): <Trial 64 (0 in rep 16) data={'trialno': np.int64(2), 'Condition': 'C', 'Stimulus': '>>>>>', 'Target': '> ', 'Correct_resp': 'right', 'thisN': 64, 'thisTrialN': 0, 'thisRepN': 16}>
139.7143 	DATA 	Keypress: right
139.7259 	INFO 	Keyboard events cleared
139.7257 	EXP 	fixation: autoDraw = False
139.7257 	EXP 	stimulus: autoDraw = False
139.7257 	EXP 	stimulus: height = np.float64(0.2)
139.7257 	EXP 	stimulus: height = np.float64(0.2)
139.7257 	EXP 	stimulus: height = np.float64(0.2)
139.7257 	EXP 	stimulus: text = '>>>>>'
139.7257 	EXP 	fixation: autoDraw = True
139.8935 	EXP 	Device response: <KeyPress from None: t=139.7091969, value=right, duration=0.1780561000000489>
140.2260 	EXP 	fixation: autoDraw = False
140.2260 	EXP 	stimulus: autoDraw = True
140.7435 	EXP 	Device response: <KeyPress from None: t=140.74085680000002, value=right, duration=None>
140.7439 	EXP 	New trial (rep=16, index=1): <Trial 65 (1 in rep 16) data={'trialno': np.int64(1), 'Condition': 'C', 'Stimulus': '<<<<<', 'Target': '<', 'Correct_resp': 'left', 'thisN': 65, 'thisTrialN': 1, 'thisRepN': 16}>
140.7476 	DATA 	Keypress: right
140.7593 	INFO 	Keyboard events cleared
140.7592 	EXP 	fixation: autoDraw = False
140.7592 	EXP 	stimulus: autoDraw = False
140.7592 	EXP 	stimulus: height = np.float64(0.2)
140.7592 	EXP 	stimulus: height = np.float64(0.2)
140.7592 	EXP 	stimulus: height = np.float64(0.2)
140.7592 	EXP 	stimulus: text = '<<<<<'
140.7592 	EXP 	fixation: autoDraw = True
140.9265 	EXP 	Device response: <KeyPress from None: t=140.74085680000002, value=right, duration=0.17059840000001714>
141.2596 	EXP 	fixation: autoDraw = False
141.2596 	EXP 	stimulus: autoDraw = True
142.4281 	DATA 	Keypress: left
142.4434 	EXP 	Device response: <KeyPress from None: t=142.42658439999997, value=left, duration=None>
142.4438 	EXP 	New trial (rep=16, index=2): <Trial 66 (2 in rep 16) data={'trialno': np.int64(4), 'Condition': 'I', 'Stimulus': '<<><<', 'Target': '> ', 'Correct_resp': 'right', 'thisN': 66, 'thisTrialN': 2, 'thisRepN': 16}>
142.4597 	INFO 	Keyboard events cleared
142.4595 	EXP 	fixation: autoDraw = False
142.4595 	EXP 	stimulus: autoDraw = False
142.4595 	EXP 	stimulus: height = np.float64(0.2)
142.4595 	EXP 	stimulus: height = np.float64(0.2)
142.4595 	EXP 	stimulus: height = np.float64(0.2)
142.4595 	EXP 	stimulus: text = '<<><<'
142.4595 	EXP 	fixation: autoDraw = True
142.5595 	EXP 	Device response: <KeyPress from None: t=142.42658439999997, value=left, duration=0.12031290000004446>
142.9428 	EXP 	stimulus: autoDraw = True
142.9594 	EXP 	fixation: autoDraw = False
146.4601 	EXP 	Device response: <KeyPress from None: t=146.4553431, value=left, duration=None>
146.4605 	EXP 	New trial (rep=16, index=3): <Trial 67 (3 in rep 16) data={'trialno': np.int64(3), 'Condition': 'I', 'Stimulus': '>>><>', 'Target': '<', 'Correct_resp': 'left', 'thisN': 67, 'thisTrialN': 3, 'thisRepN': 16}>
146.4640 	DATA 	Keypress: left
146.4762 	INFO 	Keyboard events cleared
146.4761 	EXP 	fixation: autoDraw = False
146.4761 	EXP 	stimulus: autoDraw = False
146.4761 	EXP 	stimulus: height = np.float64(0.2)
146.4761 	EXP 	stimulus: height = np.float64(0.2)
146.4761 	EXP 	stimulus: height = np.float64(0.2)
146.4761 	EXP 	stimulus: text = '>>><>'
146.4761 	EXP 	fixation: autoDraw = True
146.6432 	EXP 	Device response: <KeyPress from None: t=146.4553431, value=left, duration=0.1723703000000114>
146.9594 	EXP 	stimulus: autoDraw = True
146.9762 	EXP 	fixation: autoDraw = False
150.6934 	EXP 	Device response: <KeyPress from None: t=150.68298539999995, value=left, duration=None>
150.6937 	EXP 	New trial (rep=17, index=0): <Trial 68 (0 in rep 17) data={'trialno': np.int64(2), 'Condition': 'C', 'Stimulus': '>>>>>', 'Target': '> ', 'Correct_resp': 'right', 'thisN': 68, 'thisTrialN': 0, 'thisRepN': 17}>
150.6975 	DATA 	Keypress: left
150.7096 	INFO 	Keyboard events cleared
150.7094 	EXP 	fixation: autoDraw = False
150.7094 	EXP 	stimulus: autoDraw = False
150.7094 	EXP 	stimulus: height = np.float64(0.2)
150.7094 	EXP 	stimulus: height = np.float64(0.2)
150.7094 	EXP 	stimulus: height = np.float64(0.2)
150.7094 	EXP 	stimulus: text = '>>>>>'
150.7094 	EXP 	fixation: autoDraw = True
150.8602 	EXP 	Device response: <KeyPress from None: t=150.68298539999995, value=left, duration=0.16081770000005235>
151.1929 	EXP 	stimulus: autoDraw = True
151.2093 	EXP 	fixation: autoDraw = False
151.7428 	EXP 	Device response: <KeyPress from None: t=151.7395843, value=right, duration=None>
151.7431 	EXP 	New trial (rep=17, index=1): <Trial 69 (1 in rep 17) data={'trialno': np.int64(1), 'Condition': 'C', 'Stimulus': '<<<<<', 'Target': '<', 'Correct_resp': 'left', 'thisN': 69, 'thisTrialN': 1, 'thisRepN': 17}>
151.7471 	DATA 	Keypress: right
151.7597 	INFO 	Keyboard events cleared
151.7595 	EXP 	fixation: autoDraw = False
151.7595 	EXP 	stimulus: autoDraw = False
151.7595 	EXP 	stimulus: height = np.float64(0.2)
151.7595 	EXP 	stimulus: height = np.float64(0.2)
151.7595 	EXP 	stimulus: height = np.float64(0.2)
151.7595 	EXP 	stimulus: text = '<<<<<'
151.7595 	EXP 	fixation: autoDraw = True
151.9439 	EXP 	Device response: <KeyPress from None: t=151.7395843, value=right, duration=0.1901077999999643>
152.2427 	EXP 	stimulus: autoDraw = True
152.2596 	EXP 	fixation: autoDraw = False
152.9433 	EXP 	Device response: <KeyPress from None: t=152.92895000000004, value=left, duration=None>
152.9438 	EXP 	New trial (rep=17, index=2): <Trial 70 (2 in rep 17) data={'trialno': np.int64(3), 'Condition': 'I', 'Stimulus': '>>><>', 'Target': '<', 'Correct_resp': 'left', 'thisN': 70, 'thisTrialN': 2, 'thisRepN': 17}>
152.9476 	DATA 	Keypress: left
152.9600 	INFO 	Keyboard events cleared
152.9598 	EXP 	fixation: autoDraw = False
152.9598 	EXP 	stimulus: autoDraw = False
152.9598 	EXP 	stimulus: height = np.float64(0.2)
152.9598 	EXP 	stimulus: height = np.float64(0.2)
152.9598 	EXP 	stimulus: height = np.float64(0.2)
152.9598 	EXP 	stimulus: text = '>>><>'
152.9598 	EXP 	fixation: autoDraw = True
153.0766 	EXP 	Device response: <KeyPress from None: t=152.92895000000004, value=left, duration=0.13292999999998756>
153.4426 	EXP 	stimulus: autoDraw = True
153.4592 	EXP 	fixation: autoDraw = False
154.4431 	EXP 	Device response: <KeyPress from None: t=154.4393154, value=left, duration=None>
154.4434 	EXP 	New trial (rep=17, index=3): <Trial 71 (3 in rep 17) data={'trialno': np.int64(4), 'Condition': 'I', 'Stimulus': '<<><<', 'Target': '> ', 'Correct_resp': 'right', 'thisN': 71, 'thisTrialN': 3, 'thisRepN': 17}>
154.4470 	DATA 	Keypress: left
154.4598 	INFO 	Keyboard events cleared
154.4596 	EXP 	fixation: autoDraw = False
154.4596 	EXP 	stimulus: autoDraw = False
154.4596 	EXP 	stimulus: height = np.float64(0.2)
154.4596 	EXP 	stimulus: height = np.float64(0.2)
154.4596 	EXP 	stimulus: height = np.float64(0.2)
154.4596 	EXP 	stimulus: text = '<<><<'
154.4596 	EXP 	fixation: autoDraw = True
154.6267 	EXP 	Device response: <KeyPress from None: t=154.4393154, value=left, duration=0.17031169999995655>
154.9428 	EXP 	stimulus: autoDraw = True
154.9597 	EXP 	fixation: autoDraw = False
156.4933 	EXP 	Device response: <KeyPress from None: t=156.48204630000004, value=right, duration=None>
156.4937 	EXP 	New trial (rep=18, index=0): <Trial 72 (0 in rep 18) data={'trialno': np.int64(2), 'Condition': 'C', 'Stimulus': '>>>>>', 'Target': '> ', 'Correct_resp': 'right', 'thisN': 72, 'thisTrialN': 0, 'thisRepN': 18}>
156.4979 	DATA 	Keypress: right
156.5098 	INFO 	Keyboard events cleared
156.5097 	EXP 	fixation: autoDraw = False
156.5097 	EXP 	stimulus: autoDraw = False
156.5097 	EXP 	stimulus: height = np.float64(0.2)
156.5097 	EXP 	stimulus: height = np.float64(0.2)
156.5097 	EXP 	stimulus: height = np.float64(0.2)
156.5097 	EXP 	stimulus: text = '>>>>>'
156.5097 	EXP 	fixation: autoDraw = True
156.6766 	EXP 	Device response: <KeyPress from None: t=156.48204630000004, value=right, duration=0.185531200000014>
156.9927 	EXP 	stimulus: autoDraw = True
157.0096 	EXP 	fixation: autoDraw = False
158.6615 	DATA 	Keypress: right
158.6768 	EXP 	Device response: <KeyPress from None: t=158.6600633, value=right, duration=None>
158.6772 	EXP 	New trial (rep=18, index=1): <Trial 73 (1 in rep 18) data={'trialno': np.int64(1), 'Condition': 'C', 'Stimulus': '<<<<<', 'Target': '<', 'Correct_resp': 'left', 'thisN': 73, 'thisTrialN': 1, 'thisRepN': 18}>
158.6927 	INFO 	Keyboard events cleared
158.6925 	EXP 	fixation: autoDraw = False
158.6925 	EXP 	stimulus: autoDraw = False
158.6925 	EXP 	stimulus: height = np.float64(0.2)
158.6925 	EXP 	stimulus: height = np.float64(0.2)
158.6925 	EXP 	stimulus: height = np.float64(0.2)
158.6925 	EXP 	stimulus: text = '<<<<<'
158.6925 	EXP 	fixation: autoDraw = True
158.8432 	EXP 	Device response: <KeyPress from None: t=158.6600633, value=right, duration=0.176472399999966>
159.1929 	EXP 	fixation: autoDraw = False
159.1929 	EXP 	stimulus: autoDraw = True
159.8100 	EXP 	Device response: <KeyPress from None: t=159.80027869999998, value=left, duration=None>
159.8103 	EXP 	New trial (rep=18, index=2): <Trial 74 (2 in rep 18) data={'trialno': np.int64(3), 'Condition': 'I', 'Stimulus': '>>><>', 'Target': '<', 'Correct_resp': 'left', 'thisN': 74, 'thisTrialN': 2, 'thisRepN': 18}>
159.8142 	DATA 	Keypress: left
159.8264 	INFO 	Keyboard events cleared
159.8262 	EXP 	fixation: autoDraw = False
159.8262 	EXP 	stimulus: autoDraw = False
159.8262 	EXP 	stimulus: height = np.float64(0.2)
159.8262 	EXP 	stimulus: height = np.float64(0.2)
159.8262 	EXP 	stimulus: height = np.float64(0.2)
159.8262 	EXP 	stimulus: text = '>>><>'
159.8262 	EXP 	fixation: autoDraw = True
159.9601 	EXP 	Device response: <KeyPress from None: t=159.80027869999998, value=left, duration=0.15507960000002186>
160.3094 	EXP 	stimulus: autoDraw = True
160.3262 	EXP 	fixation: autoDraw = False
161.9435 	EXP 	Device response: <KeyPress from None: t=161.93739780000004, value=right, duration=None>
161.9439 	EXP 	New trial (rep=18, index=3): <Trial 75 (3 in rep 18) data={'trialno': np.int64(4), 'Condition': 'I', 'Stimulus': '<<><<', 'Target': '> ', 'Correct_resp': 'right', 'thisN': 75, 'thisTrialN': 3, 'thisRepN': 18}>
161.9480 	DATA 	Keypress: right
161.9596 	INFO 	Keyboard events cleared
161.9595 	EXP 	fixation: autoDraw = False
161.9595 	EXP 	stimulus: autoDraw = False
161.9595 	EXP 	stimulus: height = np.float64(0.2)
161.9595 	EXP 	stimulus: height = np.float64(0.2)
161.9595 	EXP 	stimulus: height = np.float64(0.2)
161.9595 	EXP 	stimulus: text = '<<><<'
161.9595 	EXP 	fixation: autoDraw = True
162.1104 	EXP 	Device response: <KeyPress from None: t=161.93739780000004, value=right, duration=0.17133819999992284>
162.4426 	EXP 	stimulus: autoDraw = True
162.4595 	EXP 	fixation: autoDraw = False
163.9110 	DATA 	Keypress: right
163.9268 	EXP 	Device response: <KeyPress from None: t=163.909782, value=right, duration=None>
163.9271 	EXP 	New trial (rep=19, index=0): <Trial 76 (0 in rep 19) data={'trialno': np.int64(1), 'Condition': 'C', 'Stimulus': '<<<<<', 'Target': '<', 'Correct_resp': 'left', 'thisN': 76, 'thisTrialN': 0, 'thisRepN': 19}>
163.9431 	INFO 	Keyboard events cleared
163.9429 	EXP 	fixation: autoDraw = False
163.9429 	EXP 	stimulus: autoDraw = False
163.9429 	EXP 	stimulus: height = np.float64(0.2)
163.9429 	EXP 	stimulus: height = np.float64(0.2)
163.9429 	EXP 	stimulus: height = np.float64(0.2)
163.9429 	EXP 	stimulus: text = '<<<<<'
163.9429 	EXP 	fixation: autoDraw = True
164.1433 	EXP 	Device response: <KeyPress from None: t=163.909782, value=right, duration=0.21905289999995148>
164.4262 	EXP 	stimulus: autoDraw = True
164.4437 	EXP 	fixation: autoDraw = False
165.4433 	EXP 	Device response: <KeyPress from None: t=165.43039389999996, value=left, duration=None>
165.4436 	EXP 	New trial (rep=19, index=1): <Trial 77 (1 in rep 19) data={'trialno': np.int64(4), 'Condition': 'I', 'Stimulus': '<<><<', 'Target': '> ', 'Correct_resp': 'right', 'thisN': 77, 'thisTrialN': 1, 'thisRepN': 19}>
165.4473 	DATA 	Keypress: left
165.4597 	INFO 	Keyboard events cleared
165.4596 	EXP 	fixation: autoDraw = False
165.4596 	EXP 	stimulus: autoDraw = False
165.4596 	EXP 	stimulus: height = np.float64(0.2)
165.4596 	EXP 	stimulus: height = np.float64(0.2)
165.4596 	EXP 	stimulus: height = np.float64(0.2)
165.4596 	EXP 	stimulus: text = '<<><<'
165.4596 	EXP 	fixation: autoDraw = True
165.6433 	EXP 	Device response: <KeyPress from None: t=165.43039389999996, value=left, duration=0.19637410000007094>
165.9432 	EXP 	stimulus: autoDraw = True
165.9595 	EXP 	fixation: autoDraw = False
166.3104 	EXP 	Device response: <KeyPress from None: t=166.30998530000005, value=right, duration=None>
166.3109 	EXP 	New trial (rep=19, index=2): <Trial 78 (2 in rep 19) data={'trialno': np.int64(3), 'Condition': 'I', 'Stimulus': '>>><>', 'Target': '<', 'Correct_resp': 'left', 'thisN': 78, 'thisTrialN': 2, 'thisRepN': 19}>
166.3150 	DATA 	Keypress: right
166.3262 	INFO 	Keyboard events cleared
166.3261 	EXP 	fixation: autoDraw = False
166.3261 	EXP 	stimulus: autoDraw = False
166.3261 	EXP 	stimulus: height = np.float64(0.2)
166.3261 	EXP 	stimulus: height = np.float64(0.2)
166.3261 	EXP 	stimulus: height = np.float64(0.2)
166.3261 	EXP 	stimulus: text = '>>><>'
166.3261 	EXP 	fixation: autoDraw = True
166.5091 	EXP 	Device response: <KeyPress from None: t=166.30998530000005, value=right, duration=0.18985019999990982>
166.8264 	EXP 	fixation: autoDraw = False
166.8264 	EXP 	stimulus: autoDraw = True
169.1600 	EXP 	Device response: <KeyPress from None: t=169.14731439999997, value=right, duration=None>
169.1604 	EXP 	New trial (rep=19, index=3): <Trial 79 (3 in rep 19) data={'trialno': np.int64(2), 'Condition': 'C', 'Stimulus': '>>>>>', 'Target': '> ', 'Correct_resp': 'right', 'thisN': 79, 'thisTrialN': 3, 'thisRepN': 19}>
169.1641 	DATA 	Keypress: right
169.1766 	INFO 	Keyboard events cleared
169.1764 	EXP 	fixation: autoDraw = False
169.1764 	EXP 	stimulus: autoDraw = False
169.1764 	EXP 	stimulus: height = np.float64(0.2)
169.1764 	EXP 	stimulus: height = np.float64(0.2)
169.1764 	EXP 	stimulus: height = np.float64(0.2)
169.1764 	EXP 	stimulus: text = '>>>>>'
169.1764 	EXP 	fixation: autoDraw = True
169.3436 	EXP 	Device response: <KeyPress from None: t=169.14731439999997, value=right, duration=0.19567040000004>
169.6592 	EXP 	stimulus: autoDraw = True
169.6764 	EXP 	fixation: autoDraw = False
170.2933 	EXP 	Device response: <KeyPress from None: t=170.28079299999996, value=right, duration=None>
170.2936 	EXP 	New trial (rep=20, index=0): <Trial 80 (0 in rep 20) data={'trialno': np.int64(1), 'Condition': 'C', 'Stimulus': '<<<<<', 'Target': '<', 'Correct_resp': 'left', 'thisN': 80, 'thisTrialN': 0, 'thisRepN': 20}>
170.2975 	DATA 	Keypress: right
170.3097 	INFO 	Keyboard events cleared
170.3096 	EXP 	fixation: autoDraw = False
170.3096 	EXP 	stimulus: autoDraw = False
170.3096 	EXP 	stimulus: height = np.float64(0.2)
170.3096 	EXP 	stimulus: height = np.float64(0.2)
170.3096 	EXP 	stimulus: height = np.float64(0.2)
170.3096 	EXP 	stimulus: text = '<<<<<'
170.3096 	EXP 	fixation: autoDraw = True
170.5099 	EXP 	Device response: <KeyPress from None: t=170.28079299999996, value=right, duration=0.22010820000002695>
170.7929 	EXP 	stimulus: autoDraw = True
170.8093 	EXP 	fixation: autoDraw = False
171.1932 	EXP 	Device response: <KeyPress from None: t=171.18948840000002, value=left, duration=None>
171.1935 	EXP 	New trial (rep=20, index=1): <Trial 81 (1 in rep 20) data={'trialno': np.int64(3), 'Condition': 'I', 'Stimulus': '>>><>', 'Target': '<', 'Correct_resp': 'left', 'thisN': 81, 'thisTrialN': 1, 'thisRepN': 20}>
171.1976 	DATA 	Keypress: left
171.2097 	INFO 	Keyboard events cleared
171.2095 	EXP 	fixation: autoDraw = False
171.2095 	EXP 	stimulus: autoDraw = False
171.2095 	EXP 	stimulus: height = np.float64(0.2)
171.2095 	EXP 	stimulus: height = np.float64(0.2)
171.2095 	EXP 	stimulus: height = np.float64(0.2)
171.2095 	EXP 	stimulus: text = '>>><>'
171.2095 	EXP 	fixation: autoDraw = True
171.3936 	EXP 	Device response: <KeyPress from None: t=171.18948840000002, value=left, duration=0.18803270000000794>
171.6927 	EXP 	stimulus: autoDraw = True
171.7095 	EXP 	fixation: autoDraw = False
174.3769 	EXP 	Device response: <KeyPress from None: t=174.3620196, value=left, duration=None>
174.3774 	EXP 	New trial (rep=20, index=2): <Trial 82 (2 in rep 20) data={'trialno': np.int64(4), 'Condition': 'I', 'Stimulus': '<<><<', 'Target': '> ', 'Correct_resp': 'right', 'thisN': 82, 'thisTrialN': 2, 'thisRepN': 20}>
174.3809 	DATA 	Keypress: left
174.3932 	INFO 	Keyboard events cleared
174.3930 	EXP 	fixation: autoDraw = False
174.3930 	EXP 	stimulus: autoDraw = False
174.3930 	EXP 	stimulus: height = np.float64(0.2)
174.3930 	EXP 	stimulus: height = np.float64(0.2)
174.3930 	EXP 	stimulus: height = np.float64(0.2)
174.3930 	EXP 	stimulus: text = '<<><<'
174.3930 	EXP 	fixation: autoDraw = True
174.5766 	EXP 	Device response: <KeyPress from None: t=174.3620196, value=left, duration=0.2032698000000437>
174.8764 	EXP 	stimulus: autoDraw = True
174.8927 	EXP 	fixation: autoDraw = False
178.3434 	EXP 	Device response: <KeyPress from None: t=178.32923620000003, value=left, duration=None>
178.3438 	EXP 	New trial (rep=20, index=3): <Trial 83 (3 in rep 20) data={'trialno': np.int64(2), 'Condition': 'C', 'Stimulus': '>>>>>', 'Target': '> ', 'Correct_resp': 'right', 'thisN': 83, 'thisTrialN': 3, 'thisRepN': 20}>
178.3475 	DATA 	Keypress: left
178.3597 	INFO 	Keyboard events cleared
178.3596 	EXP 	fixation: autoDraw = False
178.3596 	EXP 	stimulus: autoDraw = False
178.3596 	EXP 	stimulus: height = np.float64(0.2)
178.3596 	EXP 	stimulus: height = np.float64(0.2)
178.3596 	EXP 	stimulus: height = np.float64(0.2)
178.3596 	EXP 	stimulus: text = '>>>>>'
178.3596 	EXP 	fixation: autoDraw = True
178.5270 	EXP 	Device response: <KeyPress from None: t=178.32923620000003, value=left, duration=0.1917008000000351>
178.8597 	EXP 	fixation: autoDraw = False
178.8597 	EXP 	stimulus: autoDraw = True
179.4601 	EXP 	Device response: <KeyPress from None: t=179.4563261, value=right, duration=None>
179.4604 	EXP 	New trial (rep=21, index=0): <Trial 84 (0 in rep 21) data={'trialno': np.int64(1), 'Condition': 'C', 'Stimulus': '<<<<<', 'Target': '<', 'Correct_resp': 'left', 'thisN': 84, 'thisTrialN': 0, 'thisRepN': 21}>
179.4644 	DATA 	Keypress: right
179.4763 	INFO 	Keyboard events cleared
179.4761 	EXP 	fixation: autoDraw = False
179.4761 	EXP 	stimulus: autoDraw = False
179.4761 	EXP 	stimulus: height = np.float64(0.2)
179.4761 	EXP 	stimulus: height = np.float64(0.2)
179.4761 	EXP 	stimulus: height = np.float64(0.2)
179.4761 	EXP 	stimulus: text = '<<<<<'
179.4761 	EXP 	fixation: autoDraw = True
179.6101 	EXP 	Device response: <KeyPress from None: t=179.4563261, value=right, duration=0.14925110000001496>
179.9595 	EXP 	stimulus: autoDraw = True
179.9765 	EXP 	fixation: autoDraw = False
180.8450 	DATA 	Keypress: left
180.8602 	EXP 	Device response: <KeyPress from None: t=180.8433591, value=left, duration=None>
180.8605 	EXP 	New trial (rep=21, index=1): <Trial 85 (1 in rep 21) data={'trialno': np.int64(2), 'Condition': 'C', 'Stimulus': '>>>>>', 'Target': '> ', 'Correct_resp': 'right', 'thisN': 85, 'thisTrialN': 1, 'thisRepN': 21}>
180.8764 	INFO 	Keyboard events cleared
180.8763 	EXP 	fixation: autoDraw = False
180.8763 	EXP 	stimulus: autoDraw = False
180.8763 	EXP 	stimulus: height = np.float64(0.2)
180.8763 	EXP 	stimulus: height = np.float64(0.2)
180.8763 	EXP 	stimulus: height = np.float64(0.2)
180.8763 	EXP 	stimulus: text = '>>>>>'
180.8763 	EXP 	fixation: autoDraw = True
180.9931 	EXP 	Device response: <KeyPress from None: t=180.8433591, value=left, duration=0.14252129999999852>
181.3596 	EXP 	stimulus: autoDraw = True
181.3763 	EXP 	fixation: autoDraw = False
181.9600 	EXP 	Device response: <KeyPress from None: t=181.95137900000003, value=right, duration=None>
181.9604 	EXP 	New trial (rep=21, index=2): <Trial 86 (2 in rep 21) data={'trialno': np.int64(4), 'Condition': 'I', 'Stimulus': '<<><<', 'Target': '> ', 'Correct_resp': 'right', 'thisN': 86, 'thisTrialN': 2, 'thisRepN': 21}>
181.9641 	DATA 	Keypress: right
181.9765 	INFO 	Keyboard events cleared
181.9763 	EXP 	fixation: autoDraw = False
181.9763 	EXP 	stimulus: autoDraw = False
181.9763 	EXP 	stimulus: height = np.float64(0.2)
181.9763 	EXP 	stimulus: height = np.float64(0.2)
181.9763 	EXP 	stimulus: height = np.float64(0.2)
181.9763 	EXP 	stimulus: text = '<<><<'
181.9763 	EXP 	fixation: autoDraw = True
182.1434 	EXP 	Device response: <KeyPress from None: t=181.95137900000003, value=right, duration=0.18538949999992838>
182.4596 	EXP 	stimulus: autoDraw = True
182.4764 	EXP 	fixation: autoDraw = False
184.2603 	EXP 	Device response: <KeyPress from None: t=184.2449671, value=right, duration=None>
184.2607 	EXP 	New trial (rep=21, index=3): <Trial 87 (3 in rep 21) data={'trialno': np.int64(3), 'Condition': 'I', 'Stimulus': '>>><>', 'Target': '<', 'Correct_resp': 'left', 'thisN': 87, 'thisTrialN': 3, 'thisRepN': 21}>
184.2650 	DATA 	Keypress: right
184.2764 	INFO 	Keyboard events cleared
184.2762 	EXP 	fixation: autoDraw = False
184.2762 	EXP 	stimulus: autoDraw = False
184.2762 	EXP 	stimulus: height = np.float64(0.2)
184.2762 	EXP 	stimulus: height = np.float64(0.2)
184.2762 	EXP 	stimulus: height = np.float64(0.2)
184.2762 	EXP 	stimulus: text = '>>><>'
184.2762 	EXP 	fixation: autoDraw = True
184.4102 	EXP 	Device response: <KeyPress from None: t=184.2449671, value=right, duration=0.14861759999996593>
184.7764 	EXP 	fixation: autoDraw = False
184.7764 	EXP 	stimulus: autoDraw = True
188.7435 	EXP 	Device response: <KeyPress from None: t=188.73006490000006, value=left, duration=None>
188.7439 	EXP 	New trial (rep=22, index=0): <Trial 88 (0 in rep 22) data={'trialno': np.int64(3), 'Condition': 'I', 'Stimulus': '>>><>', 'Target': '<', 'Correct_resp': 'left', 'thisN': 88, 'thisTrialN': 0, 'thisRepN': 22}>
188.7451 	DATA 	Keypress: left
188.7598 	INFO 	Keyboard events cleared
188.7596 	EXP 	fixation: autoDraw = False
188.7596 	EXP 	stimulus: autoDraw = False
188.7596 	EXP 	stimulus: text = '>>><>'
188.7596 	EXP 	fixation: autoDraw = True
188.8934 	EXP 	Device response: <KeyPress from None: t=188.73006490000006, value=left, duration=0.1481731999999738>
189.2431 	EXP 	stimulus: autoDraw = True
189.2596 	EXP 	fixation: autoDraw = False
191.0104 	EXP 	Device response: <KeyPress from None: t=191.0011341, value=left, duration=None>
191.0108 	EXP 	New trial (rep=22, index=1): <Trial 89 (1 in rep 22) data={'trialno': np.int64(1), 'Condition': 'C', 'Stimulus': '<<<<<', 'Target': '<', 'Correct_resp': 'left', 'thisN': 89, 'thisTrialN': 1, 'thisRepN': 22}>
191.0144 	DATA 	Keypress: left
191.0264 	INFO 	Keyboard events cleared
191.0262 	EXP 	fixation: autoDraw = False
191.0262 	EXP 	stimulus: autoDraw = False
191.0262 	EXP 	stimulus: height = np.float64(0.2)
191.0262 	EXP 	stimulus: height = np.float64(0.2)
191.0262 	EXP 	stimulus: height = np.float64(0.2)
191.0262 	EXP 	stimulus: text = '<<<<<'
191.0262 	EXP 	fixation: autoDraw = True
191.1433 	EXP 	Device response: <KeyPress from None: t=191.0011341, value=left, duration=0.13827679999997144>
191.5099 	EXP 	stimulus: autoDraw = True
191.5266 	EXP 	fixation: autoDraw = False
192.1769 	EXP 	Device response: <KeyPress from None: t=192.1709828, value=left, duration=None>
192.1773 	EXP 	New trial (rep=22, index=2): <Trial 90 (2 in rep 22) data={'trialno': np.int64(2), 'Condition': 'C', 'Stimulus': '>>>>>', 'Target': '> ', 'Correct_resp': 'right', 'thisN': 90, 'thisTrialN': 2, 'thisRepN': 22}>
192.1809 	DATA 	Keypress: left
192.1931 	INFO 	Keyboard events cleared
192.1929 	EXP 	fixation: autoDraw = False
192.1929 	EXP 	stimulus: autoDraw = False
192.1929 	EXP 	stimulus: height = np.float64(0.2)
192.1929 	EXP 	stimulus: height = np.float64(0.2)
192.1929 	EXP 	stimulus: height = np.float64(0.2)
192.1929 	EXP 	stimulus: text = '>>>>>'
192.1929 	EXP 	fixation: autoDraw = True
192.3435 	EXP 	Device response: <KeyPress from None: t=192.1709828, value=left, duration=0.15629730000000563>
192.6763 	EXP 	stimulus: autoDraw = True
192.6933 	EXP 	fixation: autoDraw = False
193.6451 	DATA 	Keypress: right
193.6605 	EXP 	Device response: <KeyPress from None: t=193.64380220000004, value=right, duration=None>
193.6609 	EXP 	New trial (rep=22, index=3): <Trial 91 (3 in rep 22) data={'trialno': np.int64(4), 'Condition': 'I', 'Stimulus': '<<><<', 'Target': '> ', 'Correct_resp': 'right', 'thisN': 91, 'thisTrialN': 3, 'thisRepN': 22}>
193.6764 	INFO 	Keyboard events cleared
193.6762 	EXP 	fixation: autoDraw = False
193.6762 	EXP 	stimulus: autoDraw = False
193.6762 	EXP 	stimulus: height = np.float64(0.2)
193.6762 	EXP 	stimulus: height = np.float64(0.2)
193.6762 	EXP 	stimulus: height = np.float64(0.2)
193.6762 	EXP 	stimulus: text = '<<><<'
193.6762 	EXP 	fixation: autoDraw = True
193.8444 	EXP 	Device response: <KeyPress from None: t=193.64380220000004, value=right, duration=0.19761740000001282>
194.1763 	EXP 	fixation: autoDraw = False
194.1763 	EXP 	stimulus: autoDraw = True
196.4762 	EXP 	Device response: <KeyPress from None: t=196.4684431, value=right, duration=None>
196.4766 	EXP 	New trial (rep=23, index=0): <Trial 92 (0 in rep 23) data={'trialno': np.int64(4), 'Condition': 'I', 'Stimulus': '<<><<', 'Target': '> ', 'Correct_resp': 'right', 'thisN': 92, 'thisTrialN': 0, 'thisRepN': 23}>
196.4779 	DATA 	Keypress: right
196.4924 	INFO 	Keyboard events cleared
196.4923 	EXP 	fixation: autoDraw = False
196.4923 	EXP 	stimulus: autoDraw = False
196.4923 	EXP 	stimulus: text = '<<><<'
196.4923 	EXP 	fixation: autoDraw = True
196.6601 	EXP 	Device response: <KeyPress from None: t=196.4684431, value=right, duration=0.18210999999996602>
196.9763 	EXP 	stimulus: autoDraw = True
196.9931 	EXP 	fixation: autoDraw = False
199.8103 	EXP 	Device response: <KeyPress from None: t=199.80761149999995, value=left, duration=None>
199.8107 	EXP 	New trial (rep=23, index=1): <Trial 93 (1 in rep 23) data={'trialno': np.int64(3), 'Condition': 'I', 'Stimulus': '>>><>', 'Target': '<', 'Correct_resp': 'left', 'thisN': 93, 'thisTrialN': 1, 'thisRepN': 23}>
199.8143 	DATA 	Keypress: left
199.8262 	INFO 	Keyboard events cleared
199.8260 	EXP 	fixation: autoDraw = False
199.8260 	EXP 	stimulus: autoDraw = False
199.8260 	EXP 	stimulus: height = np.float64(0.2)
199.8260 	EXP 	stimulus: height = np.float64(0.2)
199.8260 	EXP 	stimulus: height = np.float64(0.2)
199.8260 	EXP 	stimulus: text = '>>><>'
199.8260 	EXP 	fixation: autoDraw = True
199.9099 	EXP 	Device response: <KeyPress from None: t=199.80761149999995, value=left, duration=0.09945220000008703>
200.3096 	EXP 	stimulus: autoDraw = True
200.3262 	EXP 	fixation: autoDraw = False
202.1433 	EXP 	Device response: <KeyPress from None: t=202.13063560000006, value=left, duration=None>
202.1436 	EXP 	New trial (rep=23, index=2): <Trial 94 (2 in rep 23) data={'trialno': np.int64(1), 'Condition': 'C', 'Stimulus': '<<<<<', 'Target': '<', 'Correct_resp': 'left', 'thisN': 94, 'thisTrialN': 2, 'thisRepN': 23}>
202.1480 	DATA 	Keypress: left
202.1597 	INFO 	Keyboard events cleared
202.1595 	EXP 	fixation: autoDraw = False
202.1595 	EXP 	stimulus: autoDraw = False
202.1595 	EXP 	stimulus: height = np.float64(0.2)
202.1595 	EXP 	stimulus: height = np.float64(0.2)
202.1595 	EXP 	stimulus: height = np.float64(0.2)
202.1595 	EXP 	stimulus: text = '<<<<<'
202.1595 	EXP 	fixation: autoDraw = True
202.3434 	EXP 	Device response: <KeyPress from None: t=202.13063560000006, value=left, duration=0.20076819999997042>
202.6467 	EXP 	stimulus: autoDraw = True
202.6615 	EXP 	fixation: autoDraw = False
203.1607 	EXP 	Device response: <KeyPress from None: t=203.14885299999997, value=left, duration=None>
203.1611 	EXP 	New trial (rep=23, index=3): <Trial 95 (3 in rep 23) data={'trialno': np.int64(2), 'Condition': 'C', 'Stimulus': '>>>>>', 'Target': '> ', 'Correct_resp': 'right', 'thisN': 95, 'thisTrialN': 3, 'thisRepN': 23}>
203.1650 	DATA 	Keypress: left
203.1770 	INFO 	Keyboard events cleared
203.1768 	EXP 	fixation: autoDraw = False
203.1768 	EXP 	stimulus: autoDraw = False
203.1768 	EXP 	stimulus: height = np.float64(0.2)
203.1768 	EXP 	stimulus: height = np.float64(0.2)
203.1768 	EXP 	stimulus: height = np.float64(0.2)
203.1768 	EXP 	stimulus: text = '>>>>>'
203.1768 	EXP 	fixation: autoDraw = True
203.3274 	EXP 	Device response: <KeyPress from None: t=203.14885299999997, value=left, duration=0.1729757000000518>
203.6603 	EXP 	stimulus: autoDraw = True
203.6767 	EXP 	fixation: autoDraw = False
204.5252 	EXP 	Device response: <KeyPress from None: t=204.5127306, value=right, duration=None>
204.5255 	EXP 	New trial (rep=24, index=0): <Trial 96 (0 in rep 24) data={'trialno': np.int64(4), 'Condition': 'I', 'Stimulus': '<<><<', 'Target': '> ', 'Correct_resp': 'right', 'thisN': 96, 'thisTrialN': 0, 'thisRepN': 24}>
204.5291 	DATA 	Keypress: right
204.5416 	INFO 	Keyboard events cleared
204.5415 	EXP 	fixation: autoDraw = False
204.5415 	EXP 	stimulus: autoDraw = False
204.5415 	EXP 	stimulus: height = np.float64(0.2)
204.5415 	EXP 	stimulus: height = np.float64(0.2)
204.5415 	EXP 	stimulus: height = np.float64(0.2)
204.5415 	EXP 	stimulus: text = '<<><<'
204.5415 	EXP 	fixation: autoDraw = True
204.7246 	EXP 	Device response: <KeyPress from None: t=204.5127306, value=right, duration=0.2007211999999754>
205.0265 	EXP 	stimulus: autoDraw = True
205.0431 	EXP 	fixation: autoDraw = False
206.6934 	EXP 	Device response: <KeyPress from None: t=206.69040709999996, value=right, duration=None>
206.6938 	EXP 	New trial (rep=24, index=1): <Trial 97 (1 in rep 24) data={'trialno': np.int64(1), 'Condition': 'C', 'Stimulus': '<<<<<', 'Target': '<', 'Correct_resp': 'left', 'thisN': 97, 'thisTrialN': 1, 'thisRepN': 24}>
206.6981 	DATA 	Keypress: right
206.7099 	INFO 	Keyboard events cleared
206.7097 	EXP 	fixation: autoDraw = False
206.7097 	EXP 	stimulus: autoDraw = False
206.7097 	EXP 	stimulus: height = np.float64(0.2)
206.7097 	EXP 	stimulus: height = np.float64(0.2)
206.7097 	EXP 	stimulus: height = np.float64(0.2)
206.7097 	EXP 	stimulus: text = '<<<<<'
206.7097 	EXP 	fixation: autoDraw = True
206.9099 	EXP 	Device response: <KeyPress from None: t=206.69040709999996, value=right, duration=0.20359110000003966>
207.1933 	EXP 	stimulus: autoDraw = True
207.2100 	EXP 	fixation: autoDraw = False
207.9607 	EXP 	Device response: <KeyPress from None: t=207.95367189999996, value=left, duration=None>
207.9610 	EXP 	New trial (rep=24, index=2): <Trial 98 (2 in rep 24) data={'trialno': np.int64(2), 'Condition': 'C', 'Stimulus': '>>>>>', 'Target': '> ', 'Correct_resp': 'right', 'thisN': 98, 'thisTrialN': 2, 'thisRepN': 24}>
207.9649 	DATA 	Keypress: left
207.9764 	INFO 	Keyboard events cleared
207.9762 	EXP 	fixation: autoDraw = False
207.9762 	EXP 	stimulus: autoDraw = False
207.9762 	EXP 	stimulus: height = np.float64(0.2)
207.9762 	EXP 	stimulus: height = np.float64(0.2)
207.9762 	EXP 	stimulus: height = np.float64(0.2)
207.9762 	EXP 	stimulus: text = '>>>>>'
207.9762 	EXP 	fixation: autoDraw = True
208.1431 	EXP 	Device response: <KeyPress from None: t=207.95367189999996, value=left, duration=0.18215780000002724>
208.4765 	EXP 	fixation: autoDraw = False
208.4765 	EXP 	stimulus: autoDraw = True
209.0277 	EXP 	Device response: <KeyPress from None: t=209.02569520000003, value=right, duration=None>
209.0280 	EXP 	New trial (rep=24, index=3): <Trial 99 (3 in rep 24) data={'trialno': np.int64(3), 'Condition': 'I', 'Stimulus': '>>><>', 'Target': '<', 'Correct_resp': 'left', 'thisN': 99, 'thisTrialN': 3, 'thisRepN': 24}>
209.0317 	DATA 	Keypress: right
209.0430 	INFO 	Keyboard events cleared
209.0428 	EXP 	fixation: autoDraw = False
209.0428 	EXP 	stimulus: autoDraw = False
209.0428 	EXP 	stimulus: height = np.float64(0.2)
209.0428 	EXP 	stimulus: height = np.float64(0.2)
209.0428 	EXP 	stimulus: height = np.float64(0.2)
209.0428 	EXP 	stimulus: text = '>>><>'
209.0428 	EXP 	fixation: autoDraw = True
209.2100 	EXP 	Device response: <KeyPress from None: t=209.02569520000003, value=right, duration=0.1808846999999787>
209.5432 	EXP 	fixation: autoDraw = False
209.5432 	EXP 	stimulus: autoDraw = True
211.6601 	EXP 	Device response: <KeyPress from None: t=211.65201829999995, value=right, duration=None>
211.6611 	DATA 	Keypress: right
211.6763 	EXP 	fixation: autoDraw = False
211.6763 	EXP 	stimulus: autoDraw = False
211.6766 	EXP 	flankers_task_final: status = STOPPED
211.7204 	INFO 	saved data to 'C:\\Users\\DELL\\Desktop\\psychopie_final\\solo project\\data\\par_2_flankers_task_final_2025-11-10_09h14.34.311.csv'
211.7244 	INFO 	saved data to C:\Users\DELL\Desktop\psychopie_final\solo project\data\par_2_flankers_task_final_2025-11-10_09h14.34.311.psydat
212.1242 	WARNING 	Stopping key buffers but this could be dangerous ifother keyboards rely on the same.
212.1982 	WARNING 	Stopping key buffers but this could be dangerous ifother keyboards rely on the same.
