12.8737 	INFO 	Loaded monitor calibration from ['2025_08_11 19:48']
12.9029 	WARNING 	User requested fullscreen with size [1024  768], but screen is actually [1920, 1080]. Using actual size
13.2349 	INFO 	Using renderer 'AMD Radeon(TM) Graphics' for graphics
13.2350 	INFO 	OpenGL version supported by driver is 4..
13.3078 	EXP 	Created window1 = Window(allowGUI=False, allowStencil=False, autoLog=True, backendConf=UNKNOWN, backgroundFit=<method-wrapper '__getattribute__' of attributeSetter object at 0x000002220E3CD1E0>, backgroundImage=<method-wrapper '__getattribute__' of attributeSetter object at 0x000002220E3CD180>, bitsMode=UNKNOWN, blendMode='avg', bpc=(8, 8, 8), color=array([0, 0, 0]), colorSpace='rgb', depthBits=8, fullscr=True, gamma=None, gammaErrorPolicy='raise', infoMsg=UNKNOWN, lms=UNKNOWN, monitor=<psychopy.monitors.calibTools.Monitor object at 0x000002220E47EA40>, multiSample=False, name='window1', numSamples=2, pos=[np.float64(0.0), np.float64(0.0)], screen=0, size=array([1920, 1080]), stencilBits=0, stereo=False, title='PsychoPy', units='height', useFBO=True, useRetina=False, viewOri=0.0, viewPos=None, viewScale=None, waitBlanking=True, winType='pyglet')
13.3080 	EXP 	window1: backgroundImage = ''
13.3080 	EXP 	window1: backgroundFit = 'none'
14.1738 	EXP 	window1: Attempting to measure frame rate of screen (0) ...
14.1739 	EXP 	window1: recordFrameIntervals = False
14.4478 	EXP 	window1: recordFrameIntervals = True
14.6329 	EXP 	Screen (0) actual frame rate measured at 59.66Hz
14.6330 	EXP 	window1: recordFrameIntervals = False
14.7170 	INFO 	keyboard.Keyboard is using ptb backend.
14.7172 	INFO 	keyboard.Keyboard is using ptb backend.
14.7173 	EXP 	flankers_task_final: status = STARTED
14.7246 	EXP 	Created fixation = ShapeStim(__class__=<class 'psychopy.visual.shape.ShapeStim'>, anchor=('center', 'center'), autoDraw=False, autoLog=True, closeShape=True, color=method-wrapper(...), colorSpace='rgb', contrast=None, depth=0.0, draggable=False, fillColor=array([1, 1, 1]), fillColorSpace='rgb', fillRGB=array([1, 1, 1]), interpolate=True, lineColor=array([1., 1., 1.]), lineColorSpace='rgb', lineRGB=array([1, 1, 1]), lineWidth=1.0, name='fixation', opacity=1, ori=0.0, pos=array([0., 0.]), size=array([0.05, 0.05]), units='height', vertices=ndarray(...), win=Window(...), windingRule=None)
14.7615 	EXP 	Created stimulus = TextStim(__class__=<class 'psychopy.visual.text.TextStim'>, alignHoriz=method-wrapper(...), alignText='center', alignVert=method-wrapper(...), anchorHoriz='center', anchorVert='center', antialias=True, autoDraw=False, autoLog=True, bold=False, color=array([1., 1., 1.]), colorSpace='rgb', contrast=1.0, depth=-1.0, draggable=False, flipHoriz=False, flipVert=False, font='Consolas', fontFiles=[], height=0.2, italic=False, languageStyle='LTR', name='stimulus', opacity=1, ori=0.0, pos=array([0., 0.]), rgb=UNKNOWN, text='', units='height', win=Window(...), wrapWidth=1)
0.0195 	EXP 	Imported conditions.csv as conditions, 4 conditions, 5 params
0.0212 	EXP 	New trial (rep=0, index=0): <Trial 0 (0 in rep 0) data={'trialno': np.int64(4), 'Condition': 'I', 'Stimulus': '<<><<', 'Target': '> ', 'Correct_resp': 'right', 'thisN': 0, 'thisTrialN': 0, 'thisRepN': 0}>
0.0930 	INFO 	Keyboard events cleared
0.0928 	EXP 	stimulus: height = np.float64(0.2)
0.0928 	EXP 	stimulus: height = np.float64(0.2)
0.0928 	EXP 	stimulus: height = np.float64(0.2)
0.0928 	EXP 	stimulus: text = '<<><<'
0.0928 	EXP 	fixation: autoDraw = True
0.5032 	EXP 	stimulus: autoDraw = True
0.6033 	EXP 	fixation: autoDraw = False
2.4275 	EXP 	Device response: <KeyPress from None: t=2.414205999999922, value=right, duration=None>
2.4279 	EXP 	New trial (rep=0, index=1): <Trial 1 (1 in rep 0) data={'trialno': np.int64(1), 'Condition': 'C', 'Stimulus': '<<<<<', 'Target': '<', 'Correct_resp': 'left', 'thisN': 1, 'thisTrialN': 1, 'thisRepN': 0}>
2.4329 	DATA 	Keypress: right
2.4409 	INFO 	Keyboard events cleared
2.4407 	EXP 	fixation: autoDraw = False
2.4407 	EXP 	stimulus: autoDraw = False
2.4407 	EXP 	stimulus: height = np.float64(0.2)
2.4407 	EXP 	stimulus: height = np.float64(0.2)
2.4407 	EXP 	stimulus: height = np.float64(0.2)
2.4407 	EXP 	stimulus: text = '<<<<<'
2.4407 	EXP 	fixation: autoDraw = True
2.5532 	EXP 	Device response: <KeyPress from None: t=2.414205999999922, value=right, duration=0.13587200000006305>
2.9365 	EXP 	stimulus: autoDraw = True
2.9534 	EXP 	fixation: autoDraw = False
3.6036 	EXP 	Device response: <KeyPress from None: t=3.5896311999999853, value=left, duration=None>
3.6040 	EXP 	New trial (rep=0, index=2): <Trial 2 (2 in rep 0) data={'trialno': np.int64(3), 'Condition': 'I', 'Stimulus': '>>><>', 'Target': '<', 'Correct_resp': 'left', 'thisN': 2, 'thisTrialN': 2, 'thisRepN': 0}>
3.6083 	DATA 	Keypress: left
3.6199 	INFO 	Keyboard events cleared
3.6197 	EXP 	fixation: autoDraw = False
3.6197 	EXP 	stimulus: autoDraw = False
3.6197 	EXP 	stimulus: height = np.float64(0.2)
3.6197 	EXP 	stimulus: height = np.float64(0.2)
3.6197 	EXP 	stimulus: height = np.float64(0.2)
3.6197 	EXP 	stimulus: text = '>>><>'
3.6197 	EXP 	fixation: autoDraw = True
3.7711 	EXP 	Device response: <KeyPress from None: t=3.5896311999999853, value=left, duration=0.17496209999990242>
4.1029 	EXP 	stimulus: autoDraw = True
4.1198 	EXP 	fixation: autoDraw = False
7.7866 	EXP 	Device response: <KeyPress from None: t=7.781687099999999, value=left, duration=None>
7.7870 	EXP 	New trial (rep=0, index=3): <Trial 3 (3 in rep 0) data={'trialno': np.int64(2), 'Condition': 'C', 'Stimulus': '>>>>>', 'Target': '> ', 'Correct_resp': 'right', 'thisN': 3, 'thisTrialN': 3, 'thisRepN': 0}>
7.7911 	DATA 	Keypress: left
7.8032 	INFO 	Keyboard events cleared
7.8030 	EXP 	fixation: autoDraw = False
7.8030 	EXP 	stimulus: autoDraw = False
7.8030 	EXP 	stimulus: height = np.float64(0.2)
7.8030 	EXP 	stimulus: height = np.float64(0.2)
7.8030 	EXP 	stimulus: height = np.float64(0.2)
7.8030 	EXP 	stimulus: text = '>>>>>'
7.8030 	EXP 	fixation: autoDraw = True
7.9702 	EXP 	Device response: <KeyPress from None: t=7.781687099999999, value=left, duration=0.18749209999987215>
8.2867 	EXP 	stimulus: autoDraw = True
8.3031 	EXP 	fixation: autoDraw = False
8.9371 	EXP 	Device response: <KeyPress from None: t=8.934493999999859, value=right, duration=None>
8.9375 	EXP 	New trial (rep=1, index=0): <Trial 4 (0 in rep 1) data={'trialno': np.int64(2), 'Condition': 'C', 'Stimulus': '>>>>>', 'Target': '> ', 'Correct_resp': 'right', 'thisN': 4, 'thisTrialN': 0, 'thisRepN': 1}>
8.9387 	DATA 	Keypress: right
8.9530 	INFO 	Keyboard events cleared
8.9528 	EXP 	fixation: autoDraw = False
8.9528 	EXP 	stimulus: autoDraw = False
8.9528 	EXP 	stimulus: text = '>>>>>'
8.9528 	EXP 	fixation: autoDraw = True
9.1039 	EXP 	Device response: <KeyPress from None: t=8.934493999999859, value=right, duration=0.16599150000001828>
9.4366 	EXP 	stimulus: autoDraw = True
9.4532 	EXP 	fixation: autoDraw = False
10.0870 	EXP 	Device response: <KeyPress from None: t=10.071950999999899, value=right, duration=None>
10.0873 	EXP 	New trial (rep=1, index=1): <Trial 5 (1 in rep 1) data={'trialno': np.int64(1), 'Condition': 'C', 'Stimulus': '<<<<<', 'Target': '<', 'Correct_resp': 'left', 'thisN': 5, 'thisTrialN': 1, 'thisRepN': 1}>
10.0913 	DATA 	Keypress: right
10.1030 	INFO 	Keyboard events cleared
10.1028 	EXP 	fixation: autoDraw = False
10.1028 	EXP 	stimulus: autoDraw = False
10.1028 	EXP 	stimulus: height = np.float64(0.2)
10.1028 	EXP 	stimulus: height = np.float64(0.2)
10.1028 	EXP 	stimulus: height = np.float64(0.2)
10.1028 	EXP 	stimulus: text = '<<<<<'
10.1028 	EXP 	fixation: autoDraw = True
10.2703 	EXP 	Device response: <KeyPress from None: t=10.071950999999899, value=right, duration=0.18139550000000781>
10.5864 	EXP 	stimulus: autoDraw = True
10.6029 	EXP 	fixation: autoDraw = False
12.2369 	EXP 	Device response: <KeyPress from None: t=12.221448999999893, value=left, duration=None>
12.2373 	EXP 	New trial (rep=1, index=2): <Trial 6 (2 in rep 1) data={'trialno': np.int64(3), 'Condition': 'I', 'Stimulus': '>>><>', 'Target': '<', 'Correct_resp': 'left', 'thisN': 6, 'thisTrialN': 2, 'thisRepN': 1}>
12.2413 	DATA 	Keypress: left
12.2534 	INFO 	Keyboard events cleared
12.2532 	EXP 	fixation: autoDraw = False
12.2532 	EXP 	stimulus: autoDraw = False
12.2532 	EXP 	stimulus: height = np.float64(0.2)
12.2532 	EXP 	stimulus: height = np.float64(0.2)
12.2532 	EXP 	stimulus: height = np.float64(0.2)
12.2532 	EXP 	stimulus: text = '>>><>'
12.2532 	EXP 	fixation: autoDraw = True
12.3705 	EXP 	Device response: <KeyPress from None: t=12.221448999999893, value=left, duration=0.148477800000137>
12.7373 	EXP 	stimulus: autoDraw = True
12.7527 	EXP 	fixation: autoDraw = False
14.7871 	EXP 	Device response: <KeyPress from None: t=14.784247399999913, value=left, duration=None>
14.7874 	EXP 	New trial (rep=1, index=3): <Trial 7 (3 in rep 1) data={'trialno': np.int64(4), 'Condition': 'I', 'Stimulus': '<<><<', 'Target': '> ', 'Correct_resp': 'right', 'thisN': 7, 'thisTrialN': 3, 'thisRepN': 1}>
14.7913 	DATA 	Keypress: left
14.8035 	INFO 	Keyboard events cleared
14.8033 	EXP 	fixation: autoDraw = False
14.8033 	EXP 	stimulus: autoDraw = False
14.8033 	EXP 	stimulus: height = np.float64(0.2)
14.8033 	EXP 	stimulus: height = np.float64(0.2)
14.8033 	EXP 	stimulus: height = np.float64(0.2)
14.8033 	EXP 	stimulus: text = '<<><<'
14.8033 	EXP 	fixation: autoDraw = True
15.0036 	EXP 	Device response: <KeyPress from None: t=14.784247399999913, value=left, duration=0.20448770000007244>
15.3034 	EXP 	fixation: autoDraw = False
15.3034 	EXP 	stimulus: autoDraw = True
16.4698 	EXP 	Device response: <KeyPress from None: t=16.462111800000002, value=right, duration=None>
16.4702 	EXP 	New trial (rep=2, index=0): <Trial 8 (0 in rep 2) data={'trialno': np.int64(2), 'Condition': 'C', 'Stimulus': '>>>>>', 'Target': '> ', 'Correct_resp': 'right', 'thisN': 8, 'thisTrialN': 0, 'thisRepN': 2}>
16.4743 	DATA 	Keypress: right
16.4867 	INFO 	Keyboard events cleared
16.4865 	EXP 	fixation: autoDraw = False
16.4865 	EXP 	stimulus: autoDraw = False
16.4865 	EXP 	stimulus: height = np.float64(0.2)
16.4865 	EXP 	stimulus: height = np.float64(0.2)
16.4865 	EXP 	stimulus: height = np.float64(0.2)
16.4865 	EXP 	stimulus: text = '>>>>>'
16.4865 	EXP 	fixation: autoDraw = True
16.6037 	EXP 	Device response: <KeyPress from None: t=16.462111800000002, value=right, duration=0.1365323999998509>
16.9699 	EXP 	stimulus: autoDraw = True
16.9869 	EXP 	fixation: autoDraw = False
17.5214 	EXP 	Device response: <KeyPress from None: t=17.519428999999946, value=right, duration=None>
17.5218 	EXP 	New trial (rep=2, index=1): <Trial 9 (1 in rep 2) data={'trialno': np.int64(3), 'Condition': 'I', 'Stimulus': '>>><>', 'Target': '<', 'Correct_resp': 'left', 'thisN': 9, 'thisTrialN': 1, 'thisRepN': 2}>
17.5256 	DATA 	Keypress: right
17.5367 	INFO 	Keyboard events cleared
17.5365 	EXP 	fixation: autoDraw = False
17.5365 	EXP 	stimulus: autoDraw = False
17.5365 	EXP 	stimulus: height = np.float64(0.2)
17.5365 	EXP 	stimulus: height = np.float64(0.2)
17.5365 	EXP 	stimulus: height = np.float64(0.2)
17.5365 	EXP 	stimulus: text = '>>><>'
17.5365 	EXP 	fixation: autoDraw = True
17.7204 	EXP 	Device response: <KeyPress from None: t=17.519428999999946, value=right, duration=0.19036149999988083>
18.0364 	EXP 	fixation: autoDraw = False
18.0364 	EXP 	stimulus: autoDraw = True
21.0871 	EXP 	Device response: <KeyPress from None: t=21.07561859999987, value=left, duration=None>
21.0875 	EXP 	New trial (rep=2, index=2): <Trial 10 (2 in rep 2) data={'trialno': np.int64(4), 'Condition': 'I', 'Stimulus': '<<><<', 'Target': '> ', 'Correct_resp': 'right', 'thisN': 10, 'thisTrialN': 2, 'thisRepN': 2}>
21.0916 	DATA 	Keypress: left
21.1030 	INFO 	Keyboard events cleared
21.1029 	EXP 	fixation: autoDraw = False
21.1029 	EXP 	stimulus: autoDraw = False
21.1029 	EXP 	stimulus: height = np.float64(0.2)
21.1029 	EXP 	stimulus: height = np.float64(0.2)
21.1029 	EXP 	stimulus: height = np.float64(0.2)
21.1029 	EXP 	stimulus: text = '<<><<'
21.1029 	EXP 	fixation: autoDraw = True
21.2539 	EXP 	Device response: <KeyPress from None: t=21.07561859999987, value=left, duration=0.17709590000004027>
21.5866 	EXP 	stimulus: autoDraw = True
21.6032 	EXP 	fixation: autoDraw = False
24.0037 	EXP 	Device response: <KeyPress from None: t=23.992676500000016, value=right, duration=None>
24.0041 	EXP 	New trial (rep=2, index=3): <Trial 11 (3 in rep 2) data={'trialno': np.int64(1), 'Condition': 'C', 'Stimulus': '<<<<<', 'Target': '<', 'Correct_resp': 'left', 'thisN': 11, 'thisTrialN': 3, 'thisRepN': 2}>
24.0079 	DATA 	Keypress: right
24.0198 	INFO 	Keyboard events cleared
24.0196 	EXP 	fixation: autoDraw = False
24.0196 	EXP 	stimulus: autoDraw = False
24.0196 	EXP 	stimulus: height = np.float64(0.2)
24.0196 	EXP 	stimulus: height = np.float64(0.2)
24.0196 	EXP 	stimulus: height = np.float64(0.2)
24.0196 	EXP 	stimulus: text = '<<<<<'
24.0196 	EXP 	fixation: autoDraw = True
24.1705 	EXP 	Device response: <KeyPress from None: t=23.992676500000016, value=right, duration=0.17556279999985236>
24.5032 	EXP 	stimulus: autoDraw = True
24.5200 	EXP 	fixation: autoDraw = False
25.5870 	EXP 	Device response: <KeyPress from None: t=25.572722099999964, value=right, duration=None>
25.5874 	EXP 	New trial (rep=3, index=0): <Trial 12 (0 in rep 3) data={'trialno': np.int64(2), 'Condition': 'C', 'Stimulus': '>>>>>', 'Target': '> ', 'Correct_resp': 'right', 'thisN': 12, 'thisTrialN': 0, 'thisRepN': 3}>
25.5912 	DATA 	Keypress: right
25.6035 	INFO 	Keyboard events cleared
25.6033 	EXP 	fixation: autoDraw = False
25.6033 	EXP 	stimulus: autoDraw = False
25.6033 	EXP 	stimulus: height = np.float64(0.2)
25.6033 	EXP 	stimulus: height = np.float64(0.2)
25.6033 	EXP 	stimulus: height = np.float64(0.2)
25.6033 	EXP 	stimulus: text = '>>>>>'
25.6033 	EXP 	fixation: autoDraw = True
25.7872 	EXP 	Device response: <KeyPress from None: t=25.572722099999964, value=right, duration=0.1997652999998536>
26.0862 	EXP 	stimulus: autoDraw = True
26.1033 	EXP 	fixation: autoDraw = False
27.0704 	EXP 	Device response: <KeyPress from None: t=27.064536599999883, value=right, duration=None>
27.0708 	EXP 	New trial (rep=3, index=1): <Trial 13 (1 in rep 3) data={'trialno': np.int64(4), 'Condition': 'I', 'Stimulus': '<<><<', 'Target': '> ', 'Correct_resp': 'right', 'thisN': 13, 'thisTrialN': 1, 'thisRepN': 3}>
27.0745 	DATA 	Keypress: right
27.0865 	INFO 	Keyboard events cleared
27.0863 	EXP 	fixation: autoDraw = False
27.0863 	EXP 	stimulus: autoDraw = False
27.0863 	EXP 	stimulus: height = np.float64(0.2)
27.0863 	EXP 	stimulus: height = np.float64(0.2)
27.0863 	EXP 	stimulus: height = np.float64(0.2)
27.0863 	EXP 	stimulus: text = '<<><<'
27.0863 	EXP 	fixation: autoDraw = True
27.2540 	EXP 	Device response: <KeyPress from None: t=27.064536599999883, value=right, duration=0.18606620000014118>
27.5865 	EXP 	fixation: autoDraw = False
27.5865 	EXP 	stimulus: autoDraw = True
33.1881 	DATA 	Keypress: right
33.2036 	EXP 	Device response: <KeyPress from None: t=33.187194299999874, value=right, duration=None>
33.2040 	EXP 	New trial (rep=3, index=2): <Trial 14 (2 in rep 3) data={'trialno': np.int64(1), 'Condition': 'C', 'Stimulus': '<<<<<', 'Target': '<', 'Correct_resp': 'left', 'thisN': 14, 'thisTrialN': 2, 'thisRepN': 3}>
33.2201 	INFO 	Keyboard events cleared
33.2199 	EXP 	fixation: autoDraw = False
33.2199 	EXP 	stimulus: autoDraw = False
33.2199 	EXP 	stimulus: height = np.float64(0.2)
33.2199 	EXP 	stimulus: height = np.float64(0.2)
33.2199 	EXP 	stimulus: height = np.float64(0.2)
33.2199 	EXP 	stimulus: text = '<<<<<'
33.2199 	EXP 	fixation: autoDraw = True
33.3702 	EXP 	Device response: <KeyPress from None: t=33.187194299999874, value=right, duration=0.16796769999996286>
33.7032 	EXP 	stimulus: autoDraw = True
33.7199 	EXP 	fixation: autoDraw = False
35.6204 	EXP 	Device response: <KeyPress from None: t=35.605406499999845, value=left, duration=None>
35.6208 	EXP 	New trial (rep=3, index=3): <Trial 15 (3 in rep 3) data={'trialno': np.int64(3), 'Condition': 'I', 'Stimulus': '>>><>', 'Target': '<', 'Correct_resp': 'left', 'thisN': 15, 'thisTrialN': 3, 'thisRepN': 3}>
35.6250 	DATA 	Keypress: left
35.6379 	INFO 	Keyboard events cleared
35.6377 	EXP 	fixation: autoDraw = False
35.6377 	EXP 	stimulus: autoDraw = False
35.6377 	EXP 	stimulus: height = np.float64(0.2)
35.6377 	EXP 	stimulus: height = np.float64(0.2)
35.6377 	EXP 	stimulus: height = np.float64(0.2)
35.6377 	EXP 	stimulus: text = '>>><>'
35.6377 	EXP 	fixation: autoDraw = True
35.8207 	EXP 	Device response: <KeyPress from None: t=35.605406499999845, value=left, duration=0.1985280999999759>
36.1373 	EXP 	stimulus: autoDraw = True
36.1532 	EXP 	fixation: autoDraw = False
41.0702 	EXP 	Device response: <KeyPress from None: t=41.066896299999826, value=left, duration=None>
41.0705 	EXP 	New trial (rep=4, index=0): <Trial 16 (0 in rep 4) data={'trialno': np.int64(1), 'Condition': 'C', 'Stimulus': '<<<<<', 'Target': '<', 'Correct_resp': 'left', 'thisN': 16, 'thisTrialN': 0, 'thisRepN': 4}>
41.0743 	DATA 	Keypress: left
41.0864 	INFO 	Keyboard events cleared
41.0862 	EXP 	fixation: autoDraw = False
41.0862 	EXP 	stimulus: autoDraw = False
41.0862 	EXP 	stimulus: height = np.float64(0.2)
41.0862 	EXP 	stimulus: height = np.float64(0.2)
41.0862 	EXP 	stimulus: height = np.float64(0.2)
41.0862 	EXP 	stimulus: text = '<<<<<'
41.0862 	EXP 	fixation: autoDraw = True
41.2366 	EXP 	Device response: <KeyPress from None: t=41.066896299999826, value=left, duration=0.15570910000019467>
41.5697 	EXP 	stimulus: autoDraw = True
41.5862 	EXP 	fixation: autoDraw = False
42.1532 	EXP 	Device response: <KeyPress from None: t=42.14558369999986, value=left, duration=None>
42.1536 	EXP 	New trial (rep=4, index=1): <Trial 17 (1 in rep 4) data={'trialno': np.int64(4), 'Condition': 'I', 'Stimulus': '<<><<', 'Target': '> ', 'Correct_resp': 'right', 'thisN': 17, 'thisTrialN': 1, 'thisRepN': 4}>
42.1574 	DATA 	Keypress: left
42.1700 	INFO 	Keyboard events cleared
42.1699 	EXP 	fixation: autoDraw = False
42.1699 	EXP 	stimulus: autoDraw = False
42.1699 	EXP 	stimulus: height = np.float64(0.2)
42.1699 	EXP 	stimulus: height = np.float64(0.2)
42.1699 	EXP 	stimulus: height = np.float64(0.2)
42.1699 	EXP 	stimulus: text = '<<><<'
42.1699 	EXP 	fixation: autoDraw = True
42.3033 	EXP 	Device response: <KeyPress from None: t=42.14558369999986, value=left, duration=0.150266800000054>
42.6530 	EXP 	stimulus: autoDraw = True
42.6699 	EXP 	fixation: autoDraw = False
45.6703 	EXP 	Device response: <KeyPress from None: t=45.66756149999992, value=right, duration=None>
45.6706 	EXP 	New trial (rep=4, index=2): <Trial 18 (2 in rep 4) data={'trialno': np.int64(3), 'Condition': 'I', 'Stimulus': '>>><>', 'Target': '<', 'Correct_resp': 'left', 'thisN': 18, 'thisTrialN': 2, 'thisRepN': 4}>
45.6747 	DATA 	Keypress: right
45.6866 	INFO 	Keyboard events cleared
45.6864 	EXP 	fixation: autoDraw = False
45.6864 	EXP 	stimulus: autoDraw = False
45.6864 	EXP 	stimulus: height = np.float64(0.2)
45.6864 	EXP 	stimulus: height = np.float64(0.2)
45.6864 	EXP 	stimulus: height = np.float64(0.2)
45.6864 	EXP 	stimulus: text = '>>><>'
45.6864 	EXP 	fixation: autoDraw = True
45.8701 	EXP 	Device response: <KeyPress from None: t=45.66756149999992, value=right, duration=0.19363799999996445>
46.1695 	EXP 	stimulus: autoDraw = True
46.1864 	EXP 	fixation: autoDraw = False
47.2704 	EXP 	Device response: <KeyPress from None: t=47.25630789999991, value=left, duration=None>
47.2708 	EXP 	New trial (rep=4, index=3): <Trial 19 (3 in rep 4) data={'trialno': np.int64(2), 'Condition': 'C', 'Stimulus': '>>>>>', 'Target': '> ', 'Correct_resp': 'right', 'thisN': 19, 'thisTrialN': 3, 'thisRepN': 4}>
47.2746 	DATA 	Keypress: left
47.2867 	INFO 	Keyboard events cleared
47.2865 	EXP 	fixation: autoDraw = False
47.2865 	EXP 	stimulus: autoDraw = False
47.2865 	EXP 	stimulus: height = np.float64(0.2)
47.2865 	EXP 	stimulus: height = np.float64(0.2)
47.2865 	EXP 	stimulus: height = np.float64(0.2)
47.2865 	EXP 	stimulus: text = '>>>>>'
47.2865 	EXP 	fixation: autoDraw = True
47.4536 	EXP 	Device response: <KeyPress from None: t=47.25630789999991, value=left, duration=0.18710759999999027>
47.7708 	EXP 	stimulus: autoDraw = True
47.7865 	EXP 	fixation: autoDraw = False
48.6200 	EXP 	Device response: <KeyPress from None: t=48.60820059999992, value=right, duration=None>
48.6203 	EXP 	New trial (rep=5, index=0): <Trial 20 (0 in rep 5) data={'trialno': np.int64(4), 'Condition': 'I', 'Stimulus': '<<><<', 'Target': '> ', 'Correct_resp': 'right', 'thisN': 20, 'thisTrialN': 0, 'thisRepN': 5}>
48.6241 	DATA 	Keypress: right
48.6366 	INFO 	Keyboard events cleared
48.6364 	EXP 	fixation: autoDraw = False
48.6364 	EXP 	stimulus: autoDraw = False
48.6364 	EXP 	stimulus: height = np.float64(0.2)
48.6364 	EXP 	stimulus: height = np.float64(0.2)
48.6364 	EXP 	stimulus: height = np.float64(0.2)
48.6364 	EXP 	stimulus: text = '<<><<'
48.6364 	EXP 	fixation: autoDraw = True
48.7713 	EXP 	Device response: <KeyPress from None: t=48.60820059999992, value=right, duration=0.16064269999992575>
49.1199 	EXP 	stimulus: autoDraw = True
49.1366 	EXP 	fixation: autoDraw = False
51.0372 	EXP 	Device response: <KeyPress from None: t=51.02380069999981, value=right, duration=None>
51.0376 	EXP 	New trial (rep=5, index=1): <Trial 21 (1 in rep 5) data={'trialno': np.int64(1), 'Condition': 'C', 'Stimulus': '<<<<<', 'Target': '<', 'Correct_resp': 'left', 'thisN': 21, 'thisTrialN': 1, 'thisRepN': 5}>
51.0419 	DATA 	Keypress: right
51.0534 	INFO 	Keyboard events cleared
51.0532 	EXP 	fixation: autoDraw = False
51.0532 	EXP 	stimulus: autoDraw = False
51.0532 	EXP 	stimulus: height = np.float64(0.2)
51.0532 	EXP 	stimulus: height = np.float64(0.2)
51.0532 	EXP 	stimulus: height = np.float64(0.2)
51.0532 	EXP 	stimulus: text = '<<<<<'
51.0532 	EXP 	fixation: autoDraw = True
51.2038 	EXP 	Device response: <KeyPress from None: t=51.02380069999981, value=right, duration=0.16824550000001182>
51.5533 	EXP 	fixation: autoDraw = False
51.5533 	EXP 	stimulus: autoDraw = True
52.1539 	EXP 	Device response: <KeyPress from None: t=52.14515259999985, value=left, duration=None>
52.1543 	EXP 	New trial (rep=5, index=2): <Trial 22 (2 in rep 5) data={'trialno': np.int64(2), 'Condition': 'C', 'Stimulus': '>>>>>', 'Target': '> ', 'Correct_resp': 'right', 'thisN': 22, 'thisTrialN': 2, 'thisRepN': 5}>
52.1581 	DATA 	Keypress: left
52.1701 	INFO 	Keyboard events cleared
52.1699 	EXP 	fixation: autoDraw = False
52.1699 	EXP 	stimulus: autoDraw = False
52.1699 	EXP 	stimulus: height = np.float64(0.2)
52.1699 	EXP 	stimulus: height = np.float64(0.2)
52.1699 	EXP 	stimulus: height = np.float64(0.2)
52.1699 	EXP 	stimulus: text = '>>>>>'
52.1699 	EXP 	fixation: autoDraw = True
52.3037 	EXP 	Device response: <KeyPress from None: t=52.14515259999985, value=left, duration=0.1425421000001279>
52.6532 	EXP 	stimulus: autoDraw = True
52.6700 	EXP 	fixation: autoDraw = False
53.1537 	EXP 	Device response: <KeyPress from None: t=53.14476079999986, value=right, duration=None>
53.1541 	EXP 	New trial (rep=5, index=3): <Trial 23 (3 in rep 5) data={'trialno': np.int64(3), 'Condition': 'I', 'Stimulus': '>>><>', 'Target': '<', 'Correct_resp': 'left', 'thisN': 23, 'thisTrialN': 3, 'thisRepN': 5}>
53.1578 	DATA 	Keypress: right
53.1701 	INFO 	Keyboard events cleared
53.1699 	EXP 	fixation: autoDraw = False
53.1699 	EXP 	stimulus: autoDraw = False
53.1699 	EXP 	stimulus: height = np.float64(0.2)
53.1699 	EXP 	stimulus: height = np.float64(0.2)
53.1699 	EXP 	stimulus: height = np.float64(0.2)
53.1699 	EXP 	stimulus: text = '>>><>'
53.1699 	EXP 	fixation: autoDraw = True
53.3382 	EXP 	Device response: <KeyPress from None: t=53.14476079999986, value=right, duration=0.1910061000000951>
53.6533 	EXP 	stimulus: autoDraw = True
53.6700 	EXP 	fixation: autoDraw = False
55.9204 	EXP 	Device response: <KeyPress from None: t=55.90646879999986, value=left, duration=None>
55.9207 	EXP 	New trial (rep=6, index=0): <Trial 24 (0 in rep 6) data={'trialno': np.int64(3), 'Condition': 'I', 'Stimulus': '>>><>', 'Target': '<', 'Correct_resp': 'left', 'thisN': 24, 'thisTrialN': 0, 'thisRepN': 6}>
55.9220 	DATA 	Keypress: left
55.9366 	INFO 	Keyboard events cleared
55.9364 	EXP 	fixation: autoDraw = False
55.9364 	EXP 	stimulus: autoDraw = False
55.9364 	EXP 	stimulus: text = '>>><>'
55.9364 	EXP 	fixation: autoDraw = True
56.1034 	EXP 	Device response: <KeyPress from None: t=55.90646879999986, value=left, duration=0.1838102000001527>
56.4201 	EXP 	stimulus: autoDraw = True
56.4360 	EXP 	fixation: autoDraw = False
59.5539 	EXP 	Device response: <KeyPress from None: t=59.5397473999999, value=left, duration=None>
59.5543 	EXP 	New trial (rep=6, index=1): <Trial 25 (1 in rep 6) data={'trialno': np.int64(1), 'Condition': 'C', 'Stimulus': '<<<<<', 'Target': '<', 'Correct_resp': 'left', 'thisN': 25, 'thisTrialN': 1, 'thisRepN': 6}>
59.5583 	DATA 	Keypress: left
59.5700 	INFO 	Keyboard events cleared
59.5699 	EXP 	fixation: autoDraw = False
59.5699 	EXP 	stimulus: autoDraw = False
59.5699 	EXP 	stimulus: height = np.float64(0.2)
59.5699 	EXP 	stimulus: height = np.float64(0.2)
59.5699 	EXP 	stimulus: height = np.float64(0.2)
59.5699 	EXP 	stimulus: text = '<<<<<'
59.5699 	EXP 	fixation: autoDraw = True
59.6874 	EXP 	Device response: <KeyPress from None: t=59.5397473999999, value=left, duration=0.1464038999999957>
60.0532 	EXP 	stimulus: autoDraw = True
60.0700 	EXP 	fixation: autoDraw = False
60.9866 	EXP 	Device response: <KeyPress from None: t=60.97623980000003, value=left, duration=None>
60.9870 	EXP 	New trial (rep=6, index=2): <Trial 26 (2 in rep 6) data={'trialno': np.int64(4), 'Condition': 'I', 'Stimulus': '<<><<', 'Target': '> ', 'Correct_resp': 'right', 'thisN': 26, 'thisTrialN': 2, 'thisRepN': 6}>
60.9911 	DATA 	Keypress: left
61.0038 	INFO 	Keyboard events cleared
61.0036 	EXP 	fixation: autoDraw = False
61.0036 	EXP 	stimulus: autoDraw = False
61.0036 	EXP 	stimulus: height = np.float64(0.2)
61.0036 	EXP 	stimulus: height = np.float64(0.2)
61.0036 	EXP 	stimulus: height = np.float64(0.2)
61.0036 	EXP 	stimulus: text = '<<><<'
61.0036 	EXP 	fixation: autoDraw = True
61.1700 	EXP 	Device response: <KeyPress from None: t=60.97623980000003, value=left, duration=0.17773760000000038>
61.4867 	EXP 	stimulus: autoDraw = True
61.5031 	EXP 	fixation: autoDraw = False
63.9202 	EXP 	Device response: <KeyPress from None: t=63.91701749999993, value=right, duration=None>
63.9206 	EXP 	New trial (rep=6, index=3): <Trial 27 (3 in rep 6) data={'trialno': np.int64(2), 'Condition': 'C', 'Stimulus': '>>>>>', 'Target': '> ', 'Correct_resp': 'right', 'thisN': 27, 'thisTrialN': 3, 'thisRepN': 6}>
63.9243 	DATA 	Keypress: right
63.9368 	INFO 	Keyboard events cleared
63.9366 	EXP 	fixation: autoDraw = False
63.9366 	EXP 	stimulus: autoDraw = False
63.9366 	EXP 	stimulus: height = np.float64(0.2)
63.9366 	EXP 	stimulus: height = np.float64(0.2)
63.9366 	EXP 	stimulus: height = np.float64(0.2)
63.9366 	EXP 	stimulus: text = '>>>>>'
63.9366 	EXP 	fixation: autoDraw = True
64.1037 	EXP 	Device response: <KeyPress from None: t=63.91701749999993, value=right, duration=0.18589019999990342>
64.4199 	EXP 	stimulus: autoDraw = True
64.4367 	EXP 	fixation: autoDraw = False
65.0883 	DATA 	Keypress: right
65.1036 	EXP 	Device response: <KeyPress from None: t=65.08790429999999, value=right, duration=None>
65.1040 	EXP 	New trial (rep=7, index=0): <Trial 28 (0 in rep 7) data={'trialno': np.int64(1), 'Condition': 'C', 'Stimulus': '<<<<<', 'Target': '<', 'Correct_resp': 'left', 'thisN': 28, 'thisTrialN': 0, 'thisRepN': 7}>
65.1196 	INFO 	Keyboard events cleared
65.1194 	EXP 	fixation: autoDraw = False
65.1194 	EXP 	stimulus: autoDraw = False
65.1194 	EXP 	stimulus: height = np.float64(0.2)
65.1194 	EXP 	stimulus: height = np.float64(0.2)
65.1194 	EXP 	stimulus: height = np.float64(0.2)
65.1194 	EXP 	stimulus: text = '<<<<<'
65.1194 	EXP 	fixation: autoDraw = True
65.3366 	EXP 	Device response: <KeyPress from None: t=65.08790429999999, value=right, duration=0.23568539999996574>
65.6032 	EXP 	stimulus: autoDraw = True
65.6201 	EXP 	fixation: autoDraw = False
67.4875 	EXP 	Device response: <KeyPress from None: t=67.48522029999981, value=left, duration=None>
67.4879 	EXP 	New trial (rep=7, index=1): <Trial 29 (1 in rep 7) data={'trialno': np.int64(2), 'Condition': 'C', 'Stimulus': '>>>>>', 'Target': '> ', 'Correct_resp': 'right', 'thisN': 29, 'thisTrialN': 1, 'thisRepN': 7}>
67.4917 	DATA 	Keypress: left
67.5034 	INFO 	Keyboard events cleared
67.5032 	EXP 	fixation: autoDraw = False
67.5032 	EXP 	stimulus: autoDraw = False
67.5032 	EXP 	stimulus: height = np.float64(0.2)
67.5032 	EXP 	stimulus: height = np.float64(0.2)
67.5032 	EXP 	stimulus: height = np.float64(0.2)
67.5032 	EXP 	stimulus: text = '>>>>>'
67.5032 	EXP 	fixation: autoDraw = True
67.7037 	EXP 	Device response: <KeyPress from None: t=67.48522029999981, value=left, duration=0.20689580000021124>
68.0030 	EXP 	fixation: autoDraw = False
68.0030 	EXP 	stimulus: autoDraw = True
69.4205 	EXP 	Device response: <KeyPress from None: t=69.41585539999983, value=right, duration=None>
69.4209 	EXP 	New trial (rep=7, index=2): <Trial 30 (2 in rep 7) data={'trialno': np.int64(3), 'Condition': 'I', 'Stimulus': '>>><>', 'Target': '<', 'Correct_resp': 'left', 'thisN': 30, 'thisTrialN': 2, 'thisRepN': 7}>
69.4246 	DATA 	Keypress: right
69.4365 	INFO 	Keyboard events cleared
69.4363 	EXP 	fixation: autoDraw = False
69.4363 	EXP 	stimulus: autoDraw = False
69.4363 	EXP 	stimulus: height = np.float64(0.2)
69.4363 	EXP 	stimulus: height = np.float64(0.2)
69.4363 	EXP 	stimulus: height = np.float64(0.2)
69.4363 	EXP 	stimulus: text = '>>><>'
69.4363 	EXP 	fixation: autoDraw = True
69.6037 	EXP 	Device response: <KeyPress from None: t=69.41585539999983, value=right, duration=0.17490820000011809>
69.9197 	EXP 	stimulus: autoDraw = True
69.9366 	EXP 	fixation: autoDraw = False
72.1552 	EXP 	Device response: <KeyPress from None: t=72.15107239999998, value=left, duration=None>
72.1556 	EXP 	New trial (rep=7, index=3): <Trial 31 (3 in rep 7) data={'trialno': np.int64(4), 'Condition': 'I', 'Stimulus': '<<><<', 'Target': '> ', 'Correct_resp': 'right', 'thisN': 31, 'thisTrialN': 3, 'thisRepN': 7}>
72.3400 	EXP 	Device response: <KeyPress from None: t=72.15107239999998, value=left, duration=0.17817459999992025>
72.3412 	DATA 	Keypress: left
72.3508 	INFO 	Keyboard events cleared
72.3505 	EXP 	fixation: autoDraw = False
72.3505 	EXP 	stimulus: autoDraw = False
72.3505 	EXP 	stimulus: height = np.float64(0.2)
72.3505 	EXP 	stimulus: height = np.float64(0.2)
72.3505 	EXP 	stimulus: height = np.float64(0.2)
72.3505 	EXP 	stimulus: text = '<<><<'
72.3505 	EXP 	fixation: autoDraw = True
72.6709 	EXP 	stimulus: autoDraw = True
72.8536 	EXP 	fixation: autoDraw = False
75.8705 	EXP 	Device response: <KeyPress from None: t=75.86709929999984, value=right, duration=None>
75.8708 	EXP 	New trial (rep=8, index=0): <Trial 32 (0 in rep 8) data={'trialno': np.int64(1), 'Condition': 'C', 'Stimulus': '<<<<<', 'Target': '<', 'Correct_resp': 'left', 'thisN': 32, 'thisTrialN': 0, 'thisRepN': 8}>
75.8745 	DATA 	Keypress: right
75.8864 	INFO 	Keyboard events cleared
75.8863 	EXP 	fixation: autoDraw = False
75.8863 	EXP 	stimulus: autoDraw = False
75.8863 	EXP 	stimulus: height = np.float64(0.2)
75.8863 	EXP 	stimulus: height = np.float64(0.2)
75.8863 	EXP 	stimulus: height = np.float64(0.2)
75.8863 	EXP 	stimulus: text = '<<<<<'
75.8863 	EXP 	fixation: autoDraw = True
76.0370 	EXP 	Device response: <KeyPress from None: t=75.86709929999984, value=right, duration=0.15307110000003377>
76.3701 	EXP 	stimulus: autoDraw = True
76.3864 	EXP 	fixation: autoDraw = False
77.1870 	EXP 	Device response: <KeyPress from None: t=77.17942859999994, value=left, duration=None>
77.1874 	EXP 	New trial (rep=8, index=1): <Trial 33 (1 in rep 8) data={'trialno': np.int64(4), 'Condition': 'I', 'Stimulus': '<<><<', 'Target': '> ', 'Correct_resp': 'right', 'thisN': 33, 'thisTrialN': 1, 'thisRepN': 8}>
77.1911 	DATA 	Keypress: left
77.2034 	INFO 	Keyboard events cleared
77.2032 	EXP 	fixation: autoDraw = False
77.2032 	EXP 	stimulus: autoDraw = False
77.2032 	EXP 	stimulus: height = np.float64(0.2)
77.2032 	EXP 	stimulus: height = np.float64(0.2)
77.2032 	EXP 	stimulus: height = np.float64(0.2)
77.2032 	EXP 	stimulus: text = '<<><<'
77.2032 	EXP 	fixation: autoDraw = True
77.3533 	EXP 	Device response: <KeyPress from None: t=77.17942859999994, value=left, duration=0.16221859999996013>
77.6865 	EXP 	stimulus: autoDraw = True
77.7031 	EXP 	fixation: autoDraw = False
80.3373 	EXP 	Device response: <KeyPress from None: t=80.3259908, value=right, duration=None>
80.3377 	EXP 	New trial (rep=8, index=2): <Trial 34 (2 in rep 8) data={'trialno': np.int64(2), 'Condition': 'C', 'Stimulus': '>>>>>', 'Target': '> ', 'Correct_resp': 'right', 'thisN': 34, 'thisTrialN': 2, 'thisRepN': 8}>
80.3415 	DATA 	Keypress: right
80.3535 	INFO 	Keyboard events cleared
80.3533 	EXP 	fixation: autoDraw = False
80.3533 	EXP 	stimulus: autoDraw = False
80.3533 	EXP 	stimulus: height = np.float64(0.2)
80.3533 	EXP 	stimulus: height = np.float64(0.2)
80.3533 	EXP 	stimulus: height = np.float64(0.2)
80.3533 	EXP 	stimulus: text = '>>>>>'
80.3533 	EXP 	fixation: autoDraw = True
80.5370 	EXP 	Device response: <KeyPress from None: t=80.3259908, value=right, duration=0.1962762999999086>
80.8373 	EXP 	stimulus: autoDraw = True
80.8530 	EXP 	fixation: autoDraw = False
82.4206 	EXP 	Device response: <KeyPress from None: t=82.41371679999997, value=right, duration=None>
82.4209 	EXP 	New trial (rep=8, index=3): <Trial 35 (3 in rep 8) data={'trialno': np.int64(3), 'Condition': 'I', 'Stimulus': '>>><>', 'Target': '<', 'Correct_resp': 'left', 'thisN': 35, 'thisTrialN': 3, 'thisRepN': 8}>
82.4246 	DATA 	Keypress: right
82.4369 	INFO 	Keyboard events cleared
82.4367 	EXP 	fixation: autoDraw = False
82.4367 	EXP 	stimulus: autoDraw = False
82.4367 	EXP 	stimulus: height = np.float64(0.2)
82.4367 	EXP 	stimulus: height = np.float64(0.2)
82.4367 	EXP 	stimulus: height = np.float64(0.2)
82.4367 	EXP 	stimulus: text = '>>><>'
82.4367 	EXP 	fixation: autoDraw = True
82.6205 	EXP 	Device response: <KeyPress from None: t=82.41371679999997, value=right, duration=0.19458949999989272>
82.9196 	EXP 	stimulus: autoDraw = True
82.9367 	EXP 	fixation: autoDraw = False
85.5702 	EXP 	Device response: <KeyPress from None: t=85.5596966999999, value=left, duration=None>
85.5706 	EXP 	New trial (rep=9, index=0): <Trial 36 (0 in rep 9) data={'trialno': np.int64(3), 'Condition': 'I', 'Stimulus': '>>><>', 'Target': '<', 'Correct_resp': 'left', 'thisN': 36, 'thisTrialN': 0, 'thisRepN': 9}>
85.5718 	DATA 	Keypress: left
85.5868 	INFO 	Keyboard events cleared
85.5866 	EXP 	fixation: autoDraw = False
85.5866 	EXP 	stimulus: autoDraw = False
85.5866 	EXP 	stimulus: text = '>>><>'
85.5866 	EXP 	fixation: autoDraw = True
85.7538 	EXP 	Device response: <KeyPress from None: t=85.5596966999999, value=left, duration=0.1885575000001154>
86.0697 	EXP 	stimulus: autoDraw = True
86.0868 	EXP 	fixation: autoDraw = False
87.9713 	DATA 	Keypress: left
87.9873 	EXP 	Device response: <KeyPress from None: t=87.97052499999995, value=left, duration=None>
87.9877 	EXP 	New trial (rep=9, index=1): <Trial 37 (1 in rep 9) data={'trialno': np.int64(4), 'Condition': 'I', 'Stimulus': '<<><<', 'Target': '> ', 'Correct_resp': 'right', 'thisN': 37, 'thisTrialN': 1, 'thisRepN': 9}>
88.0042 	INFO 	Keyboard events cleared
88.0040 	EXP 	fixation: autoDraw = False
88.0040 	EXP 	stimulus: autoDraw = False
88.0040 	EXP 	stimulus: height = np.float64(0.2)
88.0040 	EXP 	stimulus: height = np.float64(0.2)
88.0040 	EXP 	stimulus: height = np.float64(0.2)
88.0040 	EXP 	stimulus: text = '<<><<'
88.0040 	EXP 	fixation: autoDraw = True
88.1700 	EXP 	Device response: <KeyPress from None: t=87.97052499999995, value=left, duration=0.1920018999999229>
88.5034 	EXP 	fixation: autoDraw = False
88.5034 	EXP 	stimulus: autoDraw = True
90.6547 	EXP 	Device response: <KeyPress from None: t=90.6536544999999, value=right, duration=None>
90.6550 	EXP 	New trial (rep=9, index=2): <Trial 38 (2 in rep 9) data={'trialno': np.int64(2), 'Condition': 'C', 'Stimulus': '>>>>>', 'Target': '> ', 'Correct_resp': 'right', 'thisN': 38, 'thisTrialN': 2, 'thisRepN': 9}>
90.6588 	DATA 	Keypress: right
90.6698 	INFO 	Keyboard events cleared
90.6696 	EXP 	fixation: autoDraw = False
90.6696 	EXP 	stimulus: autoDraw = False
90.6696 	EXP 	stimulus: height = np.float64(0.2)
90.6696 	EXP 	stimulus: height = np.float64(0.2)
90.6696 	EXP 	stimulus: height = np.float64(0.2)
90.6696 	EXP 	stimulus: text = '>>>>>'
90.6696 	EXP 	fixation: autoDraw = True
90.8701 	EXP 	Device response: <KeyPress from None: t=90.6536544999999, value=right, duration=0.2038044999999329>
91.1696 	EXP 	fixation: autoDraw = False
91.1696 	EXP 	stimulus: autoDraw = True
91.8869 	EXP 	Device response: <KeyPress from None: t=91.87890809999999, value=right, duration=None>
91.8873 	EXP 	New trial (rep=9, index=3): <Trial 39 (3 in rep 9) data={'trialno': np.int64(1), 'Condition': 'C', 'Stimulus': '<<<<<', 'Target': '<', 'Correct_resp': 'left', 'thisN': 39, 'thisTrialN': 3, 'thisRepN': 9}>
91.8911 	DATA 	Keypress: right
91.9034 	INFO 	Keyboard events cleared
91.9032 	EXP 	fixation: autoDraw = False
91.9032 	EXP 	stimulus: autoDraw = False
91.9032 	EXP 	stimulus: height = np.float64(0.2)
91.9032 	EXP 	stimulus: height = np.float64(0.2)
91.9032 	EXP 	stimulus: height = np.float64(0.2)
91.9032 	EXP 	stimulus: text = '<<<<<'
91.9032 	EXP 	fixation: autoDraw = True
92.0865 	EXP 	Device response: <KeyPress from None: t=91.87890809999999, value=right, duration=0.20055789999992157>
92.3875 	EXP 	stimulus: autoDraw = True
92.4034 	EXP 	fixation: autoDraw = False
93.2205 	EXP 	Device response: <KeyPress from None: t=93.20552079999993, value=left, duration=None>
93.2209 	EXP 	New trial (rep=10, index=0): <Trial 40 (0 in rep 10) data={'trialno': np.int64(4), 'Condition': 'I', 'Stimulus': '<<><<', 'Target': '> ', 'Correct_resp': 'right', 'thisN': 40, 'thisTrialN': 0, 'thisRepN': 10}>
93.2251 	DATA 	Keypress: left
93.2369 	INFO 	Keyboard events cleared
93.2367 	EXP 	fixation: autoDraw = False
93.2367 	EXP 	stimulus: autoDraw = False
93.2367 	EXP 	stimulus: height = np.float64(0.2)
93.2367 	EXP 	stimulus: height = np.float64(0.2)
93.2367 	EXP 	stimulus: height = np.float64(0.2)
93.2367 	EXP 	stimulus: text = '<<><<'
93.2367 	EXP 	fixation: autoDraw = True
93.3869 	EXP 	Device response: <KeyPress from None: t=93.20552079999993, value=left, duration=0.1678994999999759>
93.7199 	EXP 	stimulus: autoDraw = True
93.7369 	EXP 	fixation: autoDraw = False
95.4039 	EXP 	Device response: <KeyPress from None: t=95.3899680999998, value=right, duration=None>
95.4043 	EXP 	New trial (rep=10, index=1): <Trial 41 (1 in rep 10) data={'trialno': np.int64(3), 'Condition': 'I', 'Stimulus': '>>><>', 'Target': '<', 'Correct_resp': 'left', 'thisN': 41, 'thisTrialN': 1, 'thisRepN': 10}>
95.4082 	DATA 	Keypress: right
95.4202 	INFO 	Keyboard events cleared
95.4200 	EXP 	fixation: autoDraw = False
95.4200 	EXP 	stimulus: autoDraw = False
95.4200 	EXP 	stimulus: height = np.float64(0.2)
95.4200 	EXP 	stimulus: height = np.float64(0.2)
95.4200 	EXP 	stimulus: height = np.float64(0.2)
95.4200 	EXP 	stimulus: text = '>>><>'
95.4200 	EXP 	fixation: autoDraw = True
95.5703 	EXP 	Device response: <KeyPress from None: t=95.3899680999998, value=right, duration=0.17491470000004483>
95.9033 	EXP 	stimulus: autoDraw = True
95.9201 	EXP 	fixation: autoDraw = False
96.9884 	DATA 	Keypress: right
97.0038 	EXP 	Device response: <KeyPress from None: t=96.9876385, value=right, duration=None>
97.0042 	EXP 	New trial (rep=10, index=2): <Trial 42 (2 in rep 10) data={'trialno': np.int64(2), 'Condition': 'C', 'Stimulus': '>>>>>', 'Target': '> ', 'Correct_resp': 'right', 'thisN': 42, 'thisTrialN': 2, 'thisRepN': 10}>
97.0202 	INFO 	Keyboard events cleared
97.0201 	EXP 	fixation: autoDraw = False
97.0201 	EXP 	stimulus: autoDraw = False
97.0201 	EXP 	stimulus: height = np.float64(0.2)
97.0201 	EXP 	stimulus: height = np.float64(0.2)
97.0201 	EXP 	stimulus: height = np.float64(0.2)
97.0201 	EXP 	stimulus: text = '>>>>>'
97.0201 	EXP 	fixation: autoDraw = True
97.1704 	EXP 	Device response: <KeyPress from None: t=96.9876385, value=right, duration=0.17972529999997278>
97.5034 	EXP 	stimulus: autoDraw = True
97.5203 	EXP 	fixation: autoDraw = False
99.3376 	EXP 	Device response: <KeyPress from None: t=99.33652599999982, value=right, duration=None>
99.3380 	EXP 	New trial (rep=10, index=3): <Trial 43 (3 in rep 10) data={'trialno': np.int64(1), 'Condition': 'C', 'Stimulus': '<<<<<', 'Target': '<', 'Correct_resp': 'left', 'thisN': 43, 'thisTrialN': 3, 'thisRepN': 10}>
99.3423 	DATA 	Keypress: right
99.3533 	INFO 	Keyboard events cleared
99.3532 	EXP 	fixation: autoDraw = False
99.3532 	EXP 	stimulus: autoDraw = False
99.3532 	EXP 	stimulus: height = np.float64(0.2)
99.3532 	EXP 	stimulus: height = np.float64(0.2)
99.3532 	EXP 	stimulus: height = np.float64(0.2)
99.3532 	EXP 	stimulus: text = '<<<<<'
99.3532 	EXP 	fixation: autoDraw = True
99.5204 	EXP 	Device response: <KeyPress from None: t=99.33652599999982, value=right, duration=0.17666680000002088>
99.8558 	EXP 	fixation: autoDraw = False
99.8558 	EXP 	stimulus: autoDraw = True
101.1039 	EXP 	Device response: <KeyPress from None: t=101.09959879999997, value=left, duration=None>
101.1043 	EXP 	New trial (rep=11, index=0): <Trial 44 (0 in rep 11) data={'trialno': np.int64(4), 'Condition': 'I', 'Stimulus': '<<><<', 'Target': '> ', 'Correct_resp': 'right', 'thisN': 44, 'thisTrialN': 0, 'thisRepN': 11}>
101.1081 	DATA 	Keypress: left
101.1202 	INFO 	Keyboard events cleared
101.1200 	EXP 	fixation: autoDraw = False
101.1200 	EXP 	stimulus: autoDraw = False
101.1200 	EXP 	stimulus: height = np.float64(0.2)
101.1200 	EXP 	stimulus: height = np.float64(0.2)
101.1200 	EXP 	stimulus: height = np.float64(0.2)
101.1200 	EXP 	stimulus: text = '<<><<'
101.1200 	EXP 	fixation: autoDraw = True
101.2704 	EXP 	Device response: <KeyPress from None: t=101.09959879999997, value=left, duration=0.1552096000000347>
101.6034 	EXP 	stimulus: autoDraw = True
101.6202 	EXP 	fixation: autoDraw = False
103.0874 	EXP 	Device response: <KeyPress from None: t=103.07594799999993, value=right, duration=None>
103.0878 	EXP 	New trial (rep=11, index=1): <Trial 45 (1 in rep 11) data={'trialno': np.int64(3), 'Condition': 'I', 'Stimulus': '>>><>', 'Target': '<', 'Correct_resp': 'left', 'thisN': 45, 'thisTrialN': 1, 'thisRepN': 11}>
103.0917 	DATA 	Keypress: right
103.1032 	INFO 	Keyboard events cleared
103.1030 	EXP 	fixation: autoDraw = False
103.1030 	EXP 	stimulus: autoDraw = False
103.1030 	EXP 	stimulus: height = np.float64(0.2)
103.1030 	EXP 	stimulus: height = np.float64(0.2)
103.1030 	EXP 	stimulus: height = np.float64(0.2)
103.1030 	EXP 	stimulus: text = '>>><>'
103.1030 	EXP 	fixation: autoDraw = True
103.2538 	EXP 	Device response: <KeyPress from None: t=103.07594799999993, value=right, duration=0.16884520000007797>
103.6033 	EXP 	fixation: autoDraw = False
103.6033 	EXP 	stimulus: autoDraw = True
104.8040 	EXP 	Device response: <KeyPress from None: t=104.79772459999981, value=left, duration=None>
104.8044 	EXP 	New trial (rep=11, index=2): <Trial 46 (2 in rep 11) data={'trialno': np.int64(2), 'Condition': 'C', 'Stimulus': '>>>>>', 'Target': '> ', 'Correct_resp': 'right', 'thisN': 46, 'thisTrialN': 2, 'thisRepN': 11}>
104.8086 	DATA 	Keypress: left
104.8203 	INFO 	Keyboard events cleared
104.8201 	EXP 	fixation: autoDraw = False
104.8201 	EXP 	stimulus: autoDraw = False
104.8201 	EXP 	stimulus: height = np.float64(0.2)
104.8201 	EXP 	stimulus: height = np.float64(0.2)
104.8201 	EXP 	stimulus: height = np.float64(0.2)
104.8201 	EXP 	stimulus: text = '>>>>>'
104.8201 	EXP 	fixation: autoDraw = True
105.0040 	EXP 	Device response: <KeyPress from None: t=104.79772459999981, value=left, duration=0.20412400000009256>
105.3198 	EXP 	fixation: autoDraw = False
105.3198 	EXP 	stimulus: autoDraw = True
106.1866 	EXP 	Device response: <KeyPress from None: t=106.17211889999999, value=right, duration=None>
106.1870 	EXP 	New trial (rep=11, index=3): <Trial 47 (3 in rep 11) data={'trialno': np.int64(1), 'Condition': 'C', 'Stimulus': '<<<<<', 'Target': '<', 'Correct_resp': 'left', 'thisN': 47, 'thisTrialN': 3, 'thisRepN': 11}>
106.1909 	DATA 	Keypress: right
106.2035 	INFO 	Keyboard events cleared
106.2033 	EXP 	fixation: autoDraw = False
106.2033 	EXP 	stimulus: autoDraw = False
106.2033 	EXP 	stimulus: height = np.float64(0.2)
106.2033 	EXP 	stimulus: height = np.float64(0.2)
106.2033 	EXP 	stimulus: height = np.float64(0.2)
106.2033 	EXP 	stimulus: text = '<<<<<'
106.2033 	EXP 	fixation: autoDraw = True
106.3535 	EXP 	Device response: <KeyPress from None: t=106.17211889999999, value=right, duration=0.17863199999987955>
106.6864 	EXP 	stimulus: autoDraw = True
106.7033 	EXP 	fixation: autoDraw = False
107.5872 	EXP 	Device response: <KeyPress from None: t=107.5801113, value=left, duration=None>
107.5876 	EXP 	New trial (rep=12, index=0): <Trial 48 (0 in rep 12) data={'trialno': np.int64(4), 'Condition': 'I', 'Stimulus': '<<><<', 'Target': '> ', 'Correct_resp': 'right', 'thisN': 48, 'thisTrialN': 0, 'thisRepN': 12}>
107.5912 	DATA 	Keypress: left
107.6032 	INFO 	Keyboard events cleared
107.6031 	EXP 	fixation: autoDraw = False
107.6031 	EXP 	stimulus: autoDraw = False
107.6031 	EXP 	stimulus: height = np.float64(0.2)
107.6031 	EXP 	stimulus: height = np.float64(0.2)
107.6031 	EXP 	stimulus: height = np.float64(0.2)
107.6031 	EXP 	stimulus: text = '<<><<'
107.6031 	EXP 	fixation: autoDraw = True
107.7540 	EXP 	Device response: <KeyPress from None: t=107.5801113, value=left, duration=0.17236879999995836>
108.0868 	EXP 	stimulus: autoDraw = True
108.1032 	EXP 	fixation: autoDraw = False
109.7205 	EXP 	Device response: <KeyPress from None: t=109.70678329999987, value=right, duration=None>
109.7210 	EXP 	New trial (rep=12, index=1): <Trial 49 (1 in rep 12) data={'trialno': np.int64(3), 'Condition': 'I', 'Stimulus': '>>><>', 'Target': '<', 'Correct_resp': 'left', 'thisN': 49, 'thisTrialN': 1, 'thisRepN': 12}>
109.7251 	DATA 	Keypress: right
109.7368 	INFO 	Keyboard events cleared
109.7366 	EXP 	fixation: autoDraw = False
109.7366 	EXP 	stimulus: autoDraw = False
109.7366 	EXP 	stimulus: height = np.float64(0.2)
109.7366 	EXP 	stimulus: height = np.float64(0.2)
109.7366 	EXP 	stimulus: height = np.float64(0.2)
109.7366 	EXP 	stimulus: text = '>>><>'
109.7366 	EXP 	fixation: autoDraw = True
109.9036 	EXP 	Device response: <KeyPress from None: t=109.70678329999987, value=right, duration=0.19423510000001443>
110.2200 	EXP 	stimulus: autoDraw = True
110.2368 	EXP 	fixation: autoDraw = False
111.4872 	EXP 	Device response: <KeyPress from None: t=111.47209039999984, value=left, duration=None>
111.4876 	EXP 	New trial (rep=12, index=2): <Trial 50 (2 in rep 12) data={'trialno': np.int64(1), 'Condition': 'C', 'Stimulus': '<<<<<', 'Target': '<', 'Correct_resp': 'left', 'thisN': 50, 'thisTrialN': 2, 'thisRepN': 12}>
111.4915 	DATA 	Keypress: left
111.5035 	INFO 	Keyboard events cleared
111.5033 	EXP 	fixation: autoDraw = False
111.5033 	EXP 	stimulus: autoDraw = False
111.5033 	EXP 	stimulus: height = np.float64(0.2)
111.5033 	EXP 	stimulus: height = np.float64(0.2)
111.5033 	EXP 	stimulus: height = np.float64(0.2)
111.5033 	EXP 	stimulus: text = '<<<<<'
111.5033 	EXP 	fixation: autoDraw = True
111.6374 	EXP 	Device response: <KeyPress from None: t=111.47209039999984, value=left, duration=0.16315620000000308>
111.9868 	EXP 	stimulus: autoDraw = True
112.0033 	EXP 	fixation: autoDraw = False
113.3038 	EXP 	Device response: <KeyPress from None: t=113.29230429999984, value=left, duration=None>
113.3041 	EXP 	New trial (rep=12, index=3): <Trial 51 (3 in rep 12) data={'trialno': np.int64(2), 'Condition': 'C', 'Stimulus': '>>>>>', 'Target': '> ', 'Correct_resp': 'right', 'thisN': 51, 'thisTrialN': 3, 'thisRepN': 12}>
113.3079 	DATA 	Keypress: left
113.3198 	INFO 	Keyboard events cleared
113.3196 	EXP 	fixation: autoDraw = False
113.3196 	EXP 	stimulus: autoDraw = False
113.3196 	EXP 	stimulus: height = np.float64(0.2)
113.3196 	EXP 	stimulus: height = np.float64(0.2)
113.3196 	EXP 	stimulus: height = np.float64(0.2)
113.3196 	EXP 	stimulus: text = '>>>>>'
113.3196 	EXP 	fixation: autoDraw = True
113.5038 	EXP 	Device response: <KeyPress from None: t=113.29230429999984, value=left, duration=0.2089818000001742>
113.8041 	EXP 	stimulus: autoDraw = True
113.8200 	EXP 	fixation: autoDraw = False
114.4537 	EXP 	Device response: <KeyPress from None: t=114.44693829999983, value=right, duration=None>
114.4541 	EXP 	New trial (rep=13, index=0): <Trial 52 (0 in rep 13) data={'trialno': np.int64(1), 'Condition': 'C', 'Stimulus': '<<<<<', 'Target': '<', 'Correct_resp': 'left', 'thisN': 52, 'thisTrialN': 0, 'thisRepN': 13}>
114.4584 	DATA 	Keypress: right
114.4699 	INFO 	Keyboard events cleared
114.4697 	EXP 	fixation: autoDraw = False
114.4697 	EXP 	stimulus: autoDraw = False
114.4697 	EXP 	stimulus: height = np.float64(0.2)
114.4697 	EXP 	stimulus: height = np.float64(0.2)
114.4697 	EXP 	stimulus: height = np.float64(0.2)
114.4697 	EXP 	stimulus: text = '<<<<<'
114.4697 	EXP 	fixation: autoDraw = True
114.7035 	EXP 	Device response: <KeyPress from None: t=114.44693829999983, value=right, duration=0.24161060000005818>
114.9534 	EXP 	stimulus: autoDraw = True
114.9702 	EXP 	fixation: autoDraw = False
116.1872 	EXP 	Device response: <KeyPress from None: t=116.18056109999998, value=left, duration=None>
116.1875 	EXP 	New trial (rep=13, index=1): <Trial 53 (1 in rep 13) data={'trialno': np.int64(3), 'Condition': 'I', 'Stimulus': '>>><>', 'Target': '<', 'Correct_resp': 'left', 'thisN': 53, 'thisTrialN': 1, 'thisRepN': 13}>
116.1913 	DATA 	Keypress: left
116.2033 	INFO 	Keyboard events cleared
116.2031 	EXP 	fixation: autoDraw = False
116.2031 	EXP 	stimulus: autoDraw = False
116.2031 	EXP 	stimulus: height = np.float64(0.2)
116.2031 	EXP 	stimulus: height = np.float64(0.2)
116.2031 	EXP 	stimulus: height = np.float64(0.2)
116.2031 	EXP 	stimulus: text = '>>><>'
116.2031 	EXP 	fixation: autoDraw = True
116.3705 	EXP 	Device response: <KeyPress from None: t=116.18056109999998, value=left, duration=0.17344989999992322>
116.6868 	EXP 	stimulus: autoDraw = True
116.7035 	EXP 	fixation: autoDraw = False
119.7203 	EXP 	Device response: <KeyPress from None: t=119.71761489999994, value=left, duration=None>
119.7206 	EXP 	New trial (rep=13, index=2): <Trial 54 (2 in rep 13) data={'trialno': np.int64(4), 'Condition': 'I', 'Stimulus': '<<><<', 'Target': '> ', 'Correct_resp': 'right', 'thisN': 54, 'thisTrialN': 2, 'thisRepN': 13}>
119.7246 	DATA 	Keypress: left
119.7367 	INFO 	Keyboard events cleared
119.7365 	EXP 	fixation: autoDraw = False
119.7365 	EXP 	stimulus: autoDraw = False
119.7365 	EXP 	stimulus: height = np.float64(0.2)
119.7365 	EXP 	stimulus: height = np.float64(0.2)
119.7365 	EXP 	stimulus: height = np.float64(0.2)
119.7365 	EXP 	stimulus: text = '<<><<'
119.7365 	EXP 	fixation: autoDraw = True
119.9033 	EXP 	Device response: <KeyPress from None: t=119.71761489999994, value=left, duration=0.1782253999999739>
120.2203 	EXP 	stimulus: autoDraw = True
120.2366 	EXP 	fixation: autoDraw = False
123.9372 	EXP 	Device response: <KeyPress from None: t=123.93090329999995, value=right, duration=None>
123.9376 	EXP 	New trial (rep=13, index=3): <Trial 55 (3 in rep 13) data={'trialno': np.int64(2), 'Condition': 'C', 'Stimulus': '>>>>>', 'Target': '> ', 'Correct_resp': 'right', 'thisN': 55, 'thisTrialN': 3, 'thisRepN': 13}>
123.9415 	DATA 	Keypress: right
123.9536 	INFO 	Keyboard events cleared
123.9534 	EXP 	fixation: autoDraw = False
123.9534 	EXP 	stimulus: autoDraw = False
123.9534 	EXP 	stimulus: height = np.float64(0.2)
123.9534 	EXP 	stimulus: height = np.float64(0.2)
123.9534 	EXP 	stimulus: height = np.float64(0.2)
123.9534 	EXP 	stimulus: text = '>>>>>'
123.9534 	EXP 	fixation: autoDraw = True
124.1206 	EXP 	Device response: <KeyPress from None: t=123.93090329999995, value=right, duration=0.1850018000000091>
124.4536 	EXP 	fixation: autoDraw = False
124.4536 	EXP 	stimulus: autoDraw = True
125.1708 	EXP 	Device response: <KeyPress from None: t=125.1698323999999, value=right, duration=None>
125.1712 	EXP 	New trial (rep=14, index=0): <Trial 56 (0 in rep 14) data={'trialno': np.int64(2), 'Condition': 'C', 'Stimulus': '>>>>>', 'Target': '> ', 'Correct_resp': 'right', 'thisN': 56, 'thisTrialN': 0, 'thisRepN': 14}>
125.1723 	DATA 	Keypress: right
125.1865 	INFO 	Keyboard events cleared
125.1863 	EXP 	fixation: autoDraw = False
125.1863 	EXP 	stimulus: autoDraw = False
125.1863 	EXP 	stimulus: text = '>>>>>'
125.1863 	EXP 	fixation: autoDraw = True
125.3371 	EXP 	Device response: <KeyPress from None: t=125.1698323999999, value=right, duration=0.15712729999995645>
125.6868 	EXP 	fixation: autoDraw = False
125.6868 	EXP 	stimulus: autoDraw = True
126.5206 	EXP 	Device response: <KeyPress from None: t=126.50502059999985, value=right, duration=None>
126.5209 	EXP 	New trial (rep=14, index=1): <Trial 57 (1 in rep 14) data={'trialno': np.int64(1), 'Condition': 'C', 'Stimulus': '<<<<<', 'Target': '<', 'Correct_resp': 'left', 'thisN': 57, 'thisTrialN': 1, 'thisRepN': 14}>
126.5246 	DATA 	Keypress: right
126.5368 	INFO 	Keyboard events cleared
126.5367 	EXP 	fixation: autoDraw = False
126.5367 	EXP 	stimulus: autoDraw = False
126.5367 	EXP 	stimulus: height = np.float64(0.2)
126.5367 	EXP 	stimulus: height = np.float64(0.2)
126.5367 	EXP 	stimulus: height = np.float64(0.2)
126.5367 	EXP 	stimulus: text = '<<<<<'
126.5367 	EXP 	fixation: autoDraw = True
126.6535 	EXP 	Device response: <KeyPress from None: t=126.50502059999985, value=right, duration=0.14480440000011185>
127.0369 	EXP 	fixation: autoDraw = False
127.0369 	EXP 	stimulus: autoDraw = True
128.7208 	EXP 	Device response: <KeyPress from None: t=128.71972749999986, value=left, duration=None>
128.7211 	EXP 	New trial (rep=14, index=2): <Trial 58 (2 in rep 14) data={'trialno': np.int64(4), 'Condition': 'I', 'Stimulus': '<<><<', 'Target': '> ', 'Correct_resp': 'right', 'thisN': 58, 'thisTrialN': 2, 'thisRepN': 14}>
128.7249 	DATA 	Keypress: left
128.7371 	INFO 	Keyboard events cleared
128.7369 	EXP 	fixation: autoDraw = False
128.7369 	EXP 	stimulus: autoDraw = False
128.7369 	EXP 	stimulus: height = np.float64(0.2)
128.7369 	EXP 	stimulus: height = np.float64(0.2)
128.7369 	EXP 	stimulus: height = np.float64(0.2)
128.7369 	EXP 	stimulus: text = '<<><<'
128.7369 	EXP 	fixation: autoDraw = True
128.8705 	EXP 	Device response: <KeyPress from None: t=128.71972749999986, value=left, duration=0.1348656000000119>
129.2369 	EXP 	fixation: autoDraw = False
129.2369 	EXP 	stimulus: autoDraw = True
132.0039 	EXP 	Device response: <KeyPress from None: t=131.99008889999982, value=right, duration=None>
132.0043 	EXP 	New trial (rep=14, index=3): <Trial 59 (3 in rep 14) data={'trialno': np.int64(3), 'Condition': 'I', 'Stimulus': '>>><>', 'Target': '<', 'Correct_resp': 'left', 'thisN': 59, 'thisTrialN': 3, 'thisRepN': 14}>
132.0082 	DATA 	Keypress: right
132.0203 	INFO 	Keyboard events cleared
132.0201 	EXP 	fixation: autoDraw = False
132.0201 	EXP 	stimulus: autoDraw = False
132.0201 	EXP 	stimulus: height = np.float64(0.2)
132.0201 	EXP 	stimulus: height = np.float64(0.2)
132.0201 	EXP 	stimulus: height = np.float64(0.2)
132.0201 	EXP 	stimulus: text = '>>><>'
132.0201 	EXP 	fixation: autoDraw = True
132.2037 	EXP 	Device response: <KeyPress from None: t=131.99008889999982, value=right, duration=0.20075059999999212>
132.5034 	EXP 	stimulus: autoDraw = True
132.5200 	EXP 	fixation: autoDraw = False
135.1219 	DATA 	Keypress: right
135.1372 	EXP 	Device response: <KeyPress from None: t=135.12063119999993, value=right, duration=None>
135.1376 	EXP 	New trial (rep=15, index=0): <Trial 60 (0 in rep 15) data={'trialno': np.int64(2), 'Condition': 'C', 'Stimulus': '>>>>>', 'Target': '> ', 'Correct_resp': 'right', 'thisN': 60, 'thisTrialN': 0, 'thisRepN': 15}>
135.1534 	INFO 	Keyboard events cleared
135.1533 	EXP 	fixation: autoDraw = False
135.1533 	EXP 	stimulus: autoDraw = False
135.1533 	EXP 	stimulus: height = np.float64(0.2)
135.1533 	EXP 	stimulus: height = np.float64(0.2)
135.1533 	EXP 	stimulus: height = np.float64(0.2)
135.1533 	EXP 	stimulus: text = '>>>>>'
135.1533 	EXP 	fixation: autoDraw = True
135.3368 	EXP 	Device response: <KeyPress from None: t=135.12063119999993, value=right, duration=0.20318090000000666>
135.6367 	EXP 	stimulus: autoDraw = True
135.6534 	EXP 	fixation: autoDraw = False
136.2374 	EXP 	Device response: <KeyPress from None: t=136.23497589999988, value=right, duration=None>
136.2378 	EXP 	New trial (rep=15, index=1): <Trial 61 (1 in rep 15) data={'trialno': np.int64(1), 'Condition': 'C', 'Stimulus': '<<<<<', 'Target': '<', 'Correct_resp': 'left', 'thisN': 61, 'thisTrialN': 1, 'thisRepN': 15}>
136.2418 	DATA 	Keypress: right
136.2536 	INFO 	Keyboard events cleared
136.2534 	EXP 	fixation: autoDraw = False
136.2534 	EXP 	stimulus: autoDraw = False
136.2534 	EXP 	stimulus: height = np.float64(0.2)
136.2534 	EXP 	stimulus: height = np.float64(0.2)
136.2534 	EXP 	stimulus: height = np.float64(0.2)
136.2534 	EXP 	stimulus: text = '<<<<<'
136.2534 	EXP 	fixation: autoDraw = True
136.4368 	EXP 	Device response: <KeyPress from None: t=136.23497589999988, value=right, duration=0.18614819999993415>
136.7364 	EXP 	stimulus: autoDraw = True
136.7538 	EXP 	fixation: autoDraw = False
137.5714 	EXP 	Device response: <KeyPress from None: t=137.55513079999992, value=left, duration=None>
137.5717 	EXP 	New trial (rep=15, index=2): <Trial 62 (2 in rep 15) data={'trialno': np.int64(3), 'Condition': 'I', 'Stimulus': '>>><>', 'Target': '<', 'Correct_resp': 'left', 'thisN': 62, 'thisTrialN': 2, 'thisRepN': 15}>
137.5760 	DATA 	Keypress: left
137.5870 	INFO 	Keyboard events cleared
137.5869 	EXP 	fixation: autoDraw = False
137.5869 	EXP 	stimulus: autoDraw = False
137.5869 	EXP 	stimulus: height = np.float64(0.2)
137.5869 	EXP 	stimulus: height = np.float64(0.2)
137.5869 	EXP 	stimulus: height = np.float64(0.2)
137.5869 	EXP 	stimulus: text = '>>><>'
137.5869 	EXP 	fixation: autoDraw = True
137.7371 	EXP 	Device response: <KeyPress from None: t=137.55513079999992, value=left, duration=0.17338539999991553>
138.0869 	EXP 	fixation: autoDraw = False
138.0869 	EXP 	stimulus: autoDraw = True
139.9215 	EXP 	Device response: <KeyPress from None: t=139.9111436999999, value=left, duration=None>
139.9218 	EXP 	New trial (rep=15, index=3): <Trial 63 (3 in rep 15) data={'trialno': np.int64(4), 'Condition': 'I', 'Stimulus': '<<><<', 'Target': '> ', 'Correct_resp': 'right', 'thisN': 63, 'thisTrialN': 3, 'thisRepN': 15}>
139.9256 	DATA 	Keypress: left
139.9367 	INFO 	Keyboard events cleared
139.9366 	EXP 	fixation: autoDraw = False
139.9366 	EXP 	stimulus: autoDraw = False
139.9366 	EXP 	stimulus: height = np.float64(0.2)
139.9366 	EXP 	stimulus: height = np.float64(0.2)
139.9366 	EXP 	stimulus: height = np.float64(0.2)
139.9366 	EXP 	stimulus: text = '<<><<'
139.9366 	EXP 	fixation: autoDraw = True
140.0705 	EXP 	Device response: <KeyPress from None: t=139.9111436999999, value=left, duration=0.14446160000011332>
140.4368 	EXP 	fixation: autoDraw = False
140.4368 	EXP 	stimulus: autoDraw = True
144.0873 	EXP 	Device response: <KeyPress from None: t=144.0744021999999, value=right, duration=None>
144.0877 	EXP 	New trial (rep=16, index=0): <Trial 64 (0 in rep 16) data={'trialno': np.int64(4), 'Condition': 'I', 'Stimulus': '<<><<', 'Target': '> ', 'Correct_resp': 'right', 'thisN': 64, 'thisTrialN': 0, 'thisRepN': 16}>
144.0891 	DATA 	Keypress: right
144.1032 	INFO 	Keyboard events cleared
144.1030 	EXP 	fixation: autoDraw = False
144.1030 	EXP 	stimulus: autoDraw = False
144.1030 	EXP 	stimulus: text = '<<><<'
144.1030 	EXP 	fixation: autoDraw = True
144.2702 	EXP 	Device response: <KeyPress from None: t=144.0744021999999, value=right, duration=0.19306249999999636>
144.5867 	EXP 	stimulus: autoDraw = True
144.6036 	EXP 	fixation: autoDraw = False
148.9888 	DATA 	Keypress: right
149.0035 	EXP 	Device response: <KeyPress from None: t=148.98796049999987, value=right, duration=None>
149.0039 	EXP 	New trial (rep=16, index=1): <Trial 65 (1 in rep 16) data={'trialno': np.int64(2), 'Condition': 'C', 'Stimulus': '>>>>>', 'Target': '> ', 'Correct_resp': 'right', 'thisN': 65, 'thisTrialN': 1, 'thisRepN': 16}>
149.0201 	INFO 	Keyboard events cleared
149.0200 	EXP 	fixation: autoDraw = False
149.0200 	EXP 	stimulus: autoDraw = False
149.0200 	EXP 	stimulus: height = np.float64(0.2)
149.0200 	EXP 	stimulus: height = np.float64(0.2)
149.0200 	EXP 	stimulus: height = np.float64(0.2)
149.0200 	EXP 	stimulus: text = '>>>>>'
149.0200 	EXP 	fixation: autoDraw = True
149.2039 	EXP 	Device response: <KeyPress from None: t=148.98796049999987, value=right, duration=0.20283360000007633>
149.5031 	EXP 	stimulus: autoDraw = True
149.5199 	EXP 	fixation: autoDraw = False
150.3373 	EXP 	Device response: <KeyPress from None: t=150.32342129999984, value=right, duration=None>
150.3378 	EXP 	New trial (rep=16, index=2): <Trial 66 (2 in rep 16) data={'trialno': np.int64(1), 'Condition': 'C', 'Stimulus': '<<<<<', 'Target': '<', 'Correct_resp': 'left', 'thisN': 66, 'thisTrialN': 2, 'thisRepN': 16}>
150.3415 	DATA 	Keypress: right
150.3535 	INFO 	Keyboard events cleared
150.3533 	EXP 	fixation: autoDraw = False
150.3533 	EXP 	stimulus: autoDraw = False
150.3533 	EXP 	stimulus: height = np.float64(0.2)
150.3533 	EXP 	stimulus: height = np.float64(0.2)
150.3533 	EXP 	stimulus: height = np.float64(0.2)
150.3533 	EXP 	stimulus: text = '<<<<<'
150.3533 	EXP 	fixation: autoDraw = True
150.4876 	EXP 	Device response: <KeyPress from None: t=150.32342129999984, value=right, duration=0.16254690000005212>
150.8369 	EXP 	stimulus: autoDraw = True
150.8535 	EXP 	fixation: autoDraw = False
151.9037 	EXP 	Device response: <KeyPress from None: t=151.9005141, value=left, duration=None>
151.9041 	EXP 	New trial (rep=16, index=3): <Trial 67 (3 in rep 16) data={'trialno': np.int64(3), 'Condition': 'I', 'Stimulus': '>>><>', 'Target': '<', 'Correct_resp': 'left', 'thisN': 67, 'thisTrialN': 3, 'thisRepN': 16}>
151.9085 	DATA 	Keypress: left
151.9202 	INFO 	Keyboard events cleared
151.9201 	EXP 	fixation: autoDraw = False
151.9201 	EXP 	stimulus: autoDraw = False
151.9201 	EXP 	stimulus: height = np.float64(0.2)
151.9201 	EXP 	stimulus: height = np.float64(0.2)
151.9201 	EXP 	stimulus: height = np.float64(0.2)
151.9201 	EXP 	stimulus: text = '>>><>'
151.9201 	EXP 	fixation: autoDraw = True
152.0871 	EXP 	Device response: <KeyPress from None: t=151.9005141, value=left, duration=0.1798812999998063>
152.4034 	EXP 	stimulus: autoDraw = True
152.4201 	EXP 	fixation: autoDraw = False
153.6545 	EXP 	Device response: <KeyPress from None: t=153.65398219999997, value=left, duration=None>
153.6558 	DATA 	Keypress: left
153.6703 	EXP 	New trial (rep=17, index=0): <Trial 68 (0 in rep 17) data={'trialno': np.int64(2), 'Condition': 'C', 'Stimulus': '>>>>>', 'Target': '> ', 'Correct_resp': 'right', 'thisN': 68, 'thisTrialN': 0, 'thisRepN': 17}>
153.6866 	INFO 	Keyboard events cleared
153.6864 	EXP 	fixation: autoDraw = False
153.6864 	EXP 	stimulus: autoDraw = False
153.6864 	EXP 	stimulus: height = np.float64(0.2)
153.6864 	EXP 	stimulus: height = np.float64(0.2)
153.6864 	EXP 	stimulus: height = np.float64(0.2)
153.6864 	EXP 	stimulus: text = '>>>>>'
153.6864 	EXP 	fixation: autoDraw = True
153.8541 	EXP 	Device response: <KeyPress from None: t=153.65398219999997, value=left, duration=0.1935105999998541>
154.1702 	EXP 	stimulus: autoDraw = True
154.1877 	EXP 	fixation: autoDraw = False
154.9375 	EXP 	Device response: <KeyPress from None: t=154.93460879999998, value=right, duration=None>
154.9379 	EXP 	New trial (rep=17, index=1): <Trial 69 (1 in rep 17) data={'trialno': np.int64(4), 'Condition': 'I', 'Stimulus': '<<><<', 'Target': '> ', 'Correct_resp': 'right', 'thisN': 69, 'thisTrialN': 1, 'thisRepN': 17}>
154.9433 	DATA 	Keypress: right
154.9533 	INFO 	Keyboard events cleared
154.9532 	EXP 	fixation: autoDraw = False
154.9532 	EXP 	stimulus: autoDraw = False
154.9532 	EXP 	stimulus: height = np.float64(0.2)
154.9532 	EXP 	stimulus: height = np.float64(0.2)
154.9532 	EXP 	stimulus: height = np.float64(0.2)
154.9532 	EXP 	stimulus: text = '<<><<'
154.9532 	EXP 	fixation: autoDraw = True
155.1368 	EXP 	Device response: <KeyPress from None: t=154.93460879999998, value=right, duration=0.19447149999996327>
155.4542 	EXP 	fixation: autoDraw = False
155.4542 	EXP 	stimulus: autoDraw = True
157.0209 	EXP 	Device response: <KeyPress from None: t=157.0139231999999, value=right, duration=None>
157.0213 	EXP 	New trial (rep=17, index=2): <Trial 70 (2 in rep 17) data={'trialno': np.int64(1), 'Condition': 'C', 'Stimulus': '<<<<<', 'Target': '<', 'Correct_resp': 'left', 'thisN': 70, 'thisTrialN': 2, 'thisRepN': 17}>
157.0250 	DATA 	Keypress: right
157.0370 	INFO 	Keyboard events cleared
157.0368 	EXP 	fixation: autoDraw = False
157.0368 	EXP 	stimulus: autoDraw = False
157.0368 	EXP 	stimulus: height = np.float64(0.2)
157.0368 	EXP 	stimulus: height = np.float64(0.2)
157.0368 	EXP 	stimulus: height = np.float64(0.2)
157.0368 	EXP 	stimulus: text = '<<<<<'
157.0368 	EXP 	fixation: autoDraw = True
157.2364 	EXP 	Device response: <KeyPress from None: t=157.0139231999999, value=right, duration=0.20882610000012392>
157.5369 	EXP 	fixation: autoDraw = False
157.5369 	EXP 	stimulus: autoDraw = True
158.7881 	EXP 	Device response: <KeyPress from None: t=158.77604969999993, value=right, duration=None>
158.7885 	EXP 	New trial (rep=17, index=3): <Trial 71 (3 in rep 17) data={'trialno': np.int64(3), 'Condition': 'I', 'Stimulus': '>>><>', 'Target': '<', 'Correct_resp': 'left', 'thisN': 71, 'thisTrialN': 3, 'thisRepN': 17}>
158.7922 	DATA 	Keypress: right
158.8033 	INFO 	Keyboard events cleared
158.8032 	EXP 	fixation: autoDraw = False
158.8032 	EXP 	stimulus: autoDraw = False
158.8032 	EXP 	stimulus: height = np.float64(0.2)
158.8032 	EXP 	stimulus: height = np.float64(0.2)
158.8032 	EXP 	stimulus: height = np.float64(0.2)
158.8032 	EXP 	stimulus: text = '>>><>'
158.8032 	EXP 	fixation: autoDraw = True
158.9705 	EXP 	Device response: <KeyPress from None: t=158.77604969999993, value=right, duration=0.18138829999998052>
159.3033 	EXP 	fixation: autoDraw = False
159.3033 	EXP 	stimulus: autoDraw = True
161.1374 	EXP 	Device response: <KeyPress from None: t=161.13437219999992, value=left, duration=None>
161.1378 	EXP 	New trial (rep=18, index=0): <Trial 72 (0 in rep 18) data={'trialno': np.int64(4), 'Condition': 'I', 'Stimulus': '<<><<', 'Target': '> ', 'Correct_resp': 'right', 'thisN': 72, 'thisTrialN': 0, 'thisRepN': 18}>
161.1421 	DATA 	Keypress: left
161.1536 	INFO 	Keyboard events cleared
161.1534 	EXP 	fixation: autoDraw = False
161.1534 	EXP 	stimulus: autoDraw = False
161.1534 	EXP 	stimulus: height = np.float64(0.2)
161.1534 	EXP 	stimulus: height = np.float64(0.2)
161.1534 	EXP 	stimulus: height = np.float64(0.2)
161.1534 	EXP 	stimulus: text = '<<><<'
161.1534 	EXP 	fixation: autoDraw = True
161.3373 	EXP 	Device response: <KeyPress from None: t=161.13437219999992, value=left, duration=0.19761640000001535>
161.6534 	EXP 	fixation: autoDraw = False
161.6534 	EXP 	stimulus: autoDraw = True
163.5374 	EXP 	Device response: <KeyPress from None: t=163.53490109999984, value=right, duration=None>
163.5377 	EXP 	New trial (rep=18, index=1): <Trial 73 (1 in rep 18) data={'trialno': np.int64(3), 'Condition': 'I', 'Stimulus': '>>><>', 'Target': '<', 'Correct_resp': 'left', 'thisN': 73, 'thisTrialN': 1, 'thisRepN': 18}>
163.5416 	DATA 	Keypress: right
163.5537 	INFO 	Keyboard events cleared
163.5535 	EXP 	fixation: autoDraw = False
163.5535 	EXP 	stimulus: autoDraw = False
163.5535 	EXP 	stimulus: height = np.float64(0.2)
163.5535 	EXP 	stimulus: height = np.float64(0.2)
163.5535 	EXP 	stimulus: height = np.float64(0.2)
163.5535 	EXP 	stimulus: text = '>>><>'
163.5535 	EXP 	fixation: autoDraw = True
163.7035 	EXP 	Device response: <KeyPress from None: t=163.53490109999984, value=right, duration=0.15568100000018603>
164.0368 	EXP 	stimulus: autoDraw = True
164.0535 	EXP 	fixation: autoDraw = False
168.2204 	EXP 	Device response: <KeyPress from None: t=168.2118395, value=left, duration=None>
168.2208 	EXP 	New trial (rep=18, index=2): <Trial 74 (2 in rep 18) data={'trialno': np.int64(2), 'Condition': 'C', 'Stimulus': '>>>>>', 'Target': '> ', 'Correct_resp': 'right', 'thisN': 74, 'thisTrialN': 2, 'thisRepN': 18}>
168.2245 	DATA 	Keypress: left
168.2368 	INFO 	Keyboard events cleared
168.2367 	EXP 	fixation: autoDraw = False
168.2367 	EXP 	stimulus: autoDraw = False
168.2367 	EXP 	stimulus: height = np.float64(0.2)
168.2367 	EXP 	stimulus: height = np.float64(0.2)
168.2367 	EXP 	stimulus: height = np.float64(0.2)
168.2367 	EXP 	stimulus: text = '>>>>>'
168.2367 	EXP 	fixation: autoDraw = True
168.4207 	EXP 	Device response: <KeyPress from None: t=168.2118395, value=left, duration=0.19861169999990125>
168.7209 	EXP 	stimulus: autoDraw = True
168.7367 	EXP 	fixation: autoDraw = False
169.4709 	EXP 	Device response: <KeyPress from None: t=169.46600039999998, value=right, duration=None>
169.4713 	EXP 	New trial (rep=18, index=3): <Trial 75 (3 in rep 18) data={'trialno': np.int64(1), 'Condition': 'C', 'Stimulus': '<<<<<', 'Target': '<', 'Correct_resp': 'left', 'thisN': 75, 'thisTrialN': 3, 'thisRepN': 18}>
169.4756 	DATA 	Keypress: right
169.4867 	INFO 	Keyboard events cleared
169.4866 	EXP 	fixation: autoDraw = False
169.4866 	EXP 	stimulus: autoDraw = False
169.4866 	EXP 	stimulus: height = np.float64(0.2)
169.4866 	EXP 	stimulus: height = np.float64(0.2)
169.4866 	EXP 	stimulus: height = np.float64(0.2)
169.4866 	EXP 	stimulus: text = '<<<<<'
169.4866 	EXP 	fixation: autoDraw = True
169.6703 	EXP 	Device response: <KeyPress from None: t=169.46600039999998, value=right, duration=0.20140849999984312>
169.9870 	EXP 	fixation: autoDraw = False
169.9870 	EXP 	stimulus: autoDraw = True
173.8709 	EXP 	Device response: <KeyPress from None: t=173.86613519999992, value=left, duration=None>
173.8713 	EXP 	New trial (rep=19, index=0): <Trial 76 (0 in rep 19) data={'trialno': np.int64(1), 'Condition': 'C', 'Stimulus': '<<<<<', 'Target': '<', 'Correct_resp': 'left', 'thisN': 76, 'thisTrialN': 0, 'thisRepN': 19}>
173.8725 	DATA 	Keypress: left
173.8867 	INFO 	Keyboard events cleared
173.8865 	EXP 	fixation: autoDraw = False
173.8865 	EXP 	stimulus: autoDraw = False
173.8865 	EXP 	stimulus: text = '<<<<<'
173.8865 	EXP 	fixation: autoDraw = True
174.0706 	EXP 	Device response: <KeyPress from None: t=173.86613519999992, value=left, duration=0.1897343999999066>
174.3702 	EXP 	stimulus: autoDraw = True
174.3868 	EXP 	fixation: autoDraw = False
177.3219 	DATA 	Keypress: left
177.3373 	EXP 	Device response: <KeyPress from None: t=177.32133129999988, value=left, duration=None>
177.3377 	EXP 	New trial (rep=19, index=1): <Trial 77 (1 in rep 19) data={'trialno': np.int64(4), 'Condition': 'I', 'Stimulus': '<<><<', 'Target': '> ', 'Correct_resp': 'right', 'thisN': 77, 'thisTrialN': 1, 'thisRepN': 19}>
177.3532 	INFO 	Keyboard events cleared
177.3531 	EXP 	fixation: autoDraw = False
177.3531 	EXP 	stimulus: autoDraw = False
177.3531 	EXP 	stimulus: height = np.float64(0.2)
177.3531 	EXP 	stimulus: height = np.float64(0.2)
177.3531 	EXP 	stimulus: height = np.float64(0.2)
177.3531 	EXP 	stimulus: text = '<<><<'
177.3531 	EXP 	fixation: autoDraw = True
177.5041 	EXP 	Device response: <KeyPress from None: t=177.32133129999988, value=left, duration=0.17689259999997375>
177.8376 	EXP 	stimulus: autoDraw = True
177.8534 	EXP 	fixation: autoDraw = False
180.9370 	EXP 	Device response: <KeyPress from None: t=180.92379729999993, value=left, duration=None>
180.9374 	EXP 	New trial (rep=19, index=2): <Trial 78 (2 in rep 19) data={'trialno': np.int64(2), 'Condition': 'C', 'Stimulus': '>>>>>', 'Target': '> ', 'Correct_resp': 'right', 'thisN': 78, 'thisTrialN': 2, 'thisRepN': 19}>
180.9411 	DATA 	Keypress: left
180.9536 	INFO 	Keyboard events cleared
180.9534 	EXP 	fixation: autoDraw = False
180.9534 	EXP 	stimulus: autoDraw = False
180.9534 	EXP 	stimulus: height = np.float64(0.2)
180.9534 	EXP 	stimulus: height = np.float64(0.2)
180.9534 	EXP 	stimulus: height = np.float64(0.2)
180.9534 	EXP 	stimulus: text = '>>>>>'
180.9534 	EXP 	fixation: autoDraw = True
181.0207 	EXP 	Device response: <KeyPress from None: t=180.92379729999993, value=left, duration=0.08301230000006399>
181.4368 	EXP 	stimulus: autoDraw = True
181.4535 	EXP 	fixation: autoDraw = False
182.8371 	EXP 	Device response: <KeyPress from None: t=182.82891999999993, value=right, duration=None>
182.8375 	EXP 	New trial (rep=19, index=3): <Trial 79 (3 in rep 19) data={'trialno': np.int64(3), 'Condition': 'I', 'Stimulus': '>>><>', 'Target': '<', 'Correct_resp': 'left', 'thisN': 79, 'thisTrialN': 3, 'thisRepN': 19}>
182.8413 	DATA 	Keypress: right
182.8535 	INFO 	Keyboard events cleared
182.8534 	EXP 	fixation: autoDraw = False
182.8534 	EXP 	stimulus: autoDraw = False
182.8534 	EXP 	stimulus: height = np.float64(0.2)
182.8534 	EXP 	stimulus: height = np.float64(0.2)
182.8534 	EXP 	stimulus: height = np.float64(0.2)
182.8534 	EXP 	stimulus: text = '>>><>'
182.8534 	EXP 	fixation: autoDraw = True
183.0039 	EXP 	Device response: <KeyPress from None: t=182.82891999999993, value=right, duration=0.159622200000058>
183.3369 	EXP 	stimulus: autoDraw = True
183.3535 	EXP 	fixation: autoDraw = False
189.5707 	EXP 	Device response: <KeyPress from None: t=189.5590365999999, value=right, duration=None>
189.5711 	EXP 	New trial (rep=20, index=0): <Trial 80 (0 in rep 20) data={'trialno': np.int64(2), 'Condition': 'C', 'Stimulus': '>>>>>', 'Target': '> ', 'Correct_resp': 'right', 'thisN': 80, 'thisTrialN': 0, 'thisRepN': 20}>
189.5749 	DATA 	Keypress: right
189.5869 	INFO 	Keyboard events cleared
189.5867 	EXP 	fixation: autoDraw = False
189.5867 	EXP 	stimulus: autoDraw = False
189.5867 	EXP 	stimulus: height = np.float64(0.2)
189.5867 	EXP 	stimulus: height = np.float64(0.2)
189.5867 	EXP 	stimulus: height = np.float64(0.2)
189.5867 	EXP 	stimulus: text = '>>>>>'
189.5867 	EXP 	fixation: autoDraw = True
189.7539 	EXP 	Device response: <KeyPress from None: t=189.5590365999999, value=right, duration=0.18388800000002448>
190.0702 	EXP 	stimulus: autoDraw = True
190.0870 	EXP 	fixation: autoDraw = False
190.7221 	DATA 	Keypress: right
190.7367 	EXP 	Device response: <KeyPress from None: t=190.72068019999983, value=right, duration=None>
190.7371 	EXP 	New trial (rep=20, index=1): <Trial 81 (1 in rep 20) data={'trialno': np.int64(4), 'Condition': 'I', 'Stimulus': '<<><<', 'Target': '> ', 'Correct_resp': 'right', 'thisN': 81, 'thisTrialN': 1, 'thisRepN': 20}>
190.7537 	INFO 	Keyboard events cleared
190.7536 	EXP 	fixation: autoDraw = False
190.7536 	EXP 	stimulus: autoDraw = False
190.7536 	EXP 	stimulus: height = np.float64(0.2)
190.7536 	EXP 	stimulus: height = np.float64(0.2)
190.7536 	EXP 	stimulus: height = np.float64(0.2)
190.7536 	EXP 	stimulus: text = '<<><<'
190.7536 	EXP 	fixation: autoDraw = True
190.9373 	EXP 	Device response: <KeyPress from None: t=190.72068019999983, value=right, duration=0.20790170000009311>
191.2366 	EXP 	stimulus: autoDraw = True
191.2536 	EXP 	fixation: autoDraw = False
192.7872 	EXP 	Device response: <KeyPress from None: t=192.78449460000002, value=right, duration=None>
192.7875 	EXP 	New trial (rep=20, index=2): <Trial 82 (2 in rep 20) data={'trialno': np.int64(3), 'Condition': 'I', 'Stimulus': '>>><>', 'Target': '<', 'Correct_resp': 'left', 'thisN': 82, 'thisTrialN': 2, 'thisRepN': 20}>
192.7920 	DATA 	Keypress: right
192.8035 	INFO 	Keyboard events cleared
192.8033 	EXP 	fixation: autoDraw = False
192.8033 	EXP 	stimulus: autoDraw = False
192.8033 	EXP 	stimulus: height = np.float64(0.2)
192.8033 	EXP 	stimulus: height = np.float64(0.2)
192.8033 	EXP 	stimulus: height = np.float64(0.2)
192.8033 	EXP 	stimulus: text = '>>><>'
192.8033 	EXP 	fixation: autoDraw = True
192.9705 	EXP 	Device response: <KeyPress from None: t=192.78449460000002, value=right, duration=0.1771980999999414>
193.2871 	EXP 	stimulus: autoDraw = True
193.3041 	EXP 	fixation: autoDraw = False
195.0542 	EXP 	Device response: <KeyPress from None: t=195.0391087999999, value=left, duration=None>
195.0546 	EXP 	New trial (rep=20, index=3): <Trial 83 (3 in rep 20) data={'trialno': np.int64(1), 'Condition': 'C', 'Stimulus': '<<<<<', 'Target': '<', 'Correct_resp': 'left', 'thisN': 83, 'thisTrialN': 3, 'thisRepN': 20}>
195.0584 	DATA 	Keypress: left
195.0702 	INFO 	Keyboard events cleared
195.0701 	EXP 	fixation: autoDraw = False
195.0701 	EXP 	stimulus: autoDraw = False
195.0701 	EXP 	stimulus: height = np.float64(0.2)
195.0701 	EXP 	stimulus: height = np.float64(0.2)
195.0701 	EXP 	stimulus: height = np.float64(0.2)
195.0701 	EXP 	stimulus: text = '<<<<<'
195.0701 	EXP 	fixation: autoDraw = True
195.2226 	EXP 	Device response: <KeyPress from None: t=195.0391087999999, value=left, duration=0.1814891000001353>
195.5537 	EXP 	stimulus: autoDraw = True
195.5702 	EXP 	fixation: autoDraw = False
196.5872 	EXP 	Device response: <KeyPress from None: t=196.58020809999994, value=left, duration=None>
196.5876 	EXP 	New trial (rep=21, index=0): <Trial 84 (0 in rep 21) data={'trialno': np.int64(4), 'Condition': 'I', 'Stimulus': '<<><<', 'Target': '> ', 'Correct_resp': 'right', 'thisN': 84, 'thisTrialN': 0, 'thisRepN': 21}>
196.5912 	DATA 	Keypress: left
196.6043 	INFO 	Keyboard events cleared
196.6042 	EXP 	fixation: autoDraw = False
196.6042 	EXP 	stimulus: autoDraw = False
196.6042 	EXP 	stimulus: height = np.float64(0.2)
196.6042 	EXP 	stimulus: height = np.float64(0.2)
196.6042 	EXP 	stimulus: height = np.float64(0.2)
196.6042 	EXP 	stimulus: text = '<<><<'
196.6042 	EXP 	fixation: autoDraw = True
196.7371 	EXP 	Device response: <KeyPress from None: t=196.58020809999994, value=left, duration=0.14699949999999262>
197.0869 	EXP 	stimulus: autoDraw = True
197.1044 	EXP 	fixation: autoDraw = False
199.1544 	EXP 	Device response: <KeyPress from None: t=199.14323569999988, value=right, duration=None>
199.1547 	EXP 	New trial (rep=21, index=1): <Trial 85 (1 in rep 21) data={'trialno': np.int64(3), 'Condition': 'I', 'Stimulus': '>>><>', 'Target': '<', 'Correct_resp': 'left', 'thisN': 85, 'thisTrialN': 1, 'thisRepN': 21}>
199.1591 	DATA 	Keypress: right
199.1703 	INFO 	Keyboard events cleared
199.1702 	EXP 	fixation: autoDraw = False
199.1702 	EXP 	stimulus: autoDraw = False
199.1702 	EXP 	stimulus: height = np.float64(0.2)
199.1702 	EXP 	stimulus: height = np.float64(0.2)
199.1702 	EXP 	stimulus: height = np.float64(0.2)
199.1702 	EXP 	stimulus: text = '>>><>'
199.1702 	EXP 	fixation: autoDraw = True
199.3040 	EXP 	Device response: <KeyPress from None: t=199.14323569999988, value=right, duration=0.1584447000000182>
199.6711 	EXP 	fixation: autoDraw = False
199.6711 	EXP 	stimulus: autoDraw = True
203.7542 	EXP 	Device response: <KeyPress from None: t=203.74249250000003, value=left, duration=None>
203.7546 	EXP 	New trial (rep=21, index=2): <Trial 86 (2 in rep 21) data={'trialno': np.int64(2), 'Condition': 'C', 'Stimulus': '>>>>>', 'Target': '> ', 'Correct_resp': 'right', 'thisN': 86, 'thisTrialN': 2, 'thisRepN': 21}>
203.7584 	DATA 	Keypress: left
203.7704 	INFO 	Keyboard events cleared
203.7702 	EXP 	fixation: autoDraw = False
203.7702 	EXP 	stimulus: autoDraw = False
203.7702 	EXP 	stimulus: height = np.float64(0.2)
203.7702 	EXP 	stimulus: height = np.float64(0.2)
203.7702 	EXP 	stimulus: height = np.float64(0.2)
203.7702 	EXP 	stimulus: text = '>>>>>'
203.7702 	EXP 	fixation: autoDraw = True
203.9372 	EXP 	Device response: <KeyPress from None: t=203.74249250000003, value=left, duration=0.1790929999999662>
204.2537 	EXP 	stimulus: autoDraw = True
204.2702 	EXP 	fixation: autoDraw = False
205.6537 	EXP 	Device response: <KeyPress from None: t=205.6468324, value=right, duration=None>
205.6541 	EXP 	New trial (rep=21, index=3): <Trial 87 (3 in rep 21) data={'trialno': np.int64(1), 'Condition': 'C', 'Stimulus': '<<<<<', 'Target': '<', 'Correct_resp': 'left', 'thisN': 87, 'thisTrialN': 3, 'thisRepN': 21}>
205.6577 	DATA 	Keypress: right
205.6702 	INFO 	Keyboard events cleared
205.6700 	EXP 	fixation: autoDraw = False
205.6700 	EXP 	stimulus: autoDraw = False
205.6700 	EXP 	stimulus: height = np.float64(0.2)
205.6700 	EXP 	stimulus: height = np.float64(0.2)
205.6700 	EXP 	stimulus: height = np.float64(0.2)
205.6700 	EXP 	stimulus: text = '<<<<<'
205.6700 	EXP 	fixation: autoDraw = True
205.8540 	EXP 	Device response: <KeyPress from None: t=205.6468324, value=right, duration=0.2025005999998939>
206.1534 	EXP 	stimulus: autoDraw = True
206.1703 	EXP 	fixation: autoDraw = False
207.5539 	EXP 	Device response: <KeyPress from None: t=207.53894349999996, value=left, duration=None>
207.5542 	EXP 	New trial (rep=22, index=0): <Trial 88 (0 in rep 22) data={'trialno': np.int64(4), 'Condition': 'I', 'Stimulus': '<<><<', 'Target': '> ', 'Correct_resp': 'right', 'thisN': 88, 'thisTrialN': 0, 'thisRepN': 22}>
207.5584 	DATA 	Keypress: left
207.5699 	INFO 	Keyboard events cleared
207.5697 	EXP 	fixation: autoDraw = False
207.5697 	EXP 	stimulus: autoDraw = False
207.5697 	EXP 	stimulus: height = np.float64(0.2)
207.5697 	EXP 	stimulus: height = np.float64(0.2)
207.5697 	EXP 	stimulus: height = np.float64(0.2)
207.5697 	EXP 	stimulus: text = '<<><<'
207.5697 	EXP 	fixation: autoDraw = True
207.7371 	EXP 	Device response: <KeyPress from None: t=207.53894349999996, value=left, duration=0.18838709999999992>
208.0536 	EXP 	stimulus: autoDraw = True
208.0702 	EXP 	fixation: autoDraw = False
210.1372 	EXP 	Device response: <KeyPress from None: t=210.13440019999985, value=right, duration=None>
210.1375 	EXP 	New trial (rep=22, index=1): <Trial 89 (1 in rep 22) data={'trialno': np.int64(3), 'Condition': 'I', 'Stimulus': '>>><>', 'Target': '<', 'Correct_resp': 'left', 'thisN': 89, 'thisTrialN': 1, 'thisRepN': 22}>
210.1412 	DATA 	Keypress: right
210.1537 	INFO 	Keyboard events cleared
210.1535 	EXP 	fixation: autoDraw = False
210.1535 	EXP 	stimulus: autoDraw = False
210.1535 	EXP 	stimulus: height = np.float64(0.2)
210.1535 	EXP 	stimulus: height = np.float64(0.2)
210.1535 	EXP 	stimulus: height = np.float64(0.2)
210.1535 	EXP 	stimulus: text = '>>><>'
210.1535 	EXP 	fixation: autoDraw = True
210.3209 	EXP 	Device response: <KeyPress from None: t=210.13440019999985, value=right, duration=0.18086349999998674>
210.6371 	EXP 	stimulus: autoDraw = True
210.6538 	EXP 	fixation: autoDraw = False
214.7044 	EXP 	Device response: <KeyPress from None: t=214.6985517999999, value=left, duration=None>
214.7047 	EXP 	New trial (rep=22, index=2): <Trial 90 (2 in rep 22) data={'trialno': np.int64(2), 'Condition': 'C', 'Stimulus': '>>>>>', 'Target': '> ', 'Correct_resp': 'right', 'thisN': 90, 'thisTrialN': 2, 'thisRepN': 22}>
214.7093 	DATA 	Keypress: left
214.7205 	INFO 	Keyboard events cleared
214.7204 	EXP 	fixation: autoDraw = False
214.7204 	EXP 	stimulus: autoDraw = False
214.7204 	EXP 	stimulus: height = np.float64(0.2)
214.7204 	EXP 	stimulus: height = np.float64(0.2)
214.7204 	EXP 	stimulus: height = np.float64(0.2)
214.7204 	EXP 	stimulus: text = '>>>>>'
214.7204 	EXP 	fixation: autoDraw = True
214.8371 	EXP 	Device response: <KeyPress from None: t=214.6985517999999, value=left, duration=0.13597230000004856>
215.2036 	EXP 	stimulus: autoDraw = True
215.2202 	EXP 	fixation: autoDraw = False
216.0233 	EXP 	Device response: <KeyPress from None: t=216.00583989999996, value=right, duration=None>
216.0237 	EXP 	New trial (rep=22, index=3): <Trial 91 (3 in rep 22) data={'trialno': np.int64(1), 'Condition': 'C', 'Stimulus': '<<<<<', 'Target': '<', 'Correct_resp': 'left', 'thisN': 91, 'thisTrialN': 3, 'thisRepN': 22}>
216.0282 	DATA 	Keypress: right
216.0368 	INFO 	Keyboard events cleared
216.0366 	EXP 	fixation: autoDraw = False
216.0366 	EXP 	stimulus: autoDraw = False
216.0366 	EXP 	stimulus: height = np.float64(0.2)
216.0366 	EXP 	stimulus: height = np.float64(0.2)
216.0366 	EXP 	stimulus: height = np.float64(0.2)
216.0366 	EXP 	stimulus: text = '<<<<<'
216.0366 	EXP 	fixation: autoDraw = True
216.2208 	EXP 	Device response: <KeyPress from None: t=216.00583989999996, value=right, duration=0.2133172999999715>
216.5369 	EXP 	fixation: autoDraw = False
216.5369 	EXP 	stimulus: autoDraw = True
217.4041 	EXP 	Device response: <KeyPress from None: t=217.3920137, value=left, duration=None>
217.4044 	EXP 	New trial (rep=23, index=0): <Trial 92 (0 in rep 23) data={'trialno': np.int64(2), 'Condition': 'C', 'Stimulus': '>>>>>', 'Target': '> ', 'Correct_resp': 'right', 'thisN': 92, 'thisTrialN': 0, 'thisRepN': 23}>
217.4081 	DATA 	Keypress: left
217.4204 	INFO 	Keyboard events cleared
217.4203 	EXP 	fixation: autoDraw = False
217.4203 	EXP 	stimulus: autoDraw = False
217.4203 	EXP 	stimulus: height = np.float64(0.2)
217.4203 	EXP 	stimulus: height = np.float64(0.2)
217.4203 	EXP 	stimulus: height = np.float64(0.2)
217.4203 	EXP 	stimulus: text = '>>>>>'
217.4203 	EXP 	fixation: autoDraw = True
217.5537 	EXP 	Device response: <KeyPress from None: t=217.3920137, value=left, duration=0.15541819999998552>
217.9032 	EXP 	stimulus: autoDraw = True
217.9203 	EXP 	fixation: autoDraw = False
218.5386 	DATA 	Keypress: right
218.5541 	EXP 	Device response: <KeyPress from None: t=218.53728039999987, value=right, duration=None>
218.5545 	EXP 	New trial (rep=23, index=1): <Trial 93 (1 in rep 23) data={'trialno': np.int64(1), 'Condition': 'C', 'Stimulus': '<<<<<', 'Target': '<', 'Correct_resp': 'left', 'thisN': 93, 'thisTrialN': 1, 'thisRepN': 23}>
218.5703 	INFO 	Keyboard events cleared
218.5701 	EXP 	fixation: autoDraw = False
218.5701 	EXP 	stimulus: autoDraw = False
218.5701 	EXP 	stimulus: height = np.float64(0.2)
218.5701 	EXP 	stimulus: height = np.float64(0.2)
218.5701 	EXP 	stimulus: height = np.float64(0.2)
218.5701 	EXP 	stimulus: text = '<<<<<'
218.5701 	EXP 	fixation: autoDraw = True
218.7537 	EXP 	Device response: <KeyPress from None: t=218.53728039999987, value=right, duration=0.21320519999994758>
219.0537 	EXP 	stimulus: autoDraw = True
219.0706 	EXP 	fixation: autoDraw = False
219.7039 	EXP 	Device response: <KeyPress from None: t=219.70125199999984, value=left, duration=None>
219.7043 	EXP 	New trial (rep=23, index=2): <Trial 94 (2 in rep 23) data={'trialno': np.int64(4), 'Condition': 'I', 'Stimulus': '<<><<', 'Target': '> ', 'Correct_resp': 'right', 'thisN': 94, 'thisTrialN': 2, 'thisRepN': 23}>
219.7080 	DATA 	Keypress: left
219.7203 	INFO 	Keyboard events cleared
219.7201 	EXP 	fixation: autoDraw = False
219.7201 	EXP 	stimulus: autoDraw = False
219.7201 	EXP 	stimulus: height = np.float64(0.2)
219.7201 	EXP 	stimulus: height = np.float64(0.2)
219.7201 	EXP 	stimulus: height = np.float64(0.2)
219.7201 	EXP 	stimulus: text = '<<><<'
219.7201 	EXP 	fixation: autoDraw = True
219.8537 	EXP 	Device response: <KeyPress from None: t=219.70125199999984, value=left, duration=0.1497553000001517>
220.2038 	EXP 	stimulus: autoDraw = True
220.2203 	EXP 	fixation: autoDraw = False
223.5065 	EXP 	Device response: <KeyPress from None: t=223.4923217999999, value=right, duration=None>
223.5068 	EXP 	New trial (rep=23, index=3): <Trial 95 (3 in rep 23) data={'trialno': np.int64(3), 'Condition': 'I', 'Stimulus': '>>><>', 'Target': '<', 'Correct_resp': 'left', 'thisN': 95, 'thisTrialN': 3, 'thisRepN': 23}>
223.5120 	DATA 	Keypress: right
223.5216 	INFO 	Keyboard events cleared
223.5215 	EXP 	fixation: autoDraw = False
223.5215 	EXP 	stimulus: autoDraw = False
223.5215 	EXP 	stimulus: height = np.float64(0.2)
223.5215 	EXP 	stimulus: height = np.float64(0.2)
223.5215 	EXP 	stimulus: height = np.float64(0.2)
223.5215 	EXP 	stimulus: text = '>>><>'
223.5215 	EXP 	fixation: autoDraw = True
223.7207 	EXP 	Device response: <KeyPress from None: t=223.4923217999999, value=right, duration=0.22571210000000974>
224.0202 	EXP 	stimulus: autoDraw = True
224.0370 	EXP 	fixation: autoDraw = False
226.8872 	EXP 	Device response: <KeyPress from None: t=226.8794137, value=left, duration=None>
226.8875 	EXP 	New trial (rep=24, index=0): <Trial 96 (0 in rep 24) data={'trialno': np.int64(1), 'Condition': 'C', 'Stimulus': '<<<<<', 'Target': '<', 'Correct_resp': 'left', 'thisN': 96, 'thisTrialN': 0, 'thisRepN': 24}>
226.8912 	DATA 	Keypress: left
226.9039 	INFO 	Keyboard events cleared
226.9037 	EXP 	fixation: autoDraw = False
226.9037 	EXP 	stimulus: autoDraw = False
226.9037 	EXP 	stimulus: height = np.float64(0.2)
226.9037 	EXP 	stimulus: height = np.float64(0.2)
226.9037 	EXP 	stimulus: height = np.float64(0.2)
226.9037 	EXP 	stimulus: text = '<<<<<'
226.9037 	EXP 	fixation: autoDraw = True
227.0380 	EXP 	Device response: <KeyPress from None: t=226.8794137, value=left, duration=0.15629469999998946>
227.3868 	EXP 	stimulus: autoDraw = True
227.4037 	EXP 	fixation: autoDraw = False
228.2541 	EXP 	Device response: <KeyPress from None: t=228.23906179999994, value=left, duration=None>
228.2545 	EXP 	New trial (rep=24, index=1): <Trial 97 (1 in rep 24) data={'trialno': np.int64(3), 'Condition': 'I', 'Stimulus': '>>><>', 'Target': '<', 'Correct_resp': 'left', 'thisN': 97, 'thisTrialN': 1, 'thisRepN': 24}>
228.2583 	DATA 	Keypress: left
228.2705 	INFO 	Keyboard events cleared
228.2704 	EXP 	fixation: autoDraw = False
228.2704 	EXP 	stimulus: autoDraw = False
228.2704 	EXP 	stimulus: height = np.float64(0.2)
228.2704 	EXP 	stimulus: height = np.float64(0.2)
228.2704 	EXP 	stimulus: height = np.float64(0.2)
228.2704 	EXP 	stimulus: text = '>>><>'
228.2704 	EXP 	fixation: autoDraw = True
228.4040 	EXP 	Device response: <KeyPress from None: t=228.23906179999994, value=left, duration=0.15518029999998362>
228.7536 	EXP 	stimulus: autoDraw = True
228.7704 	EXP 	fixation: autoDraw = False
233.0721 	DATA 	Keypress: left
233.0872 	EXP 	Device response: <KeyPress from None: t=233.07063449999987, value=left, duration=None>
233.0876 	EXP 	New trial (rep=24, index=2): <Trial 98 (2 in rep 24) data={'trialno': np.int64(4), 'Condition': 'I', 'Stimulus': '<<><<', 'Target': '> ', 'Correct_resp': 'right', 'thisN': 98, 'thisTrialN': 2, 'thisRepN': 24}>
233.1033 	INFO 	Keyboard events cleared
233.1031 	EXP 	fixation: autoDraw = False
233.1031 	EXP 	stimulus: autoDraw = False
233.1031 	EXP 	stimulus: height = np.float64(0.2)
233.1031 	EXP 	stimulus: height = np.float64(0.2)
233.1031 	EXP 	stimulus: height = np.float64(0.2)
233.1031 	EXP 	stimulus: text = '<<><<'
233.1031 	EXP 	fixation: autoDraw = True
233.2376 	EXP 	Device response: <KeyPress from None: t=233.07063449999987, value=left, duration=0.164196899999979>
233.5869 	EXP 	stimulus: autoDraw = True
233.6037 	EXP 	fixation: autoDraw = False
235.8046 	EXP 	Device response: <KeyPress from None: t=235.79139099999998, value=right, duration=None>
235.8049 	EXP 	New trial (rep=24, index=3): <Trial 99 (3 in rep 24) data={'trialno': np.int64(2), 'Condition': 'C', 'Stimulus': '>>>>>', 'Target': '> ', 'Correct_resp': 'right', 'thisN': 99, 'thisTrialN': 3, 'thisRepN': 24}>
235.8096 	DATA 	Keypress: right
235.8201 	INFO 	Keyboard events cleared
235.8200 	EXP 	fixation: autoDraw = False
235.8200 	EXP 	stimulus: autoDraw = False
235.8200 	EXP 	stimulus: height = np.float64(0.2)
235.8200 	EXP 	stimulus: height = np.float64(0.2)
235.8200 	EXP 	stimulus: height = np.float64(0.2)
235.8200 	EXP 	stimulus: text = '>>>>>'
235.8200 	EXP 	fixation: autoDraw = True
236.0206 	EXP 	Device response: <KeyPress from None: t=235.79139099999998, value=right, duration=0.2264520999999604>
236.3036 	EXP 	stimulus: autoDraw = True
236.3203 	EXP 	fixation: autoDraw = False
237.0208 	EXP 	Device response: <KeyPress from None: t=237.0169203999999, value=right, duration=None>
237.0217 	DATA 	Keypress: right
237.0368 	EXP 	fixation: autoDraw = False
237.0368 	EXP 	stimulus: autoDraw = False
237.0371 	EXP 	flankers_task_final: status = STOPPED
237.0815 	INFO 	saved data to 'C:\\Users\\DELL\\Desktop\\psychopie_final\\solo project\\data\\par_1__flankers_task_final_2025-11-06_22h53.37.716.csv'
237.0848 	INFO 	saved data to C:\Users\DELL\Desktop\psychopie_final\solo project\data\par_1__flankers_task_final_2025-11-06_22h53.37.716.psydat
237.4516 	WARNING 	Stopping key buffers but this could be dangerous ifother keyboards rely on the same.
237.5112 	WARNING 	Stopping key buffers but this could be dangerous ifother keyboards rely on the same.
